[mut 300K rep3] equilibrating 100 ps at 300.0 K...
[mut 300K rep3] production 100.0 ns (50000000 steps)...
#"Progress (%)","Step","Potential Energy (kJ/mole)","Temperature (K)","Speed (ns/day)","Time Remaining"
0.2%,100000,-660029.8177080252,297.7551887217193,0,--
0.3%,150000,-660510.2549687591,301.9284495195109,701,3:24:52
0.4%,200000,-661480.65380762,299.22054515151444,701,3:24:40
0.5%,250000,-660748.8542351173,299.5030512769317,703,3:24:06
0.6%,300000,-659688.7476146095,301.1190283958903,702,3:24:08
0.7%,350000,-662015.9864822282,299.7135934380659,702,3:23:49
0.8%,400000,-661964.070261253,300.7959404144092,702,3:23:33
0.9%,450000,-660772.1096813641,299.84655329742566,702,3:23:24
1.0%,500000,-661739.6273614564,297.5673885163274,702,3:23:20
1.1%,550000,-661642.5957211042,300.1704023286068,702,3:23:07
1.2%,600000,-661749.1462282245,299.4056816829562,702,3:22:52
1.3%,650000,-661364.2285151519,301.1285639009555,702,3:22:39
1.4%,700000,-661263.5324093038,300.0956851551148,702,3:22:26
1.5%,750000,-660828.0436743358,298.73886784283405,702,3:22:19
1.6%,800000,-660758.9063806329,299.90291574285794,702,3:22:04
1.7%,850000,-659884.390763103,300.6713073341205,702,3:21:52
1.8%,900000,-660023.4683777089,302.10474444414336,702,3:21:41
1.9%,950000,-661778.4519206844,299.3216080749166,702,3:21:29
2.0%,1000000,-659920.403833665,300.22577988619196,702,3:21:14
2.1%,1050000,-661144.1300774231,297.84217222567077,702,3:21:04
2.2%,1100000,-661201.0139965117,301.48039270052044,702,3:20:53
2.3%,1150000,-660083.692814731,299.4239244919424,702,3:20:41
2.4%,1200000,-660635.4556834861,300.23155491038636,702,3:20:30
2.5%,1250000,-661429.5714354464,300.49443043030567,701,3:20:21
2.6%,1300000,-660567.9296205901,301.69048718536055,702,3:20:08
2.7%,1350000,-661900.3312179255,302.30116241819746,702,3:19:55
2.8%,1400000,-660135.0382114174,297.6093357850884,702,3:19:42
2.9%,1450000,-662161.3288701419,298.67256698367186,702,3:19:29
3.0%,1500000,-661604.3291416257,300.3933003554593,702,3:19:17
3.1%,1550000,-661195.875655165,299.02963359587824,702,3:19:04
3.2%,1600000,-660634.9733238956,300.0808670697787,702,3:18:51
3.3%,1650000,-660184.5522723175,299.73082897539035,702,3:18:36
3.4%,1700000,-661457.1232209005,298.19776150610653,702,3:18:24
3.5%,1750000,-659897.5779593573,301.74282054414556,702,3:18:11
3.6%,1800000,-662015.4719179319,300.62199579032097,702,3:17:58
3.7%,1850000,-661298.5932623893,299.741394135932,702,3:17:46
3.8%,1900000,-661586.2306496343,299.9368943735832,702,3:17:34
3.9%,1950000,-661635.5421262644,298.938352399503,702,3:17:21
4.0%,2000000,-661321.7991464664,301.25326413268834,702,3:17:08
4.1%,2050000,-661773.230675133,299.9836317786914,702,3:16:57
4.2%,2100000,-661580.3647751915,302.1495344573721,702,3:16:45
4.3%,2150000,-662181.8608133355,299.4487481424525,702,3:16:32
4.4%,2200000,-659264.4808357898,301.38631352730687,702,3:16:18
4.5%,2250000,-660114.7756239171,301.2385579664258,702,3:16:05
4.6%,2300000,-660792.1324421545,301.7898265550303,702,3:15:52
4.7%,2350000,-661000.9252853352,299.0671712531419,702,3:15:40
4.8%,2400000,-662039.1868578335,300.0939392175676,702,3:15:29
4.9%,2450000,-660794.6611529486,300.8848041587961,702,3:15:16
5.0%,2500000,-661005.3673131247,297.84615654468865,702,3:15:03
5.1%,2550000,-660570.8751427955,302.4760247786887,702,3:14:49
5.2%,2600000,-661402.2685755608,301.1245348143082,702,3:14:37
5.3%,2650000,-661512.9099903931,302.4593040691026,702,3:14:24
5.4%,2700000,-661657.2958918205,300.75600768897186,702,3:14:13
5.5%,2750000,-662480.2819822673,300.2795010414888,702,3:13:59
5.6%,2800000,-661841.2707912493,300.15222667106474,702,3:13:46
5.7%,2850000,-663024.9004949131,300.69776500310417,702,3:13:34
5.8%,2900000,-661578.2672412232,303.2822897844356,702,3:13:21
5.9%,2950000,-660358.0118431714,298.6932496284611,702,3:13:07
6.0%,3000000,-661206.7244724464,301.53274844312017,702,3:12:54
6.1%,3050000,-661223.223215261,301.30709720705875,702,3:12:42
6.2%,3100000,-661577.9930379684,299.1168857056062,702,3:12:30
6.3%,3150000,-660980.4175138776,303.7896860962143,702,3:12:19
6.4%,3200000,-660726.7173687741,298.2322101969406,702,3:12:07
6.5%,3250000,-662952.321020681,302.5655600375168,702,3:11:55
6.6%,3300000,-661062.4686167021,298.6243522467929,702,3:11:43
6.7%,3350000,-660829.3009762284,299.4256032780454,702,3:11:31
6.8%,3400000,-660571.12953969,299.9102576340818,702,3:11:19
6.9%,3450000,-660986.7053006231,302.6158788529782,702,3:11:07
7.0%,3500000,-661351.2081064787,297.8560054231598,702,3:10:54
7.1%,3550000,-660936.607447037,301.74814789204584,702,3:10:40
7.2%,3600000,-661174.2254621955,299.9396251989774,702,3:10:29
7.3%,3650000,-662621.4553541075,301.7196532959238,702,3:10:17
7.4%,3700000,-660750.239108474,301.22530674811924,702,3:10:05
7.5%,3750000,-660425.2465912206,299.4883674944839,702,3:09:53
7.6%,3800000,-661390.9518781183,300.56525282003867,702,3:09:41
7.7%,3850000,-662042.0207377472,301.55031973766523,702,3:09:28
7.8%,3900000,-662527.872847572,298.2838496574697,702,3:09:16
7.9%,3950000,-660373.4395532697,299.59406386753045,702,3:09:04
8.0%,4000000,-662766.5840488095,300.89366814942,702,3:08:52
8.1%,4050000,-661354.2249649125,298.45204164117825,702,3:08:40
8.2%,4100000,-660719.9621674446,301.1189388606315,702,3:08:27
8.3%,4150000,-660057.5463633612,300.90045044527625,702,3:08:16
8.4%,4200000,-661469.9822143815,300.13136495575776,702,3:08:03
8.5%,4250000,-659329.4087194945,299.42533467226895,702,3:07:51
8.6%,4300000,-661068.7783462591,300.0102461343781,702,3:07:38
8.7%,4350000,-661033.4908292415,298.8391921003509,702,3:07:26
8.8%,4400000,-662105.6298957588,297.28521814813075,702,3:07:13
8.9%,4450000,-661617.4367201128,298.86009858328725,702,3:07:01
9.0%,4500000,-660654.7160194074,300.9232147848333,702,3:06:49
9.1%,4550000,-660325.031039021,302.7078315637946,702,3:06:36
9.2%,4600000,-662709.9371079304,301.6465925247201,702,3:06:23
9.3%,4650000,-661953.8640403775,300.3171953854554,702,3:06:10
9.4%,4700000,-660952.9800571059,301.1743164182167,702,3:05:58
9.5%,4750000,-661630.5023995265,302.33872245927586,702,3:05:46
9.6%,4800000,-661826.5052874442,301.0552345239753,702,3:05:33
9.7%,4850000,-661505.114573658,299.18887205370396,702,3:05:21
9.8%,4900000,-662924.0838000416,299.3743891099958,702,3:05:08
9.9%,4950000,-663646.229374887,302.674725901843,702,3:04:56
10.0%,5000000,-661694.2013393147,300.6568473898198,702,3:04:44
10.1%,5050000,-660238.1324153556,299.2320280484591,702,3:04:31
10.2%,5100000,-661563.7689165059,300.68480477438885,702,3:04:19
10.3%,5150000,-659826.6338272053,298.9823365954023,702,3:04:07
10.4%,5200000,-661863.4583450537,301.3113948994824,702,3:03:55
10.5%,5250000,-661159.4301429312,300.20720131998513,702,3:03:41
10.6%,5300000,-661713.8651002594,299.8304593346513,702,3:03:30
10.7%,5350000,-660412.6848398405,299.4140084620272,702,3:03:17
10.8%,5400000,-660817.6707910025,300.78555432438515,702,3:03:05
10.9%,5450000,-660983.5505348896,299.25136766436594,702,3:02:52
11.0%,5500000,-661008.5486730966,299.1595492564378,702,3:02:39
11.1%,5550000,-660947.6019924833,301.6756019485804,702,3:02:27
11.2%,5600000,-660979.6737081022,298.8645305785992,702,3:02:15
11.3%,5650000,-661162.4631065424,299.49127739039585,702,3:02:03
11.4%,5700000,-660423.4764662064,298.0753220396591,702,3:01:51
11.5%,5750000,-661188.4110747408,301.19278306534994,702,3:01:39
11.6%,5800000,-662043.098192729,299.83164567683076,702,3:01:27
11.7%,5850000,-660467.2852122718,301.20845173564487,702,3:01:15
11.8%,5900000,-661925.55807153,301.4374381600977,702,3:01:02
11.9%,5950000,-660582.118450636,300.51849303111567,702,3:00:50
12.0%,6000000,-661608.8178292513,300.0764798420962,702,3:00:38
12.1%,6050000,-660837.722900263,299.90260236945204,702,3:00:26
12.2%,6100000,-661700.2899416653,299.5658602609996,702,3:00:13
12.3%,6150000,-661406.8790081008,298.024219790683,702,3:00:01
12.4%,6200000,-659217.6781466035,300.0668100341427,702,2:59:49
12.5%,6250000,-660710.6706668558,301.0867285512681,702,2:59:37
12.6%,6300000,-661003.5400497918,301.27714766298067,702,2:59:24
12.7%,6350000,-661119.5275695818,298.64257267196444,702,2:59:12
12.8%,6400000,-660606.3808142436,299.65279899732167,702,2:58:59
12.9%,6450000,-662031.3737163101,300.88599050097554,702,2:58:48
13.0%,6500000,-660793.1551107233,300.53946666549615,702,2:58:35
13.1%,6550000,-661382.8450315371,299.1693981349088,702,2:58:23
13.2%,6600000,-659801.4104516632,301.39363303471606,702,2:58:10
13.3%,6650000,-660348.3204721673,301.84921081544803,702,2:57:58
13.4%,6700000,-660967.5178679521,298.8746032952174,702,2:57:46
13.5%,6750000,-660539.4050942082,300.25084975866383,702,2:57:34
13.6%,6800000,-661064.1322279638,298.43030695709774,702,2:57:22
13.7%,6850000,-662149.1836412521,300.0910293216557,702,2:57:09
13.8%,6900000,-661089.8114006021,298.81094372619066,702,2:56:57
13.9%,6950000,-660511.7455606754,300.91927523344486,702,2:56:45
14.0%,7000000,-660519.1966482033,300.1972629062553,702,2:56:32
14.1%,7050000,-662053.7316185483,297.16284583312745,702,2:56:19
14.2%,7100000,-660508.8963654242,299.72102486454867,702,2:56:06
14.3%,7150000,-660084.140874553,299.7827594255106,702,2:55:54
14.4%,7200000,-659776.2193442243,298.9775240752403,702,2:55:41
14.5%,7250000,-661267.9491726989,301.3484401128226,702,2:55:29
14.6%,7300000,-661359.7358415169,298.85692008159884,702,2:55:16
14.7%,7350000,-660379.066481831,301.74691678223695,702,2:55:03
14.8%,7400000,-662057.2664319812,301.4464140697952,702,2:54:51
14.9%,7450000,-661339.1176138963,298.3638046436032,702,2:54:39
15.0%,7500000,-660581.6110160137,300.3579339282222,702,2:54:26
15.1%,7550000,-661472.2386088376,300.8311501549433,702,2:54:15
15.2%,7600000,-662259.6304818406,300.22584703763613,702,2:54:02
15.3%,7650000,-660343.7191095152,300.79392587108555,702,2:53:49
15.4%,7700000,-660935.0171152931,302.0952313228929,702,2:53:37
15.5%,7750000,-661028.696755508,301.7777392950885,702,2:53:25
15.6%,7800000,-660226.3034344325,298.37927185956573,702,2:53:12
15.7%,7850000,-661102.8929044534,299.51670540390296,702,2:53:00
15.8%,7900000,-661649.4513402805,296.1641919399737,702,2:52:48
15.9%,7950000,-661888.9844938172,297.4107465810077,702,2:52:35
16.0%,8000000,-661625.2273893356,298.9246982725317,702,2:52:23
16.1%,8050000,-660900.6199159063,299.2395490102007,702,2:52:11
16.2%,8100000,-660865.8936594785,300.4059472107688,702,2:51:59
16.3%,8150000,-661487.9899559445,301.6633803857504,702,2:51:46
16.4%,8200000,-660674.4933817051,299.6220212520995,703,2:51:33
16.5%,8250000,-659861.8767777686,299.709385280901,703,2:51:21
16.6%,8300000,-662140.4203090761,300.8284864809932,703,2:51:08
16.7%,8350000,-659911.2075057589,298.4816330442209,703,2:50:56
16.8%,8400000,-661610.1816341379,299.5158100513147,703,2:50:44
16.9%,8450000,-661627.2119837529,300.8615697591302,703,2:50:32
17.0%,8500000,-660630.2969569373,301.44117625715376,703,2:50:19
17.1%,8550000,-659641.6777210562,300.8670314099187,703,2:50:07
17.2%,8600000,-660247.1506915456,301.5344272292232,703,2:49:54
17.3%,8650000,-659970.1364645767,298.53363064578537,703,2:49:42
17.4%,8700000,-660422.8795212545,301.694046211899,703,2:49:30
17.5%,8750000,-661884.4647153318,299.21481489494937,703,2:49:17
17.6%,8800000,-661155.6062234542,301.03840189531564,703,2:49:05
17.7%,8850000,-661427.3754857439,300.49234873553786,703,2:48:53
17.8%,8900000,-660093.6170164286,300.1171288496041,703,2:48:41
17.9%,8950000,-661420.7700343933,301.4064589605432,703,2:48:28
18.0%,9000000,-661580.4734815713,298.96207924309243,703,2:48:16
18.1%,9050000,-660427.9799096086,299.5350601319627,703,2:48:04
18.2%,9100000,-659423.5503025004,300.377586917535,703,2:47:52
18.3%,9150000,-661609.6387686906,302.9342214657415,703,2:47:39
18.4%,9200000,-660397.6397195682,302.9717591230051,703,2:47:26
18.5%,9250000,-661859.5305991215,298.8854146777209,703,2:47:14
18.6%,9300000,-661937.3851955398,299.6689601115402,703,2:47:02
18.7%,9350000,-660172.3748507565,300.7242450559026,703,2:46:50
18.8%,9400000,-661691.6908221645,298.73953935727525,703,2:46:38
18.9%,9450000,-659985.8442496001,300.48845395177887,703,2:46:25
19.0%,9500000,-661481.2737399582,301.8265807787792,703,2:46:13
19.1%,9550000,-660328.2210232732,302.4116265437766,703,2:46:01
19.2%,9600000,-661240.1035424541,300.4054099992158,703,2:45:48
19.3%,9650000,-660589.7573895026,299.6589769301808,703,2:45:36
19.4%,9700000,-661559.0884340485,302.30973541923026,703,2:45:24
19.5%,9750000,-662675.0729427612,302.15886850810494,703,2:45:12
19.6%,9800000,-660581.5691643716,298.7597519419557,703,2:44:59
19.7%,9850000,-661999.6256398773,300.01998309377564,703,2:44:47
19.8%,9900000,-662260.2302712053,297.84038152049425,703,2:44:35
19.9%,9950000,-661473.3183429004,301.15381284394505,703,2:44:23
20.0%,10000000,-661102.4983993294,300.2395683160515,703,2:44:10
20.1%,10050000,-660659.4976562946,300.71007610119307,703,2:43:58
20.2%,10100000,-661222.0181002636,301.66241788171794,703,2:43:46
20.3%,10150000,-660777.5707077612,300.0295857502849,703,2:43:34
20.4%,10200000,-661086.3014571113,299.8892168482572,703,2:43:21
20.5%,10250000,-661691.3000183855,299.6318253629412,703,2:43:09
20.6%,10300000,-661131.4732783488,302.9009591170868,703,2:42:56
20.7%,10350000,-662200.1665715589,300.7595667155103,703,2:42:44
20.8%,10400000,-660119.3366970778,300.6899754355862,703,2:42:32
20.9%,10450000,-659951.6404255144,300.08870140492616,703,2:42:19
21.0%,10500000,-660832.6894169687,300.21931096374163,703,2:42:07
21.1%,10550000,-660616.8483255128,301.83219911627066,703,2:41:54
21.2%,10600000,-659987.8677827497,298.77080954642094,703,2:41:42
21.3%,10650000,-661784.9355012914,300.0081644396103,703,2:41:29
21.4%,10700000,-660692.573725895,298.8093544753465,703,2:41:17
21.5%,10750000,-660840.3821486058,299.61828315504346,703,2:41:04
21.6%,10800000,-660508.0158450268,299.50032045153745,703,2:40:52
21.7%,10850000,-661546.4786500572,302.88399218553883,703,2:40:40
21.8%,10900000,-661545.2861974994,300.4387618831293,703,2:40:27
21.9%,10950000,-661165.5546314493,301.11016440526635,703,2:40:15
22.0%,11000000,-661230.0660114745,298.71778228938,703,2:40:02
22.1%,11050000,-660939.1351770419,299.1638469488615,703,2:39:50
22.2%,11100000,-661111.1466787835,302.913852194358,703,2:39:38
22.3%,11150000,-660698.59908413,302.36826909468914,703,2:39:26
22.4%,11200000,-661396.3236196707,302.06096170257644,703,2:39:14
22.5%,11250000,-661978.3152343594,300.05445416842446,703,2:39:01
22.6%,11300000,-660736.5319137857,300.4133114858074,703,2:38:49
22.7%,11350000,-661919.6968616918,301.2574051384091,703,2:38:37
22.8%,11400000,-661661.1916683633,299.5777012989796,703,2:38:24
22.9%,11450000,-661021.5899574296,297.2714073344565,703,2:38:12
23.0%,11500000,-661125.0464190892,298.21669821334865,703,2:37:59
23.1%,11550000,-661810.8503847988,298.9646086141544,703,2:37:47
23.2%,11600000,-662250.8259659698,300.1860709989017,703,2:37:35
23.3%,11650000,-660565.9705677405,298.6697242392041,703,2:37:23
23.4%,11700000,-660914.1070186524,296.9589068973318,703,2:37:10
23.5%,11750000,-661575.3351672171,299.6935375400884,703,2:36:58
23.6%,11800000,-660726.581469195,299.0811387535191,703,2:36:46
23.7%,11850000,-662604.4847366652,300.2308386283158,703,2:36:34
23.8%,11900000,-661486.3529994763,299.11480401083844,703,2:36:22
23.9%,11950000,-660881.7738411119,301.39052168447176,703,2:36:09
24.0%,12000000,-660735.3127213679,301.1062248538779,703,2:35:57
24.1%,12050000,-659445.4600096536,301.0242105567914,703,2:35:44
24.2%,12100000,-661554.8908677413,297.7669849920699,703,2:35:33
24.3%,12150000,-661300.7449095896,299.75726426055934,703,2:35:20
24.4%,12200000,-660307.6934965877,301.0012895305314,703,2:35:08
24.5%,12250000,-661237.0581301982,302.6914466114291,703,2:34:55
24.6%,12300000,-661034.1635429761,300.0376439235795,703,2:34:43
24.7%,12350000,-661807.5155496742,298.63715578880533,703,2:34:30
24.8%,12400000,-661424.5263247727,301.15291749135673,703,2:34:18
24.9%,12450000,-660908.9026199104,300.92755724488643,703,2:34:06
25.0%,12500000,-661402.6620426914,300.1812808625544,703,2:33:53
25.1%,12550000,-659996.2419257304,300.53655676958425,703,2:33:41
25.2%,12600000,-662000.916354177,300.4805300813726,703,2:33:29
25.3%,12650000,-661199.3558405293,301.7031116568553,703,2:33:17
25.4%,12700000,-663034.127981958,301.7525798873578,703,2:33:05
25.5%,12750000,-661811.0678251372,299.01700912438343,703,2:32:52
25.6%,12800000,-659682.1897595539,302.66865988805733,703,2:32:40
25.7%,12850000,-660546.720525952,299.1800528307094,703,2:32:28
25.8%,12900000,-662054.3059612582,301.6456971721318,703,2:32:16
25.9%,12950000,-661467.6226170878,300.7563658300072,703,2:32:04
26.0%,13000000,-662081.3936782815,301.53585979336447,703,2:31:51
26.1%,13050000,-662355.8474290795,299.1445073329547,703,2:31:39
26.2%,13100000,-660046.3574455404,300.14004987586407,703,2:31:27
26.3%,13150000,-661257.3338215044,300.59376979997535,703,2:31:15
26.4%,13200000,-662418.1601218018,296.9306137555421,703,2:31:03
26.5%,13250000,-660778.57563488,301.5908568260996,703,2:30:50
26.6%,13300000,-661028.7977446821,301.23717016991395,703,2:30:38
26.7%,13350000,-661278.5814814656,301.4324689532327,703,2:30:26
26.8%,13400000,-661456.2769727344,299.6734816421109,703,2:30:13
26.9%,13450000,-662067.4212954207,299.26367876245484,703,2:30:01
27.0%,13500000,-659270.5331821209,299.4687592728005,703,2:29:49
27.1%,13550000,-660097.9985224027,300.9349439037398,703,2:29:36
27.2%,13600000,-662163.8855610765,298.060436802879,703,2:29:24
27.3%,13650000,-661157.7430663994,300.44970756852103,703,2:29:12
27.4%,13700000,-661491.3600624423,299.08438440665157,703,2:29:00
27.5%,13750000,-660608.2872526273,299.28422710435586,703,2:28:48
27.6%,13800000,-660391.6420608247,300.4139382326192,703,2:28:36
27.7%,13850000,-660374.3180595855,300.1719244280069,703,2:28:23
27.8%,13900000,-662766.7034084699,301.01142939859363,703,2:28:11
27.9%,13950000,-661548.1448410158,300.12702249570464,703,2:27:59
28.0%,14000000,-660883.7553225565,301.0312838422388,703,2:27:47
28.1%,14050000,-660914.0219336185,298.59426839982666,703,2:27:35
28.2%,14100000,-661797.10329615,299.00272825060034,703,2:27:22
28.3%,14150000,-660557.1317108432,299.8419198477813,702,2:27:10
28.4%,14200000,-662287.4097644794,300.0379796808001,702,2:26:58
28.5%,14250000,-660669.537563039,301.31260362547664,702,2:26:46
28.6%,14300000,-660473.6737137628,301.6538224968705,702,2:26:34
28.7%,14350000,-661269.6212740219,300.46602536944243,702,2:26:21
28.8%,14400000,-661436.1503266054,298.7075528860589,702,2:26:09
28.9%,14450000,-661039.7331868676,298.8481456262337,702,2:25:57
29.0%,14500000,-660737.9679392464,300.75817891899845,702,2:25:44
29.1%,14550000,-661247.7303407299,300.08879094018505,702,2:25:32
29.2%,14600000,-661074.5574151482,300.4618395960922,702,2:25:20
29.3%,14650000,-661556.6797586149,302.5391247523478,702,2:25:08
29.4%,14700000,-661515.5867317114,300.25570704645526,702,2:24:55
29.5%,14750000,-662302.3535043416,298.93434569667045,702,2:24:43
29.6%,14800000,-661435.055138466,299.53671653425107,702,2:24:31
29.7%,14850000,-660846.6191820703,302.568067024764,702,2:24:18
29.8%,14900000,-661659.6210378786,300.9370479823222,702,2:24:06
29.9%,14950000,-661342.0779110389,301.6739903139215,702,2:23:54
30.0%,15000000,-660615.1106663481,299.7688590765776,702,2:23:42
30.1%,15050000,-659979.5083343196,301.181165865517,702,2:23:29
30.2%,15100000,-660972.1276808609,300.06891411272517,702,2:23:17
30.3%,15150000,-660423.9454423562,300.0548570770892,702,2:23:05
30.4%,15200000,-660320.8568692515,300.234106665263,702,2:22:53
30.5%,15250000,-661981.6556829023,300.7202831206995,702,2:22:40
30.6%,15300000,-661603.3272260698,299.7020657734918,702,2:22:28
30.7%,15350000,-661755.5803615362,299.5357764140334,702,2:22:16
30.8%,15400000,-662171.6345756166,301.68704007789563,702,2:22:04
30.9%,15450000,-660408.6851579389,300.35099494566305,702,2:21:52
31.0%,15500000,-662433.6160725337,302.15392168505474,702,2:21:39
31.1%,15550000,-660223.6700249305,304.91198818180965,702,2:21:27
31.2%,15600000,-661054.0880353721,301.0098401477495,702,2:21:15
31.3%,15650000,-662246.0740039977,300.0116563147046,702,2:21:03
31.4%,15700000,-660989.9138116254,299.15607976515815,702,2:20:51
31.5%,15750000,-659926.1917809634,300.33024514942963,702,2:20:38
31.6%,15800000,-661032.8849402633,299.13170379094225,702,2:20:26
31.7%,15850000,-660434.3326818715,303.4793792729309,702,2:20:14
31.8%,15900000,-660466.6500250767,300.14407896251134,702,2:20:02
31.9%,15950000,-661649.0187859801,300.0452320367651,702,2:19:50
32.0%,16000000,-659695.6372167505,301.03602921095666,702,2:19:38
32.1%,16050000,-660796.1586608929,299.0178149417129,702,2:19:25
32.2%,16100000,-660740.5806636061,299.5734259903706,702,2:19:13
32.3%,16150000,-660398.3989436426,299.34947592422685,702,2:19:01
32.4%,16200000,-661051.1535418406,301.5605267571716,702,2:18:49
32.5%,16250000,-660820.8278287798,297.44069612508565,702,2:18:37
32.6%,16300000,-661210.3008055845,300.92158076635974,702,2:18:25
32.7%,16350000,-661141.1609671111,298.8734169530379,702,2:18:12
32.8%,16400000,-660256.4712212016,296.02248000906354,702,2:18:00
32.9%,16450000,-661858.18713139,299.86609436766486,702,2:17:48
33.0%,16500000,-660400.7513813856,300.9075684983531,702,2:17:36
33.1%,16550000,-661956.4180970537,300.8928623320906,702,2:17:24
33.2%,16600000,-660413.8705921173,302.22901938339675,702,2:17:12
33.3%,16650000,-660598.8485144549,299.21877683015254,702,2:16:59
33.4%,16700000,-662775.281458463,301.06136768920504,702,2:16:47
33.5%,16750000,-660938.1601068876,297.8201017843697,702,2:16:35
33.6%,16800000,-660283.3041135618,301.84985994607456,702,2:16:23
33.7%,16850000,-661570.0488914833,303.0923631166465,702,2:16:10
33.8%,16900000,-661171.3436631933,300.99188832835443,702,2:15:58
33.9%,16950000,-660257.4632296544,300.4758294802841,702,2:15:46
34.0%,17000000,-660086.0635322244,296.4476605694235,702,2:15:33
34.1%,17050000,-659892.9983133897,301.43186459023565,702,2:15:21
34.2%,17100000,-661485.7371175974,300.4130428800309,702,2:15:09
34.3%,17150000,-660507.4879141352,300.8763430768368,702,2:14:57
34.4%,17200000,-660748.7046238803,300.2367255715837,702,2:14:44
34.5%,17250000,-662115.0808059475,301.4384901993889,702,2:14:32
34.6%,17300000,-660761.9152253065,300.0371962472853,702,2:14:20
34.7%,17350000,-661426.9211365706,297.76291113779325,702,2:14:08
34.8%,17400000,-661046.552027958,300.960752442097,702,2:13:55
34.9%,17450000,-662312.6777494005,299.72765047370194,702,2:13:43
35.0%,17500000,-660828.7809255831,297.925126642975,702,2:13:31
35.1%,17550000,-660345.9637037255,301.20621335417417,702,2:13:18
35.2%,17600000,-661658.7441259664,302.7795045384865,702,2:13:06
35.3%,17650000,-661327.6928189648,299.2866221725296,702,2:12:54
35.4%,17700000,-660550.4694727515,298.7833668664716,702,2:12:41
35.5%,17750000,-661719.0655864691,301.23891610746114,702,2:12:29
35.6%,17800000,-661004.7356033181,299.2984184428801,702,2:12:17
35.7%,17850000,-660454.1326886453,302.33120149753427,702,2:12:05
35.8%,17900000,-660519.2728724205,301.97364244140437,702,2:11:52
35.9%,17950000,-660044.0312926797,298.00275371237893,702,2:11:40
36.0%,18000000,-661700.7863047984,297.19080321769655,702,2:11:28
36.1%,18050000,-660715.6992520504,297.8966544306677,702,2:11:16
36.2%,18100000,-661319.1458162018,299.96003923799026,702,2:11:03
36.3%,18150000,-660771.0352406921,298.81924812144695,702,2:10:51
36.4%,18200000,-661678.0122002987,300.8543174031651,702,2:10:39
36.5%,18250000,-661518.7409599242,301.2434152542172,702,2:10:27
36.6%,18300000,-662410.1792775504,298.148293275604,702,2:10:14
36.7%,18350000,-660649.9634684497,300.693959754604,702,2:10:02
36.8%,18400000,-659989.8043444101,301.55322963357713,702,2:09:50
36.9%,18450000,-661299.283489414,302.04074911789604,702,2:09:37
37.0%,18500000,-662989.7323663482,300.6300315798008,702,2:09:25
37.1%,18550000,-662224.502018658,299.26014211973114,702,2:09:13
37.2%,18600000,-660996.0810692529,300.44393254432663,702,2:09:01
37.3%,18650000,-660943.6745796236,299.5400741064571,702,2:08:48
37.4%,18700000,-661138.0542059131,298.57577936887867,702,2:08:36
37.5%,18750000,-661016.9381872411,302.5762147333174,702,2:08:24
37.6%,18800000,-659653.5834996859,301.2145625170599,702,2:08:12
37.7%,18850000,-661833.6603211788,300.68032801144744,702,2:07:59
37.8%,18900000,-660894.0445021717,300.7020179278985,702,2:07:47
37.9%,18950000,-661337.3608504618,302.0674753926562,702,2:07:35
38.0%,19000000,-661924.0098119816,299.2743782258848,702,2:07:23
38.1%,19050000,-661062.4115775367,299.55730964378154,702,2:07:10
38.2%,19100000,-660806.6824236675,301.8928816379414,702,2:06:58
38.3%,19150000,-661548.274373244,301.10917951741925,702,2:06:46
38.4%,19200000,-660425.5306607941,299.45027024185254,702,2:06:34
38.5%,19250000,-662396.2417545589,301.99374310701126,702,2:06:21
38.6%,19300000,-661559.8230788978,298.4333511558979,702,2:06:09
38.7%,19350000,-661084.8578541884,301.3913051179865,702,2:05:57
38.8%,19400000,-660983.9632292348,300.1115776635568,702,2:05:44
38.9%,19450000,-662830.4927324294,298.1275210955559,702,2:05:32
39.0%,19500000,-660477.8860557755,298.76801156958254,702,2:05:20
39.1%,19550000,-658978.7147354572,299.09069664239894,702,2:05:08
39.2%,19600000,-662097.5444751657,297.6202814704801,702,2:04:55
39.3%,19650000,-660231.6343730628,302.18595292390046,702,2:04:43
39.4%,19700000,-661363.5284346524,301.832937782156,702,2:04:31
39.5%,19750000,-661261.4362948774,299.71623472820136,702,2:04:18
39.6%,19800000,-660392.7482127971,300.81393700143366,702,2:04:06
39.7%,19850000,-661390.7121619182,298.76093828413514,702,2:03:54
39.8%,19900000,-661383.7482440406,298.83988599860686,702,2:03:41
39.9%,19950000,-661691.7305008238,297.8576842092628,702,2:03:29
40.0%,20000000,-660426.0834429641,298.866992798217,702,2:03:17
40.1%,20050000,-663103.8839807888,299.5805664272621,702,2:03:05
40.2%,20100000,-661461.6088930639,300.929504636766,702,2:02:52
40.3%,20150000,-661964.8328118739,300.17725177590717,702,2:02:40
40.4%,20200000,-661843.9882248468,300.9062702371001,702,2:02:28
40.5%,20250000,-662263.7976688845,301.57252448185454,702,2:02:16
40.6%,20300000,-660161.6437452817,299.8836208945805,702,2:02:03
40.7%,20350000,-661222.9006322385,301.8526803067276,702,2:01:51
40.8%,20400000,-661156.6174879903,297.9239626846102,702,2:01:39
40.9%,20450000,-660892.3337477874,303.76889153235146,702,2:01:27
41.0%,20500000,-661081.595935679,299.91316752999376,702,2:01:14
41.1%,20550000,-660472.3524353923,300.1332004285637,702,2:01:02
41.2%,20600000,-661480.5250417176,299.9117349658525,702,2:00:50
41.3%,20650000,-661608.6087041143,299.421887564804,702,2:00:38
41.4%,20700000,-661637.2295837388,296.679646425047,702,2:00:25
41.5%,20750000,-660940.6234283354,299.70822132253625,702,2:00:13
41.6%,20800000,-660431.0311967339,300.83314231445223,702,2:00:01
41.7%,20850000,-662150.0296110385,299.8541861782407,702,1:59:49
41.8%,20900000,-660192.6801088308,296.7816718524816,702,1:59:36
41.9%,20950000,-660789.7627189676,300.19195794216967,702,1:59:24
42.0%,21000000,-661786.8200071701,296.40031880131806,702,1:59:12
42.1%,21050000,-660397.352848724,300.6941388251217,702,1:59:00
42.2%,21100000,-660000.7854020647,303.8425566665523,702,1:58:48
42.3%,21150000,-662551.7611935064,299.6449198945448,702,1:58:35
42.4%,21200000,-660430.7792808195,298.13766096361815,702,1:58:23
42.5%,21250000,-661598.3613864738,302.25534274949223,702,1:58:11
42.6%,21300000,-661214.1105228676,298.80051286853717,702,1:57:58
42.7%,21350000,-660087.7661373313,298.7435684439225,702,1:57:46
42.8%,21400000,-662985.7544808951,301.07432791792036,702,1:57:34
42.9%,21450000,-660406.3565884321,300.6939149869746,702,1:57:22
43.0%,21500000,-659310.4316076227,300.8335004554876,702,1:57:09
43.1%,21550000,-659850.0833557313,300.27818039642113,702,1:56:57
43.2%,21600000,-661851.3387934319,302.26371429619263,702,1:56:45
43.3%,21650000,-661474.9867209168,298.63603659806995,702,1:56:33
43.4%,21700000,-661048.6314008329,304.1337253282612,702,1:56:21
43.5%,21750000,-660047.8704000255,300.2724277560414,702,1:56:08
43.6%,21800000,-663015.7500246833,299.5023797624905,702,1:55:56
43.7%,21850000,-661104.7678678515,302.3059301707301,702,1:55:44
43.8%,21900000,-661419.8201912274,301.09006373965946,702,1:55:31
43.9%,21950000,-661363.1419813517,300.08473946972305,702,1:55:19
44.0%,22000000,-660491.2168453871,299.6451213488772,702,1:55:07
44.1%,22050000,-660948.6913856007,301.280639538075,702,1:54:55
44.2%,22100000,-663044.6219996912,298.48955691462726,702,1:54:42
44.3%,22150000,-661687.9316729396,299.3981383373999,702,1:54:30
44.4%,22200000,-660865.3382338141,301.07309680811153,702,1:54:18
44.5%,22250000,-661887.3214303483,302.3050348181418,702,1:54:06
44.6%,22300000,-659936.0432471554,301.6935761517901,702,1:53:54
44.7%,22350000,-661556.8417295101,298.1477784478658,702,1:53:42
44.8%,22400000,-659936.3201673394,299.8413154847842,702,1:53:29
44.9%,22450000,-661748.3200672115,298.3184774188215,702,1:53:17
45.0%,22500000,-661634.623598096,299.55762301718744,702,1:53:05
45.1%,22550000,-662329.6478243615,301.0255983533032,702,1:52:53
45.2%,22600000,-662473.4373432263,298.70419531385284,702,1:52:40
45.3%,22650000,-661540.1758892247,300.9332875014515,702,1:52:28
45.4%,22700000,-659602.2724649995,300.1227024194661,702,1:52:16
45.5%,22750000,-661750.6931788246,302.3538986856472,702,1:52:04
45.6%,22800000,-661909.3113713404,298.0016345216436,702,1:51:51
45.7%,22850000,-660532.9721999988,299.51988390559137,702,1:51:39
45.8%,22900000,-661671.2224300001,300.26768238732353,702,1:51:27
45.9%,22950000,-661477.6985838157,302.32712764325765,702,1:51:14
46.0%,23000000,-661152.3219110458,299.2887486349267,702,1:51:02
46.1%,23050000,-662285.3014676124,299.9582485328137,702,1:50:50
46.2%,23100000,-660580.4905606275,298.0223171664329,702,1:50:38
46.3%,23150000,-661511.505568895,303.1387647645342,702,1:50:25
46.4%,23200000,-661626.6240561637,299.0095776979007,702,1:50:13
46.5%,23250000,-661689.292270063,297.0278714304441,702,1:50:01
46.6%,23300000,-660921.126989245,299.39480314900857,702,1:49:48
46.7%,23350000,-660760.552436837,300.20429142407323,702,1:49:36
46.8%,23400000,-660786.2975460538,299.76209916453604,702,1:49:24
46.9%,23450000,-660628.3531337194,303.0802087052606,702,1:49:12
47.0%,23500000,-661358.2691169609,299.9965696235921,702,1:49:00
47.1%,23550000,-661849.1658649603,299.28892770544434,702,1:48:47
47.2%,23600000,-659565.258972473,297.91388996799213,701,1:48:35
47.3%,23650000,-660947.4745872887,300.08511999457306,701,1:48:23
47.4%,23700000,-660395.116112317,299.0952853244139,701,1:48:10
47.5%,23750000,-661950.2377869175,300.42996504394944,701,1:47:58
47.6%,23800000,-660027.9950057641,299.8833970564334,701,1:47:46
47.7%,23850000,-660689.8553344975,301.7014776383817,701,1:47:34
47.8%,23900000,-660540.6781265796,300.606103281879,701,1:47:21
47.9%,23950000,-662427.7471430269,300.4118565378514,701,1:47:09
48.0%,24000000,-659811.0895912126,302.0124112084769,701,1:46:57
48.1%,24050000,-660888.0607728385,299.0536290452441,701,1:46:44
48.2%,24100000,-661321.2496254919,301.1877467070409,701,1:46:32
48.3%,24150000,-661943.1118861986,299.3616751032422,701,1:46:20
48.4%,24200000,-661121.7650624849,301.76603255999675,701,1:46:08
48.5%,24250000,-660978.3184906761,299.323488315352,701,1:45:55
48.6%,24300000,-661330.1368202032,299.9382597862803,701,1:45:43
48.7%,24350000,-659932.2749149217,301.67334118329495,701,1:45:31
48.8%,24400000,-662090.4210394681,298.42386041846214,701,1:45:19
48.9%,24450000,-661406.4397852728,299.12597353437724,701,1:45:06
49.0%,24500000,-662066.2674828623,301.2703429833098,701,1:44:54
49.1%,24550000,-661793.6514736824,299.98757133007985,701,1:44:42
49.2%,24600000,-660568.4966692189,302.30608685743306,701,1:44:30
49.3%,24650000,-662717.8666665447,303.22570350085624,701,1:44:17
49.4%,24700000,-660635.7004912756,297.67586048239764,701,1:44:05
49.5%,24750000,-661629.6770904232,296.8849955411692,701,1:43:53
49.6%,24800000,-662758.4243207853,300.9509483312553,701,1:43:40
49.7%,24850000,-660212.6537664505,301.88043623696433,701,1:43:28
49.8%,24900000,-661651.9859594349,299.815887471277,701,1:43:16
49.9%,24950000,-661582.6737096314,297.24832962149355,701,1:43:03
50.0%,25000000,-661197.1826102161,301.3083059330529,701,1:42:51
50.0%,25050000,-661320.6810106328,302.4463438403872,701,1:42:39
50.1%,25100000,-661679.8455586052,300.0014045275688,701,1:42:27
50.2%,25150000,-660866.9332254492,298.57094446490197,701,1:42:14
50.3%,25200000,-662244.9928258318,302.5018109332312,701,1:42:02
50.4%,25250000,-661096.6880818335,299.4891285441839,701,1:41:50
50.5%,25300000,-660456.443676684,301.02888877406514,701,1:41:38
50.6%,25350000,-661014.3563863384,299.4028165546737,701,1:41:25
50.7%,25400000,-661634.363413054,300.1210236333631,701,1:41:13
50.8%,25450000,-662223.0259766965,301.34098630252515,701,1:41:01
50.9%,25500000,-661053.6740838052,300.38763725033846,701,1:40:49
51.0%,25550000,-661701.9909059927,302.21746933500793,701,1:40:36
51.1%,25600000,-661922.4692393928,297.94238456411415,701,1:40:24
51.2%,25650000,-663208.1420307276,297.6520441035494,701,1:40:12
51.3%,25700000,-661445.5251953439,298.6571669191534,701,1:39:59
51.4%,25750000,-661980.5216374253,298.6609721676536,701,1:39:47
51.5%,25800000,-660452.038097647,298.30305497048835,701,1:39:35
51.6%,25850000,-661579.1902016406,301.77720208353554,701,1:39:23
51.7%,25900000,-662001.9826984424,299.868758041615,701,1:39:10
51.8%,25950000,-660848.2314003198,297.757583789893,701,1:38:58
51.9%,26000000,-661211.2316731093,299.8852101454247,701,1:38:46
52.0%,26050000,-660709.2854043003,300.72075318080834,701,1:38:34
52.1%,26100000,-661999.8175493805,301.08681808652693,701,1:38:21
52.2%,26150000,-661054.1463499926,299.7278071604049,701,1:38:09
52.3%,26200000,-661810.8987703267,300.23477817970416,701,1:37:57
52.4%,26250000,-660181.276397719,298.0457082528017,701,1:37:44
52.5%,26300000,-659719.5159505852,296.1424796397079,701,1:37:32
52.6%,26350000,-661994.5371827725,298.9386881567236,701,1:37:20
52.7%,26400000,-660606.0382069787,301.95716795377996,701,1:37:08
52.8%,26450000,-660972.9711189484,302.38398253261346,701,1:36:55
52.9%,26500000,-661772.5855894107,297.37018710875856,701,1:36:43
53.0%,26550000,-661920.8205295266,301.53733712513514,701,1:36:31
53.1%,26600000,-661798.1449941983,301.9989809196527,701,1:36:18
53.2%,26650000,-661086.0919225547,301.98040235344587,701,1:36:06
53.3%,26700000,-659261.7844009004,298.8158905492409,701,1:35:54
53.4%,26750000,-661881.1546174223,300.6479833991958,701,1:35:41
53.5%,26800000,-660938.0366179477,299.0867123233811,701,1:35:29
53.6%,26850000,-662042.4508924708,300.126149526931,701,1:35:17
53.7%,26900000,-659365.1324291592,301.06056187187556,701,1:35:05
53.8%,26950000,-661454.8840001635,296.7148561655811,701,1:34:52
53.9%,27000000,-661149.9419832085,302.826756771333,701,1:34:40
54.0%,27050000,-661824.2893906529,300.55791092881475,701,1:34:28
54.1%,27100000,-662765.1624246258,301.0727162832615,701,1:34:15
54.2%,27150000,-660195.4675512183,301.0804163155207,701,1:34:03
54.3%,27200000,-660466.6976904669,299.8155517140564,701,1:33:51
54.4%,27250000,-660988.5867849463,298.4852144545741,701,1:33:38
54.5%,27300000,-660230.0400641523,300.3509725618483,701,1:33:26
54.6%,27350000,-661327.6513968827,301.6029217022267,701,1:33:14
54.7%,27400000,-660888.8467341466,301.65825449218244,701,1:33:02
54.8%,27450000,-661132.9937394536,299.24944265630114,701,1:32:49
54.9%,27500000,-662524.8472604332,298.79690907436935,701,1:32:37
55.0%,27550000,-661511.6890886566,299.4143218354331,701,1:32:25
55.1%,27600000,-660743.8224328156,300.4730762710751,701,1:32:12
55.2%,27650000,-661171.5661138622,300.87468667454846,701,1:32:00
55.3%,27700000,-659545.9326637723,303.9550129516404,701,1:31:48
55.4%,27750000,-661110.7585711903,299.8660048324061,701,1:31:36
55.5%,27800000,-661505.920818239,297.78616792127383,701,1:31:23
55.6%,27850000,-660583.0259334794,301.15739425429814,701,1:31:11
55.7%,27900000,-660893.4428699617,300.5316323303487,701,1:30:59
55.8%,27950000,-661606.7670180653,301.5888870504054,701,1:30:46
55.9%,28000000,-662609.746262616,299.1921848582806,701,1:30:34
56.0%,28050000,-661710.8846883737,301.0493699645221,701,1:30:22
56.1%,28100000,-662105.5309888166,301.68316767795136,701,1:30:10
56.2%,28150000,-660779.8278104006,300.5097185757505,701,1:29:57
56.3%,28200000,-663478.1600612863,299.9091608271612,701,1:29:45
56.4%,28250000,-660655.3399341288,301.6870848455251,701,1:29:33
56.5%,28300000,-662313.7287681065,298.98437352254064,701,1:29:20
56.6%,28350000,-661470.4425470238,299.6376675385797,701,1:29:08
56.7%,28400000,-661596.5035524252,301.4627990221607,701,1:28:56
56.8%,28450000,-662290.6633974048,301.61684443497444,701,1:28:44
56.9%,28500000,-661826.6186799477,300.99475345663694,701,1:28:31
57.0%,28550000,-661381.9453635304,301.8538442650924,701,1:28:19
57.1%,28600000,-662277.6490008743,299.8328544028249,701,1:28:07
57.2%,28650000,-661000.7112700641,300.1260376078575,701,1:27:54
57.3%,28700000,-661235.674876309,299.53913398623945,701,1:27:42
57.4%,28750000,-661560.1308996752,298.66007681506534,701,1:27:30
57.5%,28800000,-661265.959426641,301.04142371030105,701,1:27:17
57.6%,28850000,-661932.8255090048,299.13752358276605,701,1:27:05
57.7%,28900000,-659897.0689854603,299.9863178364563,701,1:26:53
57.8%,28950000,-661735.5429838318,300.73131834135,701,1:26:41
57.9%,29000000,-662671.4573273952,297.9816233912955,701,1:26:28
58.0%,29050000,-660345.7205135305,299.3857153202375,701,1:26:16
58.1%,29100000,-661360.7001707717,299.67912236341715,701,1:26:04
58.2%,29150000,-660153.0880505089,301.0602932660991,701,1:25:51
58.3%,29200000,-661778.7869386189,301.7113265168528,701,1:25:39
58.4%,29250000,-660801.6338951751,300.98481504290703,701,1:25:27
58.5%,29300000,-661231.6277463287,299.835831450181,701,1:25:14
58.6%,29350000,-661888.4019464897,300.18226575040154,701,1:25:02
58.7%,29400000,-660677.7428353704,298.96557111818674,701,1:24:50
58.8%,29450000,-660848.9003982334,298.7365175422898,701,1:24:37
58.9%,29500000,-660779.4417241057,300.45422909909183,701,1:24:25
59.0%,29550000,-661282.9000704624,301.19410371041766,701,1:24:13
59.1%,29600000,-662486.8305254169,300.3839439209118,701,1:24:00
59.2%,29650000,-661086.757209383,299.7915786485052,701,1:23:48
59.3%,29700000,-660961.3106238651,300.2802173235595,701,1:23:36
59.4%,29750000,-660725.9682620219,300.4024553356745,701,1:23:24
59.5%,29800000,-659512.6714503141,299.9183381911911,701,1:23:11
59.6%,29850000,-661922.3393911659,302.1738656639587,701,1:22:59
59.7%,29900000,-661784.8099397575,302.11654071449396,701,1:22:46
59.8%,29950000,-660454.3923217473,301.87421353647574,701,1:22:34
59.9%,30000000,-661534.4727400071,299.0718718542304,701,1:22:22
60.0%,30050000,-660709.0494845598,296.05735399237716,701,1:22:10
60.1%,30100000,-661081.1367375338,300.17362559792457,701,1:21:57
60.2%,30150000,-661002.543549858,299.1313008822775,701,1:21:45
60.3%,30200000,-661253.6025696527,300.56834178646824,701,1:21:33
60.4%,30250000,-661623.4116698778,298.95278995998905,701,1:21:20
60.5%,30300000,-661032.3341684272,301.33507697544246,701,1:21:08
60.6%,30350000,-661387.7143967412,300.06569084340737,701,1:20:56
60.7%,30400000,-661760.9877083325,301.1348313690735,701,1:20:43
60.8%,30450000,-661224.1492311321,300.38613753475306,701,1:20:31
60.9%,30500000,-662245.9874887713,300.693198704904,701,1:20:19
61.0%,30550000,-661547.8459781557,297.73960958668323,701,1:20:07
61.1%,30600000,-662204.5211557499,303.03127768631106,701,1:19:54
61.2%,30650000,-661939.3629777702,300.7188953241876,701,1:19:42
61.3%,30700000,-660761.4714275599,298.6992037231732,701,1:19:30
61.4%,30750000,-661212.5227185967,299.7689933794658,701,1:19:17
61.5%,30800000,-661844.7916653142,301.9122660214777,701,1:19:05
61.6%,30850000,-661599.6697489372,301.9643531583009,701,1:18:53
61.7%,30900000,-660674.8670020015,298.07859007660636,701,1:18:40
61.8%,30950000,-660418.4087488796,300.42537636193447,701,1:18:28
61.9%,31000000,-660934.7222040584,299.02721614388986,701,1:18:16
62.0%,31050000,-661938.751752595,295.90536789051646,701,1:18:03
62.1%,31100000,-659536.9685528926,299.1290625008068,701,1:17:51
62.2%,31150000,-661541.7276784037,302.25552182000985,701,1:17:39
62.3%,31200000,-659923.0347474343,300.4295621352847,701,1:17:27
62.4%,31250000,-662090.6278795251,301.7012314164199,701,1:17:14
62.5%,31300000,-662519.7510092002,299.3905949918436,701,1:17:02
62.6%,31350000,-661666.6747448044,302.1538769174253,701,1:16:50
62.7%,31400000,-661175.639954844,300.161986014277,701,1:16:37
62.8%,31450000,-661545.9475318776,300.086574942529,701,1:16:25
62.9%,31500000,-661220.0235823104,301.4420268421126,701,1:16:13
63.0%,31550000,-660473.6457188907,301.25400279857365,701,1:16:01
63.1%,31600000,-660349.0664126412,301.0080270587582,701,1:15:48
63.2%,31650000,-661384.0524376049,300.96950451364745,701,1:15:36
63.3%,31700000,-661646.8448823192,301.1853740226819,701,1:15:24
63.4%,31750000,-661102.6631339192,301.0772378138323,701,1:15:11
63.5%,31800000,-660789.7230138392,299.2670587184756,701,1:14:59
63.6%,31850000,-660448.4962427937,300.780674652779,701,1:14:47
63.7%,31900000,-659357.5538414707,300.35918742184583,701,1:14:34
63.8%,31950000,-661348.1456110268,298.5026738300455,701,1:14:22
63.9%,32000000,-661709.7455183235,302.9013172581221,701,1:14:10
64.0%,32050000,-662156.620682851,299.5625922240524,701,1:13:57
64.1%,32100000,-660819.768199998,299.5313891863508,701,1:13:45
64.2%,32150000,-661855.273494828,301.7690543749822,701,1:13:33
64.3%,32200000,-661349.3683473156,301.8617681354987,701,1:13:21
64.4%,32250000,-661902.1021488998,298.701889780938,701,1:13:08
64.5%,32300000,-663147.6756507484,299.82721368151874,701,1:12:56
64.6%,32350000,-660292.7769397604,300.04196399981794,701,1:12:44
64.7%,32400000,-661756.2303368449,298.6542570232415,701,1:12:31
64.8%,32450000,-662156.3262107666,299.06385844856527,701,1:12:19
64.9%,32500000,-660916.3810406574,299.05519591227363,701,1:12:07
65.0%,32550000,-660438.9796385146,302.16676999469655,701,1:11:54
65.1%,32600000,-661497.1246074629,297.62912307728936,701,1:11:42
65.2%,32650000,-660836.7981981225,297.62968267265705,701,1:11:30
65.3%,32700000,-662062.5547508844,299.47511627617735,701,1:11:18
65.4%,32750000,-662094.2864118745,298.9164162610901,701,1:11:05
65.5%,32800000,-661081.07333251,302.0895010663279,701,1:10:53
65.6%,32850000,-661532.598352816,298.57045202097845,701,1:10:41
65.7%,32900000,-661883.289380373,300.60464833392297,701,1:10:28
65.8%,32950000,-660133.5406435598,301.1797780690052,701,1:10:16
65.9%,33000000,-660900.7858454562,299.50833385720256,701,1:10:04
66.0%,33050000,-663228.7230802849,299.53763427065405,701,1:09:52
66.1%,33100000,-660302.9041396454,303.98158253969757,701,1:09:39
66.2%,33150000,-659309.2303601583,299.46958747394467,701,1:09:27
66.3%,33200000,-661696.0138240149,299.9642697789698,701,1:09:15
66.4%,33250000,-661142.0084286327,302.20865011201334,701,1:09:02
66.5%,33300000,-661463.627266976,300.28805165870693,701,1:08:50
66.6%,33350000,-660854.4874532623,301.77303869400004,701,1:08:38
66.7%,33400000,-661329.9162992006,299.2332367744533,701,1:08:25
66.8%,33450000,-662707.8154810597,298.6622704289066,701,1:08:13
66.9%,33500000,-661406.1531225769,299.94609412142773,701,1:08:01
67.0%,33550000,-661236.955095144,302.33523058418155,701,1:07:49
67.1%,33600000,-661177.843975679,302.005987053656,701,1:07:36
67.2%,33650000,-661341.5659459503,299.54011887408655,701,1:07:24
67.3%,33700000,-662313.0099694035,300.6415816281896,701,1:07:12
67.4%,33750000,-663321.8342876164,299.91706231375275,701,1:06:59
67.5%,33800000,-661567.204428406,300.05517045049504,701,1:06:47
67.6%,33850000,-660761.1134632719,294.6782647844629,701,1:06:35
67.7%,33900000,-659405.8267184976,300.8995774765027,701,1:06:22
67.8%,33950000,-660796.7343539405,299.3430965370353,701,1:06:10
67.9%,34000000,-660866.496083892,298.5841061479497,701,1:05:58
68.0%,34050000,-661977.4369520717,300.3116218155934,701,1:05:45
68.1%,34100000,-661448.8093193793,302.1849680360533,701,1:05:33
68.2%,34150000,-661094.4244669047,301.6711028018243,701,1:05:21
68.3%,34200000,-662690.0503349742,299.89931194869007,701,1:05:08
68.4%,34250000,-661986.5363854384,300.57653426265097,701,1:04:56
68.5%,34300000,-659950.1494537019,299.1414855179692,701,1:04:44
68.6%,34350000,-661988.6057288,301.1839862261701,701,1:04:32
68.7%,34400000,-661846.3549034265,298.3932841275723,701,1:04:19
68.8%,34450000,-660491.8420439758,297.63447280900436,701,1:04:07
68.9%,34500000,-661059.2961298507,301.542082493853,701,1:03:55
69.0%,34550000,-660840.3892404321,300.18530994920167,701,1:03:42
69.1%,34600000,-661689.254972375,299.5321950036802,701,1:03:30
69.2%,34650000,-660982.343093581,299.34734946182965,701,1:03:18
69.3%,34700000,-660900.3605706333,299.13264391115996,701,1:03:05
69.4%,34750000,-659753.0997447083,299.85205971584355,701,1:02:53
69.5%,34800000,-661230.8947479352,299.6307285560206,701,1:02:41
69.6%,34850000,-660968.8933673552,300.1060264775094,701,1:02:28
69.7%,34900000,-661199.9428482461,299.3961909455204,701,1:02:16
69.8%,34950000,-661213.7453016024,300.0767036802432,701,1:02:04
69.9%,35000000,-661483.5900166291,297.8723679917106,701,1:01:51
70.0%,35050000,-660193.2780425758,301.3284289824745,701,1:01:39
70.1%,35100000,-661396.6929206029,298.69683103881425,701,1:01:27
70.2%,35150000,-658711.2158902045,301.3768227898711,701,1:01:15
70.3%,35200000,-660229.7235371983,301.54248540251774,701,1:01:02
70.4%,35250000,-660641.3402671567,301.7079017932026,701,1:00:50
70.5%,35300000,-662418.9561834489,301.13185432171747,701,1:00:38
70.6%,35350000,-661262.7412664294,299.58772924796835,701,1:00:25
70.7%,35400000,-661671.0488432795,300.6260024931535,701,1:00:13
70.8%,35450000,-661669.0173082855,299.00263871534156,701,1:00:01
70.9%,35500000,-661173.4814626635,300.2112080228177,701,59:48
71.0%,35550000,-661473.2233072189,299.93823740246563,701,59:36
71.1%,35600000,-660674.5744799525,299.5758434423589,701,59:24
71.2%,35650000,-660993.9995657504,299.03088708950185,701,59:11
71.3%,35700000,-660329.4678581418,299.1027839023407,701,58:59
71.4%,35750000,-662657.4196733702,301.7899160902892,701,58:47
71.5%,35800000,-661518.7558754021,297.36479260941417,701,58:35
71.6%,35850000,-662410.8787386371,296.7937367286087,701,58:22
71.7%,35900000,-661151.363003328,301.63721370635784,701,58:10
71.8%,35950000,-660488.327028173,300.8294266012109,701,57:58
71.9%,36000000,-661238.5915723522,300.24901428585787,701,57:45
72.0%,36050000,-660671.1588222072,301.8297145128382,701,57:33
72.1%,36100000,-660797.1089687897,302.1465350262014,700,57:21
72.2%,36150000,-661167.2211297653,300.9567457392645,700,57:08
72.3%,36200000,-658721.9308993821,298.95444636227734,700,56:56
72.4%,36250000,-662232.4726507091,301.26071794298576,700,56:44
72.5%,36300000,-660951.1062695761,300.70521881340164,700,56:31
72.6%,36350000,-661019.671383365,301.0315076803859,700,56:19
72.7%,36400000,-661086.0210538767,299.72214405528405,700,56:07
72.8%,36450000,-661607.6028254353,300.2918121395777,700,55:55
72.9%,36500000,-661545.890862348,300.1245155084574,700,55:42
73.0%,36550000,-660752.5350358584,301.24605654435265,700,55:30
73.1%,36600000,-660788.1328484532,301.2048031738476,700,55:18
73.2%,36650000,-660938.7421381567,299.5689492274292,700,55:05
73.3%,36700000,-662120.5029261494,302.88611864793603,700,54:53
73.4%,36750000,-661717.5856748442,299.65369434991,700,54:41
73.5%,36800000,-662003.5592428613,299.0929350238697,700,54:28
73.6%,36850000,-661377.8970160736,302.67667329372244,700,54:16
73.7%,36900000,-659724.937423462,301.060226114655,700,54:04
73.8%,36950000,-662201.3982637534,300.70063013138673,700,53:51
73.9%,37000000,-659832.2848982895,299.3735832926663,700,53:39
74.0%,37050000,-661401.9406865155,302.18913142558887,700,53:27
74.1%,37100000,-660927.723955398,301.0670307943259,700,53:14
74.2%,37150000,-661715.2429158883,302.16726243862007,700,53:02
74.3%,37200000,-661300.5409786026,297.5606062204712,700,52:50
74.4%,37250000,-662096.1938793221,300.07903159697275,700,52:37
74.5%,37300000,-662715.5274884417,301.14327006721805,700,52:25
74.6%,37350000,-661594.7812911589,298.62077083643976,700,52:13
74.7%,37400000,-661790.9579856377,299.1375011989514,700,52:00
74.8%,37450000,-661405.3530002246,297.3408643114924,700,51:48
74.9%,37500000,-662168.0865127589,299.42569281330424,700,51:36
75.0%,37550000,-660884.2544301143,298.8044524199256,700,51:23
75.1%,37600000,-662002.7984273182,299.136762533066,700,51:11
75.2%,37650000,-660985.4003909361,301.13836801179724,700,50:59
75.3%,37700000,-660514.6436623563,299.11330429525304,700,50:47
75.4%,37750000,-661833.9806205658,299.4895986042928,700,50:34
75.5%,37800000,-659795.9684281424,300.2508049910344,700,50:22
75.6%,37850000,-661657.0299069718,298.7172226940124,700,50:10
75.7%,37900000,-660450.5090715522,300.53149802746043,700,49:57
75.8%,37950000,-662620.6425226424,299.61143370774306,700,49:45
75.9%,38000000,-661801.2114323513,300.2284659439568,700,49:33
76.0%,38050000,-661647.1880694837,301.56625701373656,700,49:20
76.1%,38100000,-662401.9202210144,298.9563489865275,700,49:08
76.2%,38150000,-660653.8882547896,298.7364503908457,700,48:56
76.3%,38200000,-660322.406166241,300.1867648971576,700,48:43
76.4%,38250000,-660928.5998281403,303.33321296289404,700,48:31
76.5%,38300000,-660430.0930876113,301.26790314750673,700,48:19
76.6%,38350000,-662365.9877093825,302.82306344190636,700,48:06
76.7%,38400000,-661732.1876213192,300.9042780775912,700,47:54
76.8%,38450000,-661278.1887507378,298.61089957415396,700,47:42
76.9%,38500000,-661577.7435777155,301.3012326476055,700,47:29
77.0%,38550000,-660429.7080156617,299.1819330711448,700,47:17
77.1%,38600000,-661507.5500452337,299.84847830549046,700,47:05
77.2%,38650000,-660908.4868472884,300.1646049205977,700,46:52
77.3%,38700000,-661399.6376077221,299.60816567079587,700,46:40
77.4%,38750000,-660802.0340990014,300.2254665127861,700,46:28
77.5%,38800000,-661738.1324264649,297.3878703223771,700,46:15
77.6%,38850000,-660405.8897798439,299.2479205569011,700,46:03
77.7%,38900000,-661290.6629531132,299.20053402116633,700,45:51
77.8%,38950000,-661404.6515626376,301.9000668424624,700,45:38
77.9%,39000000,-661881.982851659,299.9976216628833,700,45:26
78.0%,39050000,-662920.2326949676,300.04272504951797,700,45:14
78.1%,39100000,-661987.7888418823,300.17358083029524,700,45:01
78.2%,39150000,-663416.5284731654,297.84219460948555,700,44:49
78.3%,39200000,-662330.5133863892,300.617787633156,700,44:37
78.4%,39250000,-661834.8690692964,301.4454291819481,700,44:24
78.5%,39300000,-661826.1145499293,301.0982562158422,700,44:12
78.6%,39350000,-662011.6925502298,300.0023894154159,700,44:00
78.7%,39400000,-660920.875455753,300.701525483975,700,43:48
78.8%,39450000,-660839.9417226762,300.3136587427318,700,43:35
78.9%,39500000,-660624.7384811034,301.2637173741565,700,43:23
79.0%,39550000,-660296.2928395895,303.01773547841333,700,43:11
79.1%,39600000,-662276.7080011242,297.9167550962746,700,42:58
79.2%,39650000,-662745.2490671361,301.8752879595817,700,42:46
79.3%,39700000,-661517.0276510864,302.5655600375168,700,42:34
79.4%,39750000,-661343.1174948849,297.84087396441777,700,42:21
79.5%,39800000,-661530.4828304714,303.1981490249519,700,42:09
79.6%,39850000,-660848.701268102,299.93492459788894,700,41:57
79.7%,39900000,-661001.4155301629,300.59376979997535,700,41:44
79.8%,39950000,-661175.7114166967,299.30396962892746,700,41:32
79.9%,40000000,-661231.9054621281,301.2784459242338,700,41:20
80.0%,40050000,-661027.9127112338,301.2043554975535,700,41:07
80.1%,40100000,-660156.0620128359,300.14824235204685,700,40:55
80.2%,40150000,-661440.5585447778,300.17691601868654,700,40:43
80.3%,40200000,-662064.7124416274,301.27276043529815,700,40:30
80.4%,40250000,-662281.5289923674,302.0745262942889,700,40:18
80.5%,40300000,-659824.3506979919,301.163214046122,700,40:06
80.6%,40350000,-661590.5360264704,298.35243366573206,700,39:53
80.7%,40400000,-662319.6353023145,299.6296541329146,700,39:41
80.8%,40450000,-662053.6779531883,301.0489894396721,700,39:29
80.9%,40500000,-661536.1218038546,299.9503470462221,700,39:16
81.0%,40550000,-661238.0843380629,301.8128818841785,700,39:04
81.1%,40600000,-660374.0931166853,297.72640313600607,700,38:52
81.2%,40650000,-662206.8372291811,300.6803056276327,700,38:39
81.3%,40700000,-661434.5023464714,297.57535715436313,700,38:27
81.4%,40750000,-659845.8343592724,297.6717418604916,700,38:15
81.5%,40800000,-661768.4261725121,299.62969890054404,700,38:02
81.6%,40850000,-661563.2568175332,299.14249278963104,700,37:50
81.7%,40900000,-660188.8975801202,301.05787581411073,700,37:38
81.8%,40950000,-660960.634163395,295.82091375762684,700,37:25
81.9%,41000000,-661555.1844951985,301.88330136524684,700,37:13
82.0%,41050000,-662326.9552834071,299.089241694443,700,37:01
82.1%,41100000,-663073.2381962058,295.6627721067218,700,36:48
82.2%,41150000,-660663.2188615552,300.87177677863656,700,36:36
82.3%,41200000,-661596.8863298926,299.1941546339748,700,36:24
82.4%,41250000,-659378.1050730385,299.57295593026174,700,36:11
82.5%,41300000,-660949.9155137185,298.63511886166697,700,35:59
82.6%,41350000,-659965.8928902633,299.03952724197876,700,35:47
82.7%,41400000,-661755.6999327075,303.395104210559,700,35:34
82.8%,41450000,-661395.283524076,298.929488408879,700,35:22
82.9%,41500000,-662417.8188708993,302.97975014485553,700,35:10
83.0%,41550000,-662128.5180131514,300.2035303743732,700,34:57
83.1%,41600000,-660432.6271417136,301.74461124932213,700,34:45
83.2%,41650000,-661687.3417451917,300.3787061082703,700,34:33
83.3%,41700000,-660681.6772744814,300.42835340929054,700,34:20
83.4%,41750000,-660580.9591531353,301.5336885633379,700,34:08
83.5%,41800000,-661537.6583286077,299.45964906021476,700,33:56
83.6%,41850000,-659544.994374013,301.34416480421356,700,33:43
83.7%,41900000,-661069.6502758083,300.17942300593376,700,33:31
83.8%,41950000,-662429.49022632,300.54363005503166,700,33:19
83.9%,42000000,-660271.7347975792,299.9260829910797,700,33:06
84.0%,42050000,-660644.9466959359,302.6561473356361,700,32:54
84.1%,42100000,-662410.0351571571,299.0865332528635,700,32:42
84.2%,42150000,-662002.6736078723,300.62492807004753,700,32:29
84.3%,42200000,-662027.9727282324,302.1345149177037,700,32:17
84.4%,42250000,-660850.1809529574,301.38577631575384,700,32:05
84.5%,42300000,-661562.0060896506,298.0738894755179,700,31:52
84.6%,42350000,-661440.1820979826,299.64592716620666,700,31:40
84.7%,42400000,-660880.2399683697,301.54004556671464,700,31:28
84.8%,42450000,-660614.1870607296,302.0903068836573,700,31:15
84.9%,42500000,-660103.3714731154,300.36818571535804,700,31:03
85.0%,42550000,-662706.6460714708,301.0625316475698,700,30:51
85.1%,42600000,-661644.0615192456,299.6133587158079,700,30:38
85.2%,42650000,-662055.372655509,302.7246641924543,700,30:26
85.3%,42700000,-661672.546251887,301.7407164655631,700,30:14
85.4%,42750000,-661449.776853492,301.711617506444,700,30:01
85.5%,42800000,-660025.1426296048,299.53814909839235,700,29:49
85.6%,42850000,-662093.5763476724,302.6034782196305,700,29:37
85.7%,42900000,-662307.6795133762,303.197455126696,700,29:24
85.8%,42950000,-661243.8453900497,301.427790735959,700,29:12
85.9%,43000000,-660306.3865655744,296.7398141189795,700,29:00
86.0%,43050000,-660709.456387064,300.8126611239953,700,28:47
86.1%,43100000,-661168.9858677797,300.815817241869,700,28:35
86.2%,43150000,-661992.2902435898,299.3657489575188,700,28:23
86.3%,43200000,-661192.2723949458,299.15912396395834,700,28:10
86.4%,43250000,-662328.1462196279,301.12529586400825,700,27:58
86.5%,43300000,-660910.6556091239,302.0429874993667,700,27:46
86.6%,43350000,-662226.5569405099,299.72362138705466,700,27:33
86.7%,43400000,-662162.863415496,299.1491855502284,700,27:21
86.8%,43450000,-659933.4989792728,299.8247066942716,700,27:09
86.9%,43500000,-660601.0597608066,299.84057681889885,700,26:56
87.0%,43550000,-660123.2350760191,298.75529756282896,700,26:44
87.1%,43600000,-660426.7517118729,300.5469204757936,700,26:32
87.2%,43650000,-660733.9327574819,301.32034842536524,700,26:19
87.3%,43700000,-662099.7825944056,301.6502410865173,700,26:07
87.4%,43750000,-660616.5525458986,297.7125251708878,700,25:55
87.5%,43800000,-661361.782447719,298.9972889836266,700,25:42
87.6%,43850000,-660411.912914007,302.51526360587013,700,25:30
87.7%,43900000,-660566.2559286729,301.39188709716893,700,25:18
87.8%,43950000,-661203.7725565159,300.19220416413145,700,25:05
87.9%,44000000,-661809.6500540795,300.7949779103768,700,24:53
88.0%,44050000,-661757.0859832284,300.38483927350006,700,24:41
88.1%,44100000,-662079.8545275806,300.01472289731953,700,24:28
88.2%,44150000,-660431.7029045802,299.1389113792779,700,24:16
88.3%,44200000,-661726.4101508609,302.3720743431893,700,24:04
88.4%,44250000,-662614.4494497771,299.64295011885054,700,23:51
88.5%,44300000,-660928.8642674997,301.1145516329489,700,23:39
88.6%,44350000,-660988.8952911235,301.29783030777,700,23:26
88.7%,44400000,-661190.6898936545,298.3355562694429,700,23:14
88.8%,44450000,-662298.9656225941,297.4607967906926,700,23:02
88.9%,44500000,-661053.8304630131,300.1816837712191,700,22:49
89.0%,44550000,-662868.9179151366,301.3344949962601,700,22:37
89.1%,44600000,-661599.050872549,301.05192171939865,700,22:25
89.2%,44650000,-662495.880358615,299.4893076147016,700,22:12
89.3%,44700000,-662039.5117151276,299.6283558716616,700,22:00
89.4%,44750000,-660348.0216009445,299.3303825302818,700,21:48
89.5%,44800000,-661488.5539742769,300.0868883159349,700,21:35
89.6%,44850000,-660997.4269859716,300.6705462844205,700,21:23
89.7%,44900000,-661679.8189617624,301.40697378828145,700,21:11
89.8%,44950000,-662282.0866947277,302.8639586713761,700,20:58
89.9%,45000000,-660857.3667384302,301.25995689328573,700,20:46
90.0%,45050000,-662360.4723333628,298.11422510961995,700,20:34
90.1%,45100000,-662245.5144257438,299.7190550888544,700,20:21
90.2%,45150000,-661487.3502716171,300.35842637214574,700,20:09
90.3%,45200000,-661436.3198292116,302.0540674876467,700,19:57
90.4%,45250000,-661271.5258109011,301.583112026211,700,19:44
90.5%,45300000,-661777.3989699022,302.5825717366941,700,19:32
90.6%,45350000,-661385.3864256847,301.0139140020261,700,19:20
90.7%,45400000,-660723.2872178964,297.6963416728546,700,19:07
90.8%,45450000,-659714.7328909901,302.46205727831153,700,18:55
90.9%,45500000,-661151.2530430532,300.12339631772204,700,18:43
91.0%,45550000,-659648.4698152705,302.2684596649105,700,18:30
91.1%,45600000,-660529.7554862485,300.0393450934972,700,18:18
91.2%,45650000,-660579.0801384761,300.3217169160263,700,18:06
91.3%,45700000,-662162.8455215874,301.23110415612837,700,17:53
91.4%,45750000,-661277.5541645042,301.10497136025435,700,17:41
91.5%,45800000,-662109.1063144729,297.7337226434153,700,17:29
91.6%,45850000,-660032.8702744157,301.04894467204264,700,17:16
91.7%,45900000,-662255.6180067416,302.5935398059006,700,17:04
91.8%,45950000,-661758.5846386584,300.0282203375878,700,16:52
91.9%,46000000,-662433.2467153142,299.98616114975334,700,16:39
92.0%,46050000,-661882.3503433717,301.7804029690386,700,16:27
92.1%,46100000,-661471.4181737322,300.39542681785645,700,16:15
92.2%,46150000,-659639.5488195755,301.82893107932347,700,16:02
92.3%,46200000,-659219.305446954,300.0929095620911,700,15:50
92.4%,46250000,-660767.7397976634,300.13736381809923,700,15:38
92.5%,46300000,-660942.1978656743,296.1092620586827,700,15:25
92.6%,46350000,-660578.0429923683,300.4885434870377,700,15:13
92.7%,46400000,-660443.5303511997,300.16641800958894,700,15:01
92.8%,46450000,-660981.5394949387,298.6603230370271,700,14:48
92.9%,46500000,-660070.7458298411,301.97015056631005,700,14:36
93.0%,46550000,-661378.33308635,299.66318508734577,700,14:23
93.1%,46600000,-661325.2751019741,300.06345246193666,700,14:11
93.2%,46650000,-662085.0233986024,302.4590578471408,700,13:59
93.3%,46700000,-661036.9626810639,300.5337811765606,700,13:46
93.4%,46750000,-661581.8044839008,300.35417344735146,700,13:34
93.5%,46800000,-661013.4394188086,299.3148033952457,700,13:22
93.6%,46850000,-661400.0881725685,297.6142602243239,700,13:09
93.7%,46900000,-660722.5030533569,301.185441174126,700,12:57
93.8%,46950000,-660784.3722978802,300.74253263251825,700,12:45
93.9%,47000000,-662373.7699236074,300.9952906681899,700,12:32
94.0%,47050000,-660610.9478005534,300.8938919875671,700,12:20
94.1%,47100000,-659567.4882809934,299.80507608877355,700,12:08
94.2%,47150000,-661840.2883067839,297.77058878623774,700,11:55
94.3%,47200000,-661561.6086229598,303.0725534406308,700,11:43
94.4%,47250000,-662209.170358995,299.0506519978881,700,11:31
94.5%,47300000,-659209.1169459871,300.96831817146796,700,11:18
94.6%,47350000,-661050.2957190112,300.15312202365294,700,11:06
94.7%,47400000,-661800.1508708121,301.1118655751841,700,10:54
94.8%,47450000,-660341.681352051,297.8578856635951,700,10:41
94.9%,47500000,-661179.8436802374,300.45857155914496,700,10:29
95.0%,47550000,-660260.1866765725,299.30961035023364,700,10:17
95.1%,47600000,-660585.9227812118,300.7825996608438,700,10:04
95.2%,47650000,-660624.3182417969,298.67565595010143,700,9:52
95.3%,47700000,-660958.9968811064,304.0380569042034,700,9:40
95.4%,47750000,-661217.0314515545,300.1391097556464,700,9:27
95.5%,47800000,-660695.3878269712,299.43780245706074,700,9:15
95.6%,47850000,-660421.6450839709,299.44427137951106,700,9:03
95.7%,47900000,-661457.0057493537,299.5084457762761,700,8:50
95.8%,47950000,-661015.9821657813,299.50056667349924,700,8:38
95.9%,48000000,-660142.6705242856,301.59678853699694,700,8:26
96.0%,48050000,-661789.8922968772,300.5276480113309,700,8:13
96.1%,48100000,-660973.5909153894,299.0821684089956,700,8:01
96.2%,48150000,-660370.9486678308,299.3955418148939,700,7:49
96.3%,48200000,-661412.3886439963,297.48588904697914,700,7:36
96.4%,48250000,-661409.9061278682,298.28078307485487,700,7:24
96.5%,48300000,-660561.3581768856,301.7761948118737,700,7:12
96.6%,48350000,-660830.9986229213,299.01311434062444,700,6:59
96.7%,48400000,-660970.6360815219,300.07961357615517,700,6:47
96.8%,48450000,-661142.8455594312,301.13809940602073,700,6:35
96.9%,48500000,-661463.9320710571,298.4131609550322,700,6:22
97.0%,48550000,-661428.8780564745,300.44270143451774,700,6:10
97.1%,48600000,-662515.6280041933,302.61771432578416,700,5:57
97.2%,48650000,-661288.0582309235,300.0644597335985,700,5:45
97.3%,48700000,-660862.6032035025,300.92202844265387,700,5:33
97.4%,48750000,-660680.2753641969,299.7408793081938,700,5:20
97.5%,48800000,-661575.9573988793,298.8063774279904,700,5:08
97.6%,48850000,-661829.0437787166,301.11629757049604,700,4:56
97.7%,48900000,-661608.3207965633,302.5684251657993,700,4:43
97.8%,48950000,-661917.8567245072,299.2183291538584,700,4:31
97.9%,49000000,-661785.3224372105,300.7372276684327,700,4:19
98.0%,49050000,-662047.3604860618,297.2612674663942,700,4:06
98.1%,49100000,-662154.2007673346,303.5631171237499,700,3:54
98.2%,49150000,-660300.4812156758,300.7214470790642,700,3:42
98.3%,49200000,-661392.9913528692,299.2202541619232,700,3:29
98.4%,49250000,-661380.1031021043,298.85683054634006,700,3:17
98.5%,49300000,-661733.3007220868,302.35893504395625,700,3:05
98.6%,49350000,-661953.432533145,301.0294259856181,700,2:52
98.7%,49400000,-662074.7342215679,300.14175104578186,700,2:40
98.8%,49450000,-662599.7084828089,299.69138869387655,700,2:28
98.9%,49500000,-661051.4439838119,303.4273145199224,700,2:15
99.0%,49550000,-663565.7739427863,299.3121173374808,700,2:03
99.1%,49600000,-660596.3407950429,299.9421098024099,700,1:51
99.2%,49650000,-661821.9188239337,300.3668426864756,700,1:38
99.3%,49700000,-661499.0284690433,300.3289916558061,700,1:26
99.4%,49750000,-660657.7760326592,302.01361993447114,700,1:14
99.5%,49800000,-660731.013318127,297.9907783715107,700,1:01
99.6%,49850000,-661140.4404600379,298.6545703966474,700,0:49
99.7%,49900000,-662203.1802861067,301.3186024878181,700,0:37
99.8%,49950000,-661890.1509760283,300.36335081138134,700,0:24
99.9%,50000000,-662953.3623110773,300.68263354436226,700,0:12
100.0%,50050000,-662696.7524396763,301.16010269587775,700,0:00
  done in 3.43 h
Wrote data/md/prod_mut_300K_rep3.dcd and data/md/prod_mut_300K_rep3_final.pdb
