[mut 300K rep2] equilibrating 100 ps at 300.0 K...
[mut 300K rep2] production 100.0 ns (50000000 steps)...
#"Progress (%)","Step","Potential Energy (kJ/mole)","Temperature (K)","Speed (ns/day)","Time Remaining"
0.2%,100000,-660887.7858458129,302.9087486846048,0,--
0.3%,150000,-661703.6905830763,298.147375539201,697,3:26:10
0.4%,200000,-661042.7860206352,300.41749725915764,696,3:26:15
0.5%,250000,-660646.8048688755,299.63556345999723,697,3:25:47
0.6%,300000,-661383.4074511603,302.0751082734713,695,3:26:10
0.7%,350000,-660224.6653179661,301.0135334771761,688,3:27:54
0.8%,400000,-661642.0851661642,299.6700793022755,685,3:28:52
0.9%,450000,-661191.9740068214,297.3681501816202,682,3:29:30
1.0%,500000,-660917.119014007,298.487587138933,681,3:29:37
1.1%,550000,-661215.6575088417,302.2166411338638,682,3:28:59
1.2%,600000,-660641.6849606158,302.5176586740438,684,3:28:16
1.3%,650000,-661023.8246318428,301.31703562078866,686,3:27:28
1.4%,700000,-660807.7578574684,300.6975635487719,687,3:26:45
1.5%,750000,-660768.7087804233,298.81405507643495,688,3:26:14
1.6%,800000,-661677.0534112826,300.1368713741757,685,3:26:55
1.7%,850000,-661323.0663488861,299.13904568216617,685,3:26:54
1.8%,900000,-661893.7507062578,303.01632529808677,685,3:26:41
1.9%,950000,-661393.7662004223,299.8871575373042,684,3:26:40
2.0%,1000000,-661782.0119197182,300.09311101642345,683,3:26:57
2.1%,1050000,-661626.8529638266,298.1714829076405,683,3:26:32
2.2%,1100000,-661244.3805139475,299.99594287678025,683,3:26:20
2.3%,1150000,-661167.6997851832,301.41037612811687,682,3:26:21
2.4%,1200000,-660624.5902503841,301.2518987199912,681,3:26:37
2.5%,1250000,-660885.6036511147,298.45768236248443,679,3:26:53
2.6%,1300000,-661256.8719132342,299.91607742590566,679,3:26:47
2.7%,1350000,-661790.4848517342,299.0569194660061,680,3:26:20
2.8%,1400000,-661100.0470351544,298.2269052328551,680,3:25:59
2.9%,1450000,-662220.0358928,301.53335280611725,680,3:25:53
3.0%,1500000,-661173.3786429353,300.5312741893134,679,3:25:53
3.1%,1550000,-660557.2848510114,303.04654344794125,678,3:26:01
3.2%,1600000,-661599.3309293254,299.2135166336964,677,3:26:09
3.3%,1650000,-660422.9376854682,303.40618419883896,677,3:26:01
3.4%,1700000,-660110.8755624774,299.2240370266087,677,3:25:37
3.5%,1750000,-661680.544354374,299.8283776398835,678,3:25:13
3.6%,1800000,-661205.6723560444,299.80955285171495,678,3:24:50
3.7%,1850000,-660301.4409746975,300.4394557813852,678,3:24:45
3.8%,1900000,-661029.3855284546,298.3647895314503,678,3:24:22
3.9%,1950000,-661423.1137812166,297.9843094490604,679,3:24:00
4.0%,2000000,-662978.8533140966,301.20751161542717,680,3:23:36
4.1%,2050000,-660904.9051494696,300.1615383379828,680,3:23:13
4.2%,2100000,-660696.6729949587,301.3277127004039,681,3:22:50
4.3%,2150000,-662693.1626063008,300.2140507672855,681,3:22:37
4.4%,2200000,-660880.5931206997,298.963869948269,681,3:22:24
4.5%,2250000,-661446.7604141254,299.05389765102063,681,3:22:11
4.6%,2300000,-660291.5323476084,302.86004150380234,681,3:21:52
4.7%,2350000,-661621.549116224,301.8082708183489,682,3:21:34
4.8%,2400000,-660517.2560577397,298.42522583115925,682,3:21:14
4.9%,2450000,-660532.7354399315,299.5677181176203,682,3:20:58
5.0%,2500000,-661791.8483525272,298.6332386212316,682,3:20:41
5.1%,2550000,-660945.7631253079,301.24657137209095,683,3:20:24
5.2%,2600000,-658975.4114744738,300.5843909816132,683,3:20:06
5.3%,2650000,-661570.4997777585,299.85165680717887,683,3:19:47
5.4%,2700000,-661059.8352285367,302.3696792750157,684,3:19:28
5.5%,2750000,-661670.9644902255,300.76608040559006,684,3:19:11
5.6%,2800000,-660819.8332748231,299.13336019323054,684,3:18:51
5.7%,2850000,-661104.6085338495,299.6694525554637,685,3:18:32
5.8%,2900000,-661659.183496749,300.3043246919989,685,3:18:15
5.9%,2950000,-659122.9613116155,297.27539165347434,685,3:17:57
6.0%,3000000,-661345.2287748931,301.75244558446957,686,3:17:39
6.1%,3050000,-661703.6456348514,299.45425456087037,686,3:17:21
6.2%,3100000,-660464.9722803179,298.9583411460364,686,3:17:03
6.3%,3150000,-661859.6007781513,299.6539405718717,687,3:16:44
6.4%,3200000,-661367.913197564,301.7739340465883,687,3:16:27
6.5%,3250000,-661560.5715152579,301.69903780257863,687,3:16:10
6.6%,3300000,-661220.6009314586,302.22859409091734,687,3:15:53
6.7%,3350000,-661558.2129003336,299.3757321388782,688,3:15:36
6.8%,3400000,-659595.0564992032,302.22617663892896,687,3:15:27
6.9%,3450000,-662521.6662862222,300.8552575233828,687,3:15:15
7.0%,3500000,-662094.5008818409,299.88415810613344,687,3:15:03
7.1%,3550000,-661033.8952064835,298.49748078503353,687,3:15:02
7.2%,3600000,-660464.9561813725,301.51562482486935,686,3:15:01
7.3%,3650000,-659362.0335550262,300.3374303539506,685,3:14:58
7.4%,3700000,-661321.1099699852,302.2064117305427,685,3:14:56
7.5%,3750000,-661612.8687581783,302.43555484169843,684,3:14:52
7.6%,3800000,-660995.8182257884,299.74674386764707,684,3:14:49
7.7%,3850000,-663087.9774252153,302.06953470360924,683,3:14:45
7.8%,3900000,-661569.0267853308,297.230646407875,683,3:14:41
7.9%,3950000,-659991.8185709054,300.46761462028667,682,3:14:37
8.0%,4000000,-662318.8903593677,302.55877774166055,682,3:14:33
8.1%,4050000,-662307.1238004812,299.29304632735045,681,3:14:26
8.2%,4100000,-660769.5051630507,300.0882313448173,681,3:14:12
8.3%,4150000,-661110.1841622423,300.9498962919641,682,3:13:57
8.4%,4200000,-660579.3561289958,300.8277701989226,682,3:13:41
8.5%,4250000,-661123.4331813916,301.66819290591235,682,3:13:25
8.6%,4300000,-662832.7318004104,301.2138014673599,682,3:13:10
8.7%,4350000,-661985.1836913382,300.743316066033,682,3:12:54
8.8%,4400000,-660284.8354938976,299.65767866892776,682,3:12:39
8.9%,4450000,-661768.5501519325,300.1037880960387,682,3:12:25
9.0%,4500000,-660014.040203833,301.5140579578398,682,3:12:16
9.1%,4550000,-661331.7224641577,299.4559109631587,682,3:12:07
9.2%,4600000,-661350.1171785644,303.14476362687566,682,3:11:59
9.3%,4650000,-663684.8962044786,300.0095298523074,682,3:11:45
9.4%,4700000,-661474.691078675,302.1148395445762,682,3:11:30
9.5%,4750000,-660078.1533655971,301.95367607868565,682,3:11:21
9.6%,4800000,-662729.5996953859,302.314033111654,682,3:11:06
9.7%,4850000,-662113.2405762626,299.7739402025161,682,3:10:53
9.8%,4900000,-662789.769525996,302.6437914699178,682,3:10:47
9.9%,4950000,-661951.547473276,299.02484345953087,682,3:10:33
10.0%,5000000,-662018.6601486793,299.73897668394375,682,3:10:20
10.1%,5050000,-661510.4102302613,302.20947831315755,681,3:10:14
10.2%,5100000,-662079.8924098182,298.2755228783987,681,3:10:07
10.3%,5150000,-660784.0894764652,298.579271243973,681,3:10:00
10.4%,5200000,-662196.6319991895,300.4028582443392,680,3:09:54
10.5%,5250000,-659660.909969002,299.27249798544943,680,3:09:47
10.6%,5300000,-660709.5711096409,300.31524799357595,680,3:09:34
10.7%,5350000,-661600.615395043,299.9515333884016,680,3:09:18
10.8%,5400000,-660236.9901718022,301.4775499560527,680,3:09:03
10.9%,5450000,-661203.3420795556,299.5678300366938,680,3:08:48
11.0%,5500000,-662257.4175564996,299.86672111447666,680,3:08:37
11.1%,5550000,-660625.0660575223,300.2209897498447,680,3:08:26
11.2%,5600000,-661781.9301340319,302.7188444006305,680,3:08:15
11.3%,5650000,-661885.4780768217,301.45626294826627,680,3:08:08
11.4%,5700000,-662101.842723689,300.65718314704037,679,3:08:02
11.5%,5750000,-662013.7924499479,303.18415914076,679,3:07:55
11.6%,5800000,-661323.4662564974,300.61353470836167,679,3:07:47
11.7%,5850000,-660402.8952988181,302.39333896716096,679,3:07:33
11.8%,5900000,-661028.7865357064,301.02089775221475,679,3:07:18
11.9%,5950000,-661567.3731481526,298.90540342425425,679,3:07:03
12.0%,6000000,-661973.7092919648,301.678534228307,679,3:06:48
12.1%,6050000,-661517.3084584684,299.05595696197366,679,3:06:37
12.2%,6100000,-661782.8201229554,297.4787262262729,679,3:06:25
12.3%,6150000,-662128.4539517164,304.1399256449351,679,3:06:16
12.4%,6200000,-662555.2189230863,301.02826202725333,678,3:06:08
12.5%,6250000,-661169.5590262488,300.77796621119944,678,3:06:00
12.6%,6300000,-658940.3794030696,298.4218011075091,678,3:05:45
12.7%,6350000,-660569.8719029753,296.97692586817095,678,3:05:30
12.8%,6400000,-660459.7937876233,299.0205905347366,678,3:05:19
12.9%,6450000,-661337.1167617077,299.9282094534769,678,3:05:05
13.0%,6500000,-660898.2123134369,299.6607676353574,679,3:04:50
13.1%,6550000,-662521.6281452919,301.1620500877572,679,3:04:35
13.2%,6600000,-661976.9298608061,300.3999259646126,679,3:04:21
13.3%,6650000,-661964.8703200184,300.23744185365433,679,3:04:05
13.4%,6700000,-660373.6296434798,301.4192401187409,679,3:03:49
13.5%,6750000,-660637.211754987,301.20708632294776,679,3:03:34
13.6%,6800000,-662707.695896036,297.9635820366417,679,3:03:18
13.7%,6850000,-661954.7892086608,296.8965679733727,680,3:03:03
13.8%,6900000,-660957.0942024486,301.4609859331695,680,3:02:48
13.9%,6950000,-661912.790980713,299.59952551831896,680,3:02:33
14.0%,7000000,-659573.7623913791,301.1237737646082,680,3:02:18
14.1%,7050000,-661177.9991184669,300.98772493881893,680,3:02:03
14.2%,7100000,-659733.1012839298,299.2800860986351,680,3:01:48
14.3%,7150000,-661162.1849309378,299.5547578889049,681,3:01:33
14.4%,7200000,-661197.4307127725,302.77328183799796,680,3:01:21
14.5%,7250000,-661496.2775372048,299.1990119217662,680,3:01:12
14.6%,7300000,-659886.5816886807,298.86390383178747,680,3:01:04
14.7%,7350000,-660158.235712254,300.62618156367114,680,3:00:56
14.8%,7400000,-662294.8055105973,302.04979217903764,679,3:00:48
14.9%,7450000,-661443.7864944623,301.01078026796716,679,3:00:40
15.0%,7500000,-661987.6709743435,301.8121208344785,679,3:00:28
15.1%,7550000,-660684.3612896753,300.5666853841799,679,3:00:14
15.2%,7600000,-660900.4304905473,301.4781990866792,679,3:00:00
15.3%,7650000,-661255.6360056889,299.5261066060799,679,2:59:46
15.4%,7700000,-661103.9041580916,299.29360592271814,679,2:59:33
15.5%,7750000,-661676.6854876345,297.589727563405,679,2:59:22
15.6%,7800000,-661588.7330907555,301.0843782507239,679,2:59:09
15.7%,7850000,-661738.4291738775,302.3349395945904,679,2:59:00
15.8%,7900000,-661383.2597654387,300.12966378584,679,2:58:51
15.9%,7950000,-662086.3710567392,300.2738603201827,678,2:58:43
16.0%,8000000,-659863.7760739713,300.51860495018923,678,2:58:33
16.1%,8050000,-660683.4869759874,300.1049744382182,678,2:58:25
16.2%,8100000,-661651.6349876081,299.47569825535976,678,2:58:16
16.3%,8150000,-661089.0576885953,299.4634766925297,677,2:58:07
16.4%,8200000,-661088.5018640948,300.70944935438126,677,2:57:58
16.5%,8250000,-661297.8036515038,300.2857685096068,677,2:57:49
16.6%,8300000,-661920.9158162223,297.2908141018075,677,2:57:40
16.7%,8350000,-662146.6216207515,300.248163700899,677,2:57:30
16.8%,8400000,-661427.0668846159,299.38285019195496,676,2:57:19
16.9%,8450000,-661516.9618735863,302.1913698070596,676,2:57:06
17.0%,8500000,-662266.09061808,301.5259213796345,677,2:56:52
17.1%,8550000,-662066.6454777168,299.641696625227,677,2:56:38
17.2%,8600000,-661863.682756626,300.6272112191476,677,2:56:23
17.3%,8650000,-660999.2888784222,300.4318900520142,677,2:56:09
17.4%,8700000,-659862.8101297389,297.74538461087764,677,2:55:54
17.5%,8750000,-660873.2415025844,300.432292960679,677,2:55:40
17.6%,8800000,-660855.5973929274,296.45607688375327,677,2:55:26
17.7%,8850000,-661257.6935731238,299.22638732715296,677,2:55:14
17.8%,8900000,-660761.4183761273,299.7224798125046,677,2:55:03
17.9%,8950000,-661463.1598207704,301.3964086277397,677,2:54:52
18.0%,9000000,-662081.2212483408,301.9742915720309,677,2:54:40
18.1%,9050000,-662657.6654383177,298.0078572221322,677,2:54:26
18.2%,9100000,-661061.3325357432,297.91834434711876,677,2:54:16
18.3%,9150000,-662038.5942925205,300.70049582849845,677,2:54:06
18.4%,9200000,-661779.05392783,298.12908796258534,676,2:53:57
18.5%,9250000,-662481.1523201922,300.6862597223448,676,2:53:46
18.6%,9300000,-660106.7846414987,300.6474014200134,676,2:53:33
18.7%,9350000,-661643.972257874,300.0483210031947,676,2:53:19
18.8%,9400000,-661628.5106824217,302.0879565831131,676,2:53:04
18.9%,9450000,-661583.5861228872,301.1304665252056,676,2:52:50
19.0%,9500000,-661396.1783626466,300.93671222510164,676,2:52:39
19.1%,9550000,-661836.2344465163,301.99157187698466,676,2:52:26
19.2%,9600000,-662112.6822095742,299.1124760941089,676,2:52:12
19.3%,9650000,-662338.7918462614,299.8139848470269,677,2:51:58
19.4%,9700000,-661054.938058042,298.70770957276187,677,2:51:44
19.5%,9750000,-660215.099558135,302.22939990824676,677,2:51:30
19.6%,9800000,-660938.430607561,301.46973800471994,677,2:51:15
19.7%,9850000,-660989.9453782667,300.9722353390417,677,2:51:01
19.8%,9900000,-661715.6698569977,300.1083096266096,677,2:50:46
19.9%,9950000,-660489.7186804814,301.68789066285456,677,2:50:33
20.0%,10000000,-661980.5348398401,298.319350387595,677,2:50:23
20.1%,10050000,-661084.2770483042,299.64684490260964,677,2:50:14
20.2%,10100000,-660895.1042987439,300.1324393788637,677,2:50:03
20.3%,10150000,-661214.5612677056,299.99963620620696,676,2:49:53
20.4%,10200000,-661023.1920419591,298.80510155055214,676,2:49:42
20.5%,10250000,-661128.8882144839,301.3618704016468,676,2:49:27
20.6%,10300000,-660304.694726015,300.10553403358585,676,2:49:13
20.7%,10350000,-660581.5306037627,298.51129159870777,677,2:48:59
20.8%,10400000,-661438.6536350949,297.5526375824355,677,2:48:45
20.9%,10450000,-660769.4635314904,298.98417206820824,677,2:48:34
21.0%,10500000,-661792.2490652492,301.6228432973159,677,2:48:21
21.1%,10550000,-660515.4350646776,299.726956575446,677,2:48:07
21.2%,10600000,-661951.5684212549,300.22416825153306,677,2:47:53
21.3%,10650000,-661037.535099302,301.63658695954604,677,2:47:39
21.4%,10700000,-661052.2272681762,298.2950863324527,677,2:47:25
21.5%,10750000,-661698.409358799,301.68345866754254,677,2:47:10
21.6%,10800000,-660939.876787154,301.3223853525036,677,2:46:56
21.7%,10850000,-660619.5758210723,300.37241625633766,677,2:46:47
21.8%,10900000,-660411.5158850201,298.38744195193385,677,2:46:37
21.9%,10950000,-661920.3570803842,301.24504927269084,677,2:46:24
22.0%,11000000,-660630.3870370523,302.33740181420814,677,2:46:10
22.1%,11050000,-661093.8241680916,300.680663768668,677,2:45:56
22.2%,11100000,-661305.7631849395,300.49604206496457,677,2:45:43
22.3%,11150000,-662576.6965776607,299.790369922511,677,2:45:30
22.4%,11200000,-661196.5366960973,301.8914938414296,677,2:45:18
22.5%,11250000,-659251.6742695235,299.2760122443584,677,2:45:08
22.6%,11300000,-660203.1917130868,302.30031183323865,676,2:44:58
22.7%,11350000,-660548.599813832,300.08630633675256,676,2:44:45
22.8%,11400000,-660712.4410031801,299.67936858537894,677,2:44:31
22.9%,11450000,-659845.2507586516,301.0743950693645,677,2:44:17
23.0%,11500000,-661695.7431610711,299.68619564886455,677,2:44:04
23.1%,11550000,-661004.7238355535,299.85317890657893,677,2:43:51
23.2%,11600000,-662240.1093435865,299.68189795644076,677,2:43:38
23.3%,11650000,-660465.8817671943,299.4942096701224,677,2:43:24
23.4%,11700000,-660137.9067907594,301.9492440833737,677,2:43:10
23.5%,11750000,-661138.7875978877,301.34586597413124,677,2:42:56
23.6%,11800000,-661005.7386377282,298.47241091256166,677,2:42:42
23.7%,11850000,-660075.020994747,302.06964662268274,677,2:42:28
23.8%,11900000,-661451.3457548753,300.2383372062426,677,2:42:14
23.9%,11950000,-662836.1174142077,298.6349621749641,677,2:42:00
24.0%,12000000,-661041.359417499,297.715255996282,677,2:41:45
24.1%,12050000,-660458.4601788083,300.3014819475311,678,2:41:32
24.2%,12100000,-661365.4477128005,299.86620628673836,678,2:41:18
24.3%,12150000,-660046.2138232458,300.74700939545966,678,2:41:04
24.4%,12200000,-660524.5125034335,302.328627358843,678,2:40:50
24.5%,12250000,-663161.6336871604,300.27824754786525,678,2:40:36
24.6%,12300000,-661656.966469096,299.19128950569234,678,2:40:22
24.7%,12350000,-659715.9829141703,301.17709201124035,678,2:40:08
24.8%,12400000,-660228.2417041799,300.94123375567244,678,2:39:53
24.9%,12450000,-661035.432575332,298.33788418617246,678,2:39:40
25.0%,12500000,-661657.7019427586,298.3626854528679,678,2:39:29
25.1%,12550000,-660099.7542380355,300.5255215489337,678,2:39:19
25.2%,12600000,-660974.357609882,301.2940026754551,678,2:39:09
25.3%,12650000,-660773.8178076963,302.90778618057243,678,2:38:58
25.4%,12700000,-660272.8548938707,299.0765724553188,677,2:38:48
25.5%,12750000,-661058.0104468013,298.5261544516732,677,2:38:38
25.6%,12800000,-660859.6646210672,298.40611005339946,677,2:38:27
25.7%,12850000,-660477.3079380244,300.7032714215221,677,2:38:17
25.8%,12900000,-659907.419268732,302.16130834390805,677,2:38:06
25.9%,12950000,-661377.7163632577,298.6891086227403,677,2:37:53
26.0%,13000000,-660831.1796679683,301.0463929171661,677,2:37:39
26.1%,13050000,-660929.6462992928,301.23705825084045,677,2:37:25
26.2%,13100000,-659954.4477015734,301.5046791394776,677,2:37:11
26.3%,13150000,-661227.2261406449,299.1193703090387,677,2:36:58
26.4%,13200000,-662035.1970636584,297.90272044445334,677,2:36:45
26.5%,13250000,-660672.4573585675,301.6131734893625,677,2:36:33
26.6%,13300000,-660988.497114677,300.6840884923182,677,2:36:21
26.7%,13350000,-661302.1862986949,298.42043569481194,677,2:36:09
26.8%,13400000,-661570.9508373202,298.15487411712786,677,2:35:56
26.9%,13450000,-660541.3685664153,301.0961073696303,677,2:35:46
27.0%,13500000,-661687.3972993242,300.0265191676701,677,2:35:35
27.1%,13550000,-662182.6942427005,299.9993452166158,676,2:35:24
27.2%,13600000,-660576.9963225098,301.543380755106,676,2:35:14
27.3%,13650000,-661751.9846313549,300.1901896208078,676,2:35:03
27.4%,13700000,-660919.186150786,301.5564529028949,676,2:34:52
27.5%,13750000,-662395.1922383117,299.6238343410908,676,2:34:41
27.6%,13800000,-660481.1093252692,299.1159455853885,676,2:34:31
27.7%,13850000,-661220.1112039303,300.67468729014126,676,2:34:19
27.8%,13900000,-661822.4507793193,301.2749316653247,676,2:34:06
27.9%,13950000,-663098.9797506249,298.7643406239706,676,2:33:52
28.0%,14000000,-659841.4836195097,300.0585727903306,676,2:33:38
28.1%,14050000,-661311.3527705558,300.1647392234859,676,2:33:25
28.2%,14100000,-662468.4568197844,302.65959444310096,676,2:33:11
28.3%,14150000,-661335.1537973331,302.1224500415766,676,2:32:57
28.4%,14200000,-662175.3660243321,301.22271022561324,676,2:32:44
28.5%,14250000,-661090.8044876806,300.9386596169811,676,2:32:30
28.6%,14300000,-661615.5396043793,300.609080329235,676,2:32:17
28.7%,14350000,-662923.3320931885,300.77803336264355,676,2:32:03
28.8%,14400000,-660463.2927798876,298.7080229461678,676,2:31:50
28.9%,14450000,-660539.5464305393,301.5359269448086,676,2:31:38
29.0%,14500000,-659019.4601619062,300.4592878412156,676,2:31:26
29.1%,14550000,-661308.0777695519,301.7923111584628,676,2:31:14
29.2%,14600000,-661026.2348526777,299.03726647669333,676,2:31:00
29.3%,14650000,-660349.3020797833,301.08782535818875,676,2:30:49
29.4%,14700000,-661145.8174741264,297.55928557540346,676,2:30:38
29.5%,14750000,-661383.6178815807,299.95417467853696,676,2:30:27
29.6%,14800000,-662153.7653391901,298.16785672965796,676,2:30:16
29.7%,14850000,-661578.0620628609,297.44192723489454,675,2:30:05
29.8%,14900000,-661165.9767107009,300.8116090847041,675,2:29:54
29.9%,14950000,-661170.1490036766,299.05797150529736,675,2:29:43
30.0%,15000000,-661546.4091522279,302.17279124085275,675,2:29:32
30.1%,15050000,-661135.0126836128,298.74634403694614,675,2:29:19
30.2%,15100000,-660989.0818910035,301.5455072175032,675,2:29:05
30.3%,15150000,-661110.5484372433,302.5703054062347,675,2:28:52
30.4%,15200000,-661616.1058737338,299.5813050931475,675,2:28:38
30.5%,15250000,-660425.2983739702,299.04691390083207,675,2:28:25
30.6%,15300000,-661403.3735707942,301.3757483667651,675,2:28:13
30.7%,15350000,-660924.7015633164,300.12599284022804,675,2:28:01
30.8%,15400000,-661508.4341313494,301.6067493345416,675,2:27:48
30.9%,15450000,-662419.2471825047,302.0431665698844,675,2:27:37
31.0%,15500000,-660895.1858260189,301.22490383945456,675,2:27:26
31.1%,15550000,-661686.8684771201,299.92697834366794,675,2:27:14
31.2%,15600000,-660841.8483463782,298.7072171288383,675,2:27:03
31.3%,15650000,-662185.4905390753,301.41530056735246,675,2:26:52
31.4%,15700000,-661421.2130929925,300.8758954005427,674,2:26:41
31.5%,15750000,-661460.0982938334,298.5698252741666,674,2:26:30
31.6%,15800000,-661469.5444753966,298.777681377536,674,2:26:19
31.7%,15850000,-661582.075329151,299.05743429374434,674,2:26:05
31.8%,15900000,-660358.0831354014,301.1483288093418,674,2:25:52
31.9%,15950000,-660442.5914940643,299.0317824420901,674,2:25:38
32.0%,16000000,-660871.8956287387,300.67287420115,674,2:25:25
32.1%,16050000,-662495.8990329839,299.56704660317905,674,2:25:11
32.2%,16100000,-661894.2171705114,301.33301766448943,674,2:24:58
32.3%,16150000,-663068.3660156177,298.89676327177733,674,2:24:46
32.4%,16200000,-662098.2519730185,303.2120269900703,674,2:24:34
32.5%,16250000,-661704.9424403235,298.0288084726979,674,2:24:21
32.6%,16300000,-661313.3898477126,301.31099199081774,674,2:24:08
32.7%,16350000,-662337.1715016016,298.7627961407558,674,2:23:54
32.8%,16400000,-660263.405537874,303.00602874332156,674,2:23:41
32.9%,16450000,-660423.5969886393,300.83029956998445,675,2:23:27
33.0%,16500000,-660333.1152759753,300.1072575873183,675,2:23:13
33.1%,16550000,-660123.4907763815,297.2050393238502,675,2:23:00
33.2%,16600000,-660734.6187574631,299.43041579820743,675,2:22:47
33.3%,16650000,-661258.2412570198,298.47527604084416,675,2:22:36
33.4%,16700000,-661420.1062452919,301.99374310701126,674,2:22:25
33.5%,16750000,-660087.637040786,301.7559374595639,674,2:22:13
33.6%,16800000,-662116.5544725172,299.04454121647314,674,2:21:59
33.7%,16850000,-661356.6313874689,299.61194853548136,674,2:21:46
33.8%,16900000,-661811.741084238,298.00962554349405,675,2:21:32
33.9%,16950000,-661920.128748971,297.5557713164945,674,2:21:20
34.0%,17000000,-661126.2381986747,299.6267442370027,674,2:21:07
34.1%,17050000,-660854.2022643164,298.4436924782926,675,2:20:53
34.2%,17100000,-659886.537854224,302.07246698333586,675,2:20:40
34.3%,17150000,-660350.9618781987,300.1356178805521,675,2:20:27
34.4%,17200000,-661293.3968931301,300.07782287097854,675,2:20:13
34.5%,17250000,-660233.0414544526,300.6082073604614,675,2:19:59
34.6%,17300000,-661917.1492164172,300.6700986081263,675,2:19:46
34.7%,17350000,-661736.6754227537,300.8798349519311,675,2:19:32
34.8%,17400000,-660989.776666462,302.02029031125375,675,2:19:18
34.9%,17450000,-662086.23967986,299.0043175014446,675,2:19:06
35.0%,17500000,-661126.0703850468,296.837720924508,675,2:18:55
35.1%,17550000,-661711.7478132327,299.109566198197,675,2:18:43
35.2%,17600000,-660359.3414056324,301.415569173129,675,2:18:30
35.3%,17650000,-661123.7395009771,301.0089671789759,675,2:18:17
35.4%,17700000,-661378.059379037,300.41187892166613,675,2:18:04
35.5%,17750000,-660954.4502480724,300.4262045630786,675,2:17:50
35.6%,17800000,-660511.9785690838,302.3476312175293,675,2:17:38
35.7%,17850000,-661232.9067009119,300.04191923218855,675,2:17:26
35.8%,17900000,-660982.3971672305,299.6076732268723,675,2:17:14
35.9%,17950000,-661219.7541635814,300.95486549882907,675,2:17:02
36.0%,18000000,-661353.5502822157,300.05700592330106,675,2:16:49
36.1%,18050000,-660864.1094504981,298.3526127362497,675,2:16:36
36.2%,18100000,-661229.1664775093,300.4296740543582,675,2:16:22
36.3%,18150000,-660321.634302516,298.4486840689722,675,2:16:10
36.4%,18200000,-662219.0816464126,300.7725940956698,675,2:15:57
36.5%,18250000,-662083.114906312,299.2714683299729,675,2:15:46
36.6%,18300000,-660203.7844839585,302.99360572615916,675,2:15:33
36.7%,18350000,-662129.7933216607,302.4864556363422,675,2:15:20
36.8%,18400000,-661090.5128074712,298.8791472096029,675,2:15:07
36.9%,18450000,-661655.1118525704,301.62120927884234,675,2:14:54
37.0%,18500000,-662271.4004292618,302.3538986856472,675,2:14:41
37.1%,18550000,-661477.846565119,300.1667089991801,674,2:14:30
37.2%,18600000,-660955.8759730323,299.4110761823006,674,2:14:18
37.3%,18650000,-660621.6057994463,299.43652657962247,674,2:14:05
37.4%,18700000,-661501.2434530407,298.04380562855164,674,2:13:51
37.5%,18750000,-661023.4942858573,300.6685317410968,675,2:13:38
37.6%,18800000,-661972.2610210958,296.54950692634037,675,2:13:25
37.7%,18850000,-662005.5180614577,299.5077966456496,675,2:13:12
37.8%,18900000,-659988.2772172755,298.75444697787015,675,2:12:59
37.9%,18950000,-660298.2357697817,298.48669178634475,675,2:12:46
38.0%,19000000,-660102.8727333485,299.8640798243412,675,2:12:32
38.1%,19050000,-659842.2183937365,299.6223570093201,675,2:12:19
38.2%,19100000,-661955.0268790745,301.62969274461625,675,2:12:05
38.3%,19150000,-663159.295037949,301.31520014798264,675,2:11:52
38.4%,19200000,-659126.6605464658,300.83770861265253,675,2:11:38
38.5%,19250000,-661905.5506863194,300.2456119460224,675,2:11:25
38.6%,19300000,-660448.9824457727,300.58929303703394,675,2:11:11
38.7%,19350000,-661114.4030221715,299.0072497811712,675,2:10:58
38.8%,19400000,-659239.0859760246,302.0615436817588,675,2:10:46
38.9%,19450000,-661477.4007253856,301.83468371970315,675,2:10:34
39.0%,19500000,-661951.6171965739,299.8192002758537,675,2:10:23
39.1%,19550000,-661254.0347292321,296.36958582372534,675,2:10:11
39.2%,19600000,-661054.597311473,299.2090174869403,675,2:09:59
39.3%,19650000,-661152.1505873068,299.0998068549847,674,2:09:48
39.4%,19700000,-662053.6543591348,300.01192492048114,674,2:09:36
39.5%,19750000,-660165.3573585711,303.40772868205374,674,2:09:24
39.6%,19800000,-662173.4971456695,299.0633883884564,674,2:09:13
39.7%,19850000,-660685.6683557127,300.9984020184342,674,2:09:00
39.8%,19900000,-660342.411553117,303.1540529099791,674,2:08:47
39.9%,19950000,-662155.5321157966,302.4405912000075,674,2:08:34
40.0%,20000000,-662031.8645310127,299.49933556369035,674,2:08:20
40.1%,20050000,-661753.1424553874,301.5765535685018,674,2:08:07
40.2%,20100000,-662277.5855182838,299.06397036763883,674,2:07:54
40.3%,20150000,-659495.325464508,300.4245481607903,674,2:07:41
40.4%,20200000,-661797.8890914526,300.7145752479492,674,2:07:28
40.5%,20250000,-661888.1714146594,300.53040122053983,674,2:07:14
40.6%,20300000,-661132.8338129804,303.3521272863215,674,2:07:02
40.7%,20350000,-662133.1481055897,301.06564299781405,674,2:06:50
40.8%,20400000,-660414.9605768402,300.8193091169633,674,2:06:37
40.9%,20450000,-661207.2390056499,299.588826054889,674,2:06:24
41.0%,20500000,-660215.527987984,303.08493169016384,674,2:06:12
41.1%,20550000,-662052.6710792603,300.596321554852,674,2:06:00
41.2%,20600000,-660950.85554183,300.9000027689822,674,2:05:48
41.3%,20650000,-662191.524001406,297.24409908051393,674,2:05:36
41.4%,20700000,-661336.9671783587,303.38570300838205,674,2:05:25
41.5%,20750000,-661499.0586351948,300.6963772065924,674,2:05:13
41.6%,20800000,-660563.46719315,300.39236023524165,674,2:05:01
41.7%,20850000,-661412.2308234903,298.9044633040366,674,2:04:47
41.8%,20900000,-660968.524409703,300.5030705827825,674,2:04:34
41.9%,20950000,-661627.458978049,299.6692287173166,674,2:04:21
42.0%,21000000,-660452.9183909879,300.052730614692,674,2:04:08
42.1%,21050000,-661234.6670000148,300.4209891342519,674,2:03:56
42.2%,21100000,-660862.513679022,299.22437278382927,674,2:03:43
42.3%,21150000,-661388.8053041715,300.8577197430006,674,2:03:30
42.4%,21200000,-661244.6541277724,299.7352385868876,674,2:03:16
42.5%,21250000,-660102.8544570184,300.76899030150196,674,2:03:03
42.6%,21300000,-660359.417339066,299.5900571646979,674,2:02:50
42.7%,21350000,-660106.4613681347,302.17626073213233,674,2:02:37
42.8%,21400000,-661462.7456196151,299.64422599628887,674,2:02:23
42.9%,21450000,-661512.9114093995,300.10266890530335,674,2:02:10
43.0%,21500000,-662003.584567185,299.70936289708635,674,2:01:56
43.1%,21550000,-659768.6096326094,300.79153080291195,674,2:01:43
43.2%,21600000,-661561.7800348517,299.8761894680977,674,2:01:29
43.3%,21650000,-660149.4709043144,301.0542496361282,674,2:01:16
43.4%,21700000,-660563.3559947377,299.34117152897056,674,2:01:03
43.5%,21750000,-661818.609567842,299.04091503849054,675,2:00:49
43.6%,21800000,-662192.551546427,299.27872068593797,675,2:00:36
43.7%,21850000,-661553.8805166222,300.49416182452916,675,2:00:23
43.8%,21900000,-660688.9018374756,301.19837901902673,675,2:00:09
43.9%,21950000,-662172.5762264342,300.7137246629903,675,1:59:56
44.0%,22000000,-661482.7863684203,299.00642158002705,675,1:59:42
44.1%,22050000,-661164.621851156,300.2788295270476,675,1:59:29
44.2%,22100000,-660460.9011539305,299.1401648729015,675,1:59:16
44.3%,22150000,-661024.4305735962,300.4190193585577,675,1:59:03
44.4%,22200000,-660711.5600526328,299.7640017887862,675,1:58:51
44.5%,22250000,-660831.3678184012,300.2176097938239,675,1:58:39
44.6%,22300000,-662058.9215506087,301.41071188533755,675,1:58:27
44.7%,22350000,-662399.7847777316,301.06230780942275,675,1:58:15
44.8%,22400000,-661169.201123727,298.91162612474284,674,1:58:03
44.9%,22450000,-663316.8068812871,300.7376081932827,674,1:57:51
45.0%,22500000,-660199.7762833922,300.9314967962749,674,1:57:39
45.1%,22550000,-661851.6354495795,299.57582105854425,674,1:57:27
45.2%,22600000,-659933.2031121738,299.4526205423968,674,1:57:15
45.3%,22650000,-662196.0112789134,301.67992202481884,674,1:57:03
45.4%,22700000,-660439.7618630417,301.16158002764837,674,1:56:51
45.5%,22750000,-661038.2128297235,299.2597168272517,674,1:56:38
45.6%,22800000,-661255.0900959503,300.49447519793506,674,1:56:25
45.7%,22850000,-661766.8147921143,300.12738063673993,674,1:56:12
45.8%,22900000,-660201.5296886852,298.4648004155613,674,1:55:59
45.9%,22950000,-660934.0568403425,298.85915846306955,674,1:55:46
46.0%,23000000,-660599.4394070287,300.4404854368617,674,1:55:33
46.1%,23050000,-661066.8458597977,298.8367522645478,674,1:55:19
46.2%,23100000,-661129.8618397578,297.87856830838444,674,1:55:06
46.3%,23150000,-661634.7747164536,301.6869953102663,674,1:54:53
46.4%,23200000,-662069.1006805776,300.59887330972856,674,1:54:40
46.5%,23250000,-661279.2185601811,301.7360158644746,674,1:54:27
46.6%,23300000,-662452.2529294132,301.262150507127,674,1:54:14
46.7%,23350000,-662830.7650786955,299.99007831732706,674,1:54:01
46.8%,23400000,-661664.3822735152,298.6609721676536,674,1:53:48
46.9%,23450000,-660675.369987784,300.30927151504915,674,1:53:36
47.0%,23500000,-660914.0395943858,299.8802633223744,674,1:53:23
47.1%,23550000,-661825.7630219338,299.2842718719853,674,1:53:11
47.2%,23600000,-660748.2712323973,301.7419251915573,674,1:52:58
47.3%,23650000,-659752.0824215198,301.280482851372,674,1:52:45
47.4%,23700000,-662198.4169325796,299.6309747779823,674,1:52:33
47.5%,23750000,-659701.6781043727,302.85417694434915,674,1:52:21
47.6%,23800000,-661793.0605321564,300.98259904525105,674,1:52:09
47.7%,23850000,-659738.7543012653,300.2731888057414,674,1:51:57
47.8%,23900000,-661078.0685711768,298.9826499688082,674,1:51:45
47.9%,23950000,-661871.0353282909,300.83949931782905,674,1:51:33
48.0%,24000000,-661648.1351736728,300.2950801765249,674,1:51:21
48.1%,24050000,-661035.9585804986,299.1872828028598,674,1:51:08
48.2%,24100000,-659143.5584312254,300.59267299305475,674,1:50:56
48.3%,24150000,-660932.1870606854,300.8744628364014,674,1:50:44
48.4%,24200000,-660320.0610805848,300.0463959951299,674,1:50:31
48.5%,24250000,-660468.7756353607,299.92744840377685,674,1:50:18
48.6%,24300000,-661263.949425987,299.5246292743093,674,1:50:05
48.7%,24350000,-661138.3885587393,300.23518108836896,674,1:49:52
48.8%,24400000,-660522.510845759,301.3817248452919,674,1:49:38
48.9%,24450000,-661099.675162835,299.30141787405086,674,1:49:25
49.0%,24500000,-661502.8322133897,300.1435417509584,674,1:49:12
49.1%,24550000,-659896.8457865589,298.64722850542347,674,1:48:59
49.2%,24600000,-660582.0720809549,299.0807582286691,674,1:48:46
49.3%,24650000,-661629.2452099044,301.20184851030626,674,1:48:33
49.4%,24700000,-661363.401064265,302.2596628257307,674,1:48:20
49.5%,24750000,-661399.5108203366,301.50456722040406,674,1:48:07
49.6%,24800000,-661464.2939856541,299.22898384965896,674,1:47:54
49.7%,24850000,-662040.177618545,299.6114113239284,674,1:47:42
49.8%,24900000,-661703.0006758035,298.232411651273,674,1:47:29
49.9%,24950000,-660793.7196252057,299.8735034103329,674,1:47:16
50.0%,25000000,-662013.1097384826,302.8020674237112,674,1:47:04
50.0%,25050000,-662165.0794786322,302.7450782314671,674,1:46:51
50.1%,25100000,-660445.8447640748,300.7405404730093,674,1:46:39
50.2%,25150000,-661187.2170410482,301.6075775356857,674,1:46:27
50.3%,25200000,-661253.7435748596,298.0255852033801,674,1:46:15
50.4%,25250000,-660606.644869478,299.94202026715107,673,1:46:02
50.5%,25300000,-660700.8818269167,299.7597264801771,673,1:45:50
50.6%,25350000,-661777.2363569676,300.4660925208865,673,1:45:38
50.7%,25400000,-661603.1210854622,300.38945033932976,673,1:45:26
50.8%,25450000,-660645.7871133927,298.3004360641676,673,1:45:14
50.9%,25500000,-661422.3970794198,296.092429430023,673,1:45:01
51.0%,25550000,-660522.9202236403,299.43513878311063,673,1:44:49
51.1%,25600000,-661575.8739699409,298.7350178267044,673,1:44:36
51.2%,25650000,-661567.7415186623,301.0991291846158,673,1:44:23
51.3%,25700000,-659908.5105441362,300.48001525363435,673,1:44:09
51.4%,25750000,-660652.5261113499,301.79752658728955,673,1:43:56
51.5%,25800000,-661365.1517144446,301.39654293062796,673,1:43:43
51.6%,25850000,-660836.4683451708,301.3550433381612,673,1:43:30
51.7%,25900000,-662063.4752020431,299.38231298040205,673,1:43:17
51.8%,25950000,-660257.3661694797,300.3719014285994,673,1:43:04
51.9%,26000000,-660963.9797294606,300.72950525235876,673,1:42:50
52.0%,26050000,-660213.5281710834,300.2773969629063,673,1:42:37
52.1%,26100000,-661380.9780340055,299.37734377353706,674,1:42:24
52.2%,26150000,-659355.688574967,297.6236166588714,673,1:42:12
52.3%,26200000,-661760.7614470595,299.85783474003796,673,1:41:59
52.4%,26250000,-660768.960930069,300.8511389014767,673,1:41:46
52.5%,26300000,-662077.2030402846,300.5231040969453,673,1:41:34
52.6%,26350000,-661035.4313063314,300.1168602438276,673,1:41:21
52.7%,26400000,-661592.6629558406,298.90412754681597,673,1:41:07
52.8%,26450000,-661949.4650366195,300.7344296915943,674,1:40:54
52.9%,26500000,-661503.8280950622,298.5460760467625,674,1:40:41
53.0%,26550000,-659612.3633067752,301.30987280008236,674,1:40:28
53.1%,26600000,-661064.7897292543,300.8572720667064,674,1:40:15
53.2%,26650000,-660882.0258214655,299.65221701813925,674,1:40:02
53.3%,26700000,-661368.9684219677,298.42903107965947,674,1:39:48
53.4%,26750000,-660688.8556606816,298.8599866642137,674,1:39:35
53.5%,26800000,-660876.3464086805,299.821998252692,674,1:39:22
53.6%,26850000,-661311.3458917025,300.66506224981725,674,1:39:09
53.7%,26900000,-661459.4690509583,301.53194262579075,674,1:38:56
53.8%,26950000,-660866.6058810581,300.20599259399097,674,1:38:42
53.9%,27000000,-660065.9337742063,300.2308386283158,674,1:38:29
54.0%,27050000,-661010.119469191,299.92010651255293,674,1:38:16
54.1%,27100000,-660996.553561938,301.979551768487,674,1:38:03
54.2%,27150000,-659304.1777978437,300.0160435423872,674,1:37:50
54.3%,27200000,-661216.5670689531,303.3194021492198,674,1:37:38
54.4%,27250000,-661104.7446480081,299.46139499776194,674,1:37:26
54.5%,27300000,-661505.7083147513,299.5247635771975,674,1:37:13
54.6%,27350000,-660012.2512966376,299.40017526453823,674,1:37:01
54.7%,27400000,-660760.7169408211,299.65808157759255,674,1:36:49
54.8%,27450000,-661160.2443559645,300.18233290184565,674,1:36:35
54.9%,27500000,-661767.1468786215,301.0613229215756,674,1:36:22
55.0%,27550000,-662527.8516172618,300.1513313184764,674,1:36:09
55.1%,27600000,-661668.6976631591,302.2595732904718,674,1:35:56
55.2%,27650000,-661430.5206483942,299.83491371377795,674,1:35:43
55.3%,27700000,-661211.5794930933,301.399900502834,674,1:35:31
55.4%,27750000,-661954.1475018361,300.66575614807317,674,1:35:18
55.5%,27800000,-661819.1820293204,302.77612458246574,674,1:35:05
55.6%,27850000,-661119.4984609545,300.60223088193464,674,1:34:53
55.7%,27900000,-660294.4285266185,303.33898798708844,674,1:34:41
55.8%,27950000,-660686.3941561976,300.48449201657576,674,1:34:29
55.9%,28000000,-661753.7893253132,301.37498731706506,674,1:34:16
56.0%,28050000,-660575.0077404412,302.0937539911222,674,1:34:03
56.1%,28100000,-661806.74004809,300.95421636820254,674,1:33:50
56.2%,28150000,-663188.0368124908,301.0452065749866,674,1:33:37
56.3%,28200000,-662265.0456322948,301.8046446403664,674,1:33:24
56.4%,28250000,-662443.2663098485,301.07582763350575,674,1:33:11
56.5%,28300000,-662029.9231730537,299.873190036927,674,1:32:58
56.6%,28350000,-661389.4860299597,301.80242864271037,674,1:32:45
56.7%,28400000,-660802.9476404749,301.2509362159588,674,1:32:32
56.8%,28450000,-662773.8314707028,302.4569537685584,674,1:32:19
56.9%,28500000,-661700.935089421,301.76014561672883,674,1:32:06
57.0%,28550000,-660714.0205672504,298.6504070071119,674,1:31:54
57.1%,28600000,-661472.6614159024,299.38647636993755,674,1:31:42
57.2%,28650000,-660946.9340915871,302.5410721442273,674,1:31:29
57.3%,28700000,-661466.6504088999,299.26889419128156,674,1:31:17
57.4%,28750000,-663318.6525885365,301.1323691494557,673,1:31:05
57.5%,28800000,-660019.475635373,298.05759405841115,673,1:30:52
57.6%,28850000,-662505.6048210384,302.8772322734973,674,1:30:39
57.7%,28900000,-661134.6223429847,300.3045709139607,674,1:30:26
57.8%,28950000,-661363.9579652492,302.75130093195565,674,1:30:12
57.9%,29000000,-661471.3437758829,300.8359402912906,674,1:29:59
58.0%,29050000,-662087.138320257,300.30725697172556,674,1:29:47
58.1%,29100000,-660329.6302786265,299.1791574781211,674,1:29:34
58.2%,29150000,-660850.6643751953,301.7081256313497,674,1:29:21
58.3%,29200000,-660985.4032183741,300.8421406079645,673,1:29:09
58.4%,29250000,-661926.4209788465,301.5764192656136,673,1:28:57
58.5%,29300000,-663433.5358966677,302.7961133289991,673,1:28:44
58.6%,29350000,-661211.1977304071,302.27266782207545,673,1:28:32
58.7%,29400000,-661308.9362650453,300.1049072867741,673,1:28:19
58.8%,29450000,-660649.8238948826,302.29874496620914,673,1:28:06
58.9%,29500000,-660008.9222904695,299.97033579275546,673,1:27:53
59.0%,29550000,-661652.3915819838,300.5619847830914,673,1:27:40
59.1%,29600000,-661915.1715298225,301.01051166219065,673,1:27:27
59.2%,29650000,-661416.9770757598,302.792531918646,673,1:27:15
59.3%,29700000,-661143.9026431637,298.19212078480035,673,1:27:02
59.4%,29750000,-661757.4396215053,296.4317680609814,673,1:26:49
59.5%,29800000,-660377.5631485526,301.81297141943736,673,1:26:37
59.6%,29850000,-659484.3493773467,300.6191978134826,673,1:26:24
59.7%,29900000,-660966.4144049631,303.1437339713992,673,1:26:12
59.8%,29950000,-661106.4572420479,300.2309281635746,673,1:26:00
59.9%,30000000,-660459.5612864369,301.341836887484,673,1:25:47
60.0%,30050000,-660644.2636822346,301.4683949758375,673,1:25:34
60.1%,30100000,-661005.007673006,302.31251101225394,673,1:25:21
60.2%,30150000,-662873.1208973955,297.19456369856726,673,1:25:08
60.3%,30200000,-661874.8803432272,301.6398102288639,673,1:24:55
60.4%,30250000,-661289.7595206834,302.4877986652246,673,1:24:42
60.5%,30300000,-661012.6831908883,299.2771985865379,673,1:24:29
60.6%,30350000,-660230.1641766424,299.09145769209897,673,1:24:16
60.7%,30400000,-661373.9374779887,301.75416913820203,673,1:24:03
60.8%,30450000,-660982.2010405855,300.44789447952974,673,1:23:50
60.9%,30500000,-660248.1093386333,302.1759921263558,673,1:23:37
61.0%,30550000,-661096.1183497356,300.0450529662475,673,1:23:24
61.1%,30600000,-661180.2887350246,301.5400679505294,673,1:23:11
61.2%,30650000,-661411.314007082,298.78795554848654,673,1:22:58
61.3%,30700000,-661390.006092092,299.8181930041918,673,1:22:45
61.4%,30750000,-660687.9078786401,303.5038895500351,673,1:22:32
61.5%,30800000,-661580.0302408645,299.37461294814284,673,1:22:20
61.6%,30850000,-661789.9153314098,298.93656169432643,673,1:22:07
61.7%,30900000,-660913.8591861902,299.739334824979,673,1:21:54
61.8%,30950000,-660903.5292569078,298.6049678632566,673,1:21:41
61.9%,31000000,-662641.8973429785,301.05845779329314,673,1:21:29
62.0%,31050000,-662156.5101568741,301.41727034304665,673,1:21:16
62.1%,31100000,-662387.5219416018,300.73004246391173,673,1:21:03
62.2%,31150000,-661765.3644339712,299.662244967128,673,1:20:50
62.3%,31200000,-660935.4343723152,301.677235967054,673,1:20:38
62.4%,31250000,-661493.8931037891,300.0738833195901,673,1:20:25
62.5%,31300000,-662134.7576939566,300.0601844249894,673,1:20:12
62.6%,31350000,-662789.1187235485,300.58318225561896,673,1:19:59
62.7%,31400000,-660083.6264703809,302.087889431669,673,1:19:46
62.8%,31450000,-662431.7190410835,302.16887407327897,673,1:19:33
62.9%,31500000,-661020.9339652574,300.232271192457,673,1:19:21
63.0%,31550000,-659982.2747828024,300.3629255189019,673,1:19:08
63.1%,31600000,-661096.2967215036,300.1315887939048,673,1:18:56
63.2%,31650000,-660860.7192138107,299.44977779792896,673,1:18:43
63.3%,31700000,-660027.1503677308,300.40413412177753,673,1:18:30
63.4%,31750000,-661235.5289219371,300.8136236280277,673,1:18:17
63.5%,31800000,-662008.2343916427,299.904818367108,673,1:18:04
63.6%,31850000,-660095.3077249546,298.98983517332914,673,1:17:51
63.7%,31900000,-661832.1995947626,301.0283963301416,673,1:17:39
63.8%,31950000,-661806.5340433307,300.79647762596215,673,1:17:26
63.9%,32000000,-660905.6711851284,301.7971684462542,673,1:17:14
64.0%,32050000,-661628.5016334443,300.1323274597902,673,1:17:00
64.1%,32100000,-661872.1814353522,300.896264671926,673,1:16:48
64.2%,32150000,-661243.2428105273,300.6067971801349,673,1:16:35
64.3%,32200000,-661174.8829594948,303.94037393682197,673,1:16:22
64.4%,32250000,-661664.6024048589,300.086194417679,673,1:16:09
64.5%,32300000,-661313.2520785686,301.7994515953543,673,1:15:56
64.6%,32350000,-661393.4621708519,299.36809925806307,673,1:15:43
64.7%,32400000,-661783.5522255632,298.61761471856613,673,1:15:30
64.8%,32450000,-661839.8944141064,300.2512526673286,673,1:15:17
64.9%,32500000,-661116.4263300989,299.0634107722711,673,1:15:05
65.0%,32550000,-662044.4902609135,303.1960673301842,673,1:14:52
65.1%,32600000,-661007.7289175102,298.48631126149473,673,1:14:39
65.2%,32650000,-661784.2493008906,298.24382739677355,673,1:14:26
65.3%,32700000,-661551.8159829257,298.64413953899395,673,1:14:13
65.4%,32750000,-661626.9468751033,301.3278917709215,673,1:14:00
65.5%,32800000,-659520.6612725998,300.4941170568997,673,1:13:48
65.6%,32850000,-662008.6126927701,300.61901874296495,673,1:13:35
65.7%,32900000,-660982.7833965151,299.15912396395834,673,1:13:22
65.8%,32950000,-661269.2228225563,300.89344431127296,673,1:13:09
65.9%,33000000,-661409.9526668782,299.6659606803694,673,1:12:56
66.0%,33050000,-662085.9472317803,300.89514548119075,673,1:12:43
66.1%,33100000,-660938.3624936151,302.4305632510187,673,1:12:30
66.2%,33150000,-660982.7923163674,300.0082987424986,673,1:12:17
66.3%,33200000,-660615.478478807,300.68487192583297,673,1:12:04
66.4%,33250000,-662205.7263848009,301.5268838836669,673,1:11:51
66.5%,33300000,-661952.371572509,303.6447732798011,673,1:11:38
66.6%,33350000,-661579.2531196238,298.16208170546355,673,1:11:25
66.7%,33400000,-661542.8966567754,300.1669328373272,673,1:11:12
66.8%,33450000,-661749.9069931512,302.4346594891101,673,1:10:59
66.9%,33500000,-661480.9009519834,298.48998220710666,673,1:10:46
67.0%,33550000,-661944.7482723664,301.202251418971,673,1:10:33
67.1%,33600000,-661232.6302493131,302.80251510000534,673,1:10:20
67.2%,33650000,-661831.306408192,297.9704762515714,674,1:10:07
67.3%,33700000,-660291.2428313931,301.4818252646617,674,1:09:54
67.4%,33750000,-660877.8672100161,302.2317278249763,674,1:09:41
67.5%,33800000,-661354.4400527352,300.65939914469635,674,1:09:28
67.6%,33850000,-661705.1256780624,304.9321336150459,674,1:09:15
67.7%,33900000,-659331.5560239144,299.47901105993634,674,1:09:02
67.8%,33950000,-662654.3769627623,302.49124577268947,674,1:08:49
67.9%,34000000,-661047.8372023893,298.2621373572039,674,1:08:36
68.0%,34050000,-660586.6573860408,299.9458926670954,674,1:08:23
68.1%,34100000,-662347.8006499256,303.1746236356948,674,1:08:10
68.2%,34150000,-662732.8350985763,300.70707667002233,674,1:07:57
68.3%,34200000,-660820.3567158948,301.71457216998533,674,1:07:44
68.4%,34250000,-662601.0527897174,299.5450880809515,674,1:07:31
68.5%,34300000,-660655.6508087949,301.47363278847894,674,1:07:18
68.6%,34350000,-661835.9096991718,301.79770565780717,674,1:07:05
68.7%,34400000,-661846.2468258943,299.58461789772406,674,1:06:52
68.8%,34450000,-661490.3155960296,299.87079496875333,674,1:06:39
68.9%,34500000,-660817.9564280435,299.41647068164497,674,1:06:26
69.0%,34550000,-660962.9405054939,299.604718563331,674,1:06:13
69.1%,34600000,-661747.3591365982,300.680663768668,674,1:06:00
69.2%,34650000,-661173.5377174318,303.8330659291165,674,1:05:47
69.3%,34700000,-661150.3758632108,301.3372482054691,674,1:05:34
69.4%,34750000,-660001.4434401467,299.76518813096567,674,1:05:21
69.5%,34800000,-662435.8734285901,298.0592056930701,674,1:05:09
69.6%,34850000,-661740.5019164104,297.77533415495566,674,1:04:56
69.7%,34900000,-660818.1176958666,301.59828825258234,674,1:04:43
69.8%,34950000,-661907.3455620818,302.5261645236325,674,1:04:30
69.9%,35000000,-660910.2259937827,299.72800861473723,674,1:04:17
70.0%,35050000,-662600.3323119287,299.96561280785227,674,1:04:04
70.1%,35100000,-660948.2229350959,299.1931697461277,674,1:03:51
70.2%,35150000,-660221.5705769015,298.7106418524885,674,1:03:38
70.3%,35200000,-659508.1289711595,297.2384807430224,674,1:03:25
70.4%,35250000,-661178.5603274894,300.9269304980747,674,1:03:12
70.5%,35300000,-661499.2573200553,301.80500278140164,674,1:02:59
70.6%,35350000,-662258.931819899,300.3385047770565,674,1:02:46
70.7%,35400000,-660838.6774643529,301.13724882106186,674,1:02:33
70.8%,35450000,-662520.7662137216,300.1272911014811,674,1:02:20
70.9%,35500000,-660844.1296644784,301.6334979931165,674,1:02:07
71.0%,35550000,-660966.9719315539,299.9596810969549,674,1:01:54
71.1%,35600000,-662190.7971750144,300.2510735968109,675,1:01:41
71.2%,35650000,-660744.5795970224,298.0944154336042,675,1:01:29
71.3%,35700000,-662828.2498778375,301.8089423327901,675,1:01:16
71.4%,35750000,-660948.4684104458,302.2207373719551,675,1:01:03
71.5%,35800000,-660844.42446168,297.6785465401625,675,1:00:50
71.6%,35850000,-661410.8323980584,300.9221851293568,675,1:00:37
71.7%,35900000,-661163.3541104132,300.3100549485639,675,1:00:24
71.8%,35950000,-662076.3797980961,301.1613561895013,675,1:00:11
71.9%,36000000,-659994.6791189015,298.3599546274736,675,59:58
72.0%,36050000,-661073.2592185368,301.6484951489702,675,59:45
72.1%,36100000,-662436.1398905781,297.75626314482525,675,59:32
72.2%,36150000,-660925.7516936585,298.61414522728654,675,59:19
72.3%,36200000,-661482.7008275581,301.11723769071375,675,59:06
72.4%,36250000,-660905.1227653045,300.57201273208017,675,58:53
72.5%,36300000,-661146.4291668297,298.4408945014542,675,58:41
72.6%,36350000,-661861.5564562795,301.32572054089496,675,58:28
72.7%,36400000,-661081.7359531792,300.3625897616813,675,58:15
72.8%,36450000,-661112.3593636965,298.9296674793967,675,58:02
72.9%,36500000,-661292.8536340408,302.2084934253104,675,57:49
73.0%,36550000,-661127.6096468205,296.77464333466355,675,57:36
73.1%,36600000,-663274.7297164369,298.4864231805683,675,57:23
73.2%,36650000,-660878.8025222681,299.1950052189337,675,57:10
73.3%,36700000,-659705.8225704702,296.30422508478085,675,56:57
73.4%,36750000,-660682.0104744704,300.59849278487854,675,56:44
73.5%,36800000,-662674.9674254484,300.3769601707232,675,56:31
73.6%,36850000,-661798.5378275639,300.30360840992824,675,56:19
73.7%,36900000,-661937.9922779235,297.4327722546794,675,56:06
73.8%,36950000,-660279.995203712,301.5979077277323,675,55:53
73.9%,37000000,-659814.7456682818,301.488450873815,675,55:40
74.0%,37050000,-661527.2795117982,298.9036351028924,675,55:27
74.1%,37100000,-660847.0116569451,301.59665423410877,675,55:14
74.2%,37150000,-661851.9585274481,300.63757492535706,675,55:01
74.3%,37200000,-661068.4539161962,302.0914708420221,675,54:48
74.4%,37250000,-661651.2960686125,301.9351870477377,675,54:35
74.5%,37300000,-661539.4561732328,299.02817864792223,675,54:22
74.6%,37350000,-660340.2411324428,299.9937044953096,675,54:10
74.7%,37400000,-661917.6103919619,301.22470238512216,675,53:57
74.8%,37450000,-660094.978146201,302.100110994499,675,53:44
74.9%,37500000,-660403.3607569379,301.66559638340635,675,53:31
75.0%,37550000,-662882.6224553073,299.41277735221826,675,53:18
75.1%,37600000,-661398.3728923365,297.9734532989275,675,53:05
75.2%,37650000,-661184.9806489004,301.7625854525319,675,52:52
75.3%,37700000,-662692.7302360754,299.56107012465225,675,52:39
75.4%,37750000,-662501.3404719476,299.49866404924916,675,52:26
75.5%,37800000,-660666.3776305155,299.2365495790299,675,52:14
75.6%,37850000,-662348.4153775382,301.3901859272512,675,52:01
75.7%,37900000,-660810.4757099887,297.21256028559174,675,51:48
75.8%,37950000,-660499.1220181761,299.97432011177335,675,51:35
75.9%,38000000,-659067.8402970689,299.5600628529905,675,51:22
76.0%,38050000,-660925.711353064,299.7275161708137,676,51:09
76.1%,38100000,-661461.3548123026,300.5832046394337,676,50:56
76.2%,38150000,-660803.1177655128,300.24887998296964,676,50:43
76.3%,38200000,-661054.9791821111,299.9003192203519,676,50:30
76.4%,38250000,-661186.0375285661,300.2971394874779,676,50:18
76.5%,38300000,-662056.028190848,299.63166867623823,676,50:05
76.6%,38350000,-661920.5116783674,299.7254568598607,676,49:52
76.7%,38400000,-661154.4235863085,301.13407031937345,676,49:39
76.8%,38450000,-659949.1308960938,300.38016105622626,676,49:26
76.9%,38500000,-661371.1077500763,300.5109496855594,676,49:13
77.0%,38550000,-660849.6470247773,302.147251308272,676,49:00
77.1%,38600000,-662968.0986099914,301.3264592067803,676,48:47
77.2%,38650000,-661868.583194803,301.5350763598497,676,48:34
77.3%,38700000,-661129.1143012843,300.9703550986063,676,48:22
77.4%,38750000,-662738.722962983,299.04660052742616,676,48:09
77.5%,38800000,-662132.7555810558,299.44774087079065,676,47:56
77.6%,38850000,-661416.4255836662,300.6127065072176,676,47:43
77.7%,38900000,-661276.8023400968,299.1292863389539,676,47:30
77.8%,38950000,-662663.8905520434,300.60390966803766,676,47:17
77.9%,39000000,-663353.4586694487,301.3323685338629,676,47:04
78.0%,39050000,-660105.7596642459,299.7788422579369,676,46:52
78.1%,39100000,-661119.1872132844,300.7988279265064,676,46:39
78.2%,39150000,-662520.6131434226,300.76749058591656,676,46:26
78.3%,39200000,-662080.4399868757,298.9108426912281,676,46:13
78.4%,39250000,-661031.4442534563,301.12381853223764,676,46:00
78.5%,39300000,-659682.8946850095,301.5619593213129,676,45:47
78.6%,39350000,-660534.5187815065,300.2826795431772,676,45:35
78.7%,39400000,-661055.5911294646,299.8506719193317,676,45:22
78.8%,39450000,-661866.866073201,299.02287368383674,676,45:09
78.9%,39500000,-661754.5078199361,300.49765369962347,676,44:56
79.0%,39550000,-661816.4289705022,299.3385526226498,676,44:43
79.1%,39600000,-661316.0894407388,300.8966675805908,676,44:30
79.2%,39650000,-660988.5957110603,301.44359370914214,676,44:18
79.3%,39700000,-660055.5617338121,300.98929180584844,676,44:05
79.4%,39750000,-660082.2013360662,299.13078605453927,676,43:52
79.5%,39800000,-660200.9467620836,300.6480281668252,676,43:39
79.6%,39850000,-661763.5690742577,298.5547385830541,676,43:26
79.7%,39900000,-661751.8609790416,298.8799754107471,676,43:13
79.8%,39950000,-661459.7618691432,300.05098467714487,676,43:00
79.9%,40000000,-662971.2066953168,299.80655342054416,676,42:48
80.0%,40050000,-661910.7797439699,300.4449174321737,676,42:35
80.1%,40100000,-662264.1791307158,300.0334357664146,676,42:22
80.2%,40150000,-661451.7323462181,302.27098903597243,676,42:09
80.3%,40200000,-662283.0882312963,298.7187671772271,676,41:56
80.4%,40250000,-662396.9725767695,300.77964499730246,676,41:43
80.5%,40300000,-660003.5721634026,299.87856215245665,676,41:30
80.6%,40350000,-661306.5341639193,299.5286135933271,676,41:18
80.7%,40400000,-660859.3530694502,299.6749813576963,676,41:05
80.8%,40450000,-660877.0432857345,300.50154848338246,676,40:52
80.9%,40500000,-660615.9809467811,300.0919694418734,676,40:39
81.0%,40550000,-662452.2964624302,299.37058386149556,676,40:26
81.1%,40600000,-660544.9326701197,301.33060021250105,676,40:13
81.2%,40650000,-660740.8698341763,299.9056018006228,677,40:01
81.3%,40700000,-660897.5444420222,303.99673638225426,677,39:48
81.4%,40750000,-661139.3234753511,299.13456891922476,677,39:35
81.5%,40800000,-660573.9390887395,297.5426767848909,677,39:22
81.6%,40850000,-661714.451185815,299.54943054100465,677,39:09
81.7%,40900000,-660954.0590237174,300.08021793915225,677,38:56
81.8%,40950000,-661751.9788022023,300.12639574889283,677,38:44
81.9%,41000000,-661577.7839001329,300.50403308681496,677,38:31
82.0%,41050000,-661453.1355289258,299.42278291739234,677,38:18
82.1%,41100000,-661368.6401160602,301.0580548846284,677,38:05
82.2%,41150000,-661264.7875725031,297.4896271440352,677,37:52
82.3%,41200000,-661975.6415563044,298.5631548973839,677,37:39
82.4%,41250000,-662394.5993851661,301.18443390246426,677,37:26
82.5%,41300000,-662219.5989419217,299.9707610852349,677,37:14
82.6%,41350000,-662167.4952032482,301.5918417139467,677,37:01
82.7%,41400000,-661533.6246583555,302.39553258100227,677,36:48
82.8%,41450000,-662667.5482403827,300.4471558136444,677,36:35
82.9%,41500000,-660389.6658888408,299.1864098340862,677,36:22
83.0%,41550000,-661645.5168894855,299.83263056467786,677,36:10
83.1%,41600000,-660742.9773677154,301.66170159964736,677,35:57
83.2%,41650000,-659491.0254998868,302.3624940704947,677,35:44
83.3%,41700000,-662412.2977293306,301.6638728296739,677,35:31
83.4%,41750000,-660033.1814770065,299.6318925143853,677,35:18
83.5%,41800000,-661162.5375018483,301.079095670453,677,35:05
83.6%,41850000,-660670.4023993374,297.4233934363172,677,34:53
83.7%,41900000,-661112.4576134458,299.2697223924257,677,34:40
83.8%,41950000,-660727.3570214962,300.43193481964363,677,34:27
83.9%,42000000,-661484.560608482,299.49114308750757,677,34:14
84.0%,42050000,-660826.5181106492,297.9536883905412,677,34:01
84.1%,42100000,-660911.5209146128,299.14840211671367,677,33:49
84.2%,42150000,-661716.6990850372,298.4126685111086,677,33:36
84.3%,42200000,-661186.9456413607,302.4340775099278,677,33:23
84.4%,42250000,-661497.6863554562,299.1673388239558,677,33:10
84.5%,42300000,-661621.3762605689,298.0193177352621,677,32:57
84.6%,42350000,-662807.5339941881,301.4955241592624,677,32:44
84.7%,42400000,-661884.113532789,299.6701016860902,677,32:32
84.8%,42450000,-661480.0502077672,300.96513966977955,677,32:19
84.9%,42500000,-660434.8491059202,302.3650010577419,677,32:06
85.0%,42550000,-661060.4660328669,301.202788630524,677,31:53
85.1%,42600000,-661196.0834190715,301.46127692276065,677,31:40
85.2%,42650000,-661165.5520559307,299.1900583958834,677,31:28
85.3%,42700000,-660301.1530974689,300.0941182880853,677,31:15
85.4%,42750000,-661182.660477445,299.25958252436345,677,31:02
85.5%,42800000,-661312.9272947297,302.04652414209045,677,30:49
85.6%,42850000,-660517.2329296838,299.67545141780516,677,30:36
85.7%,42900000,-660353.4994632248,300.5840552243925,677,30:24
85.8%,42950000,-660444.1772029414,298.609981837751,677,30:11
85.9%,43000000,-661651.9738998134,299.48509945753665,677,29:58
86.0%,43050000,-661634.7578975526,299.5661960182202,677,29:45
86.1%,43100000,-659848.623287953,300.3703345615699,677,29:33
86.2%,43150000,-661995.4974127072,302.57455833102904,677,29:20
86.3%,43200000,-661373.0640745033,299.7458261312441,677,29:07
86.4%,43250000,-660813.8369610808,300.0794568894522,677,28:54
86.5%,43300000,-660797.4646505993,301.2999791539819,677,28:41
86.6%,43350000,-659964.9888864118,301.7326582922686,677,28:29
86.7%,43400000,-660613.0055847294,303.04952049529726,677,28:16
86.8%,43450000,-661102.7848817543,299.0068916401359,677,28:03
86.9%,43500000,-662098.2351866108,300.15701680741205,677,27:50
87.0%,43550000,-661331.6654695473,298.4115493203733,677,27:37
87.1%,43600000,-660948.8982259617,298.13786241795054,677,27:25
87.2%,43650000,-660313.5519077978,299.19898953795155,677,27:12
87.3%,43700000,-661342.0935888486,301.40070632016347,678,26:59
87.4%,43750000,-660944.695918812,300.3276262431089,678,26:46
87.5%,43800000,-661872.2363678999,301.69760523843735,678,26:34
87.6%,43850000,-661432.6412803759,301.54794705330625,678,26:21
87.7%,43900000,-661849.1897791489,300.3383704741683,678,26:08
87.8%,43950000,-660976.6045067315,302.5647094525579,678,25:55
87.9%,44000000,-661531.273008748,297.0931202503151,678,25:42
88.0%,44050000,-659292.4041284784,301.64833846226725,678,25:30
88.1%,44100000,-661916.8665790311,298.6769765951691,678,25:17
88.2%,44150000,-662204.9242130723,298.77593543998887,678,25:04
88.3%,44200000,-661014.4928119453,300.10741427402127,678,24:51
88.4%,44250000,-661693.3725416567,300.94846372782285,678,24:38
88.5%,44300000,-661898.52306158,302.3025502147093,678,24:26
88.6%,44350000,-660496.2257882198,300.8230248302047,678,24:13
88.7%,44400000,-661613.2641725698,298.6718507016012,678,24:00
88.8%,44450000,-661606.8207512298,297.3828787316974,678,23:47
88.9%,44500000,-661956.9188255458,299.3974892067734,678,23:35
89.0%,44550000,-660841.4289086415,298.8818108835531,678,23:22
89.1%,44600000,-661789.6802004757,299.4624246532385,678,23:09
89.2%,44650000,-660252.9869840792,302.47074219841784,678,22:56
89.3%,44700000,-660165.0592367197,298.9861418439025,678,22:43
89.4%,44750000,-661760.0582506978,300.6412682547837,678,22:31
89.5%,44800000,-660136.1237432598,300.139826037717,678,22:18
89.6%,44850000,-661490.3539384292,300.7683187870607,678,22:05
89.7%,44900000,-660581.6872538244,301.69131538650475,678,21:52
89.8%,44950000,-661324.2653182833,299.36583849277764,678,21:40
89.9%,45000000,-661477.986579949,300.82615856426366,678,21:27
90.0%,45050000,-661262.1672957418,302.3635684936006,678,21:14
90.1%,45100000,-661655.5995140015,300.79173225724423,678,21:01
90.2%,45150000,-660055.5791685218,303.97587466694733,678,20:48
90.3%,45200000,-662603.9303329932,299.8301459612454,678,20:36
90.4%,45250000,-661725.585176209,301.0595322163991,678,20:23
90.5%,45300000,-662055.9150282657,298.6477433331617,678,20:10
90.6%,45350000,-662044.8918687128,299.52353246738863,678,19:57
90.7%,45400000,-661966.5521312272,301.8662001308107,678,19:45
90.8%,45450000,-660741.5747941439,295.83819406258067,678,19:32
90.9%,45500000,-659613.2542183315,300.0494849615595,678,19:19
91.0%,45550000,-662185.430984606,300.8096840766393,678,19:06
91.1%,45600000,-661947.9233807749,299.1299354695804,678,18:54
91.2%,45650000,-661355.8458838286,300.6639654428966,678,18:41
91.3%,45700000,-662422.2970843096,299.3944450079732,678,18:28
91.4%,45750000,-660269.0809236448,301.17633096154026,678,18:15
91.5%,45800000,-662378.8590718089,300.6707477387529,678,18:03
91.6%,45850000,-660815.1042057932,299.23008065657956,678,17:50
91.7%,45900000,-661450.664859069,301.4995532459097,678,17:37
91.8%,45950000,-660796.2126310272,298.45354135676365,678,17:24
91.9%,46000000,-661301.8314266843,300.804513415442,678,17:11
92.0%,46050000,-662371.861668061,302.36739612591555,678,16:59
92.1%,46100000,-661228.5855062413,302.7896667903635,678,16:46
92.2%,46150000,-661126.6865926404,300.7028461290427,678,16:33
92.3%,46200000,-663093.4134473349,299.85834956777626,678,16:20
92.4%,46250000,-661478.0719762743,299.4187314469304,678,16:08
92.5%,46300000,-660207.795302174,302.2649677898162,678,15:55
92.6%,46350000,-661199.5254073511,302.68873816984956,678,15:42
92.7%,46400000,-660791.3457088671,301.32216151435654,678,15:29
92.8%,46450000,-661519.5233836719,299.95883051199604,678,15:17
92.9%,46500000,-660930.6152561498,297.33708144680685,678,15:04
93.0%,46550000,-660844.0109721073,302.01982025114495,678,14:51
93.1%,46600000,-661353.1122357245,300.17747561405423,678,14:38
93.2%,46650000,-660696.5259773824,299.75612268600923,678,14:26
93.3%,46700000,-660885.8878451977,299.1022243069731,678,14:13
93.4%,46750000,-661645.0536242486,302.5240380612353,678,14:00
93.5%,46800000,-661575.6391234836,300.32420151945877,678,13:47
93.6%,46850000,-661529.8090512389,298.916192422943,678,13:35
93.7%,46900000,-659615.6036991752,300.9683629390974,678,13:22
93.8%,46950000,-662080.4071574807,300.06792922487807,678,13:09
93.9%,47000000,-661995.3831411167,299.5736722123323,678,12:56
94.0%,47050000,-661630.9026851896,299.7312766516845,678,12:44
94.1%,47100000,-660749.8476941385,300.2972290227368,678,12:31
94.2%,47150000,-661855.2813885813,299.4177241752685,678,12:18
94.3%,47200000,-661378.853733792,301.48692877441493,678,12:05
94.4%,47250000,-661695.0701960041,301.281937799328,678,11:53
94.5%,47300000,-659985.7617001333,299.74497554628516,678,11:40
94.6%,47350000,-662206.0016746451,300.0180580857108,678,11:27
94.7%,47400000,-660983.7808592129,297.96087359506214,678,11:14
94.8%,47450000,-661270.7147050295,300.9464491844992,679,11:02
94.9%,47500000,-661645.3172314698,302.8670700216204,679,10:49
95.0%,47550000,-661004.0160922725,301.6550759904941,679,10:36
95.1%,47600000,-662215.4916923451,299.58457313009467,679,10:23
95.2%,47650000,-662074.0015765582,300.91766359878596,679,10:11
95.3%,47700000,-661983.5580480793,302.5181511179673,679,9:58
95.4%,47750000,-661008.9517593156,299.9934358895331,679,9:45
95.5%,47800000,-661865.2268393622,300.01658075394016,679,9:32
95.6%,47850000,-660887.8381166081,303.2262854800386,679,9:20
95.7%,47900000,-661966.2598640975,301.002923549005,679,9:07
95.8%,47950000,-660468.8808080782,301.3906783711747,679,8:54
95.9%,48000000,-661002.7569413469,300.24914858874615,679,8:41
96.0%,48050000,-662293.4690290233,302.0028085519676,679,8:29
96.1%,48100000,-660645.0608209036,299.9788192585294,679,8:16
96.2%,48150000,-660833.593689519,298.27176239752794,679,8:03
96.3%,48200000,-660485.2344376319,302.4075303056852,679,7:51
96.4%,48250000,-661620.0534316204,300.1582926848503,679,7:38
96.5%,48300000,-661408.2627610588,300.7143961774315,679,7:25
96.6%,48350000,-661464.5097455271,299.90210992552846,679,7:12
96.7%,48400000,-659945.5597711182,300.8454981801705,679,7:00
96.8%,48450000,-661210.8661822928,301.844935506839,679,6:47
96.9%,48500000,-661238.3665311448,298.8663660514052,679,6:34
97.0%,48550000,-661481.5491396175,303.86462710785344,679,6:21
97.1%,48600000,-663720.6516203606,302.3066464528007,679,6:09
97.2%,48650000,-661308.3865375081,298.7442399583637,679,5:56
97.3%,48700000,-660072.7624812024,301.7980637988425,679,5:43
97.4%,48750000,-662239.2893243385,299.9489368658955,679,5:30
97.5%,48800000,-661760.5421384224,301.7046785238848,679,5:18
97.6%,48850000,-661594.681658397,296.82800634892516,679,5:05
97.7%,48900000,-661307.4506686148,300.0219528694699,679,4:52
97.8%,48950000,-660984.3938608505,301.35177530121393,679,4:40
97.9%,49000000,-660175.0963707305,300.8275015931461,679,4:27
98.0%,49050000,-660960.6295092935,300.58311510417485,679,4:14
98.1%,49100000,-663027.1273516468,299.3685469343572,679,4:01
98.2%,49150000,-661739.4430795042,300.19730767388467,679,3:49
98.3%,49200000,-661672.8339797179,300.99882731091367,679,3:36
98.4%,49250000,-661466.6156276194,300.5995895917992,679,3:23
98.5%,49300000,-660559.1649281732,299.38316356536086,679,3:10
98.6%,49350000,-661490.3333622864,299.7409016920085,679,2:58
98.7%,49400000,-660937.8069340289,301.50047098231266,679,2:45
98.8%,49450000,-662935.6960292086,300.7605516033574,679,2:32
98.9%,49500000,-661522.3976331628,302.05686546448504,679,2:19
99.0%,49550000,-661453.6340319603,299.3862077641611,679,2:07
99.1%,49600000,-659354.975133182,301.002005812602,679,1:54
99.2%,49650000,-661174.1930306326,298.10925590275497,679,1:41
99.3%,49700000,-661278.8495166907,302.0638044470442,679,1:29
99.4%,49750000,-661304.1122123827,299.7019090867889,679,1:16
99.5%,49800000,-660319.7014693846,298.28076069104014,679,1:03
99.6%,49850000,-660334.6425085934,299.7833861723224,679,0:50
99.7%,49900000,-659537.6794552836,301.5547965006066,679,0:38
99.8%,49950000,-661806.7593626254,300.40073178194206,679,0:25
99.9%,50000000,-662130.4784808848,298.7696903556856,679,0:12
100.0%,50050000,-660832.2876109984,299.2368853362505,679,0:00
  done in 3.53 h
Wrote data/md/prod_mut_300K_rep2.dcd and data/md/prod_mut_300K_rep2_final.pdb
