[mut 300K rep1] equilibrating 100 ps at 300.0 K...
[mut 300K rep1] production 100.0 ns (50000000 steps)...
#"Progress (%)","Step","Potential Energy (kJ/mole)","Temperature (K)","Speed (ns/day)","Time Remaining"
0.2%,100000,-661366.0896018976,300.3298198569502,0,--
0.3%,150000,-659637.1216672757,299.9037663278168,708,3:23:03
0.4%,200000,-661094.2028285577,301.1481945064536,706,3:23:29
0.5%,250000,-661799.1038441169,299.1517596889197,704,3:23:37
0.6%,300000,-659801.5317294532,300.22790634858916,704,3:23:28
0.7%,350000,-660954.1959021105,303.3399057234914,705,3:23:09
0.8%,400000,-660265.0009266627,300.0057693714367,704,3:22:58
0.9%,450000,-661266.2393713398,301.00594536399046,705,3:22:38
1.0%,500000,-659795.6289198897,299.578283278162,705,3:22:24
1.1%,550000,-661322.1409634771,299.0674174751037,705,3:22:19
1.2%,600000,-660463.1942659919,301.21116017722443,705,3:22:04
1.3%,650000,-661814.4909579325,300.4392767108675,705,3:21:47
1.4%,700000,-660732.0996801951,301.35446135897877,705,3:21:33
1.5%,750000,-660971.8249114882,299.53640316084517,705,3:21:19
1.6%,800000,-661294.61356495,299.6242596335702,705,3:21:05
1.7%,850000,-660769.5461508199,299.6187308313376,705,3:20:56
1.8%,900000,-661667.8469795631,302.3333503437462,705,3:20:46
1.9%,950000,-661369.2173858462,302.49876673443106,705,3:20:34
2.0%,1000000,-661484.1645521303,300.0693170213899,705,3:20:25
2.1%,1050000,-662033.9607065753,299.53756711920994,705,3:20:13
2.2%,1100000,-661982.961897762,302.5199418231439,705,3:20:00
2.3%,1150000,-661195.2175672106,301.0780660149765,705,3:19:47
2.4%,1200000,-660587.5875365152,299.5310310453155,705,3:19:35
2.5%,1250000,-662260.3895989265,300.50078743368243,705,3:19:20
2.6%,1300000,-661731.4530586116,300.9282735269571,705,3:19:10
2.7%,1350000,-661212.0737786265,299.82005086081256,705,3:18:59
2.8%,1400000,-660687.7395547326,300.70336095678095,705,3:18:48
2.9%,1450000,-660494.5014158646,300.82593472611666,705,3:18:35
3.0%,1500000,-660282.0484024496,300.6330757786009,705,3:18:23
3.1%,1550000,-660840.3479451104,302.5086603805315,705,3:18:10
3.2%,1600000,-661424.4262246517,300.11932246344537,705,3:18:00
3.3%,1650000,-661028.7253309381,300.5475696064201,705,3:17:49
3.4%,1700000,-661402.4945702967,299.42714776126024,705,3:17:36
3.5%,1750000,-661811.8238778454,301.9240175241989,705,3:17:21
3.6%,1800000,-661298.7058327324,300.4656224607777,705,3:17:10
3.7%,1850000,-662486.0209848573,298.56615432855466,705,3:17:00
3.8%,1900000,-661248.3614120544,300.48332805821093,705,3:16:46
3.9%,1950000,-661625.9518410154,300.8711947994542,705,3:16:34
4.0%,2000000,-662021.2208206216,299.1292191875097,705,3:16:22
4.1%,2050000,-661720.6985717732,301.87020683364324,705,3:16:10
4.2%,2100000,-660460.9668867844,300.53617624473424,705,3:15:57
4.3%,2150000,-662750.2876421646,301.5899390896966,705,3:15:46
4.4%,2200000,-660819.5716069373,300.2360316733278,705,3:15:33
4.5%,2250000,-661770.5031466996,297.0900312838855,705,3:15:21
4.6%,2300000,-660979.595377713,299.82922822484244,705,3:15:11
4.7%,2350000,-662243.9393456033,297.961724180021,704,3:15:01
4.8%,2400000,-661452.7780810744,298.92165407373153,704,3:14:48
4.9%,2450000,-663005.1534246248,300.45906400306853,704,3:14:36
5.0%,2500000,-659648.1209786502,300.8266286243725,704,3:14:24
5.1%,2550000,-661207.4540856057,300.52455904490125,704,3:14:11
5.2%,2600000,-660786.3747286326,301.0538691112782,705,3:13:57
5.3%,2650000,-660874.0356856785,298.55169438425395,705,3:13:45
5.4%,2700000,-662487.1102051442,299.4153067232802,705,3:13:33
5.5%,2750000,-661120.5885459683,302.55418905964564,705,3:13:21
5.6%,2800000,-661523.872557512,302.0779957855685,705,3:13:08
5.7%,2850000,-659359.0139111164,301.1090899821604,705,3:12:57
5.8%,2900000,-660161.3491804842,299.13803841050435,705,3:12:44
5.9%,2950000,-661023.387061974,299.36382394945406,705,3:12:32
6.0%,3000000,-662494.275934875,300.35130831906895,705,3:12:20
6.1%,3050000,-660384.4985160353,300.35757578718693,704,3:12:08
6.2%,3100000,-662618.6068816232,300.4442235339178,704,3:11:56
6.3%,3150000,-660482.7186464495,302.90718181757535,704,3:11:44
6.4%,3200000,-661114.1110802344,299.8128880401063,704,3:11:31
6.5%,3250000,-660533.5740197664,300.1712529135657,705,3:11:18
6.6%,3300000,-661530.5144799333,299.88547875120116,704,3:11:06
6.7%,3350000,-659432.3644735357,302.72005312662463,705,3:10:53
6.8%,3400000,-662116.1178901154,299.222179169988,705,3:10:41
6.9%,3450000,-660592.8553219717,300.0775542652021,705,3:10:28
7.0%,3500000,-661180.2998170345,300.8494824991884,705,3:10:16
7.1%,3550000,-661916.820529263,303.38064426625823,705,3:10:04
7.2%,3600000,-659225.8156337077,300.48106729292556,705,3:09:51
7.3%,3650000,-662221.3115389654,299.41271020077414,705,3:09:38
7.4%,3700000,-661401.9541135659,299.2967396567771,705,3:09:26
7.5%,3750000,-660836.9090675525,300.9458895891315,705,3:09:15
7.6%,3800000,-661158.0452999203,301.63587067747545,705,3:09:03
7.7%,3850000,-662024.4849748453,299.9452211526542,705,3:08:51
7.8%,3900000,-661232.555088873,302.68504484042285,705,3:08:39
7.9%,3950000,-662316.8861317155,302.6121183721074,704,3:08:27
8.0%,4000000,-662001.5332638114,303.1798166807069,705,3:08:15
8.1%,4050000,-661660.1527055348,301.4161511523113,705,3:08:02
8.2%,4100000,-661041.2301485077,301.77603812517077,705,3:07:49
8.3%,4150000,-660917.2046203027,301.66646935217994,705,3:07:37
8.4%,4200000,-660713.0182054034,300.0943868938618,705,3:07:24
8.5%,4250000,-663041.9248941764,299.65978274751023,705,3:07:12
8.6%,4300000,-661341.2902186923,299.61342586725203,705,3:06:59
8.7%,4350000,-661628.400955942,298.7386887723164,705,3:06:47
8.8%,4400000,-659662.7518315194,301.2470190483851,705,3:06:35
8.9%,4450000,-661500.7709144684,301.65552366678816,705,3:06:23
9.0%,4500000,-661810.0466563259,301.3002477597584,705,3:06:10
9.1%,4550000,-660419.1273137908,301.5761058922077,705,3:05:58
9.2%,4600000,-660785.3447529809,298.5980736483269,705,3:05:46
9.3%,4650000,-661795.6063406863,299.19198340394826,705,3:05:33
9.4%,4700000,-661420.0091854772,303.02389102745775,705,3:05:20
9.5%,4750000,-661401.3353483579,300.14886909885865,705,3:05:08
9.6%,4800000,-661704.0325400014,299.7995472865409,705,3:04:57
9.7%,4850000,-662166.7252935772,299.36521174596584,705,3:04:44
9.8%,4900000,-661406.7346979249,298.3617005650208,705,3:04:32
9.9%,4950000,-661298.3440026809,300.53525850833125,705,3:04:19
10.0%,5000000,-661639.3883562563,299.0961135255581,705,3:04:07
10.1%,5050000,-662225.1074589356,300.9239086830892,705,3:03:54
10.2%,5100000,-660057.5023116572,303.36242384108675,705,3:03:43
10.3%,5150000,-661699.7976208301,298.12008966907314,705,3:03:30
10.4%,5200000,-662151.3738540956,298.51885732807875,705,3:03:18
10.5%,5250000,-662873.6947652963,300.84878860093244,705,3:03:05
10.6%,5300000,-661367.4339812426,301.00102092475487,705,3:02:53
10.7%,5350000,-661655.4831162407,301.42899946195314,705,3:02:40
10.8%,5400000,-660465.0704224622,299.37031525571905,705,3:02:28
10.9%,5450000,-662276.09117941,299.9104590884142,705,3:02:16
11.0%,5500000,-661663.5594160538,299.2018098986046,705,3:02:04
11.1%,5550000,-661231.6249082144,300.98280049958345,705,3:01:52
11.2%,5600000,-662146.9705481082,301.07893898375005,705,3:01:40
11.3%,5650000,-663241.6263282588,299.95686073630185,705,3:01:28
11.4%,5700000,-660055.6155877532,300.966863223512,705,3:01:16
11.5%,5750000,-661199.2097569662,299.4421001494845,705,3:01:05
11.6%,5800000,-661679.4273087913,300.3151360745024,705,3:00:52
11.7%,5850000,-660319.8228201768,299.17964992204463,705,3:00:40
11.8%,5900000,-660586.3287081039,298.1674538209932,705,3:00:27
11.9%,5950000,-661112.2465857579,298.1124344044434,705,3:00:15
12.0%,6000000,-662094.1272913618,302.76231376879156,705,3:00:03
12.1%,6050000,-661657.3041241523,301.573486985887,705,2:59:51
12.2%,6100000,-661030.2670426737,299.08581697079285,705,2:59:39
12.3%,6150000,-661193.249320413,297.6265937062275,705,2:59:26
12.4%,6200000,-660783.0783565845,299.86759408325025,705,2:59:14
12.5%,6250000,-660986.3969539176,301.43508785955345,705,2:59:02
12.6%,6300000,-662729.1072168387,299.2795041194527,705,2:58:50
12.7%,6350000,-660129.7255587755,299.0438920858466,705,2:58:38
12.8%,6400000,-661991.3615996912,299.5644276968584,705,2:58:26
12.9%,6450000,-661588.565714661,299.87019060575625,705,2:58:14
13.0%,6500000,-661288.2525539277,302.008964101012,704,2:58:02
13.1%,6550000,-661448.5237805797,299.3451558479884,704,2:57:50
13.2%,6600000,-661690.7691576323,299.62018577929354,704,2:57:38
13.3%,6650000,-661002.4750496414,297.9049812097387,704,2:57:25
13.4%,6700000,-660291.1573317256,300.50365256196494,704,2:57:13
13.5%,6750000,-661923.858439168,299.9614270345021,704,2:57:01
13.6%,6800000,-659724.2761115432,300.06983184912815,704,2:56:49
13.7%,6850000,-661273.7177759144,301.07703635949997,704,2:56:37
13.8%,6900000,-663411.0479836147,299.4197834862216,704,2:56:25
13.9%,6950000,-660583.8165334747,298.4772458165384,704,2:56:13
14.0%,7000000,-661595.200237575,298.77338368511226,704,2:56:00
14.1%,7050000,-660061.5123012401,299.90860123179345,704,2:55:48
14.2%,7100000,-660512.3681328287,301.70962534693507,704,2:55:36
14.3%,7150000,-660725.1364868646,298.9041946982601,704,2:55:24
14.4%,7200000,-661170.2027617889,301.61653106156854,704,2:55:11
14.5%,7250000,-660983.9082182478,299.76630732170094,704,2:54:59
14.6%,7300000,-661920.3475559433,299.5228385691327,704,2:54:47
14.7%,7350000,-661076.835844676,300.4026567900068,704,2:54:35
14.8%,7400000,-661178.3730642516,301.75096825269895,704,2:54:22
14.9%,7450000,-661806.8105744189,301.5777175268666,704,2:54:10
15.0%,7500000,-661061.2700148067,300.8358283722171,704,2:53:59
15.1%,7550000,-660500.1898810747,299.23504986344454,704,2:53:47
15.2%,7600000,-660502.2559808837,299.7648299899303,704,2:53:34
15.3%,7650000,-661913.2249421296,302.4532156715023,704,2:53:22
15.4%,7700000,-662310.2181896456,302.89800445354547,704,2:53:10
15.5%,7750000,-661073.8053042032,303.2033196861492,704,2:52:58
15.6%,7800000,-661452.7044986682,300.923774380201,704,2:52:46
15.7%,7850000,-660305.7852615584,300.0775542652021,704,2:52:33
15.8%,7900000,-659638.9960153084,302.13015007383586,704,2:52:21
15.9%,7950000,-661781.0997214303,300.7975744328828,704,2:52:08
16.0%,8000000,-661802.7150758263,300.7355488823297,704,2:51:56
16.1%,8050000,-660520.9046216276,300.5566350513764,704,2:51:44
16.2%,8100000,-661162.4859410007,301.0435949403277,704,2:51:32
16.3%,8150000,-660488.4523813338,299.94347521510707,704,2:51:20
16.4%,8200000,-661760.2963532754,301.4967105014419,704,2:51:07
16.5%,8250000,-661875.604053088,300.7711839153432,704,2:50:55
16.6%,8300000,-660366.9518507994,297.77475217577324,704,2:50:42
16.7%,8350000,-661600.2928863964,300.1445266388055,704,2:50:30
16.8%,8400000,-661481.5878478824,301.0392972479039,704,2:50:18
16.9%,8450000,-661757.0214317744,300.38985324799444,704,2:50:05
17.0%,8500000,-662147.715557497,299.9693509049083,704,2:49:53
17.1%,8550000,-661898.460023684,302.84914058604005,704,2:49:41
17.2%,8600000,-660329.512650264,301.2827883842869,704,2:49:28
17.3%,8650000,-662021.4110730896,300.914529864727,704,2:49:16
17.4%,8700000,-662632.7957738545,300.67564979417364,704,2:49:04
17.5%,8750000,-659771.2923988332,301.9061776238774,704,2:48:51
17.6%,8800000,-662092.1745703216,301.4836607374677,704,2:48:39
17.7%,8850000,-660778.7924879105,299.8946337314163,704,2:48:27
17.8%,8900000,-660487.8685787101,299.8566036302291,704,2:48:15
17.9%,8950000,-662153.5546878031,302.0304525631308,704,2:48:03
18.0%,9000000,-661059.8956554015,300.8739703924779,704,2:47:51
18.1%,9050000,-662313.4498109804,300.553613236391,704,2:47:38
18.2%,9100000,-663047.366393744,299.85367135050245,704,2:47:26
18.3%,9150000,-660948.6382848448,302.66812267650437,704,2:47:14
18.4%,9200000,-659660.8975237082,298.83847581828024,704,2:47:01
18.5%,9250000,-661371.7623806405,300.29910926317217,704,2:46:49
18.6%,9300000,-661537.0766165568,301.24773533045567,704,2:46:37
18.7%,9350000,-661117.3184336489,301.86593152503417,704,2:46:25
18.8%,9400000,-661249.3653296735,303.7948791412264,704,2:46:13
18.9%,9450000,-663017.7415953814,296.5584604522232,704,2:46:00
19.0%,9500000,-661275.6855990374,299.0894207649607,704,2:45:48
19.1%,9550000,-660828.9429772804,298.86202359135206,704,2:45:36
19.2%,9600000,-661452.1151414774,301.83468371970315,704,2:45:24
19.3%,9650000,-661583.6295234356,301.0127500436614,704,2:45:12
19.4%,9700000,-659917.5835341122,300.23880726635144,704,2:45:00
19.5%,9750000,-661543.784620482,302.43036179668644,704,2:44:47
19.6%,9800000,-662196.4704062962,299.2784744639761,704,2:44:35
19.7%,9850000,-662677.9126107297,300.6623538082377,704,2:44:23
19.8%,9900000,-659791.0018540919,302.2400322202326,704,2:44:11
19.9%,9950000,-660780.8421070795,302.4426728947753,704,2:43:59
20.0%,10000000,-661265.0981483939,298.54144259711813,704,2:43:47
20.1%,10050000,-660278.5719447099,299.1661300979616,704,2:43:35
20.2%,10100000,-662093.7444779496,300.3205081900321,704,2:43:22
20.3%,10150000,-661184.8954537809,301.78064919100046,704,2:43:10
20.4%,10200000,-661792.037729993,298.64991456318836,704,2:42:58
20.5%,10250000,-660556.4583537411,301.11240278673705,704,2:42:46
20.6%,10300000,-660668.320431408,302.7938749475284,704,2:42:33
20.7%,10350000,-661211.1461789119,302.4482240808226,704,2:42:21
20.8%,10400000,-661368.9562928728,301.48760028885613,704,2:42:09
20.9%,10450000,-660977.3894368568,301.7498490619636,704,2:41:57
21.0%,10500000,-659682.6632050038,302.2152757211666,704,2:41:44
21.1%,10550000,-661422.8502408098,301.87188561974625,704,2:41:32
21.2%,10600000,-661203.24435132,300.7403837863064,704,2:41:20
21.3%,10650000,-660555.1265974343,300.3186503334114,704,2:41:08
21.4%,10700000,-661119.519050906,298.40917663601437,704,2:40:56
21.5%,10750000,-659932.993496899,299.42054453592164,704,2:40:44
21.6%,10800000,-661090.8844041061,299.5404546313071,704,2:40:32
21.7%,10850000,-660976.3933756966,300.5614699553532,704,2:40:20
21.8%,10900000,-662198.497181512,299.9984274802128,704,2:40:07
21.9%,10950000,-661311.1264948235,302.66395928696886,704,2:39:55
22.0%,11000000,-661249.1605517846,299.9265978188179,704,2:39:43
22.1%,11050000,-661178.8526694849,298.67225361026595,704,2:39:31
22.2%,11100000,-661506.7230938277,299.3223691246166,704,2:39:19
22.3%,11150000,-661924.4084047326,299.8678179213973,704,2:39:07
22.4%,11200000,-659043.7924345792,300.0805089287434,704,2:38:54
22.5%,11250000,-659977.9124952876,299.6895084534412,704,2:38:42
22.6%,11300000,-662153.1455092388,301.43954223868013,704,2:38:30
22.7%,11350000,-660622.2385629546,299.61313487766085,704,2:38:18
22.8%,11400000,-660670.9786367328,298.4658076872231,704,2:38:06
22.9%,11450000,-660393.1769563239,301.2028333981534,704,2:37:54
23.0%,11500000,-659711.249096693,301.1775844551639,704,2:37:42
23.1%,11550000,-661079.1835171641,298.30256252656477,704,2:37:30
23.2%,11600000,-660637.3257731032,297.9268278128928,704,2:37:17
23.3%,11650000,-661338.6462927829,299.1128566189589,704,2:37:05
23.4%,11700000,-661825.6121801529,301.32880950732454,704,2:36:53
23.5%,11750000,-661728.008683878,301.00234156982265,704,2:36:41
23.6%,11800000,-661546.9374806271,299.6758319426552,704,2:36:29
23.7%,11850000,-661929.2476747297,299.7816402347753,704,2:36:17
23.8%,11900000,-663313.3876922512,301.75734763989044,704,2:36:05
23.9%,11950000,-660014.2253345526,301.8689757238343,704,2:35:53
24.0%,12000000,-660394.4666537386,298.5518286871422,704,2:35:40
24.1%,12050000,-661370.1647805399,300.1146666299863,704,2:35:28
24.2%,12100000,-659797.3998661381,300.8001485715741,704,2:35:16
24.3%,12150000,-662559.222832433,300.18580239312524,704,2:35:04
24.4%,12200000,-661184.3766287421,300.2466192176842,704,2:34:52
24.5%,12250000,-660822.8803548557,302.33424569633445,704,2:34:40
24.6%,12300000,-660020.6828365391,301.00625873739637,704,2:34:28
24.7%,12350000,-661774.4333194317,299.92941817947104,704,2:34:17
24.8%,12400000,-661215.8724660231,302.4239152580508,704,2:34:05
24.9%,12450000,-661995.798761386,300.6764332276884,704,2:33:53
25.0%,12500000,-661623.1188518354,296.96096620828484,704,2:33:42
25.1%,12550000,-661855.6898240256,300.25129743495796,704,2:33:30
25.2%,12600000,-661876.2712860834,298.47849931016196,703,2:33:23
25.3%,12650000,-661686.410651213,300.5427123186287,703,2:33:13
25.4%,12700000,-661971.0810149573,298.56731828691943,703,2:33:02
25.5%,12750000,-660592.7473022724,300.0692498699458,703,2:32:51
25.6%,12800000,-660364.0169992768,298.34450979532573,702,2:32:44
25.7%,12850000,-659918.2400569413,299.17823974171813,702,2:32:35
25.8%,12900000,-660924.4536785865,301.9791488598223,702,2:32:23
25.9%,12950000,-661325.3314099773,300.11435325658044,702,2:32:14
26.0%,13000000,-662060.3429669989,300.0405762033061,701,2:32:06
26.1%,13050000,-660251.5643944913,299.57761176372077,701,2:31:55
26.2%,13100000,-659735.1736407373,300.43231534449365,701,2:31:44
26.3%,13150000,-662329.364896181,301.6604481060237,701,2:31:33
26.4%,13200000,-661005.2465977152,300.03813636750306,701,2:31:23
26.5%,13250000,-661354.7302618087,300.4177658649341,701,2:31:15
26.6%,13300000,-661046.0762058967,299.43630274147534,701,2:31:03
26.7%,13350000,-661822.8187507847,300.6778210242003,700,2:30:54
26.8%,13400000,-660351.7460563248,296.96412232615853,700,2:30:45
26.9%,13450000,-660568.4282024126,300.817272189825,700,2:30:33
27.0%,13500000,-661370.1561263218,301.8204923811789,700,2:30:24
27.1%,13550000,-661252.8882792932,299.8796589593773,700,2:30:15
27.2%,13600000,-661650.7468635924,298.7430983838136,700,2:30:03
27.3%,13650000,-661843.0404029335,301.3811204822948,699,2:29:54
27.4%,13700000,-661178.2178060971,299.73150048983155,699,2:29:45
27.5%,13750000,-660321.7625599462,300.3813697822205,699,2:29:33
27.6%,13800000,-659655.8562287004,298.64939973545006,699,2:29:23
27.7%,13850000,-661138.4903507801,299.87498074210356,699,2:29:15
27.8%,13900000,-660691.586494627,301.80898710041953,698,2:29:04
27.9%,13950000,-661628.6000841111,301.03741700746855,698,2:28:53
28.0%,14000000,-662115.9637797666,300.631620830645,698,2:28:44
28.1%,14050000,-660006.6093926849,299.5019768538258,698,2:28:33
28.2%,14100000,-662450.7788749179,299.15912396395834,698,2:28:22
28.3%,14150000,-659965.291221817,300.7481062023803,697,2:28:14
28.4%,14200000,-660953.9834673554,300.19287567857265,697,2:28:02
28.5%,14250000,-660509.0110358745,302.5503838111455,697,2:27:50
28.6%,14300000,-660604.0815316741,302.6043288045894,697,2:27:43
28.7%,14350000,-660437.3272966989,298.66309863005074,697,2:27:32
28.8%,14400000,-661126.7553784358,299.8600283538793,697,2:27:20
28.9%,14450000,-661402.9357869937,301.3381659418721,697,2:27:11
29.0%,14500000,-662174.0054079466,301.2459222414644,696,2:27:00
29.1%,14550000,-661554.7060944918,302.76303005086214,696,2:26:48
29.2%,14600000,-661206.9149840414,297.9754678422511,696,2:26:39
29.3%,14650000,-661560.8761888305,299.5543325964255,696,2:26:29
29.4%,14700000,-661772.1399616157,300.7154929843522,696,2:26:17
29.5%,14750000,-661499.4010635596,303.14543514131685,696,2:26:07
29.6%,14800000,-661674.0828279397,299.9256576986002,695,2:25:58
29.7%,14850000,-661329.0126683954,301.1945066190824,695,2:25:46
29.8%,14900000,-660281.2348604966,300.08411272291124,695,2:25:35
29.9%,14950000,-661049.769368038,300.82136842791635,695,2:25:27
30.0%,15000000,-662184.2281733784,299.27068489645814,695,2:25:15
30.1%,15050000,-661057.4774337984,299.82466192664214,695,2:25:03
30.2%,15100000,-661211.7219381635,301.71611665320006,695,2:24:53
30.3%,15150000,-661929.782265394,300.0790539807874,694,2:24:44
30.4%,15200000,-661589.4678164409,298.15312817958073,694,2:24:35
30.5%,15250000,-662256.3089793553,302.12547185656206,694,2:24:25
30.6%,15300000,-661312.5484634591,297.7501523634102,694,2:24:13
30.7%,15350000,-660097.295446917,301.2411097213024,694,2:24:03
30.8%,15400000,-661587.8795135235,301.1539023792039,694,2:23:52
30.9%,15450000,-660661.8782560513,299.18775286296864,694,2:23:40
31.0%,15500000,-661413.0201806049,300.79867123980347,693,2:23:29
31.1%,15550000,-662029.3416375327,302.47374162958863,693,2:23:19
31.2%,15600000,-660487.1735869497,299.23724347728586,693,2:23:08
31.3%,15650000,-660314.80431093,300.47909751723137,693,2:22:57
31.4%,15700000,-660570.7016674546,299.3012611873479,693,2:22:45
31.5%,15750000,-661033.476484877,300.2814484333683,693,2:22:35
31.6%,15800000,-660069.7884335266,303.79783380476766,693,2:22:25
31.7%,15850000,-661999.306518944,300.3296631702472,693,2:22:12
31.8%,15900000,-661074.1606657621,300.1387068469817,692,2:22:03
31.9%,15950000,-661361.9192443462,301.26555284696246,692,2:21:53
32.0%,16000000,-662380.5739137912,300.93597355921634,692,2:21:41
32.1%,16050000,-660662.1816318613,300.17564014124827,692,2:21:29
32.2%,16100000,-661237.4000338945,300.632225193642,692,2:21:21
32.3%,16150000,-661246.8553502364,298.1514717772924,692,2:21:10
32.4%,16200000,-662566.0682323887,301.8191493522965,692,2:20:57
32.5%,16250000,-660236.5672844634,300.0997366255768,691,2:20:47
32.6%,16300000,-661629.2331601013,298.29231073942896,691,2:20:39
32.7%,16350000,-660408.5329807689,299.40648750028566,691,2:20:28
32.8%,16400000,-661243.4116792604,301.36144510916733,691,2:20:15
32.9%,16450000,-661683.3856592216,301.4961509060742,691,2:20:07
33.0%,16500000,-661996.1599696507,298.83552115473896,690,2:19:56
33.1%,16550000,-660849.6889100727,300.4176987134899,690,2:19:44
33.2%,16600000,-662313.5701830848,302.4465676785343,690,2:19:31
33.3%,16650000,-660915.9576624734,300.59728405888444,690,2:19:19
33.4%,16700000,-661663.52781404,301.2298730463195,690,2:19:06
33.5%,16750000,-661138.6441389415,301.4204040771056,690,2:18:53
33.6%,16800000,-660529.3256225474,301.44070619704496,690,2:18:41
33.7%,16850000,-661624.5543758813,300.3449960833216,690,2:18:29
33.8%,16900000,-661032.7502392181,297.780191442747,690,2:18:17
33.9%,16950000,-659662.1600106689,300.596858766405,690,2:18:04
34.0%,17000000,-659985.7492040908,301.6121886015154,690,2:17:51
34.1%,17050000,-660104.4578268551,299.877622032239,690,2:17:39
34.2%,17100000,-660247.0863742572,300.17308838637166,690,2:17:26
34.3%,17150000,-661029.6395466784,297.6538124249112,690,2:17:14
34.4%,17200000,-660659.5924034533,303.4165926726777,690,2:17:01
34.5%,17250000,-662624.833195868,299.74014064230846,690,2:16:49
34.6%,17300000,-662768.4930408099,297.1443791859941,690,2:16:36
34.7%,17350000,-660677.4010003693,300.8317545179404,690,2:16:24
34.8%,17400000,-661040.99491998,300.13765480769047,690,2:16:11
34.9%,17450000,-660301.2073868294,299.06526862889183,691,2:15:58
35.0%,17500000,-661675.7574784593,302.0391374832371,691,2:15:45
35.1%,17550000,-660278.2761463253,301.85021808710985,691,2:15:32
35.2%,17600000,-660976.4580717459,300.7027565937839,691,2:15:19
35.3%,17650000,-661837.4601687388,301.24055012593476,691,2:15:06
35.4%,17700000,-661759.4882805338,300.3236419240911,691,2:14:53
35.5%,17750000,-662431.0342223994,303.1370412108018,691,2:14:40
35.6%,17800000,-662461.9143439815,297.54748930505286,691,2:14:27
35.7%,17850000,-661044.6957977978,301.85326228591003,691,2:14:15
35.8%,17900000,-660823.1852100105,300.112629702848,691,2:14:02
35.9%,17950000,-660657.7002546727,300.1768936348718,691,2:13:49
36.0%,18000000,-662295.4146333011,300.5321247742723,691,2:13:36
36.1%,18050000,-661280.496349162,301.3729727737415,691,2:13:23
36.2%,18100000,-660481.7605579579,301.06609067410824,691,2:13:10
36.3%,18150000,-661588.2649774589,300.84527434202346,691,2:12:57
36.4%,18200000,-661884.6543106176,298.94453033236215,691,2:12:44
36.5%,18250000,-661124.2467719098,298.43086655246543,691,2:12:31
36.6%,18300000,-663341.3398637413,300.5497408364467,691,2:12:19
36.7%,18350000,-662289.7215623055,298.2772240483165,691,2:12:09
36.8%,18400000,-660952.4875603993,297.1231369458372,691,2:11:58
36.9%,18450000,-661056.3678518683,299.0130919568098,691,2:11:47
37.0%,18500000,-661297.2652124614,297.53569303470226,690,2:11:36
37.1%,18550000,-660289.5340352566,300.4905356465466,690,2:11:25
37.2%,18600000,-661818.7220780137,300.32368669172047,690,2:11:13
37.3%,18650000,-661603.7047006469,299.89817037414,690,2:11:01
37.4%,18700000,-661474.9927946208,294.92276319250766,690,2:10:48
37.5%,18750000,-662275.5591199351,299.9870341185269,690,2:10:35
37.6%,18800000,-661460.1158946259,299.1177586743798,690,2:10:23
37.7%,18850000,-661219.6727046599,298.89174929728296,690,2:10:11
37.8%,18900000,-660299.837030523,300.5563440617853,690,2:10:00
37.9%,18950000,-662788.4907231051,300.2950801765249,690,2:09:48
38.0%,19000000,-661246.7252075579,298.0038281354849,690,2:09:37
38.1%,19050000,-660898.3759397715,304.3410666038924,690,2:09:26
38.2%,19100000,-661319.9955727761,300.516635174495,690,2:09:15
38.3%,19150000,-661177.1025786591,301.9601226173213,690,2:09:03
38.4%,19200000,-661168.3334525698,299.9947565346008,689,2:08:52
38.5%,19250000,-662040.8312435155,299.99663677503617,689,2:08:39
38.6%,19300000,-662566.3393794349,302.0058751345825,689,2:08:26
38.7%,19350000,-660465.943824193,301.1553349433451,689,2:08:14
38.8%,19400000,-662370.8566871183,300.47813501319894,689,2:08:02
38.9%,19450000,-661293.0678097373,298.70860492535013,689,2:07:50
39.0%,19500000,-660681.4373832368,301.5142817959869,689,2:07:39
39.1%,19550000,-661563.3964822409,300.0050754731808,689,2:07:28
39.2%,19600000,-661977.4857748989,298.32205882917464,689,2:07:17
39.3%,19650000,-660695.2104709656,297.8571693815245,689,2:07:06
39.4%,19700000,-660697.5522453138,301.058927853402,689,2:06:54
39.5%,19750000,-660909.0615081768,299.6737502478874,689,2:06:43
39.6%,19800000,-660823.7934989156,300.5983360981756,689,2:06:30
39.7%,19850000,-661229.1491941484,300.0182819238579,689,2:06:18
39.8%,19900000,-661169.7381097493,301.6563742517471,689,2:06:05
39.9%,19950000,-660646.0916108075,299.53295605338025,689,2:05:53
40.0%,20000000,-662774.4614499775,298.94260532429735,689,2:05:41
40.1%,20050000,-660781.888125624,299.9213600061765,688,2:05:29
40.2%,20100000,-662024.7343219151,299.45797027411174,688,2:05:18
40.3%,20150000,-660970.6283929273,298.24705066609135,688,2:05:07
40.4%,20200000,-662196.5070821941,297.8756584124725,688,2:04:56
40.5%,20250000,-660851.9928316893,300.2667646509205,688,2:04:44
40.6%,20300000,-661907.1912304522,299.2858835066442,688,2:04:33
40.7%,20350000,-660692.7805724279,299.1313008822775,688,2:04:22
40.8%,20400000,-660905.7121626986,299.52666620144765,688,2:04:10
40.9%,20450000,-660503.5282329852,300.0309063953527,688,2:03:58
41.0%,20500000,-662313.8814540002,299.2721398444141,688,2:03:46
41.1%,20550000,-660667.5864965129,299.4994250989492,688,2:03:34
41.2%,20600000,-661032.6158007542,298.5434571404417,688,2:03:21
41.3%,20650000,-660683.190185878,296.93312074278924,688,2:03:08
41.4%,20700000,-659999.2738746558,301.42255292331754,688,2:02:55
41.5%,20750000,-662107.6523346379,300.64240982933376,688,2:02:43
41.6%,20800000,-661288.5028428198,300.1416167428936,688,2:02:31
41.7%,20850000,-662248.2741095196,301.40254179296943,687,2:02:19
41.8%,20900000,-661081.330094357,303.9998701163132,687,2:02:07
41.9%,20950000,-661096.1587509932,301.01910704703823,687,2:01:55
42.0%,21000000,-662400.7699699216,298.8854370615356,687,2:01:44
42.1%,21050000,-660549.7666575392,301.5916402596144,687,2:01:33
42.2%,21100000,-660800.0686738663,297.702497221899,687,2:01:21
42.3%,21150000,-660310.3472788571,303.37451110102853,687,2:01:08
42.4%,21200000,-661970.0661446997,299.89803607125174,687,2:00:55
42.5%,21250000,-661650.0954720858,301.09454050260086,687,2:00:43
42.6%,21300000,-661046.5692819003,301.94897547759723,687,2:00:31
42.7%,21350000,-660371.6626517093,301.34429910710173,687,2:00:19
42.8%,21400000,-660685.1918467795,298.6616436820948,687,2:00:08
42.9%,21450000,-660709.7510170261,299.50620739480536,687,1:59:57
43.0%,21500000,-660298.8943653344,300.1060712451388,687,1:59:45
43.1%,21550000,-661469.1134699383,302.117458450897,686,1:59:34
43.2%,21600000,-659151.7582062115,299.2545909336838,686,1:59:22
43.3%,21650000,-660369.7780066472,298.66856028083924,686,1:59:11
43.4%,21700000,-660518.7391313417,302.7099132585624,686,1:58:59
43.5%,21750000,-661094.2688291543,301.3582666074789,686,1:58:46
43.6%,21800000,-662260.0227631456,300.5865622116397,686,1:58:34
43.7%,21850000,-660983.203075503,299.68729245578515,686,1:58:21
43.8%,21900000,-660715.7834000778,300.53369164130174,686,1:58:08
43.9%,21950000,-662107.5870582657,302.0870836143396,686,1:57:56
44.0%,22000000,-661407.1231453032,300.5464056480553,686,1:57:44
44.1%,22050000,-660850.9178121644,300.27681498372397,686,1:57:32
44.2%,22100000,-661512.1220995183,297.20965038967984,686,1:57:19
44.3%,22150000,-660782.6141075925,301.12518394493475,686,1:57:08
44.4%,22200000,-661094.0549270278,298.8503168562603,686,1:56:56
44.5%,22250000,-661615.318954905,303.15373953657314,686,1:56:45
44.6%,22300000,-661875.702718426,298.49278018394506,686,1:56:32
44.7%,22350000,-662344.8797145779,297.94500347043487,686,1:56:19
44.8%,22400000,-662427.2210473721,298.84805609097486,686,1:56:07
44.9%,22450000,-661388.7803223836,300.95916319125274,686,1:55:54
45.0%,22500000,-661370.6936454065,300.83000858039327,686,1:55:43
45.1%,22550000,-661346.4870415134,302.88054507807396,686,1:55:30
45.2%,22600000,-662070.6100553577,301.05628656326655,686,1:55:17
45.3%,22650000,-660091.8957582652,298.65660732378575,686,1:55:05
45.4%,22700000,-661212.105620082,302.87217353137356,686,1:54:52
45.5%,22750000,-661268.6041198904,302.4291978383216,686,1:54:39
45.6%,22800000,-660348.3361629364,298.71205203281505,686,1:54:26
45.7%,22850000,-660455.0394098703,302.8104389704116,686,1:54:13
45.8%,22900000,-662100.1593204178,301.21881544185425,686,1:54:00
45.9%,22950000,-662417.6134889782,299.3063423132864,686,1:53:47
46.0%,23000000,-660652.5917077851,300.75085941158926,686,1:53:34
46.1%,23050000,-661516.0522940927,298.4840504962093,686,1:53:21
46.2%,23100000,-660651.2453292748,299.97391720310856,686,1:53:10
46.3%,23150000,-660859.237553779,299.87708482068604,686,1:52:57
46.4%,23200000,-661651.8728785976,300.8998908499086,686,1:52:44
46.5%,23250000,-661903.7008671728,299.6108964961901,686,1:52:32
46.6%,23300000,-661083.1982936696,302.1556228549724,686,1:52:21
46.7%,23350000,-662209.1378752547,300.2133344852149,686,1:52:08
46.8%,23400000,-661379.0983845298,299.222559694838,686,1:51:56
46.9%,23450000,-660254.8894403116,302.2085158091251,686,1:51:44
47.0%,23500000,-660473.5604731869,301.13823370890896,686,1:51:31
47.1%,23550000,-661255.7277549207,301.952355433618,686,1:51:19
47.2%,23600000,-660362.1574022467,300.123553004425,685,1:51:07
47.3%,23650000,-660322.3409987176,301.43316285148865,685,1:50:55
47.4%,23700000,-662109.9243676872,299.53917875386884,685,1:50:42
47.5%,23750000,-662621.389958363,298.77392089666523,685,1:50:31
47.6%,23800000,-660667.632918159,301.31837864967105,685,1:50:18
47.7%,23850000,-662693.8819452799,300.7506131896275,685,1:50:06
47.8%,23900000,-662466.6237823139,299.98497480757385,685,1:49:54
47.9%,23950000,-661738.3124606838,301.33494267255423,685,1:49:42
48.0%,24000000,-660898.9362037503,300.19907599524646,685,1:49:29
48.1%,24050000,-661890.0087362854,300.73004246391173,685,1:49:17
48.2%,24100000,-662524.0302471295,299.26161945150176,685,1:49:04
48.3%,24150000,-661715.3557568416,301.96744212473055,685,1:48:52
48.4%,24200000,-661859.0228027031,301.6112484812977,685,1:48:40
48.5%,24250000,-662259.0923494687,297.60342645800574,685,1:48:28
48.6%,24300000,-661668.4953740104,299.13076367072455,685,1:48:15
48.7%,24350000,-661004.4523216332,298.7041281624087,685,1:48:04
48.8%,24400000,-662345.1604528488,301.108508002978,685,1:47:51
48.9%,24450000,-661601.6817810046,298.44747534297807,685,1:47:39
49.0%,24500000,-661512.6021825233,300.1336928724873,685,1:47:26
49.1%,24550000,-662163.2625762252,302.23188451167925,685,1:47:14
49.2%,24600000,-661890.807004258,300.46781607461895,685,1:47:02
49.3%,24650000,-660925.1852605436,299.4211041312893,685,1:46:50
49.4%,24700000,-660674.2177816192,301.29145092057854,685,1:46:37
49.5%,24750000,-661709.0531191877,298.32248412165404,685,1:46:25
49.6%,24800000,-662357.4738962553,301.3877013238187,685,1:46:13
49.7%,24850000,-662105.4857130446,299.1437015156252,685,1:46:01
49.8%,24900000,-660654.9799536704,303.35409706201574,685,1:45:48
49.9%,24950000,-661896.7382511934,299.9066314560993,685,1:45:35
50.0%,25000000,-660668.0353929885,300.5424884804816,685,1:45:22
50.0%,25050000,-661277.004378783,299.68209941077316,685,1:45:10
50.1%,25100000,-662690.1146998978,299.596235097557,685,1:44:57
50.2%,25150000,-661434.3524866076,301.64739834204954,685,1:44:44
50.3%,25200000,-662107.0349343433,301.6598661268414,685,1:44:31
50.4%,25250000,-660959.5133588873,298.88087076333534,685,1:44:18
50.5%,25300000,-661903.675731244,302.93064005538827,685,1:44:05
50.6%,25350000,-661517.9527412131,301.06168106261094,685,1:43:52
50.7%,25400000,-660996.4477556353,301.4689769550199,685,1:43:40
50.8%,25450000,-660837.4597920217,301.37948646382125,685,1:43:28
50.9%,25500000,-662793.4404849932,300.9728844696682,685,1:43:15
51.0%,25550000,-662063.3919181139,300.10325088448576,685,1:43:03
51.1%,25600000,-660813.6029650308,298.2135868631044,685,1:42:51
51.2%,25650000,-660657.2266645366,298.5758689041375,685,1:42:39
51.3%,25700000,-660788.1741345925,301.80887518134597,685,1:42:26
51.4%,25750000,-661811.0340297641,297.7998220482451,685,1:42:14
51.5%,25800000,-661490.2548060841,299.1670030667352,684,1:42:02
51.6%,25850000,-660461.294429969,300.3218736027292,684,1:41:50
51.7%,25900000,-659491.7906067106,299.74078977293493,684,1:41:38
51.8%,25950000,-661756.0376671115,299.71025824967455,684,1:41:26
51.9%,26000000,-661192.6583075332,301.08912361944175,684,1:41:14
52.0%,26050000,-660512.5725832828,302.8326437146009,684,1:41:02
52.1%,26100000,-661840.5307290158,299.2578365868163,684,1:40:50
52.2%,26150000,-662387.1014131615,299.765232898595,684,1:40:37
52.3%,26200000,-660456.2943238723,301.66040333839436,684,1:40:24
52.4%,26250000,-661485.2861350137,303.29451134726565,684,1:40:12
52.5%,26300000,-661072.7591216392,299.5402531769748,684,1:40:00
52.6%,26350000,-660806.6519260225,298.4022824210846,684,1:39:48
52.7%,26400000,-660657.3440187699,299.8209909810302,684,1:39:36
52.8%,26450000,-661230.7034750748,299.4434431783669,684,1:39:23
52.9%,26500000,-659842.0200417624,301.5987806965059,684,1:39:11
53.0%,26550000,-661551.9356286549,299.9022889960461,684,1:38:58
53.1%,26600000,-659741.3067145231,300.8630023232715,684,1:38:46
53.2%,26650000,-661489.131990389,298.81931527289106,684,1:38:33
53.3%,26700000,-662687.0257116957,301.10756788276035,684,1:38:22
53.4%,26750000,-661250.1109867711,300.8441327674734,684,1:38:09
53.5%,26800000,-661681.5461102785,298.64127441071145,684,1:37:57
53.6%,26850000,-660520.7521119551,301.9620028577567,684,1:37:44
53.7%,26900000,-662061.1314597758,302.28887370392334,684,1:37:31
53.8%,26950000,-661913.8960088328,302.16694906521417,684,1:37:18
53.9%,27000000,-659943.5737342685,301.0027892461168,684,1:37:05
54.0%,27050000,-661664.6730458033,301.39461792256316,684,1:36:52
54.1%,27100000,-661046.0074295844,299.39213947505846,684,1:36:40
54.2%,27150000,-660492.5609077695,299.0461976187614,684,1:36:27
54.3%,27200000,-661531.742254978,300.0959985285206,684,1:36:14
54.4%,27250000,-660482.837156896,301.43352099252394,684,1:36:01
54.5%,27300000,-660185.9969522366,301.0444455252865,684,1:35:48
54.6%,27350000,-661340.4563482502,297.03223627431197,684,1:35:35
54.7%,27400000,-662157.1116678142,302.4418670774458,684,1:35:22
54.8%,27450000,-662802.4178986964,299.70772887861267,684,1:35:09
54.9%,27500000,-661292.9387595756,301.92547247215487,684,1:34:57
55.0%,27550000,-661196.8066011518,302.3724772518541,684,1:34:44
55.1%,27600000,-661041.5760735264,299.39303482764666,684,1:34:31
55.2%,27650000,-660559.7711900081,300.3602842287665,684,1:34:18
55.3%,27700000,-661428.2537215529,301.0663816636994,684,1:34:07
55.4%,27750000,-660378.3484955095,297.9941135599021,684,1:33:54
55.5%,27800000,-661001.195051102,301.0039755882962,684,1:33:43
55.6%,27850000,-662591.0973413861,300.1018183203445,684,1:33:31
55.7%,27900000,-662635.2559040473,300.9288555061395,684,1:33:19
55.8%,27950000,-660418.8884365042,299.03666211369625,684,1:33:07
55.9%,28000000,-661434.0441336734,298.17269163363466,683,1:32:55
56.0%,28050000,-660970.9044142389,300.14134813711706,683,1:32:43
56.1%,28100000,-661522.4855163777,300.4647942596335,683,1:32:30
56.2%,28150000,-661178.4322131439,302.57572228939375,683,1:32:18
56.3%,28200000,-660528.0882412223,302.14807950941616,683,1:32:05
56.4%,28250000,-661019.8817754388,298.06567461552044,683,1:31:52
56.5%,28300000,-661788.7901691869,302.17892440608244,683,1:31:39
56.6%,28350000,-661171.8000445967,299.10444030462907,683,1:31:27
56.7%,28400000,-662238.8612515302,299.01902366770713,683,1:31:15
56.8%,28450000,-662512.2036381359,299.3914008091731,683,1:31:02
56.9%,28500000,-660811.4199563647,303.9880066945185,683,1:30:50
57.0%,28550000,-660980.1149682608,299.6717357045638,683,1:30:38
57.1%,28600000,-660447.6705176556,302.0360932844369,683,1:30:26
57.2%,28650000,-661727.8078756109,297.35039981655757,683,1:30:14
57.3%,28700000,-661790.3353413679,299.7212934703252,683,1:30:02
57.4%,28750000,-661077.7145371623,302.33737943039347,683,1:29:49
57.5%,28800000,-659956.7649908885,300.6741053109589,683,1:29:36
57.6%,28850000,-660533.6987286918,298.7087839958678,683,1:29:24
57.7%,28900000,-660421.6150934747,301.9106543868188,683,1:29:11
57.8%,28950000,-661296.9408191484,300.7544855895718,683,1:28:58
57.9%,29000000,-661393.4405265455,300.7925380745737,683,1:28:46
58.0%,29050000,-662397.8541354872,298.986634287826,683,1:28:33
58.1%,29100000,-661539.9051882238,302.44238190518405,683,1:28:21
58.2%,29150000,-659762.5060568377,303.57327937562684,683,1:28:09
58.3%,29200000,-661709.3880893625,298.6433784892939,683,1:27:57
58.4%,29250000,-662050.1409666105,299.0367964165845,683,1:27:45
58.5%,29300000,-661908.7093738369,301.00981776393473,683,1:27:33
58.6%,29350000,-661891.3533214158,299.72003997670157,683,1:27:20
58.7%,29400000,-661240.0465678838,301.015145111835,682,1:27:08
58.8%,29450000,-661002.2579686153,298.75641675356434,682,1:26:56
58.9%,29500000,-660464.5937864981,300.39582972652124,682,1:26:43
59.0%,29550000,-660844.1673063096,301.6591050771413,682,1:26:30
59.1%,29600000,-661627.0880459598,299.832541029419,682,1:26:18
59.2%,29650000,-663507.7242396539,300.3654996575932,682,1:26:05
59.3%,29700000,-660150.9888694049,300.7881956145206,682,1:25:53
59.4%,29750000,-662354.3439028114,299.8972302539223,682,1:25:40
59.5%,29800000,-660814.2103678905,298.19460538823284,682,1:25:28
59.6%,29850000,-660029.3347332403,298.5365853093267,682,1:25:15
59.7%,29900000,-661916.8781238883,301.4001019571664,682,1:25:02
59.8%,29950000,-662521.9158401941,298.79236515998383,682,1:24:50
59.9%,30000000,-660887.3550823289,299.7995472865409,682,1:24:37
60.0%,30050000,-660459.8246519607,300.19063729710194,682,1:24:24
60.1%,30100000,-660126.2665709546,301.17328676274013,682,1:24:11
60.2%,30150000,-661369.1006913683,297.5970246869995,682,1:23:58
60.3%,30200000,-661591.3197889407,300.433591221932,682,1:23:46
60.4%,30250000,-660625.9683699119,298.5247890389761,682,1:23:33
60.5%,30300000,-662068.3706029295,301.7741355009207,683,1:23:20
60.6%,30350000,-660419.132992561,301.5349420569615,683,1:23:07
60.7%,30400000,-660885.4286451321,299.00680210487707,682,1:22:55
60.8%,30450000,-659318.4176814416,301.2656423822213,682,1:22:42
60.9%,30500000,-659681.2500706324,301.8234918123497,682,1:22:30
61.0%,30550000,-662424.0555504961,299.58605046186534,682,1:22:17
61.1%,30600000,-661585.6448737076,296.78854368359663,682,1:22:05
61.2%,30650000,-661329.6026074677,302.25030639118313,682,1:21:52
61.3%,30700000,-662087.8438017769,300.3231270963528,682,1:21:39
61.4%,30750000,-661432.1902017742,301.554460743386,682,1:21:27
61.5%,30800000,-660969.7204091991,302.6286600111759,682,1:21:14
61.6%,30850000,-660538.5079580154,297.78612315364444,682,1:21:01
61.7%,30900000,-661047.5335699627,300.49836998169405,682,1:20:49
61.8%,30950000,-661808.6523077558,300.09170083609695,682,1:20:36
61.9%,31000000,-661545.1507957,301.02031577303234,682,1:20:24
62.0%,31050000,-661023.710142592,300.31368112654644,682,1:20:11
62.1%,31100000,-661115.1444988293,299.4921503591694,682,1:19:59
62.2%,31150000,-661706.027113596,301.59146118909666,682,1:19:46
62.3%,31200000,-661229.3004320576,303.9244366607506,682,1:19:34
62.4%,31250000,-660238.1333128321,302.5687385392052,682,1:19:21
62.5%,31300000,-661950.5772074535,301.8784216936407,682,1:19:08
62.6%,31350000,-660895.2153305532,301.8267822331116,682,1:18:56
62.7%,31400000,-661247.6676582126,300.70430107699866,682,1:18:43
62.8%,31450000,-660679.7976252139,301.75703426648454,682,1:18:31
62.9%,31500000,-661705.0003157258,299.77564137243377,682,1:18:18
63.0%,31550000,-662455.9226342961,302.96137303298104,682,1:18:05
63.1%,31600000,-661784.5173916915,300.3450856185804,682,1:17:53
63.2%,31650000,-661308.1639351277,300.31146512889046,682,1:17:40
63.3%,31700000,-660417.0418411018,300.8408871143409,682,1:17:28
63.4%,31750000,-660975.1330202594,300.3012581093841,682,1:17:15
63.5%,31800000,-660136.7995990161,299.9255905471561,682,1:17:03
63.6%,31850000,-661096.1641551103,298.7778156804243,682,1:16:50
63.7%,31900000,-661515.9665672099,301.535971712438,682,1:16:38
63.8%,31950000,-660659.092424979,301.88809150159415,682,1:16:25
63.9%,32000000,-660310.8534755576,299.55807069348157,682,1:16:12
64.0%,32050000,-661288.0189014468,299.6901575840677,682,1:15:59
64.1%,32100000,-660497.800178038,300.2947220354896,682,1:15:47
64.2%,32150000,-661402.8166959947,299.32313017431665,682,1:15:34
64.3%,32200000,-661693.4293437451,304.02876762110003,682,1:15:21
64.4%,32250000,-660416.8730954225,299.6273262161851,682,1:15:08
64.5%,32300000,-662068.5406521377,298.83261125882706,682,1:14:55
64.6%,32350000,-660785.6093336232,299.52736009970357,682,1:14:43
64.7%,32400000,-661837.6579682915,300.77861534182597,682,1:14:31
64.8%,32450000,-660873.1891230675,300.16321712408586,682,1:14:18
64.9%,32500000,-661171.9930719701,298.71693170442114,682,1:14:05
65.0%,32550000,-660400.8204338695,300.2995121718369,682,1:13:53
65.1%,32600000,-662424.1546209762,299.2056151471048,682,1:13:40
65.2%,32650000,-660812.2925355397,300.6961533684453,682,1:13:28
65.3%,32700000,-660920.559893284,299.37609027991346,682,1:13:15
65.4%,32750000,-661953.8672161964,302.37690924716605,682,1:13:03
65.5%,32800000,-661552.2082812386,295.6993024923236,682,1:12:50
65.6%,32850000,-659967.2503765346,299.5169740096795,682,1:12:38
65.7%,32900000,-660429.715818001,302.1366861477303,682,1:12:25
65.8%,32950000,-661486.9299439522,300.65933199325224,682,1:12:13
65.9%,33000000,-660455.1745585748,301.41740464593494,682,1:12:00
66.0%,33050000,-660385.8477709638,300.15782262474147,682,1:11:48
66.1%,33100000,-661228.0694551594,299.58108125500036,682,1:11:35
66.2%,33150000,-661517.0320064682,300.4871109228964,682,1:11:23
66.3%,33200000,-662269.8923230493,302.14772136838087,682,1:11:10
66.4%,33250000,-661262.1587319267,302.9982839434329,682,1:10:57
66.5%,33300000,-661202.7376569398,300.55605307219406,682,1:10:45
66.6%,33350000,-660141.9524780028,301.98082764592533,682,1:10:32
66.7%,33400000,-661325.024433502,300.55826906985004,682,1:10:20
66.8%,33450000,-659789.7215874619,300.05320067480085,682,1:10:07
66.9%,33500000,-661546.8470187658,297.84808155275346,682,1:09:54
67.0%,33550000,-660495.9880024712,301.8416227022623,682,1:09:42
67.1%,33600000,-661211.4861274809,300.4470662783856,682,1:09:29
67.2%,33650000,-661577.6519000414,302.1678891854319,682,1:09:16
67.3%,33700000,-661561.7868412281,301.1649599836692,682,1:09:03
67.4%,33750000,-660474.5359887504,301.2844447865752,682,1:08:50
67.5%,33800000,-660891.8040623092,302.52117293295277,682,1:08:37
67.6%,33850000,-661377.3902435158,298.80917540482875,682,1:08:25
67.7%,33900000,-660816.0283334958,297.1890125125199,682,1:08:12
67.8%,33950000,-661784.1690590768,300.5429585405904,682,1:07:59
67.9%,34000000,-662373.2927968819,301.2154131020188,682,1:07:46
68.0%,34050000,-661563.0424884809,300.20491817088504,682,1:07:33
68.1%,34100000,-661706.4386741719,298.83238742068,682,1:07:21
68.2%,34150000,-662373.1320117437,301.5755910644694,682,1:07:08
68.3%,34200000,-661854.3278040839,300.90716558968836,682,1:06:55
68.4%,34250000,-661601.0247769975,300.7909712075442,682,1:06:42
68.5%,34300000,-659841.1411010176,300.7825325093997,682,1:06:29
68.6%,34350000,-660714.9411893385,300.75461989246,682,1:06:16
68.7%,34400000,-661333.8630069867,300.98105456203626,682,1:06:04
68.8%,34450000,-660411.9734372995,298.8294775247681,682,1:05:51
68.9%,34500000,-661802.588983092,299.0108088077096,682,1:05:38
69.0%,34550000,-661104.5538801816,300.495930145891,682,1:05:25
69.1%,34600000,-660034.1789961592,300.82132366028696,682,1:05:12
69.2%,34650000,-659563.517286073,304.4282963298056,682,1:04:59
69.3%,34700000,-661594.7484773258,299.6652891659282,682,1:04:47
69.4%,34750000,-661440.0858457745,300.2992659498751,682,1:04:34
69.5%,34800000,-661070.3338971958,300.71473193465215,682,1:04:21
69.6%,34850000,-661159.4797488209,299.5565709778962,682,1:04:09
69.7%,34900000,-660403.796137026,301.32384030045955,682,1:03:57
69.8%,34950000,-661213.8469969612,298.0021717331966,682,1:03:44
69.9%,35000000,-660116.43634314,302.57299146399953,682,1:03:32
70.0%,35050000,-661533.4940315653,299.2296777479149,682,1:03:20
70.1%,35100000,-662205.8201946709,301.1093138203075,682,1:03:07
70.2%,35150000,-660850.6311467411,300.70877783994007,682,1:02:55
70.3%,35200000,-661591.5836095759,298.14500285484206,682,1:02:43
70.4%,35250000,-660666.5100537809,300.64227552644553,682,1:02:30
70.5%,35300000,-661767.4368816484,300.25082737484917,682,1:02:18
70.6%,35350000,-661005.8475780184,300.8406632761938,682,1:02:05
70.7%,35400000,-661406.2437667656,298.07760518875926,682,1:01:52
70.8%,35450000,-660714.0729009793,300.1465859497585,682,1:01:40
70.9%,35500000,-662562.103175336,300.1762221204307,682,1:01:27
71.0%,35550000,-660816.2445848756,302.8161692269766,682,1:01:14
71.1%,35600000,-662054.1388548971,300.12299340905736,682,1:01:02
71.2%,35650000,-660893.7694273479,301.94973652729726,682,1:00:49
71.3%,35700000,-660636.5546159502,299.5652111303731,682,1:00:36
71.4%,35750000,-661822.8045845833,301.26282202156824,682,1:00:24
71.5%,35800000,-661343.9546734383,300.90454668336764,682,1:00:11
71.6%,35850000,-660695.6341963038,300.3356620325887,682,59:59
71.7%,35900000,-661294.2000896102,304.3178993556706,682,59:47
71.8%,35950000,-661067.5492202654,303.35942440991596,682,59:34
71.9%,36000000,-660758.6322991136,301.4097493813051,682,59:22
72.0%,36050000,-661533.0376895447,299.0355429229609,681,59:10
72.1%,36100000,-659777.7679549032,299.70356548907716,681,58:57
72.2%,36150000,-660090.7875259737,301.1470081642741,681,58:45
72.3%,36200000,-662943.8522298858,301.97462732925146,681,58:32
72.4%,36250000,-661600.6312105106,299.4838459639131,681,58:20
72.5%,36300000,-660767.3920504786,300.33447569040925,681,58:07
72.6%,36350000,-660355.9127162374,301.0900861234742,681,57:54
72.7%,36400000,-660264.542656193,300.7175522953052,681,57:41
72.8%,36450000,-660726.0810165578,300.7448157816184,681,57:28
72.9%,36500000,-661338.2154757995,296.93115096709505,681,57:16
73.0%,36550000,-661340.9787470796,300.7952465161533,681,57:03
73.1%,36600000,-660648.1794918622,297.7389828398714,681,56:50
73.2%,36650000,-661899.4425523295,299.4134264828448,681,56:38
73.3%,36700000,-660936.1776537318,301.62391772042184,681,56:25
73.4%,36750000,-661670.5405063252,300.94788174864044,681,56:13
73.5%,36800000,-661271.0945179905,299.85940160706747,681,56:00
73.6%,36850000,-661330.8137599491,299.75603315075045,681,55:48
73.7%,36900000,-660325.397644035,299.3205784194401,681,55:36
73.8%,36950000,-660634.0374537343,301.0521455575457,681,55:23
73.9%,37000000,-662222.1980005931,300.1916669525785,681,55:11
74.0%,37050000,-662518.998008512,300.4778440236077,681,54:58
74.1%,37100000,-660523.7245260938,298.56740782217827,681,54:46
74.2%,37150000,-660823.2303761141,299.7582939160359,681,54:34
74.3%,37200000,-662235.0180255249,298.27386647611036,681,54:21
74.4%,37250000,-661584.6288846736,300.3990082282096,681,54:08
74.5%,37300000,-661309.9462184608,301.01301864943787,681,53:55
74.6%,37350000,-662751.825690045,298.99910207261786,681,53:43
74.7%,37400000,-661300.4685638291,299.37895540819596,681,53:30
74.8%,37450000,-661406.5619411138,303.5321603080101,681,53:18
74.9%,37500000,-661560.0820338097,302.2270496077025,681,53:05
75.0%,37550000,-662433.5151056461,301.4659775238491,681,52:52
75.1%,37600000,-660470.679082768,298.7291308834365,681,52:40
75.2%,37650000,-660829.2418576456,298.41947319077957,681,52:28
75.3%,37700000,-658934.7850002111,298.7954317425986,681,52:15
75.4%,37750000,-661411.4073276385,298.92702618926126,681,52:03
75.5%,37800000,-661947.2482184721,301.07576048206164,680,51:50
75.6%,37850000,-661392.7900803722,299.7055352647714,680,51:38
75.7%,37900000,-661523.7388944905,300.54291377296107,680,51:25
75.8%,37950000,-658928.9056722275,300.6480953182693,680,51:13
75.9%,38000000,-661831.0129519221,301.5192510028519,680,51:00
76.0%,38050000,-661551.3559905058,300.88885562925805,680,50:47
76.1%,38100000,-660348.8920910964,301.1992967554297,680,50:34
76.2%,38150000,-662323.9657337195,300.5830703365454,680,50:22
76.3%,38200000,-660564.1976807849,301.4798107213381,680,50:09
76.4%,38250000,-661154.2138981628,299.8260049555246,680,49:57
76.5%,38300000,-660622.3858219786,302.1112133665937,680,49:44
76.6%,38350000,-661263.3127488657,299.65152311988334,680,49:32
76.7%,38400000,-660727.2201105799,302.2392935543472,680,49:19
76.8%,38450000,-661079.1295256335,300.58571162668085,680,49:07
76.9%,38500000,-660190.7252768422,301.7966760023307,680,48:54
77.0%,38550000,-661841.1669803085,296.25601034790196,680,48:42
77.1%,38600000,-661382.1594821503,299.05855348447966,680,48:29
77.2%,38650000,-659456.4975338015,300.11099568437436,680,48:17
77.3%,38700000,-660702.188250992,297.92445512853385,680,48:04
77.4%,38750000,-663347.1967771654,299.9232402466119,680,47:51
77.5%,38800000,-662308.0318441833,298.715185766874,680,47:38
77.6%,38850000,-660729.1077860044,303.28660986067405,680,47:26
77.7%,38900000,-661248.0732848216,301.8217011071731,680,47:13
77.8%,38950000,-661866.3663882161,301.9141910295425,680,47:00
77.9%,39000000,-661036.7719408828,300.6344188074833,680,46:48
78.0%,39050000,-660551.9908945779,302.15546616826947,680,46:35
78.1%,39100000,-661732.2618647255,300.863494767195,680,46:23
78.2%,39150000,-661008.8421872966,299.8548353088672,680,46:10
78.3%,39200000,-662218.4419015883,297.53811048669064,680,45:58
78.4%,39250000,-661590.5309929517,296.9241672169065,680,45:45
78.5%,39300000,-661330.6086676414,297.9116068188919,680,45:33
78.6%,39350000,-661453.3305042125,300.0784943854198,680,45:20
78.7%,39400000,-661877.7476206939,299.9019756226402,679,45:08
78.8%,39450000,-660392.5059785969,300.08064323163165,679,44:55
78.9%,39500000,-662246.8341343217,298.8188899804116,680,44:42
79.0%,39550000,-661787.0796635421,303.50084535123494,680,44:30
79.1%,39600000,-659835.8677597628,302.7642387768563,680,44:17
79.2%,39650000,-660772.764639406,300.78573339490276,680,44:04
79.3%,39700000,-661782.6159150088,302.31058600418913,680,43:51
79.4%,39750000,-660748.7709511905,300.1626799125329,680,43:39
79.5%,39800000,-661242.0516205286,301.09608498581565,679,43:26
79.6%,39850000,-661598.7455227389,301.1793527765257,679,43:13
79.7%,39900000,-661374.8083465695,300.38130263077636,680,43:01
79.8%,39950000,-661555.1134043168,301.9625400693097,680,42:48
79.9%,40000000,-660398.3096523187,299.6016072130867,680,42:35
80.0%,40050000,-661932.9480084884,303.0288826181374,680,42:22
80.1%,40100000,-660368.0167404995,301.60587636576804,680,42:09
80.2%,40150000,-662878.528553131,299.86434843011773,680,41:57
80.3%,40200000,-661991.0397166205,295.9574102597103,680,41:44
80.4%,40250000,-661506.8952309522,299.7875047942285,680,41:31
80.5%,40300000,-662177.6420839312,301.1571704161511,680,41:18
80.6%,40350000,-662437.5020008446,300.8027898617095,680,41:05
80.7%,40400000,-662436.185112345,299.9025576018226,680,40:53
80.8%,40450000,-660473.9523169342,298.83359614667415,680,40:40
80.9%,40500000,-660767.5794927902,302.14962399263095,680,40:27
81.0%,40550000,-660330.801470241,297.82263115543157,680,40:14
81.1%,40600000,-660780.0671127317,299.51283300395863,680,40:01
81.2%,40650000,-660357.2413279326,302.08905339003377,680,39:49
81.3%,40700000,-659958.3398962431,300.7664609304401,680,39:36
81.4%,40750000,-660414.3488911325,299.2652008618549,680,39:24
81.5%,40800000,-660692.1246388485,300.7575297883719,680,39:11
81.6%,40850000,-661855.1962440764,299.84277043274017,680,38:59
81.7%,40900000,-660807.5181527697,300.92995231306014,680,38:46
81.8%,40950000,-662498.2177940388,299.7251882540842,680,38:33
81.9%,41000000,-659737.2996604964,297.86652581607206,680,38:20
82.0%,41050000,-661545.2545041218,299.36151841653924,680,38:08
82.1%,41100000,-661623.4062440596,301.0500414789633,680,37:55
82.2%,41150000,-661550.6734003578,299.06334362082697,680,37:42
82.3%,41200000,-662217.4203467043,302.66991338168094,680,37:30
82.4%,41250000,-661486.9038671339,300.03614420799414,679,37:17
82.5%,41300000,-660555.5201715515,301.0581220360725,679,37:05
82.6%,41350000,-661478.7343840394,299.95059326818387,679,36:52
82.7%,41400000,-661649.5966705158,299.32494326330794,679,36:40
82.8%,41450000,-660103.9308221303,299.87130979649163,679,36:27
82.9%,41500000,-661741.7204837315,301.92639020855785,679,36:15
83.0%,41550000,-660158.9659237969,300.727043032741,679,36:02
83.1%,41600000,-660384.1040405487,299.444047541364,679,35:49
83.2%,41650000,-662191.8885808596,301.4384678155742,679,35:36
83.3%,41700000,-661098.4451966556,300.56901330090943,679,35:24
83.4%,41750000,-660711.7380091897,302.1931605122361,679,35:11
83.5%,41800000,-660355.0145219509,299.88621741708647,679,34:58
83.6%,41850000,-659999.523547037,297.4635276160869,679,34:46
83.7%,41900000,-662606.0604809867,301.32030365773585,679,34:33
83.8%,41950000,-659604.8765032967,306.10757487675573,679,34:20
83.9%,42000000,-660835.8349031452,301.9131837578807,679,34:08
84.0%,42050000,-660425.1126170852,298.12060449681144,679,33:55
84.1%,42100000,-661113.4585177549,299.5157205160559,679,33:43
84.2%,42150000,-660321.2289841035,302.2067251039486,679,33:30
84.3%,42200000,-661849.2220464633,299.94401242666004,679,33:18
84.4%,42250000,-660934.4296897738,299.4825477026601,679,33:05
84.5%,42300000,-661428.0205205656,299.9374763527656,679,32:52
84.6%,42350000,-660558.3868643106,298.4768429078736,679,32:40
84.7%,42400000,-661715.7966409805,301.1911714306911,679,32:27
84.8%,42450000,-660544.1675824993,299.2257605803411,679,32:14
84.9%,42500000,-660861.4500807137,300.40431319229515,679,32:01
85.0%,42550000,-662416.3395202775,300.08059846400226,679,31:49
85.1%,42600000,-660665.8449357883,297.18399853802555,679,31:36
85.2%,42650000,-661394.6307737506,299.71871933163385,679,31:23
85.3%,42700000,-661530.2981074792,299.91039193697003,679,31:11
85.4%,42750000,-661092.0720942826,301.0176520990822,679,30:58
85.5%,42800000,-661240.0107926875,298.2370451009174,679,30:45
85.6%,42850000,-663084.4460407868,298.2867595533816,679,30:33
85.7%,42900000,-660903.9045940172,300.7222081287643,679,30:20
85.8%,42950000,-660386.7549968222,303.0776793341987,679,30:08
85.9%,43000000,-661665.287860604,301.71743729826784,678,29:55
86.0%,43050000,-660368.2846487686,298.58985878832937,678,29:43
86.1%,43100000,-661569.0794003098,301.6908229425811,678,29:30
86.2%,43150000,-661804.5241247113,297.52756770996365,678,29:17
86.3%,43200000,-662446.378605667,297.54191573519086,678,29:04
86.4%,43250000,-660554.7797586354,299.97163405400846,678,28:51
86.5%,43300000,-662066.3107986781,300.485924580717,678,28:39
86.6%,43350000,-661537.8757236898,298.5741229665904,678,28:26
86.7%,43400000,-662091.7050004597,301.3829335712861,678,28:13
86.8%,43450000,-661857.6726603555,302.652185400433,678,28:01
86.9%,43500000,-662582.7682610168,301.8568436962631,678,27:48
87.0%,43550000,-661482.7853636919,302.5605460630224,678,27:35
87.1%,43600000,-661066.9785589408,299.95144385314273,678,27:22
87.2%,43650000,-662052.2141027092,299.26229096594295,678,27:10
87.3%,43700000,-661822.0043160673,299.32384645638734,678,26:57
87.4%,43750000,-660333.9138560812,300.4987281227294,678,26:44
87.5%,43800000,-661841.926915681,301.1336226430793,678,26:31
87.6%,43850000,-660924.8252403243,298.2991154190999,679,26:18
87.7%,43900000,-659885.2129769702,300.3511740161807,679,26:06
87.8%,43950000,-662373.770304888,300.2016501339378,678,25:53
87.9%,44000000,-659981.8961848267,304.31230340199386,679,25:40
88.0%,44050000,-660293.6878823182,302.8348820960717,678,25:28
88.1%,44100000,-661698.5607054308,299.25772466774276,678,25:15
88.2%,44150000,-662209.0530917747,299.75634652415636,678,25:02
88.3%,44200000,-661589.776345192,300.7916651058001,678,24:49
88.4%,44250000,-660538.0077903713,299.837129711434,678,24:37
88.5%,44300000,-661087.6231733533,298.8885931794093,678,24:24
88.6%,44350000,-660212.5142320888,301.4798107213381,678,24:11
88.7%,44400000,-660990.0113784415,296.2470344382044,678,23:59
88.8%,44450000,-661265.5134334201,302.2148951963166,678,23:46
88.9%,44500000,-661635.1564303548,301.2665377348096,678,23:33
89.0%,44550000,-661133.9662410091,298.958139691704,678,23:20
89.1%,44600000,-662457.4326102138,301.54920054692985,678,23:08
89.2%,44650000,-660063.1542561539,302.4270042244803,678,22:55
89.3%,44700000,-659184.375157468,298.47583563621185,678,22:42
89.4%,44750000,-662697.6153579964,298.45119105621944,678,22:30
89.5%,44800000,-660774.1079768706,299.3916470311349,678,22:17
89.6%,44850000,-661586.7023634086,300.66580091570256,678,22:04
89.7%,44900000,-661258.4536467432,301.81738103093465,678,21:51
89.8%,44950000,-660220.3495386639,303.57412996058576,678,21:39
89.9%,45000000,-660322.1340562333,299.6318925143853,678,21:26
90.0%,45050000,-662359.1320788371,298.12141031414086,678,21:13
90.1%,45100000,-659550.4960297882,300.7454201446155,678,21:00
90.2%,45150000,-661664.9456170527,301.7750084696942,678,20:48
90.3%,45200000,-660338.8506664662,302.3866685903783,678,20:35
90.4%,45250000,-661820.8172070268,301.3092908209,678,20:22
90.5%,45300000,-661615.1137120174,299.7715451343424,678,20:09
90.6%,45350000,-660790.2226060717,299.8936264597545,678,19:57
90.7%,45400000,-660285.4821155993,301.0152570309086,678,19:44
90.8%,45450000,-662435.1653023958,299.0581281920003,678,19:31
90.9%,45500000,-661816.206407717,300.28917084944226,678,19:19
91.0%,45550000,-660450.6013623984,297.96035876732384,678,19:06
91.1%,45600000,-661014.9220117391,299.75643605941514,678,18:53
91.2%,45650000,-661987.5979341944,303.21672759115876,678,18:40
91.3%,45700000,-661535.4472468868,302.10293135515207,678,18:28
91.4%,45750000,-661013.226441348,297.60508286029403,678,18:15
91.5%,45800000,-660574.3671461139,300.02157234461987,678,18:02
91.6%,45850000,-661221.4064494949,299.65282138113633,678,17:49
91.7%,45900000,-660532.5275056711,300.67873876060327,678,17:37
91.8%,45950000,-661955.6833435376,300.9945296184899,678,17:24
91.9%,46000000,-661089.7617282216,301.45577050434275,678,17:11
92.0%,46050000,-661401.1688638972,299.5142431842852,678,16:58
92.1%,46100000,-661474.713430413,298.651391894959,679,16:45
92.2%,46150000,-660594.3781440295,302.0767422919449,679,16:33
92.3%,46200000,-661079.8634572946,301.2571365326326,679,16:20
92.4%,46250000,-661244.4725866523,300.860517719839,679,16:07
92.5%,46300000,-660257.003544806,300.8743509173279,679,15:54
92.6%,46350000,-661140.5600899444,299.47766803105395,679,15:42
92.7%,46400000,-661386.83126987,299.9417740451893,679,15:29
92.8%,46450000,-660666.3384615933,300.3553150219015,678,15:16
92.9%,46500000,-661581.9571639406,300.8815361218488,678,15:04
93.0%,46550000,-659939.7929736231,302.3211063971014,678,14:51
93.1%,46600000,-661272.6341655361,301.78156692740345,678,14:38
93.2%,46650000,-660865.5668169986,301.36175848257324,678,14:26
93.3%,46700000,-661605.5052186716,297.159443493292,678,14:13
93.4%,46750000,-661818.9900072524,299.76570295870386,678,14:00
93.5%,46800000,-661027.4411961888,297.18728895878746,678,13:47
93.6%,46850000,-660343.204118731,301.0089447951612,678,13:35
93.7%,46900000,-661691.448231962,306.0515705723587,678,13:22
93.8%,46950000,-662266.3153599366,304.1177880521898,678,13:09
93.9%,47000000,-661411.0836686948,301.5105660827455,678,12:56
94.0%,47050000,-659675.9931209418,303.27555225620875,678,12:44
94.1%,47100000,-660265.4743437902,301.056174644193,678,12:31
94.2%,47150000,-662261.5115920459,300.8941158257142,678,12:18
94.3%,47200000,-661462.4615388843,299.9914437300242,678,12:06
94.4%,47250000,-660252.8854143,300.8829686859901,678,11:53
94.5%,47300000,-662681.7279926329,299.4635214601591,678,11:40
94.6%,47350000,-661850.7725158371,300.2395235484221,678,11:28
94.7%,47400000,-660536.5370417107,300.22759297518326,678,11:15
94.8%,47450000,-661380.1176427505,298.3678337302504,678,11:02
94.9%,47500000,-662318.6220214427,298.67337280100134,678,10:49
95.0%,47550000,-660298.64381589,297.60884334116486,678,10:37
95.1%,47600000,-662480.8100453606,302.049075896967,678,10:24
95.2%,47650000,-660176.0884754388,298.24440937595597,678,10:11
95.3%,47700000,-662586.5356449322,297.61081311685905,678,9:58
95.4%,47750000,-661091.6557121016,298.3608947476913,678,9:46
95.5%,47800000,-661945.5219983584,298.7677205799914,678,9:33
95.6%,47850000,-660158.1943898755,301.8787350670466,678,9:20
95.7%,47900000,-662181.347529321,300.9513960075494,678,9:07
95.8%,47950000,-658910.1086396188,301.2712831035275,678,8:55
95.9%,48000000,-659963.3742440357,300.15934472414153,678,8:42
96.0%,48050000,-661287.1415512715,299.79110858839636,678,8:29
96.1%,48100000,-660928.3529684776,298.1033913433017,678,8:17
96.2%,48150000,-661632.7934429455,300.11592012360995,678,8:04
96.3%,48200000,-661376.3889380144,299.42784165951616,678,7:51
96.4%,48250000,-659860.0340134562,296.98245467040357,678,7:39
96.5%,48300000,-661675.2101487266,300.3731101545936,678,7:26
96.6%,48350000,-661685.356948297,298.81974056537047,678,7:13
96.7%,48400000,-660964.1595282964,299.83128753579547,678,7:00
96.8%,48450000,-660732.5402542483,300.5050403584768,678,6:48
96.9%,48500000,-660697.995516201,300.261079161985,678,6:35
97.0%,48550000,-661060.6058990513,297.9937554188667,678,6:22
97.1%,48600000,-661737.6755880076,300.1574644837062,678,6:09
97.2%,48650000,-662237.9772123178,299.5898557103655,678,5:56
97.3%,48700000,-662330.4205388068,302.0338772867809,678,5:44
97.4%,48750000,-661750.6356399087,301.54561913657676,678,5:31
97.5%,48800000,-660814.6221386297,302.3770883176837,678,5:18
97.6%,48850000,-660839.6844737716,302.58691419674733,678,5:05
97.7%,48900000,-661406.3346990938,302.091023165728,678,4:53
97.8%,48950000,-662031.5554209785,299.202391877787,678,4:40
97.9%,49000000,-662609.4168537054,300.5110839884477,678,4:27
98.0%,49050000,-661955.2168480363,299.5747242516236,678,4:14
98.1%,49100000,-661538.7805333771,301.16795941483986,678,4:02
98.2%,49150000,-660627.2275442411,301.49368868645644,678,3:49
98.3%,49200000,-662278.0305478764,300.65810088344335,678,3:36
98.4%,49250000,-661421.8517506472,300.6189963591502,678,3:23
98.5%,49300000,-659568.1724134218,299.7700454187571,678,3:11
98.6%,49350000,-662108.6834352473,298.2952654029703,678,2:58
98.7%,49400000,-662038.6945361076,301.1884629891115,678,2:45
98.8%,49450000,-662629.0384533969,301.0475792593455,678,2:32
98.9%,49500000,-661180.5858133258,299.65579842849246,678,2:20
99.0%,49550000,-660378.9130072431,297.32096510021785,678,2:07
99.1%,49600000,-661646.9296026803,300.7133889057697,678,1:54
99.2%,49650000,-660503.5596101172,301.7904980694715,678,1:41
99.3%,49700000,-661106.2165251928,301.4958375326683,678,1:29
99.4%,49750000,-661038.2796260188,300.63625428028934,678,1:16
99.5%,49800000,-661240.8845519843,302.6195497985901,678,1:03
99.6%,49850000,-660648.1841742429,301.02472538452963,678,0:50
99.7%,49900000,-659978.8356323442,298.2420143077823,678,0:38
99.8%,49950000,-662236.7515586969,302.09818598643426,678,0:25
99.9%,50000000,-661813.7262025918,299.7049085179596,678,0:12
100.0%,50050000,-661714.578569524,300.029272376879,678,0:00
  done in 3.54 h
Wrote data/md/prod_mut_300K_rep1.dcd and data/md/prod_mut_300K_rep1_final.pdb
