[mut 400K rep3] equilibrating 100 ps at 400.0 K...
[mut 400K rep3] production 100.0 ns (50000000 steps)...
#"Progress (%)","Step","Potential Energy (kJ/mole)","Temperature (K)","Speed (ns/day)","Time Remaining"
0.2%,100000,-583632.7193892067,402.14049697324947,0,--
0.3%,150000,-582780.2879744563,398.1651762489121,693,3:27:18
0.4%,200000,-582828.7086104206,400.2329482839172,695,3:26:30
0.5%,250000,-581834.2454927908,398.6786609582911,696,3:25:58
0.6%,300000,-582587.9656127975,404.25751340061004,697,3:25:25
0.7%,350000,-583476.0125864106,399.11460813352505,698,3:25:05
0.8%,400000,-582949.5743387965,396.8636469589577,698,3:24:48
0.9%,450000,-584463.2424128246,398.3330548592147,698,3:24:45
1.0%,500000,-583955.7524711122,398.1105597410269,697,3:24:42
1.1%,550000,-582511.3175239279,400.9232203618523,697,3:24:30
1.2%,600000,-581006.4271507324,399.8754787630461,697,3:24:18
1.3%,650000,-584065.3066506549,403.1674216243781,697,3:24:08
1.4%,700000,-583283.1551111946,399.9064579626006,697,3:23:58
1.5%,750000,-582326.1526342169,402.67717131466503,697,3:23:42
1.6%,800000,-583149.2544840588,400.00669268485865,697,3:23:28
1.7%,850000,-583408.4946632944,402.582666848972,697,3:23:19
1.8%,900000,-581689.2168507669,402.87141805869254,697,3:23:08
1.9%,950000,-582548.1901274794,400.49452554258346,697,3:22:58
2.0%,1000000,-583513.368216292,397.8493853910254,697,3:22:45
2.1%,1050000,-582192.0515388562,399.4746294092728,697,3:22:33
2.2%,1100000,-580769.0417800485,402.042052956168,697,3:22:24
2.3%,1150000,-582030.7796569299,403.42975993274445,696,3:22:15
2.4%,1200000,-581628.9351843596,400.16897534148455,696,3:22:08
2.5%,1250000,-584011.0570903751,406.11456420396325,696,3:21:59
2.6%,1300000,-581577.5593664586,401.5525636961549,696,3:21:46
2.7%,1350000,-582536.5680908002,399.67066685847686,696,3:21:35
2.8%,1400000,-581620.5924324314,402.48068618916676,696,3:21:23
2.9%,1450000,-581428.7110488852,401.2504717328689,696,3:21:10
3.0%,1500000,-583736.483635155,402.576936592407,696,3:20:57
3.1%,1550000,-582841.5594370607,400.86730559271416,696,3:20:44
3.2%,1600000,-582880.9907829817,400.8182850385058,696,3:20:30
3.3%,1650000,-583979.5157138766,403.33431534683365,696,3:20:19
3.4%,1700000,-583822.7712437483,403.5211306643785,696,3:20:07
3.5%,1750000,-583002.5693093543,399.57096934777184,696,3:19:56
3.6%,1800000,-583245.4474511426,399.23821155833724,696,3:19:47
3.7%,1850000,-581870.0998943029,400.68836937794623,696,3:19:34
3.8%,1900000,-582759.2440652354,400.537726304968,696,3:19:22
3.9%,1950000,-582028.4623923781,399.5916519925611,695,3:19:11
4.0%,2000000,-581742.5844349889,400.2933398159967,695,3:19:01
4.1%,2050000,-582474.2219966529,401.21313552993763,695,3:18:51
4.2%,2100000,-582472.701653189,405.9638763633556,695,3:18:39
4.3%,2150000,-581780.0471915938,398.5830373018627,695,3:18:27
4.4%,2200000,-580487.4937810209,398.843316299276,695,3:18:17
4.5%,2250000,-582951.10788101,402.50284616572674,695,3:18:03
4.6%,2300000,-581697.8106491677,398.7617049108542,695,3:17:54
4.7%,2350000,-582941.9848128199,398.8734001462422,695,3:17:44
4.8%,2400000,-582414.3656059774,398.61715023547623,695,3:17:35
4.9%,2450000,-582354.9189256309,402.48408852900224,694,3:17:32
5.0%,2500000,-583142.1176602552,397.4300022386747,694,3:17:26
5.1%,2550000,-583517.8892594734,399.1523920127505,694,3:17:13
5.2%,2600000,-583783.4374707579,397.03855408707835,694,3:17:02
5.3%,2650000,-581805.5240991986,394.1427599784311,694,3:16:49
5.4%,2700000,-583344.9825590132,401.57472367271487,694,3:16:37
5.5%,2750000,-582886.7423135643,403.5008061606245,694,3:16:24
5.6%,2800000,-583854.3024761402,402.0924613068882,694,3:16:13
5.7%,2850000,-580822.7202117518,401.391042089229,694,3:16:00
5.8%,2900000,-582319.7203448168,398.6499649078367,694,3:15:46
5.9%,2950000,-580801.9761311444,401.4850541109985,694,3:15:34
6.0%,3000000,-580843.4261922007,397.54380155264516,694,3:15:22
6.1%,3050000,-582920.9213935849,403.042519938313,694,3:15:10
6.2%,3100000,-583966.3120255643,398.9598016710113,694,3:14:57
6.3%,3150000,-584140.9193701819,397.99076156471494,694,3:14:44
6.4%,3200000,-583917.1838905327,399.4131634540873,694,3:14:31
6.5%,3250000,-581709.8005807423,398.1499104872819,694,3:14:20
6.6%,3300000,-581715.171523137,404.26163202251615,694,3:14:06
6.7%,3350000,-584640.6334700058,398.4575984042446,694,3:13:54
6.8%,3400000,-582820.0498968433,402.2933784276984,694,3:13:43
6.9%,3450000,-582888.4574148809,400.31635037751556,693,3:13:32
7.0%,3500000,-583421.0030157263,403.08782477928,693,3:13:20
7.1%,3550000,-582337.2890929002,397.1916593796744,693,3:13:08
7.2%,3600000,-584095.9053182751,398.08490788937274,693,3:12:56
7.3%,3650000,-583601.3951009167,404.69274429377333,693,3:12:45
7.4%,3700000,-583000.7541967123,399.7444886793806,693,3:12:33
7.5%,3750000,-582718.4902726612,398.40011676807694,693,3:12:20
7.6%,3800000,-582210.1993807079,400.0773807717034,693,3:12:07
7.7%,3850000,-581963.6642149715,398.54870053010217,693,3:11:55
7.8%,3900000,-581505.3691930864,403.0913614220037,693,3:11:43
7.9%,3950000,-581735.5282232827,400.8002884514814,693,3:11:30
8.0%,4000000,-581812.7947216928,402.5370038669696,693,3:11:18
8.1%,4050000,-583416.1302555962,400.31894690002156,693,3:11:06
8.2%,4100000,-583482.1166454912,399.29403679221656,693,3:10:53
8.3%,4150000,-584085.2330056168,398.91866021957986,693,3:10:40
8.4%,4200000,-584758.7446838482,397.98583712547946,693,3:10:28
8.5%,4250000,-582001.8144375538,400.80100473355196,693,3:10:14
8.6%,4300000,-583290.9182531512,403.3375386161515,693,3:10:02
8.7%,4350000,-584057.4426924917,399.64161266698716,693,3:09:49
8.8%,4400000,-583412.4938312732,397.73675003541973,693,3:09:37
8.9%,4450000,-581169.2903661351,399.52154588489867,693,3:09:25
9.0%,4500000,-582173.2216291628,399.32940321945364,693,3:09:12
9.1%,4550000,-583559.3464115667,400.4401776404748,693,3:09:00
9.2%,4600000,-582093.2822105223,397.82243527811823,693,3:08:48
9.3%,4650000,-581826.8003716352,402.39804514526844,693,3:08:36
9.4%,4700000,-582737.4253022815,398.2957634239129,693,3:08:24
9.5%,4750000,-582045.3803809099,399.17925259039896,693,3:08:12
9.6%,4800000,-581873.4934814218,397.8737389814267,693,3:07:59
9.7%,4850000,-583488.2374618286,398.391789989006,693,3:07:47
9.8%,4900000,-581766.8966367589,404.91528417959057,693,3:07:36
9.9%,4950000,-583605.4179475666,401.26900553144634,693,3:07:23
10.0%,5000000,-582323.5393492179,398.5203626206831,693,3:07:11
10.1%,5050000,-582535.812142476,398.85979078690036,693,3:06:59
10.2%,5100000,-581299.7657175465,400.3062776608974,693,3:06:46
10.3%,5150000,-583784.6694237757,398.49063691475214,693,3:06:34
10.4%,5200000,-581266.9386996878,400.9669135681604,693,3:06:22
10.5%,5250000,-582562.5901204157,395.7834488288263,693,3:06:10
10.6%,5300000,-582479.8947870564,402.93086947055434,693,3:05:57
10.7%,5350000,-582521.2651806725,401.38598334710525,693,3:05:45
10.8%,5400000,-582752.3182568462,399.578132168478,693,3:05:32
10.9%,5450000,-583065.6835653107,400.301800897956,693,3:05:19
11.0%,5500000,-581569.0358519284,400.12152165430564,693,3:05:07
11.1%,5550000,-581452.5680594393,400.5759130928582,693,3:04:54
11.2%,5600000,-583504.7713278895,402.1519574863795,693,3:04:42
11.3%,5650000,-581671.3173902137,401.9973748620128,693,3:04:30
11.4%,5700000,-581976.8799976013,401.93022341789174,693,3:04:18
11.5%,5750000,-581571.8115652055,399.3808859932798,693,3:04:06
11.6%,5800000,-582832.0375973345,397.680880033911,693,3:03:54
11.7%,5850000,-583005.0119938464,399.28633675995735,693,3:03:42
11.8%,5900000,-582205.8239908502,400.49953951707784,693,3:03:30
11.9%,5950000,-583790.2079452337,399.75509860755176,693,3:03:18
12.0%,6000000,-583926.4086554991,399.8222948193022,693,3:03:05
12.1%,6050000,-583234.9805397796,401.25817176512817,693,3:02:54
12.2%,6100000,-582532.8214679849,402.5691917925183,693,3:02:41
12.3%,6150000,-583193.4062408125,402.367289783861,693,3:02:28
12.4%,6200000,-581134.3980046017,397.8437446697193,693,3:02:16
12.5%,6250000,-581917.6386320512,403.66335742302687,693,3:02:04
12.6%,6300000,-582224.4744036393,401.5981371428984,693,3:01:52
12.7%,6350000,-584519.0936187212,402.1175759469895,693,3:01:41
12.8%,6400000,-583357.3049641876,400.9719723102842,693,3:01:28
12.9%,6450000,-581573.4748115176,397.86881454219116,693,3:01:16
13.0%,6500000,-583479.6970500275,399.70366060135495,693,3:01:04
13.1%,6550000,-582116.4092446198,399.9851146874811,693,3:00:51
13.2%,6600000,-583403.4270110824,398.09269745689073,693,3:00:38
13.3%,6650000,-583638.999453505,398.89193394481964,693,3:00:26
13.4%,6700000,-582829.9350809557,398.6918674089683,693,3:00:14
13.5%,6750000,-583474.7982134898,401.0547476570708,693,3:00:01
13.6%,6800000,-582563.7532507377,397.9994464848213,693,2:59:48
13.7%,6850000,-582987.9522881242,401.58309521941527,693,2:59:36
13.8%,6900000,-583222.2169445348,398.1619529795943,693,2:59:23
13.9%,6950000,-582141.1910612802,396.89073137475316,693,2:59:11
14.0%,7000000,-582224.844450926,403.0879143145388,693,2:58:59
14.1%,7050000,-582320.5004213746,400.75023824179647,693,2:58:46
14.2%,7100000,-582310.2979152659,400.8105850062466,693,2:58:34
14.3%,7150000,-582742.7526030885,398.9968692681661,693,2:58:21
14.4%,7200000,-583230.0847900179,398.9763656938945,693,2:58:09
14.5%,7250000,-583511.4653785755,398.09515967650856,693,2:57:57
14.6%,7300000,-581660.6526352977,399.6494470021346,693,2:57:45
14.7%,7350000,-582728.7939798101,400.73779284081934,693,2:57:32
14.8%,7400000,-582319.6360085723,399.14254313427944,693,2:57:20
14.9%,7450000,-582751.0000541545,400.12438678258815,693,2:57:08
15.0%,7500000,-582242.1985896314,399.25334301707915,693,2:56:56
15.1%,7550000,-582492.0767071792,401.1573550636877,693,2:56:43
15.2%,7600000,-584331.8083659867,400.8463543421484,693,2:56:31
15.3%,7650000,-584094.0432541012,398.1996473235609,693,2:56:19
15.4%,7700000,-582086.2164588729,397.81625734525903,693,2:56:06
15.5%,7750000,-583303.2170381043,399.8081482484074,693,2:55:54
15.6%,7800000,-582591.3340582047,399.5193970386868,693,2:55:41
15.7%,7850000,-581027.387491941,400.33636150786367,693,2:55:29
15.8%,7900000,-581916.7882978437,403.68198075686314,693,2:55:16
15.9%,7950000,-584132.5606458462,401.1135275544914,693,2:55:03
16.0%,8000000,-581857.4876061822,399.35008586424294,693,2:54:51
16.1%,8050000,-584036.4610909866,396.30490217624106,693,2:54:39
16.2%,8100000,-582391.6274855519,399.1910712445643,693,2:54:26
16.3%,8150000,-581204.1582191833,401.29470215072996,693,2:54:14
16.4%,8200000,-582642.7182373786,401.4450318503023,693,2:54:02
16.5%,8250000,-582040.7822257881,393.6902040126846,693,2:53:49
16.6%,8300000,-583468.7117059235,404.04800089495234,693,2:53:37
16.7%,8350000,-582523.127862859,401.1039920494262,693,2:53:25
16.8%,8400000,-582072.11401068,398.33551707883254,692,2:53:13
16.9%,8450000,-580804.5592077426,400.587463141247,692,2:53:01
17.0%,8500000,-583080.4028364192,400.1011076152929,692,2:52:48
17.1%,8550000,-583763.4793568025,401.4589993506795,692,2:52:36
17.2%,8600000,-581721.5785873714,400.540860039027,692,2:52:24
17.3%,8650000,-583949.3057634751,401.42775154534854,692,2:52:12
17.4%,8700000,-582454.8770618276,397.411110299062,692,2:52:00
17.5%,8750000,-582777.9654240874,400.1633346201784,692,2:51:47
17.6%,8800000,-581637.639749141,400.6146818599307,692,2:51:35
17.7%,8850000,-581731.0270628282,397.26588410924285,692,2:51:22
17.8%,8900000,-583589.7238742225,397.9272810662059,692,2:51:10
17.9%,8950000,-583761.6729227249,399.2457772877082,692,2:50:57
18.0%,9000000,-582838.7525545023,401.2976568142713,692,2:50:45
18.1%,9050000,-583557.5077766571,403.1120888344224,692,2:50:33
18.2%,9100000,-583582.3437135229,399.21206726275943,692,2:50:21
18.3%,9150000,-581334.0466642035,398.3078059162252,692,2:50:08
18.4%,9200000,-581920.0769871506,402.8050276642715,692,2:49:56
18.5%,9250000,-583041.1466675568,399.4131186864579,692,2:49:44
18.6%,9300000,-582207.4171708212,401.87453248690065,692,2:49:31
18.7%,9350000,-583238.0344844498,402.73447388031497,692,2:49:19
18.8%,9400000,-582779.8612495251,399.0077925697432,692,2:49:07
18.9%,9450000,-582684.9546355121,399.5831461429724,692,2:48:54
19.0%,9500000,-582609.665922307,402.22072056515947,692,2:48:42
19.1%,9550000,-584259.6312401737,402.4696733523309,692,2:48:30
19.2%,9600000,-583289.4168847529,400.7570429214674,692,2:48:18
19.3%,9650000,-582970.0183683452,398.76286886921895,692,2:48:06
19.4%,9700000,-581845.544835005,402.2038431688704,692,2:47:53
19.5%,9750000,-583566.7107854853,399.84709608599763,692,2:47:41
19.6%,9800000,-583513.7030461207,401.3074161574836,692,2:47:29
19.7%,9850000,-581860.0341451857,399.79001735849465,692,2:47:16
19.8%,9900000,-581322.806283127,398.7735235650195,692,2:47:03
19.9%,9950000,-581898.3786110766,399.2201702036834,692,2:46:51
20.0%,10000000,-581600.8843389801,401.4263637488367,692,2:46:39
20.1%,10050000,-584457.5624577375,400.907730762075,692,2:46:26
20.2%,10100000,-582946.9700979022,400.181778883497,692,2:46:14
20.3%,10150000,-582549.773298624,397.2798068419906,692,2:46:01
20.4%,10200000,-583559.538700081,399.8236826158141,692,2:45:49
20.5%,10250000,-583019.8581811935,401.1564597110995,692,2:45:37
20.6%,10300000,-582583.029150432,405.39676003393856,692,2:45:24
20.7%,10350000,-583478.1321362825,398.82737902320457,692,2:45:12
20.8%,10400000,-583388.5157848387,399.5544053248886,692,2:45:00
20.9%,10450000,-581390.0110320589,398.5767698337448,692,2:44:47
21.0%,10500000,-584337.5676805014,399.5645228091362,692,2:44:34
21.1%,10550000,-580797.0771147152,402.0312191898498,692,2:44:22
21.2%,10600000,-582322.0356234224,402.04840995954476,692,2:44:09
21.3%,10650000,-582475.673933709,403.55739244420386,692,2:43:57
21.4%,10700000,-581645.9881858272,402.79343284825325,692,2:43:45
21.5%,10750000,-581770.5863012709,399.49414809569726,692,2:43:32
21.6%,10800000,-583021.6607393883,401.90067678247846,692,2:43:20
21.7%,10850000,-583016.2872948558,400.70636596497064,692,2:43:07
21.8%,10900000,-583765.0081508504,398.6673795156788,692,2:42:55
21.9%,10950000,-581987.808451565,401.36346522951,692,2:42:42
22.0%,11000000,-581059.583081936,402.7027336310604,692,2:42:30
22.1%,11050000,-583964.047522001,401.3597047486392,692,2:42:18
22.2%,11100000,-581968.3776159347,400.37844307951286,692,2:42:05
22.3%,11150000,-582289.3420201554,398.3150582721903,692,2:41:53
22.4%,11200000,-583123.3964108764,402.7536791933336,692,2:41:41
22.5%,11250000,-582356.6639194363,398.53634466438393,692,2:41:28
22.6%,11300000,-582765.9565201597,402.53288524506354,692,2:41:15
22.7%,11350000,-584483.7190462095,400.07715693355635,692,2:41:03
22.8%,11400000,-583188.2492869855,397.4255254757333,692,2:40:51
22.9%,11450000,-582521.4985223114,399.22151323256577,692,2:40:38
23.0%,11500000,-582868.1527245548,399.11263835783086,692,2:40:26
23.1%,11550000,-581564.5204436504,401.8005763631087,692,2:40:13
23.2%,11600000,-583225.1158321099,399.40130003229257,692,2:40:03
23.3%,11650000,-579939.891731869,400.3455388718935,692,2:39:50
23.4%,11700000,-583455.620574371,395.9978857737196,692,2:39:38
23.5%,11750000,-582053.3679417525,397.9562457224368,692,2:39:25
23.6%,11800000,-582649.5287704766,398.20949620203197,692,2:39:13
23.7%,11850000,-582098.9953988735,401.65955833045444,692,2:39:00
23.8%,11900000,-584042.0594851566,400.9943113573618,692,2:38:48
23.9%,11950000,-583526.9934803611,401.1584742544231,692,2:38:35
24.0%,12000000,-582344.4000557349,397.3311553129285,692,2:38:23
24.1%,12050000,-581516.85363372,399.3273439085006,692,2:38:10
24.2%,12100000,-582471.6070770733,402.13848242992583,692,2:37:58
24.3%,12150000,-583441.1455284329,398.754765928295,692,2:37:46
24.4%,12200000,-581535.1782694822,398.66173879437264,692,2:37:33
24.5%,12250000,-584148.2328673839,403.81059815616965,692,2:37:21
24.6%,12300000,-582107.224121159,400.5881794233176,692,2:37:08
24.7%,12350000,-582104.0852005067,403.157886119313,692,2:36:56
24.8%,12400000,-582763.8873868221,398.2012589582198,692,2:36:43
24.9%,12450000,-581382.6304378984,399.62876435734535,692,2:36:31
25.0%,12500000,-580206.9803595124,399.01670132799654,692,2:36:18
25.1%,12550000,-581849.4525124645,401.16926325311186,692,2:36:06
25.2%,12600000,-582217.9105693507,399.7653056270581,692,2:35:53
25.3%,12650000,-582620.0214096233,402.563640606471,692,2:35:41
25.4%,12700000,-582743.9314482505,400.9516030389008,692,2:35:29
25.5%,12750000,-581220.7180909356,400.79881111971065,692,2:35:16
25.6%,12800000,-583871.7546117413,401.9278955011622,692,2:35:04
25.7%,12850000,-581520.2860088283,401.41629103221857,692,2:34:52
25.8%,12900000,-585271.431008657,400.99144622907926,692,2:34:39
25.9%,12950000,-582983.6672809767,401.9922713522596,692,2:34:26
26.0%,13000000,-581308.8983628284,403.2463021874057,692,2:34:14
26.1%,13050000,-584056.4304758538,400.3323324212164,692,2:34:02
26.2%,13100000,-582236.3706913358,402.46841985870736,692,2:33:49
26.3%,13150000,-581863.1947666737,399.2840088432278,692,2:33:37
26.4%,13200000,-583672.9616386425,402.39025557775045,692,2:33:25
26.5%,13250000,-582087.5186983319,399.76812598771124,692,2:33:12
26.6%,13300000,-583078.5111005115,401.24684555488636,692,2:33:00
26.7%,13350000,-582458.2608981878,399.7770347459646,692,2:32:47
26.8%,13400000,-582759.9863089812,401.4141421860067,692,2:32:35
26.9%,13450000,-581699.1641612132,403.889344416309,692,2:32:23
27.0%,13500000,-582146.6477870508,395.3509935286867,692,2:32:10
27.1%,13550000,-582547.362167669,399.64743245881095,692,2:31:58
27.2%,13600000,-583018.7719939589,401.97033521384674,692,2:31:45
27.3%,13650000,-582547.3480377127,402.7251622133968,692,2:31:33
27.4%,13700000,-581855.334111209,400.18840449265025,692,2:31:20
27.5%,13750000,-583275.3406271371,401.0189335535395,692,2:31:08
27.6%,13800000,-582278.7175152064,402.3672450162316,692,2:30:56
27.7%,13850000,-582207.9614981185,400.59538701165326,692,2:30:43
27.8%,13900000,-584054.3780884789,402.3036749824637,692,2:30:31
27.9%,13950000,-581713.7389248759,397.03550988827817,692,2:30:18
28.0%,14000000,-582467.8359537334,399.1767903707812,692,2:30:06
28.1%,14050000,-582602.162081752,403.1455750212241,692,2:29:53
28.2%,14100000,-582252.7312773345,399.32568750621226,692,2:29:41
28.3%,14150000,-583110.1910346397,400.8413851352834,692,2:29:29
28.4%,14200000,-583484.2162645394,402.98378480852176,692,2:29:16
28.5%,14250000,-584240.1366764801,402.8399464152144,692,2:29:04
28.6%,14300000,-583693.68831485,400.4143467183029,692,2:28:51
28.7%,14350000,-582187.7515617418,396.6865909846252,692,2:28:39
28.8%,14400000,-581898.0347643108,399.7946731919538,692,2:28:27
28.9%,14450000,-582502.554040642,399.9435255597554,692,2:28:14
29.0%,14500000,-583703.8861321486,401.5515788083078,692,2:28:01
29.1%,14550000,-582904.7602738123,400.9260854901348,692,2:27:49
29.2%,14600000,-581474.4508128646,403.8281022992706,692,2:27:36
29.3%,14650000,-581932.2256136709,402.10598113097126,692,2:27:24
29.4%,14700000,-582249.4177213176,400.0358364116072,692,2:27:12
29.5%,14750000,-580999.0192901371,402.1699093057745,692,2:26:59
29.6%,14800000,-581826.6797886635,397.16905172682027,692,2:26:47
29.7%,14850000,-581561.0440973393,402.1659697543861,692,2:26:34
29.8%,14900000,-583212.7086882512,401.1925424204072,692,2:26:22
29.9%,14950000,-584589.9621427292,401.37640307441063,692,2:26:09
30.0%,15000000,-582157.0793822003,402.3560531088781,692,2:25:57
30.1%,15050000,-583589.9561252492,400.38077099624235,692,2:25:44
30.2%,15100000,-581412.8390284912,399.8261000678024,692,2:25:32
30.3%,15150000,-582145.5729217925,397.7930229455932,692,2:25:19
30.4%,15200000,-582873.599363897,400.22063718582837,692,2:25:07
30.5%,15250000,-584351.9945058576,400.65528609980925,692,2:24:54
30.6%,15300000,-582050.2327150665,397.70380106017103,692,2:24:42
30.7%,15350000,-582081.1635163492,400.6914583443758,692,2:24:29
30.8%,15400000,-582659.4761203863,397.701204537665,692,2:24:17
30.9%,15450000,-583608.5302159158,400.6373790480436,692,2:24:04
31.0%,15500000,-583156.158005428,400.3410621089521,692,2:23:52
31.1%,15550000,-581706.3425813811,399.75988874389907,692,2:23:39
31.2%,15600000,-582640.9330432746,405.3532458981481,692,2:23:27
31.3%,15650000,-584052.4367835806,397.45050581294635,692,2:23:14
31.4%,15700000,-581938.4371905755,396.7870943126597,692,2:23:02
31.5%,15750000,-583542.0836854237,398.17645769152443,692,2:22:50
31.6%,15800000,-583473.0030750181,401.63744312152386,692,2:22:37
31.7%,15850000,-582152.2640919164,398.9273003720567,692,2:22:25
31.8%,15900000,-581728.7578745876,401.36364430002766,692,2:22:12
31.9%,15950000,-581952.9457152528,403.7099157576175,692,2:22:00
32.0%,16000000,-581967.6064246506,398.847748294588,692,2:21:47
32.1%,16050000,-581378.9335030396,403.61088976135363,692,2:21:35
32.2%,16100000,-583279.5005777567,401.5697544658499,692,2:21:22
32.3%,16150000,-583262.5568587091,401.4570295749853,692,2:21:10
32.4%,16200000,-582946.5489957766,400.88946556927414,692,2:20:57
32.5%,16250000,-581386.33567564,401.6902689242325,692,2:20:45
32.6%,16300000,-582574.0968602775,396.77303727702366,692,2:20:33
32.7%,16350000,-581885.6257263194,403.5320539659555,692,2:20:20
32.8%,16400000,-582777.1638214937,399.7925691133713,692,2:20:08
32.9%,16450000,-583668.8758763797,397.6395147443324,692,2:19:55
33.0%,16500000,-583451.5906125004,400.96682403290157,692,2:19:43
33.1%,16550000,-582302.5796919013,398.0167715574046,692,2:19:30
33.2%,16600000,-583414.7501689387,403.4412204458744,692,2:19:18
33.3%,16650000,-581680.1676897332,402.92603456657764,692,2:19:05
33.4%,16700000,-583560.6227032938,401.3501244759446,692,2:18:53
33.5%,16750000,-584451.9223015453,396.91096634324833,692,2:18:40
33.6%,16800000,-582649.5244473172,400.3965292017961,692,2:18:28
33.7%,16850000,-583128.6968754446,397.7390331845199,692,2:18:15
33.8%,16900000,-582128.5622882894,400.4161374234795,692,2:18:03
33.9%,16950000,-584686.9691322944,397.3927108033728,692,2:17:51
34.0%,17000000,-583836.5861094133,396.04081793032765,692,2:17:38
34.1%,17050000,-582187.2133667674,397.49227401118964,692,2:17:26
34.2%,17100000,-580906.3979863832,398.33887465103857,692,2:17:13
34.3%,17150000,-581839.8447740339,398.87908563517783,692,2:17:01
34.4%,17200000,-583100.0217020013,400.2892659617201,692,2:16:48
34.5%,17250000,-582994.6515726727,399.494327166215,692,2:16:36
34.6%,17300000,-582658.5617710971,402.86380756169217,692,2:16:23
34.7%,17350000,-581128.5108927889,398.19346939070175,692,2:16:11
34.8%,17400000,-584507.5136247086,398.8558512355119,692,2:15:58
34.9%,17450000,-583405.1795391277,402.6354478840511,692,2:15:46
35.0%,17500000,-583749.5386665701,399.0021966160664,691,2:15:34
35.1%,17550000,-581826.172090752,401.58461731881533,691,2:15:21
35.2%,17600000,-583147.9858720847,398.3137152433079,691,2:15:09
35.3%,17650000,-583570.7708195783,401.5786632241033,691,2:14:56
35.4%,17700000,-582060.4392982428,401.67513746549054,691,2:14:44
35.5%,17750000,-581636.9715440976,401.02703649446346,691,2:14:31
35.6%,17800000,-583004.0572218937,401.89740874553127,691,2:14:19
35.7%,17850000,-581836.962213635,403.09230154222143,691,2:14:06
35.8%,17900000,-581926.3407775569,402.9309142381838,691,2:13:54
35.9%,17950000,-581309.1543163261,400.541621088727,691,2:13:42
36.0%,18000000,-582712.5497767925,402.04102330069145,691,2:13:29
36.1%,18050000,-581198.7886952497,402.3841671801501,691,2:13:17
36.2%,18100000,-581122.1195315579,401.09799318708474,691,2:13:04
36.3%,18150000,-582631.1635827855,402.293870871622,691,2:12:52
36.4%,18200000,-581572.1549323597,402.28626037462163,691,2:12:39
36.5%,18250000,-581294.6986721125,400.96216819944254,691,2:12:27
36.6%,18300000,-580885.100013453,400.0854389449979,691,2:12:14
36.7%,18350000,-584337.36335521,396.60112958007375,691,2:12:02
36.8%,18400000,-582545.1082848371,402.62662866105654,691,2:11:49
36.9%,18450000,-580975.3025137284,402.2497747566491,691,2:11:37
37.0%,18500000,-581461.8106034617,404.0791143973951,691,2:11:24
37.1%,18550000,-581879.2825174816,403.9795064219488,691,2:11:12
37.2%,18600000,-581372.9040002883,402.3780787825498,691,2:10:59
37.3%,18650000,-583035.1300133145,402.19332277595805,691,2:10:47
37.4%,18700000,-583177.606110543,402.0277273147555,691,2:10:34
37.5%,18750000,-580614.1200704155,402.2966464646456,691,2:10:22
37.6%,18800000,-584212.6342415009,401.2557543131398,691,2:10:09
37.7%,18850000,-583472.3535012747,401.19110985626594,691,2:09:57
37.8%,18900000,-582738.6813292028,402.6669642951586,691,2:09:44
37.9%,18950000,-582212.0671067499,400.14086127021255,691,2:09:32
38.0%,19000000,-582971.1254010419,402.57075865954783,691,2:09:20
38.1%,19050000,-580863.6173015917,401.83580848745754,691,2:09:07
38.2%,19100000,-581599.2965492215,396.99324924611136,691,2:08:55
38.3%,19150000,-582432.1372794812,401.0038916300564,691,2:08:42
38.4%,19200000,-582127.5375112817,400.410138561138,691,2:08:30
38.5%,19250000,-583212.5835880125,397.57303481465254,691,2:08:17
38.6%,19300000,-582255.9008608302,402.0120586444606,691,2:08:05
38.7%,19350000,-582147.9982477254,398.08880267313174,691,2:07:52
38.8%,19400000,-582930.4755629087,400.67368559549845,691,2:07:40
38.9%,19450000,-582604.3554311795,399.5325587217345,691,2:07:27
39.0%,19500000,-583677.6397357113,401.2943887773241,691,2:07:15
39.1%,19550000,-582289.8924939511,402.16391044343305,691,2:07:02
39.2%,19600000,-582024.1896613422,400.554156024963,691,2:06:50
39.3%,19650000,-581857.4740645387,402.90723216222375,691,2:06:37
39.4%,19700000,-583247.3751855125,404.22089347974935,691,2:06:25
39.5%,19750000,-580881.738777265,403.18300075941426,691,2:06:12
39.6%,19800000,-581791.42462921,400.65877797490356,691,2:06:00
39.7%,19850000,-584684.2502028258,401.66913860314907,691,2:05:47
39.8%,19900000,-581658.6624130113,399.7625748016639,691,2:05:35
39.9%,19950000,-582021.8214132711,397.37748980937204,691,2:05:22
40.0%,20000000,-582408.7076764014,400.24463263519425,691,2:05:10
40.1%,20050000,-581375.8390171109,400.1429205811656,691,2:04:58
40.2%,20100000,-582128.5312807607,403.6095019648418,691,2:04:45
40.3%,20150000,-582184.4463618388,401.5796481119504,691,2:04:32
40.4%,20200000,-582566.4596562283,400.57076481547557,691,2:04:20
40.5%,20250000,-584644.9313462568,399.69739313323703,691,2:04:08
40.6%,20300000,-581031.438340114,399.5683280576364,691,2:03:55
40.7%,20350000,-581945.6655393592,400.9400977581414,691,2:03:43
40.8%,20400000,-582576.1520146066,400.8138978108232,691,2:03:30
40.9%,20450000,-581750.5908413539,400.2570780361714,691,2:03:18
41.0%,20500000,-582302.4792511286,400.8399525711422,691,2:03:05
41.1%,20550000,-583204.1122764847,399.87565783356376,691,2:02:53
41.2%,20600000,-583017.5998178395,400.44286369823965,691,2:02:40
41.3%,20650000,-581949.9895126913,405.3586627813072,691,2:02:28
41.4%,20700000,-584503.078361317,400.6419901138733,691,2:02:15
41.5%,20750000,-581938.3373649013,401.5416403945778,691,2:02:03
41.6%,20800000,-582012.5539255617,402.8788494851753,691,2:01:50
41.7%,20850000,-581974.1254110923,402.11341255745396,691,2:01:38
41.8%,20900000,-581581.0150276199,400.63760288619073,691,2:01:25
41.9%,20950000,-583406.8611767353,398.05379438692995,691,2:01:13
42.0%,21000000,-583544.8929590802,401.41633579984796,691,2:01:00
42.1%,21050000,-581541.9247526289,401.54799739795465,691,2:00:48
42.2%,21100000,-583038.084920926,401.3905048776761,691,2:00:35
42.3%,21150000,-581931.1465586661,399.1737909396104,691,2:00:23
42.4%,21200000,-581101.7482828521,400.04492424037824,691,2:00:10
42.5%,21250000,-583157.935836527,398.5961989849105,691,1:59:58
42.6%,21300000,-580243.9131141892,401.79377168343774,691,1:59:46
42.7%,21350000,-584875.9107663548,399.2643110862856,691,1:59:33
42.8%,21400000,-581463.9311173623,398.24154982469247,691,1:59:21
42.9%,21450000,-581456.4790617288,397.16757439504966,691,1:59:08
43.0%,21500000,-582630.404321521,399.60087412422035,691,1:58:56
43.1%,21550000,-582827.6553731342,400.0224956580418,691,1:58:43
43.2%,21600000,-582512.7488274286,398.652158521678,691,1:58:31
43.3%,21650000,-581529.2295900844,397.5944337415125,691,1:58:18
43.4%,21700000,-581980.6587962112,401.05358369870595,691,1:58:06
43.5%,21750000,-583044.9787133052,397.3918154507846,691,1:57:53
43.6%,21800000,-582481.9942320269,401.40286074339434,691,1:57:41
43.7%,21850000,-582288.6450403156,401.32433832140214,691,1:57:28
43.8%,21900000,-581334.1834624307,403.88701649957943,691,1:57:16
43.9%,21950000,-582096.4956426644,400.26433039213646,691,1:57:03
44.0%,22000000,-583513.4946018141,400.3159922364802,691,1:56:51
44.1%,22050000,-581525.6597281233,400.25358616107707,691,1:56:38
44.2%,22100000,-583665.6940301973,402.6796783019122,691,1:56:26
44.3%,22150000,-581716.0392748346,401.45246327678507,691,1:56:14
44.4%,22200000,-583137.7766493266,401.87963599665386,691,1:56:01
44.5%,22250000,-583008.9530524202,399.0440095819391,691,1:55:48
44.6%,22300000,-583293.9728828566,400.72942129411894,691,1:55:36
44.7%,22350000,-585091.0177334128,399.85018505242715,691,1:55:23
44.8%,22400000,-582087.7320907847,402.2020524636938,691,1:55:11
44.9%,22450000,-582759.3464559172,399.8856857825525,691,1:54:59
45.0%,22500000,-582995.4903477342,403.30159020973207,691,1:54:46
45.1%,22550000,-582754.4903797624,397.9831510677146,691,1:54:34
45.2%,22600000,-583568.6148095978,401.6268779609822,691,1:54:21
45.3%,22650000,-582429.3289051694,397.2629294457015,691,1:54:09
45.4%,22700000,-581656.7311013164,399.1181895438782,691,1:53:56
45.5%,22750000,-582262.7193206111,399.0828231166411,691,1:53:44
45.6%,22800000,-580245.620377392,400.38744137302507,691,1:53:31
45.7%,22850000,-582303.930164638,402.4393208995882,691,1:53:19
45.8%,22900000,-583089.276979534,399.6840971473011,691,1:53:06
45.9%,22950000,-583173.612907128,398.0130558441632,691,1:52:54
46.0%,23000000,-583216.1176195289,399.5762519280426,691,1:52:41
46.1%,23050000,-581934.4102367214,398.73847051118827,691,1:52:29
46.2%,23100000,-582420.166966225,400.4006925913316,691,1:52:16
46.3%,23150000,-581831.0812305082,404.38635463806366,691,1:52:04
46.4%,23200000,-581302.4679849511,399.566447817201,691,1:51:51
46.5%,23250000,-583855.246673286,398.6812574807971,691,1:51:39
46.6%,23300000,-584370.6364497957,399.88434275367007,691,1:51:26
46.7%,23350000,-581061.0700486354,403.4120319514965,691,1:51:14
46.8%,23400000,-582448.3358289688,401.3172202683253,691,1:51:01
46.9%,23450000,-584130.4360172367,403.5327254803967,691,1:50:49
47.0%,23500000,-582479.6951531228,401.3166830567723,691,1:50:36
47.1%,23550000,-582495.681473237,396.33426974113667,691,1:50:24
47.2%,23600000,-583259.714394385,401.1693527883707,691,1:50:11
47.3%,23650000,-582166.3413993944,399.97638499974533,691,1:49:59
47.4%,23700000,-581535.2984181666,401.21841811020846,691,1:49:46
47.5%,23750000,-581709.4993468565,400.7633999248442,691,1:49:34
47.6%,23800000,-582513.7253930932,401.2075395762609,691,1:49:21
47.7%,23850000,-583447.5470972932,399.4584235274249,691,1:49:09
47.8%,23900000,-582541.8296077168,400.23308258680544,691,1:48:57
47.9%,23950000,-583073.6887142453,405.0634202653216,691,1:48:44
48.0%,24000000,-582858.0322923656,400.56678049645774,691,1:48:32
48.1%,24050000,-582497.0453817141,401.25763455357514,691,1:48:19
48.2%,24100000,-582250.1385674309,396.87255571721107,691,1:48:07
48.3%,24150000,-583687.6878640777,402.12894692486066,691,1:47:54
48.4%,24200000,-582525.9047696455,401.3974886278647,691,1:47:42
48.5%,24250000,-584060.6818675529,396.79868912867795,691,1:47:29
48.6%,24300000,-581299.9388296194,398.2861383835888,691,1:47:17
48.7%,24350000,-584443.2377383588,398.31049197399005,691,1:47:04
48.8%,24400000,-581961.6591015062,399.009717577808,691,1:46:52
48.9%,24450000,-584465.865148277,400.7891860793867,691,1:46:39
49.0%,24500000,-582289.5090611144,402.37610900685553,691,1:46:27
49.1%,24550000,-582152.1918617911,399.91773940521296,691,1:46:14
49.2%,24600000,-581590.6403946755,399.21202249513,691,1:46:02
49.3%,24650000,-582974.168785275,399.73025257322695,691,1:45:49
49.4%,24700000,-582214.5720096487,401.9497421043163,691,1:45:37
49.5%,24750000,-583974.8290205868,398.6978215036803,691,1:45:24
49.6%,24800000,-580543.6487641521,396.3990485008988,691,1:45:12
49.7%,24850000,-583641.4102763818,400.9664658918662,691,1:44:59
49.8%,24900000,-583985.1172401723,402.64954968731655,691,1:44:47
49.9%,24950000,-582580.0413580528,396.8732719992817,691,1:44:34
50.0%,25000000,-581743.3299040217,401.6611251974839,691,1:44:22
50.0%,25050000,-582118.2887146473,396.64988152850566,691,1:44:09
50.1%,25100000,-581947.5423330832,397.94572532952446,691,1:43:57
50.2%,25150000,-582508.4954221696,400.4921080905951,691,1:43:44
50.3%,25200000,-582427.7974759992,400.22162207367546,691,1:43:32
50.4%,25250000,-582286.3620415851,402.8869524260992,691,1:43:19
50.5%,25300000,-581735.9997015535,399.15660016991546,691,1:43:07
50.6%,25350000,-582258.8168039019,400.720781141642,691,1:42:54
50.7%,25400000,-583154.5942422557,400.374458760495,691,1:42:42
50.8%,25450000,-583663.887192402,400.97631477033735,691,1:42:30
50.9%,25500000,-582414.6022594618,403.2902639994903,691,1:42:17
51.0%,25550000,-582059.6776899504,401.67428688053167,691,1:42:05
51.1%,25600000,-581395.7248811182,400.7694883224445,691,1:41:52
51.2%,25650000,-580310.2201455003,399.0362647820505,691,1:41:40
51.3%,25700000,-583113.5545159988,399.4092686703283,691,1:41:27
51.4%,25750000,-582854.5414276286,400.4864226016595,691,1:41:15
51.5%,25800000,-581804.4038353846,399.503414994986,691,1:41:02
51.6%,25850000,-582584.6695294366,399.4315629497765,691,1:40:50
51.7%,25900000,-581295.8956221957,397.0607588312677,691,1:40:37
51.8%,25950000,-582672.4154150118,401.4970070680521,691,1:40:25
51.9%,26000000,-583445.815567812,403.00912328677015,691,1:40:12
52.0%,26050000,-582001.6365781953,402.48901296823783,691,1:40:00
52.1%,26100000,-581392.4034578665,404.60276135865115,691,1:39:47
52.2%,26150000,-581670.8381159957,400.4587114390522,691,1:39:35
52.3%,26200000,-582520.0248297025,400.3654156993534,691,1:39:22
52.4%,26250000,-582417.4694952709,400.78685816265715,691,1:39:10
52.5%,26300000,-582337.5217107628,401.50018556974044,691,1:38:57
52.6%,26350000,-583285.5273648328,401.7322161929934,691,1:38:45
52.7%,26400000,-582684.7878086818,395.9733531128007,691,1:38:32
52.8%,26450000,-581497.5123482989,399.0173728424378,691,1:38:20
52.9%,26500000,-580720.1887617577,402.2320467754012,691,1:38:07
53.0%,26550000,-581369.8925587074,399.0375630433035,691,1:37:55
53.1%,26600000,-582672.6527353702,399.3109141885056,691,1:37:42
53.2%,26650000,-583783.582095474,399.34184862043077,691,1:37:30
53.3%,26700000,-583113.3655995005,401.00165324858574,691,1:37:17
53.4%,26750000,-580454.4752823408,400.73470387438977,691,1:37:05
53.5%,26800000,-583864.8376641842,399.8309797394086,691,1:36:52
53.6%,26850000,-581759.9877433148,398.95617549302875,691,1:36:40
53.7%,26900000,-581622.019616486,399.21699170199497,691,1:36:27
53.8%,26950000,-581501.0842282916,402.18611518762236,691,1:36:15
53.9%,27000000,-583534.1057118708,400.272612403578,691,1:36:02
54.0%,27050000,-581718.8802481149,398.47810197851624,691,1:35:50
54.1%,27100000,-581960.9728803895,397.9037332931341,691,1:35:37
54.2%,27150000,-582790.9135196642,400.94730534647704,691,1:35:25
54.3%,27200000,-583697.7695176066,403.8524558896718,691,1:35:12
54.4%,27250000,-582322.4624758707,399.4679590324901,691,1:35:00
54.5%,27300000,-583555.5768912616,400.66007623615656,691,1:34:47
54.6%,27350000,-580838.7478094543,396.0784675066648,691,1:34:35
54.7%,27400000,-580614.3858507872,399.4627212198487,691,1:34:22
54.8%,27450000,-583086.7102236925,401.62620644654095,691,1:34:10
54.9%,27500000,-582395.140802973,400.39854374511975,691,1:33:57
55.0%,27550000,-583364.7066408312,398.727950118276,691,1:33:45
55.1%,27600000,-581863.6356333424,402.4028800492452,691,1:33:32
55.2%,27650000,-582561.9839808592,398.80060798081496,691,1:33:20
55.3%,27700000,-582229.613199254,400.40051352081394,691,1:33:07
55.4%,27750000,-582238.5710765277,403.33503162890435,691,1:32:55
55.5%,27800000,-580416.6085636984,401.44042078447274,691,1:32:42
55.6%,27850000,-582202.3170767194,401.98868994190644,691,1:32:30
55.7%,27900000,-584250.7307577352,400.06914352789124,691,1:32:17
55.8%,27950000,-582700.8720759107,400.27386589720163,691,1:32:05
55.9%,28000000,-583089.6808400652,398.3077163809664,691,1:31:52
56.0%,28050000,-583542.5285832318,402.5550899892529,691,1:31:40
56.1%,28100000,-581972.2661879505,402.57442960515976,691,1:31:27
56.2%,28150000,-583766.7890886259,402.83193300954935,691,1:31:15
56.3%,28200000,-582524.9824954495,399.43344319021185,691,1:31:02
56.4%,28250000,-583831.4230422769,397.22621998958203,691,1:30:50
56.5%,28300000,-582268.3038340919,401.89521513168995,691,1:30:37
56.6%,28350000,-582810.7867886382,400.89139057733894,691,1:30:25
56.7%,28400000,-582486.8283262509,396.683546785825,691,1:30:12
56.8%,28450000,-583291.9258684008,400.29195201948494,691,1:30:00
56.9%,28500000,-581955.3575692629,402.75502222221604,691,1:29:47
57.0%,28550000,-583483.6764040813,400.10585298401077,691,1:29:35
57.1%,28600000,-583522.117081082,399.42766816601744,691,1:29:23
57.2%,28650000,-582316.5239150277,398.5409557302135,691,1:29:10
57.3%,28700000,-582583.8999205497,400.75225278512005,691,1:28:58
57.4%,28750000,-582361.1880600401,399.8506327287213,691,1:28:45
57.5%,28800000,-582878.5946640805,401.38056646394614,691,1:28:33
57.6%,28850000,-582272.9681665697,400.6167411708838,691,1:28:20
57.7%,28900000,-582132.0954095712,400.2761490463018,691,1:28:08
57.8%,28950000,-584147.009684396,402.14994294305586,691,1:27:55
57.9%,29000000,-583353.9658529572,401.39533978165275,691,1:27:43
58.0%,29050000,-583440.9642340066,404.41966175434766,691,1:27:30
58.1%,29100000,-582466.6842968026,401.28328640522943,691,1:27:18
58.2%,29150000,-582256.5536056594,397.0195726122068,691,1:27:05
58.3%,29200000,-581503.4599650917,397.914969968117,691,1:26:53
58.4%,29250000,-582691.1908524018,397.578272627294,691,1:26:40
58.5%,29300000,-582229.9439621824,403.6409736083198,691,1:26:28
58.6%,29350000,-581731.3146383809,401.2011378052547,691,1:26:15
58.7%,29400000,-582702.7643146901,397.473605909724,691,1:26:03
58.8%,29450000,-581977.5101123434,399.56246349818315,691,1:25:50
58.9%,29500000,-583674.9971491364,397.88699019973325,691,1:25:38
59.0%,29550000,-581164.2400030219,403.812254558458,691,1:25:25
59.1%,29600000,-582684.6791814249,399.5412436418408,691,1:25:12
59.2%,29650000,-583400.3803226007,400.02997185215395,691,1:25:00
59.3%,29700000,-581534.3014549045,397.11282358427627,691,1:24:47
59.4%,29750000,-580970.2393346131,401.46947497596244,691,1:24:35
59.5%,29800000,-583590.4683760195,402.15415110022076,691,1:24:23
59.6%,29850000,-581492.3334783847,399.2996775135227,691,1:24:10
59.7%,29900000,-582354.3566018757,399.07973415021155,691,1:23:58
59.8%,29950000,-581902.2023586337,401.91254020427317,691,1:23:45
59.9%,30000000,-582905.6328497794,401.0688046927068,691,1:23:33
60.0%,30050000,-582991.4626832139,400.4068257565613,691,1:23:20
60.1%,30100000,-582554.2196303336,402.2398363429192,691,1:23:08
60.2%,30150000,-582377.2663922212,399.57947519736047,691,1:22:55
60.3%,30200000,-580705.8837110419,401.46929590544477,691,1:22:43
60.4%,30250000,-582297.9171468723,399.10977322954835,691,1:22:30
60.5%,30300000,-583429.0512205437,402.4616151790364,691,1:22:18
60.6%,30350000,-581602.9780429634,399.3062135874171,691,1:22:05
60.7%,30400000,-581592.2161481124,401.21215064209053,691,1:21:53
60.8%,30450000,-582434.5677098855,399.8170122390314,691,1:21:40
60.9%,30500000,-582650.2897241674,398.7404402868825,691,1:21:28
61.0%,30550000,-583572.3103043977,402.39692595453306,691,1:21:15
61.1%,30600000,-581978.7790045971,397.4121847221679,691,1:21:03
61.2%,30650000,-581832.1605054308,402.4998915021854,691,1:20:50
61.3%,30700000,-581905.8878970216,401.36015242493335,691,1:20:38
61.4%,30750000,-583409.3429004638,402.2279729211245,691,1:20:25
61.5%,30800000,-582223.4209065121,398.62220897760005,691,1:20:13
61.6%,30850000,-582427.8258753843,400.0346724532424,691,1:20:00
61.7%,30900000,-582178.204231347,402.4868641220259,691,1:19:48
61.8%,30950000,-583412.0207433156,397.92683338991174,691,1:19:35
61.9%,31000000,-583962.2829426564,400.625739464396,691,1:19:22
62.0%,31050000,-581127.7344890824,400.12949029234136,691,1:19:10
62.1%,31100000,-581154.7714072401,398.00043137266846,691,1:18:58
62.2%,31150000,-582393.1397238779,402.22443627840084,691,1:18:45
62.3%,31200000,-582345.204969916,403.6387352268492,691,1:18:33
62.4%,31250000,-581757.8836426898,399.28794839461625,691,1:18:20
62.5%,31300000,-581281.9475838873,403.0808410290914,691,1:18:07
62.6%,31350000,-582492.5685708495,399.9069056388947,691,1:17:55
62.7%,31400000,-580920.8487081733,397.7185743778776,691,1:17:42
62.8%,31450000,-583185.5989786182,398.351678193051,691,1:17:30
62.9%,31500000,-582451.4382202313,404.2997740427769,691,1:17:18
63.0%,31550000,-581163.0033144699,401.2356088799035,691,1:17:05
63.1%,31600000,-582202.3385456922,398.08947418757293,691,1:16:53
63.2%,31650000,-581960.9603467067,402.5038758212032,691,1:16:40
63.3%,31700000,-582528.9047950055,403.0367001464892,691,1:16:28
63.4%,31750000,-583247.1252244748,400.4445648681574,691,1:16:15
63.5%,31800000,-581408.0397017943,400.93423319868816,691,1:16:03
63.6%,31850000,-582797.5190682984,399.40067328548076,691,1:15:50
63.7%,31900000,-583058.9419155479,403.2388259932935,691,1:15:38
63.8%,31950000,-582935.0034771641,398.8902327749019,691,1:15:25
63.9%,32000000,-583042.4417133154,396.9501380189856,691,1:15:13
64.0%,32050000,-582471.2363714864,401.8187072530214,691,1:15:00
64.1%,32100000,-582206.3105377816,402.2185717189476,691,1:14:48
64.2%,32150000,-580655.8840815332,403.41158427520236,691,1:14:35
64.3%,32200000,-581983.1359967529,401.2466217167393,691,1:14:23
64.4%,32250000,-583449.9097198895,403.40307842561367,691,1:14:10
64.5%,32300000,-581881.0154075027,397.9472474289246,691,1:13:58
64.6%,32350000,-582392.4320600801,403.63264682924887,691,1:13:45
64.7%,32400000,-582163.8993931338,401.47081800484483,691,1:13:33
64.8%,32450000,-583307.6581775188,403.622171203966,691,1:13:20
64.9%,32500000,-582015.0680336822,398.118886520098,691,1:13:08
65.0%,32550000,-582501.856133509,399.8444995634916,691,1:12:55
65.1%,32600000,-581293.22040733,400.94596231759465,691,1:12:43
65.2%,32650000,-582431.1565905451,400.54560540774486,691,1:12:30
65.3%,32700000,-582358.5097384467,401.1169746619563,691,1:12:18
65.4%,32750000,-581216.9662819258,400.64951107561484,691,1:12:05
65.5%,32800000,-584371.8768692324,400.3583424139059,691,1:11:53
65.6%,32850000,-582018.0902130031,402.57456390804805,691,1:11:40
65.7%,32900000,-582484.8406785396,400.45360792929904,691,1:11:28
65.8%,32950000,-581644.6894197403,396.804106011837,691,1:11:15
65.9%,33000000,-581312.3563978812,398.02626229484036,691,1:11:03
66.0%,33050000,-582857.3238166184,402.09828109871205,691,1:10:50
66.1%,33100000,-582637.3992936495,400.35391041859396,691,1:10:38
66.2%,33150000,-583288.8132932358,398.6669318393847,691,1:10:25
66.3%,33200000,-582501.1292019351,401.7629715544009,691,1:10:13
66.4%,33250000,-582986.5140741072,399.29743913205203,691,1:10:00
66.5%,33300000,-582878.376971283,398.21451017652635,691,1:09:48
66.6%,33350000,-582464.0254197353,399.9697593905921,691,1:09:35
66.7%,33400000,-584358.4969503828,400.4501160542047,691,1:09:23
66.8%,33450000,-583612.7016766667,401.23140072273856,691,1:09:10
66.9%,33500000,-582922.5165243372,406.509504230654,691,1:08:58
67.0%,33550000,-582942.4950117478,401.67513746549054,691,1:08:45
67.1%,33600000,-581363.4763291269,400.1568880815428,691,1:08:33
67.2%,33650000,-581264.9971039458,401.3916688360408,691,1:08:20
67.3%,33700000,-583681.4734449582,401.17794817321817,691,1:08:08
67.4%,33750000,-582485.8648475697,400.57174970332267,691,1:07:55
67.5%,33800000,-582537.2039368595,400.3052480054209,691,1:07:43
67.6%,33850000,-581325.6689308328,402.1447498980438,691,1:07:30
67.7%,33900000,-583654.8500119671,400.22130870026956,691,1:07:18
67.8%,33950000,-582356.7729623509,401.27478055564075,691,1:07:05
67.9%,34000000,-583562.8366769832,400.70000896159394,691,1:06:53
68.0%,34050000,-583793.9309804006,402.50674094948573,691,1:06:40
68.1%,34100000,-583012.5431182534,401.3573768319096,691,1:06:28
68.2%,34150000,-582705.757645485,398.51740795714176,691,1:06:15
68.3%,34200000,-582673.3604660598,398.96275633455264,691,1:06:03
68.4%,34250000,-581961.5843343791,399.0094489720315,691,1:05:50
68.5%,34300000,-582001.9176211231,398.2575766360227,691,1:05:38
68.6%,34350000,-581569.5673725163,398.68967379512696,691,1:05:25
68.7%,34400000,-581453.4497223729,399.3196886438708,691,1:05:13
68.8%,34450000,-582977.8578362968,400.6903391536404,691,1:05:00
68.9%,34500000,-582855.4435960557,402.27171089506203,691,1:04:48
69.0%,34550000,-582531.2856015423,396.25968687053285,691,1:04:35
69.1%,34600000,-583721.2236270471,401.2426821653509,691,1:04:23
69.2%,34650000,-582616.0967473243,405.90702147399975,691,1:04:10
69.3%,34700000,-581434.4401032422,398.037364666935,691,1:03:58
69.4%,34750000,-582749.8474595207,401.7955623886143,691,1:03:45
69.5%,34800000,-582438.133810536,402.55616441235884,691,1:03:33
69.6%,34850000,-581672.7512223846,402.09505782939425,691,1:03:20
69.7%,34900000,-580875.5428575906,403.5693454012574,691,1:03:08
69.8%,34950000,-583075.9290719298,400.86681314879064,691,1:02:55
69.9%,35000000,-583034.4431225513,403.2335434130227,691,1:02:43
70.0%,35050000,-583707.8733403925,399.07610797222895,691,1:02:30
70.1%,35100000,-581685.7532638786,403.883614159744,691,1:02:18
70.2%,35150000,-583327.2315942785,401.62616167891156,691,1:02:05
70.3%,35200000,-581197.9975222754,400.514044229008,691,1:01:53
70.4%,35250000,-582896.3212439637,402.83112719221987,691,1:01:40
70.5%,35300000,-582785.0798719022,400.3122317556095,691,1:01:28
70.6%,35350000,-583326.5721584274,403.0439077348248,691,1:01:15
70.7%,35400000,-582611.7830577483,399.86898745678104,691,1:01:03
70.8%,35450000,-582590.2506248024,400.639259288479,691,1:00:50
70.9%,35500000,-582993.3581125671,400.8459066658542,691,1:00:38
71.0%,35550000,-582878.2746315622,403.02425474551205,691,1:00:25
71.1%,35600000,-581724.5573285832,404.03671945234,691,1:00:13
71.2%,35650000,-582564.2119285553,398.7994440224502,691,1:00:00
71.3%,35700000,-582932.1992130615,403.94476674152355,691,59:48
71.4%,35750000,-580688.6829927186,398.1076050774857,691,59:35
71.5%,35800000,-581893.598591255,401.2471589282923,691,59:23
71.6%,35850000,-584229.7373599685,401.1847528528891,691,59:10
71.7%,35900000,-582521.3702992313,401.25333686115147,691,58:58
71.8%,35950000,-582089.8531213682,398.04448272001184,691,58:45
71.9%,36000000,-583197.7869688533,399.5699844599247,691,58:33
72.0%,36050000,-582838.5468501649,403.56845004866915,691,58:20
72.1%,36100000,-582479.7992683882,400.31455967233904,691,58:08
72.2%,36150000,-581047.7986022485,400.4861092282536,691,57:55
72.3%,36200000,-581674.8915643869,401.37658214492825,691,57:43
72.4%,36250000,-583126.1881148508,403.46396240161675,691,57:30
72.5%,36300000,-582695.7416225737,401.7956519238731,691,57:18
72.6%,36350000,-581490.6696288581,400.78712676843367,691,57:05
72.7%,36400000,-582820.382779147,400.53020534322644,691,56:53
72.8%,36450000,-581645.8952830592,396.67732408533647,691,56:40
72.9%,36500000,-581735.7710178257,401.2685578551522,691,56:28
73.0%,36550000,-584324.3907821719,401.1399852234751,691,56:15
73.1%,36600000,-582010.4325627363,399.86446592621024,691,56:03
73.2%,36650000,-582580.9311519703,401.1458050152989,691,55:50
73.3%,36700000,-581619.3006894616,398.2206881093855,691,55:38
73.4%,36750000,-582913.5795897101,399.89831025404726,691,55:25
73.5%,36800000,-582225.2126157614,401.6992224501153,691,55:13
73.6%,36850000,-584021.5678649098,398.40821970900095,691,55:00
73.7%,36900000,-585530.5105027738,401.12082467808585,691,54:48
73.8%,36950000,-582571.8635647814,403.8005254395515,691,54:35
73.9%,37000000,-583468.4529539351,399.5658658380186,691,54:23
74.0%,37050000,-583906.8183351778,397.68822192513494,691,54:10
74.1%,37100000,-581343.0720807929,398.13451042276347,691,53:58
74.2%,37150000,-584928.1893489626,401.19880988852515,691,53:45
74.3%,37200000,-582750.7562647425,399.86540604642795,691,53:33
74.4%,37250000,-582887.7289061747,399.71574786129685,691,53:20
74.5%,37300000,-583037.1695834356,402.2044699156821,691,53:08
74.6%,37350000,-583225.0000744509,400.9867008603614,691,52:55
74.7%,37400000,-584905.826422031,401.64294953994187,691,52:43
74.8%,37450000,-583388.2750791861,400.4886162155008,691,52:30
74.9%,37500000,-582906.1251707822,399.1679263801572,691,52:18
75.0%,37550000,-582609.2526186602,396.7380737584513,691,52:05
75.1%,37600000,-584769.1197380857,398.50263463943514,691,51:53
75.2%,37650000,-583101.8660865496,399.468809617449,691,51:40
75.3%,37700000,-582677.7728194273,402.67188873439414,691,51:28
75.4%,37750000,-581977.6183294579,402.38260031312063,691,51:15
75.5%,37800000,-581422.2441402939,397.6397833501089,691,51:03
75.6%,37850000,-583119.4288902716,399.75872478553424,691,50:50
75.7%,37900000,-583591.0859807953,395.87083524144253,691,50:38
75.8%,37950000,-582401.1799872927,399.4696154347784,691,50:25
75.9%,38000000,-582608.7301854589,398.3429932729446,691,50:13
76.0%,38050000,-580044.7818367868,400.68075888094586,691,50:00
76.1%,38100000,-582179.2382647479,399.12539713221383,691,49:48
76.2%,38150000,-582996.1156222704,400.02066018523584,691,49:35
76.3%,38200000,-583368.2197607644,400.6636576465097,691,49:23
76.4%,38250000,-580628.881030831,401.3163696833664,691,49:10
76.5%,38300000,-582400.6822604607,399.73329677202713,691,48:58
76.6%,38350000,-581551.2345178835,403.56656980823374,691,48:45
76.7%,38400000,-583057.3971219631,402.3275808965708,691,48:33
76.8%,38450000,-581225.4545314335,400.40400539590826,691,48:20
76.9%,38500000,-583316.2918798053,403.4784223459175,691,48:08
77.0%,38550000,-582552.4361016811,401.53331361550687,691,47:55
77.1%,38600000,-584002.6438186616,399.71789670750866,691,47:43
77.2%,38650000,-581541.5184172457,399.04342760275676,691,47:30
77.3%,38700000,-582691.5681763636,397.7528663820088,691,47:18
77.4%,38750000,-580664.9614651375,401.0080102519625,691,47:05
77.5%,38800000,-582326.0347251086,403.7385670404425,691,46:53
77.6%,38850000,-581650.7973558586,399.1008644712949,691,46:40
77.7%,38900000,-582873.889158179,402.3214029637116,691,46:28
77.8%,38950000,-582236.0695492211,402.351397275419,691,46:15
77.9%,39000000,-583573.9003565297,400.3321085830693,691,46:03
78.0%,39050000,-582031.956405784,398.40262375532416,691,45:50
78.1%,39100000,-581706.5740206819,402.4178324374695,691,45:38
78.2%,39150000,-582594.5768631343,400.0115723564648,691,45:25
78.3%,39200000,-582575.5734386914,403.30718616340874,691,45:13
78.4%,39250000,-581092.2310005366,403.1644669608369,691,45:00
78.5%,39300000,-582915.4719725628,401.12400317977426,691,44:48
78.6%,39350000,-580727.2270145961,398.27973661258267,691,44:35
78.7%,39400000,-583613.1786193182,400.98419387311424,691,44:23
78.8%,39450000,-584712.7479230701,400.0361945526425,691,44:10
78.9%,39500000,-580677.5430715089,402.30591336393434,691,43:58
79.0%,39550000,-581574.5858046617,400.6525105067856,691,43:45
79.1%,39600000,-582410.370453442,404.6954303515382,691,43:33
79.2%,39650000,-583827.614324051,401.88478427403646,691,43:20
79.3%,39700000,-580361.6051910724,399.07351144972296,691,43:08
79.4%,39750000,-582593.1354119447,397.1996727853395,691,42:55
79.5%,39800000,-579867.4455107874,402.19950070881714,691,42:43
79.6%,39850000,-582376.0685682073,401.89843840100775,691,42:30
79.7%,39900000,-583185.9268975384,403.31166292635015,691,42:18
79.8%,39950000,-582343.7394275824,401.94611592633373,691,42:05
79.9%,40000000,-581566.0488032531,401.67079500543736,691,41:53
80.0%,40050000,-583222.2801642232,402.71007552228434,691,41:40
80.1%,40100000,-582784.89877069,399.19599568379977,691,41:28
80.2%,40150000,-581557.9945267611,399.2008305877765,691,41:15
80.3%,40200000,-583329.4770891815,401.51558563425885,691,41:03
80.4%,40250000,-583186.3761001639,398.7038651336512,691,40:50
80.5%,40300000,-581296.600518336,401.1026937881732,691,40:38
80.6%,40350000,-583891.2240475221,400.9829403794906,691,40:25
80.7%,40400000,-581207.6189321107,399.05247066389836,691,40:13
80.8%,40450000,-582801.8702180623,401.60597147804583,691,40:00
80.9%,40500000,-583590.8248248152,401.4959326449461,691,39:48
81.0%,40550000,-581828.3860745784,399.60920090329137,691,39:35
81.1%,40600000,-581537.3655749205,402.4279051540876,691,39:23
81.2%,40650000,-584022.6760054119,402.386316026362,691,39:10
81.3%,40700000,-583453.1572497911,401.9689921849643,691,38:58
81.4%,40750000,-581837.528604832,402.00203069547183,691,38:45
81.5%,40800000,-582847.6842400376,398.67037894684955,691,38:33
81.6%,40850000,-582181.3366138465,400.9409483431003,691,38:20
81.7%,40900000,-583186.5365831535,403.7080355171821,691,38:08
81.8%,40950000,-583389.788244409,400.5262210242086,691,37:55
81.9%,41000000,-582061.5779282469,400.69221939407583,691,37:43
82.0%,41050000,-583077.1027198895,400.6764164208927,691,37:30
82.1%,41100000,-584385.2959513143,399.0911946633415,691,37:18
82.2%,41150000,-582841.3919799691,406.3934665352127,691,37:05
82.3%,41200000,-583914.9710873757,397.2028512870279,691,36:53
82.4%,41250000,-583234.954643717,402.55450801007055,691,36:40
82.5%,41300000,-583010.103448737,400.9474844169947,691,36:28
82.6%,41350000,-580310.7369719129,400.6970542980526,691,36:15
82.7%,41400000,-582331.8495273674,401.86244522695887,691,36:03
82.8%,41450000,-582479.295763067,402.7703327514756,691,35:50
82.9%,41500000,-583476.8798932424,402.0898647843822,691,35:38
83.0%,41550000,-581794.333572512,397.13229750307136,691,35:25
83.1%,41600000,-583856.6317697284,399.2741599647567,691,35:13
83.2%,41650000,-581809.6910377657,401.8781138972538,691,35:00
83.3%,41700000,-581842.9008045522,394.7752818144221,691,34:48
83.4%,41750000,-583769.6475497568,401.7835646639313,691,34:35
83.5%,41800000,-581712.6380153508,398.09887538974994,691,34:23
83.6%,41850000,-583167.5310334978,398.29182387252445,691,34:10
83.7%,41900000,-582550.2120322548,400.3651023259475,691,33:58
83.8%,41950000,-582089.3979282668,402.302958700393,691,33:45
83.9%,42000000,-580814.873511258,401.457208645503,691,33:33
84.0%,42050000,-582658.4732283084,397.8663523225734,691,33:20
84.1%,42100000,-583206.918357607,399.75263638793393,691,33:08
84.2%,42150000,-583732.2968623955,401.1943778932132,691,32:55
84.3%,42200000,-583860.0146438763,398.98710992495387,691,32:43
84.4%,42250000,-583222.4965907512,397.49415425162505,691,32:30
84.5%,42300000,-583449.251853101,402.33138614507095,691,32:18
84.6%,42350000,-582905.1569509567,402.7027336310604,691,32:05
84.7%,42400000,-583867.0660943068,397.20517920375744,691,31:53
84.8%,42450000,-582641.3854545057,400.10907625332857,691,31:40
84.9%,42500000,-581769.7783554695,399.1755368771576,691,31:28
85.0%,42550000,-581042.4338470506,400.19937256185665,691,31:15
85.1%,42600000,-582290.0640413403,399.75209917638097,691,31:03
85.2%,42650000,-583399.6612183745,402.9050833160119,691,30:50
85.3%,42700000,-582786.3290063939,399.8621827771101,691,30:38
85.4%,42750000,-582304.7172530298,399.4590502742367,691,30:25
85.5%,42800000,-582261.0098813805,398.228209071127,691,30:13
85.6%,42850000,-582455.4210967198,402.9791737426921,691,30:00
85.7%,42900000,-582049.3669040799,399.92275337970733,691,29:48
85.8%,42950000,-582723.7826216151,401.4486580282849,691,29:35
85.9%,43000000,-583499.7597295307,399.2633261984385,691,29:23
86.0%,43050000,-582736.4539365866,397.922535697488,691,29:10
86.1%,43100000,-581860.928016068,400.68832461031684,691,28:58
86.2%,43150000,-584041.6776141352,398.4875031806932,691,28:45
86.3%,43200000,-581294.2098809187,397.74910590113797,691,28:33
86.4%,43250000,-584437.5132273175,401.37170247332216,691,28:20
86.5%,43300000,-583006.8663460645,400.0323893041423,691,28:08
86.6%,43350000,-583063.7272775699,402.2988848461164,691,27:55
86.7%,43400000,-581058.8863876392,401.14405907775176,691,27:43
86.8%,43450000,-583781.5694941441,401.1027385558026,691,27:30
86.9%,43500000,-581618.2202106961,398.6268200434297,691,27:18
87.0%,43550000,-582596.307175511,397.03506221198404,691,27:05
87.1%,43600000,-584158.5801959648,401.4289602713427,691,26:53
87.2%,43650000,-582095.5608836245,399.7534422052634,691,26:40
87.3%,43700000,-584397.4521959601,402.4587948183833,691,26:28
87.4%,43750000,-583613.5388232148,396.6756676830481,691,26:15
87.5%,43800000,-582688.4223048859,400.1965522012036,691,26:03
87.6%,43850000,-583732.9049064638,402.58454708940735,691,25:50
87.7%,43900000,-584253.9311560029,398.736276897347,691,25:38
87.8%,43950000,-581784.2166508897,403.6810854042748,691,25:25
87.9%,44000000,-583821.0064866468,397.6146687100076,691,25:13
88.0%,44050000,-581446.1533076405,403.6989029207816,691,25:00
88.1%,44100000,-584828.6237751157,400.35695461739414,691,24:48
88.2%,44150000,-582239.1510076849,399.418535569617,691,24:35
88.3%,44200000,-582044.1132540712,398.69670231294504,691,24:23
88.4%,44250000,-582327.6306513133,399.9728931246511,691,24:10
88.5%,44300000,-582340.3481420553,403.79989869273976,691,23:58
88.6%,44350000,-582263.5707086339,398.8466291038526,691,23:45
88.7%,44400000,-583477.1948598009,398.0759095958605,691,23:33
88.8%,44450000,-583712.7094783061,400.2321872342172,691,23:20
88.9%,44500000,-583281.2938853526,400.7028740898764,691,23:08
89.0%,44550000,-582901.3462622026,395.1382577537111,691,22:55
89.1%,44600000,-583556.2321184021,399.19160845611725,691,22:43
89.2%,44650000,-582476.8588140258,402.1485999141734,691,22:30
89.3%,44700000,-583352.2878955826,397.3168296715161,691,22:18
89.4%,44750000,-583072.4779102919,399.63364402895144,691,22:05
89.5%,44800000,-583432.1882344251,401.24568159652165,691,21:53
89.6%,44850000,-580751.1661084057,399.3050496290524,691,21:40
89.7%,44900000,-583907.5827655271,400.5129250382726,691,21:28
89.8%,44950000,-582112.8828272503,400.50629942911934,691,21:15
89.9%,45000000,-582578.2636229424,399.87440433994016,691,21:03
90.0%,45050000,-582206.9257799233,401.72308359659297,691,20:50
90.1%,45100000,-582382.3518591505,400.0947506119161,691,20:38
90.2%,45150000,-583155.9034175822,401.86351965006486,691,20:25
90.3%,45200000,-581122.9428820554,400.5491420504686,691,20:13
90.4%,45250000,-583435.334946916,400.8461305040013,691,20:00
90.5%,45300000,-583297.4999132459,400.03834339885435,691,19:48
90.6%,45350000,-582708.6702142535,399.36870919807916,691,19:35
90.7%,45400000,-584526.9800337446,401.0960234113905,691,19:23
90.8%,45450000,-584068.5744678439,399.25329824944976,691,19:10
90.9%,45500000,-583271.4840777689,399.4899847061618,691,18:58
91.0%,45550000,-582736.849431016,396.51217630042805,691,18:45
91.1%,45600000,-582954.6964915805,398.9427452042046,691,18:33
91.2%,45650000,-583986.5572219021,399.9137998538245,691,18:20
91.3%,45700000,-582246.7710330673,400.94247044250034,691,18:08
91.4%,45750000,-581492.1581912143,401.27137821580527,691,17:55
91.5%,45800000,-583611.0272924872,400.77289066227996,691,17:43
91.6%,45850000,-582327.3610641342,396.3009626248526,691,17:30
91.7%,45900000,-579529.7682568156,400.3204689994216,691,17:18
91.8%,45950000,-582458.7749345074,398.5968257317223,691,17:05
91.9%,46000000,-582660.6771585625,401.97951257787656,691,16:53
92.0%,46050000,-583186.1338716135,402.12187363941325,691,16:40
92.1%,46100000,-583965.5026645218,398.7952358652853,691,16:27
92.2%,46150000,-581592.996905786,400.53087685766764,691,16:15
92.3%,46200000,-582334.5665211515,400.9797618778022,691,16:02
92.4%,46250000,-582395.3373406278,400.30148752455005,691,15:50
92.5%,46300000,-582207.6619224958,401.1583399515348,691,15:37
92.6%,46350000,-582237.1106968797,399.8662566313868,691,15:25
92.7%,46400000,-582568.9603898455,402.2859470012157,691,15:12
92.8%,46450000,-582653.3761438588,402.7573501389455,691,15:00
92.9%,46500000,-584459.2682774533,400.59749109023574,691,14:47
93.0%,46550000,-582099.4131177599,399.56828329000695,691,14:35
93.1%,46600000,-583149.9812222952,400.3719517732478,691,14:22
93.2%,46650000,-582613.1570962705,399.07592890171134,691,14:10
93.3%,46700000,-581282.4592785351,398.0332012773995,691,13:57
93.4%,46750000,-581852.4246042469,401.10681241007927,691,13:45
93.5%,46800000,-581825.2897692774,398.8558512355119,691,13:32
93.6%,46850000,-582660.8546277587,399.3984796716395,691,13:20
93.7%,46900000,-582721.6636190726,400.0136764350473,691,13:07
93.8%,46950000,-581441.4783997671,403.6568661167619,691,12:55
93.9%,47000000,-583821.5017919978,400.30672533719155,691,12:42
94.0%,47050000,-581550.793512261,402.35954498397234,691,12:30
94.1%,47100000,-582468.8002935685,403.5207277557137,691,12:17
94.2%,47150000,-582782.8424213566,403.0289553466005,691,12:05
94.3%,47200000,-581867.0661432203,400.40642284789664,691,11:52
94.4%,47250000,-583902.7208569977,399.3054077700877,691,11:40
94.5%,47300000,-582644.460385134,401.8086345364032,691,11:27
94.6%,47350000,-583242.5285321632,400.3167085185509,691,11:15
94.7%,47400000,-584289.2355513442,400.37401108420084,691,11:02
94.8%,47450000,-581466.9034005962,402.31737387706437,691,10:50
94.9%,47500000,-582556.5500079351,401.5876615176155,691,10:37
95.0%,47550000,-580974.3964601094,401.01145735942737,691,10:25
95.1%,47600000,-582803.1346494104,401.0748035550483,691,10:12
95.2%,47650000,-582471.0145952892,400.3962605960196,691,10:00
95.3%,47700000,-582443.2891534595,402.45369130863014,691,9:47
95.4%,47750000,-582306.7951781475,399.11532441559564,691,9:35
95.5%,47800000,-582614.2936163489,400.4182415020619,691,9:22
95.6%,47850000,-582289.3901937762,399.965103557133,691,9:10
95.7%,47900000,-582853.655649615,397.9438450890891,691,8:57
95.8%,47950000,-582447.4099142626,400.6727007076513,691,8:45
95.9%,48000000,-583142.2376014977,402.2357624886426,691,8:32
96.0%,48050000,-582301.0063741719,400.3583424139059,691,8:20
96.1%,48100000,-583617.5896632592,395.848720032512,691,8:07
96.2%,48150000,-583108.588325961,400.8156885159998,691,7:55
96.3%,48200000,-583016.9690642892,399.4042546958339,691,7:42
96.4%,48250000,-583989.8513540667,399.3799906406915,691,7:30
96.5%,48300000,-581831.118620092,401.7499889418708,691,7:17
96.6%,48350000,-580967.5098170764,400.91757964054614,691,7:05
96.7%,48400000,-583697.0417084754,397.3943672056611,691,6:52
96.8%,48450000,-583594.0919974609,399.275816367045,691,6:40
96.9%,48500000,-583170.2387509602,398.1059039075679,691,6:27
97.0%,48550000,-582477.707684088,401.7770733576663,691,6:15
97.1%,48600000,-583927.5630750018,399.37936389387966,691,6:02
97.2%,48650000,-584052.3875124305,403.254987107512,691,5:50
97.3%,48700000,-582565.041267131,400.92366803814645,691,5:37
97.4%,48750000,-583020.9904409032,400.7454033378197,691,5:25
97.5%,48800000,-580991.0250581396,399.55458439540627,691,5:12
97.6%,48850000,-580602.8909333702,400.6271272609078,691,5:00
97.7%,48900000,-582642.391430622,403.60681590707696,691,4:47
97.8%,48950000,-582864.6418545763,399.5354686176464,691,4:35
97.9%,49000000,-581686.9989762129,398.96911333792946,691,4:22
98.0%,49050000,-581220.1172333355,398.32750367316737,691,4:10
98.1%,49100000,-582439.7886467278,405.22570292194746,691,3:57
98.2%,49150000,-582531.4287729948,399.4930736725913,691,3:45
98.3%,49200000,-582843.2064096876,402.33590767564175,691,3:32
98.4%,49250000,-582948.9356363332,397.4435220627577,691,3:20
98.5%,49300000,-583889.8494397472,403.8586785901603,691,3:07
98.6%,49350000,-582952.7699471274,400.618173735025,691,2:55
98.7%,49400000,-583002.1897807606,400.7409265748783,691,2:42
98.8%,49450000,-582902.605474622,400.27467171453105,691,2:30
98.9%,49500000,-581777.4279963239,397.794947953658,691,2:17
99.0%,49550000,-584564.3367615226,401.05756801772384,691,2:05
99.1%,49600000,-581697.0525916554,401.50815420777616,691,1:52
99.2%,49650000,-581961.2005352895,403.7156012465531,691,1:40
99.3%,49700000,-583509.55550717,397.6375449686382,691,1:27
99.4%,49750000,-582887.5138255907,401.26255899281074,691,1:15
99.5%,49800000,-582315.7921551042,401.0344679209462,691,1:02
99.6%,49850000,-581785.0156687382,401.5557869654727,691,0:50
99.7%,49900000,-582113.6847586376,398.5970048022399,691,0:37
99.8%,49950000,-582349.9121610285,398.53701617882507,691,0:25
99.9%,50000000,-583364.6378822909,398.90599098045567,691,0:12
100.0%,50050000,-581900.4535808605,398.35633402651007,691,0:00
  done in 3.47 h
Wrote data/md/prod_mut_400K_rep3.dcd and data/md/prod_mut_400K_rep3_final.pdb
