[mut 400K rep1] equilibrating 100 ps at 400.0 K...
[mut 400K rep1] production 100.0 ns (50000000 steps)...
#"Progress (%)","Step","Potential Energy (kJ/mole)","Temperature (K)","Speed (ns/day)","Time Remaining"
0.2%,100000,-583451.1436522254,403.66926675010956,0,--
0.3%,150000,-582013.3892777893,399.8693455978164,695,3:26:49
0.4%,200000,-582193.0545178014,402.07759845392275,697,3:26:00
0.5%,250000,-582834.6249604588,401.47404127416263,699,3:25:17
0.6%,300000,-582837.8284663777,399.614349180674,697,3:25:25
0.7%,350000,-581532.130306554,398.7635851512896,696,3:25:32
0.8%,400000,-582043.5082236179,403.4087639145493,697,3:25:16
0.9%,450000,-582591.963586763,400.1997754705214,697,3:24:59
1.0%,500000,-584355.7698490438,399.55019716772364,697,3:24:52
1.1%,550000,-582314.313806491,401.0093532808449,697,3:24:36
1.2%,600000,-584537.3327331892,398.3678840748989,696,3:24:31
1.3%,650000,-582340.7825226579,396.9701491493337,696,3:24:20
1.4%,700000,-582230.6733646435,399.78912200590645,697,3:23:59
1.5%,750000,-583565.0437009907,400.89483768480375,696,3:23:52
1.6%,800000,-581874.9195179413,397.08779847943384,696,3:23:44
1.7%,850000,-583448.4624257265,398.3293391459734,696,3:23:36
1.8%,900000,-582395.2392957658,400.7190799717243,696,3:23:23
1.9%,950000,-581305.710190054,400.640557549732,696,3:23:14
2.0%,1000000,-583675.5696348315,402.3422199113891,696,3:22:58
2.1%,1050000,-583043.1181651969,402.55159811415865,696,3:22:41
2.2%,1100000,-581184.9355116799,401.5290159230831,696,3:22:27
2.3%,1150000,-583015.7579026334,401.63278728806483,696,3:22:19
2.4%,1200000,-583773.8249402624,402.49796649412065,696,3:22:07
2.5%,1250000,-583727.9867820353,401.63341403487664,696,3:21:54
2.6%,1300000,-581757.8958543898,401.0311103487401,696,3:21:39
2.7%,1350000,-582849.7357392027,396.9471385878149,696,3:21:33
2.8%,1400000,-583033.7791140438,402.1383481270376,696,3:21:23
2.9%,1450000,-582431.947954345,399.2289446590485,696,3:21:09
3.0%,1500000,-583928.9173817467,401.36503209653944,696,3:20:57
3.1%,1550000,-583118.3502252009,401.4290050389721,696,3:20:45
3.2%,1600000,-583202.1205589892,402.48775947461417,696,3:20:34
3.3%,1650000,-581783.0371886375,401.4814727006454,696,3:20:21
3.4%,1700000,-583279.7424902921,399.716195537591,696,3:20:12
3.5%,1750000,-583562.9794967487,401.1526992302287,695,3:20:00
3.6%,1800000,-583015.4978154842,397.89871931863973,695,3:19:50
3.7%,1850000,-582782.1937869759,402.6237635327741,695,3:19:38
3.8%,1900000,-581691.0685359854,402.14255628420256,695,3:19:25
3.9%,1950000,-583276.8210968059,401.0669244522714,695,3:19:16
4.0%,2000000,-584475.5540302168,404.09778249886074,695,3:19:02
4.1%,2050000,-583474.292055028,400.7976023937165,695,3:18:48
4.2%,2100000,-583603.7561483006,399.5193970386868,695,3:18:36
4.3%,2150000,-583001.9065001165,400.7108874955415,695,3:18:26
4.4%,2200000,-581357.0111040892,402.0866415150644,695,3:18:12
4.5%,2250000,-581965.5237396997,400.47482778564125,695,3:17:59
4.6%,2300000,-583024.9639899675,399.6976169713841,695,3:17:48
4.7%,2350000,-582316.9634643258,402.4973397473088,695,3:17:35
4.8%,2400000,-582871.2055103341,399.8241750597376,695,3:17:22
4.9%,2450000,-583824.3872833275,402.4431261480884,695,3:17:08
5.0%,2500000,-582442.9923595269,401.2161797287378,695,3:16:56
5.1%,2550000,-584580.4642103766,402.5688784191124,695,3:16:46
5.2%,2600000,-583801.7919171681,400.545515872486,695,3:16:35
5.3%,2650000,-583769.5058224169,400.0109903772824,695,3:16:23
5.4%,2700000,-581620.7260836945,397.97160101932576,695,3:16:13
5.5%,2750000,-585029.0897274842,400.8801986699854,695,3:16:01
5.6%,2800000,-581698.4759208616,402.3677822277846,695,3:15:49
5.7%,2850000,-581317.296521245,397.3908753305668,695,3:15:37
5.8%,2900000,-582895.7772315023,401.8922604681486,695,3:15:25
5.9%,2950000,-582121.9471318633,398.624581661959,695,3:15:13
6.0%,3000000,-581627.2682072665,402.50374151831505,695,3:15:00
6.1%,3050000,-583543.298356377,401.1966610423133,695,3:14:48
6.2%,3100000,-582251.5067006256,400.7277648918306,695,3:14:38
6.3%,3150000,-581968.5563796964,399.7418921568746,695,3:14:25
6.4%,3200000,-582943.0615557996,402.6325379881392,695,3:14:11
6.5%,3250000,-580720.9282518281,400.3821140251248,695,3:14:00
6.6%,3300000,-582456.0270002736,398.4222767446369,695,3:13:49
6.7%,3350000,-582155.075185935,401.17517258019456,695,3:13:37
6.8%,3400000,-581971.8127463325,399.7301630379681,695,3:13:24
6.9%,3450000,-581892.2642922299,401.5551154510315,695,3:13:13
7.0%,3500000,-582745.9351651971,400.37705528300097,695,3:13:01
7.1%,3550000,-582536.0182470423,397.711590627689,694,3:12:50
7.2%,3600000,-581929.832210423,400.0362840879013,694,3:12:37
7.3%,3650000,-582339.4618584109,397.56976677770535,694,3:12:25
7.4%,3700000,-581624.8213235694,400.49389879577166,694,3:12:14
7.5%,3750000,-581693.16665516,397.3777136475191,694,3:12:00
7.6%,3800000,-582352.588721667,400.8307752071123,694,3:11:48
7.7%,3850000,-581751.7400600179,401.5433415644956,694,3:11:37
7.8%,3900000,-581673.4399685962,399.00412162413124,694,3:11:25
7.9%,3950000,-581735.5427545798,397.5935831565536,694,3:11:13
8.0%,4000000,-581605.0527111394,400.103390764393,694,3:11:00
8.1%,4050000,-583736.4247265966,398.92918061249213,694,3:10:49
8.2%,4100000,-582564.9924028344,401.4618197113326,694,3:10:36
8.3%,4150000,-584109.6428100355,398.3149239693021,694,3:10:24
8.4%,4200000,-582769.8692129315,401.4729668510567,694,3:10:13
8.5%,4250000,-584750.4240406477,399.11832384676643,694,3:10:01
8.6%,4300000,-582020.4804191524,402.40162655562153,694,3:09:48
8.7%,4350000,-580422.5054369438,401.15417656199935,694,3:09:36
8.8%,4400000,-582795.096286729,401.19800407119567,694,3:09:25
8.9%,4450000,-583429.6115730838,398.228209071127,694,3:09:11
9.0%,4500000,-581622.8925521425,402.6106018497263,694,3:08:59
9.1%,4550000,-582611.5916471612,398.8501209789469,694,3:08:46
9.2%,4600000,-582194.5579450317,400.36469941728274,694,3:08:35
9.3%,4650000,-584143.4580172258,401.9192553486853,694,3:08:23
9.4%,4700000,-583989.5844006287,399.65920634534683,694,3:08:10
9.5%,4750000,-581674.4231545008,400.00127580169953,694,3:07:58
9.6%,4800000,-582547.4893425303,402.1609557798917,694,3:07:47
9.7%,4850000,-581470.5366868386,401.1084240447382,694,3:07:35
9.8%,4900000,-582798.770887325,400.5518281082334,694,3:07:22
9.9%,4950000,-582850.0373629285,398.99364599884836,694,3:07:09
10.0%,5000000,-584277.017103421,401.8547004270702,694,3:06:58
10.1%,5050000,-583406.6114030746,399.1797898019519,694,3:06:46
10.2%,5100000,-582898.6413397361,400.1364740425299,694,3:06:33
10.3%,5150000,-581283.5944240415,403.28605584232537,694,3:06:22
10.4%,5200000,-582628.3632729887,401.0880100057254,694,3:06:10
10.5%,5250000,-581905.6606932334,401.3852222974052,694,3:05:57
10.6%,5300000,-582941.5482868161,397.70769584393,694,3:05:45
10.7%,5350000,-581162.6550788614,399.53596106157005,694,3:05:32
10.8%,5400000,-583934.1075025443,403.217471834063,694,3:05:21
10.9%,5450000,-582879.1743960106,402.64346128971624,694,3:05:09
11.0%,5500000,-580861.5613438655,402.2065292266352,694,3:04:57
11.1%,5550000,-582051.7821244928,396.9211285951253,694,3:04:45
11.2%,5600000,-584375.5499821948,402.7130301858257,694,3:04:34
11.3%,5650000,-581498.4812468514,403.5441859935267,694,3:04:21
11.4%,5700000,-582689.9238983751,400.75928130293806,694,3:04:09
11.5%,5750000,-581569.8908509975,400.52742975020277,694,3:03:57
11.6%,5800000,-579879.1812509559,402.345443180707,694,3:03:45
11.7%,5850000,-581901.4198884005,400.49524182465404,694,3:03:33
11.8%,5900000,-581569.9269818887,396.5885498762084,694,3:03:20
11.9%,5950000,-584013.1538773649,401.3381267512616,694,3:03:08
12.0%,6000000,-583468.7600332135,398.9660691391293,693,3:02:56
12.1%,6050000,-581877.3871067073,399.1009987741832,694,3:02:43
12.2%,6100000,-584006.3141411953,399.31753979765887,694,3:02:30
12.3%,6150000,-581400.804944599,399.6809186456127,694,3:02:18
12.4%,6200000,-582613.7843387485,399.5499285619472,693,3:02:06
12.5%,6250000,-581541.9991567447,399.5772815835192,693,3:01:54
12.6%,6300000,-582256.2682846305,399.42037104242297,693,3:01:42
12.7%,6350000,-583580.6427052207,399.892982906147,693,3:01:29
12.8%,6400000,-582559.0643228111,401.672809548761,693,3:01:18
12.9%,6450000,-582359.984188254,399.44964907205974,693,3:01:06
13.0%,6500000,-581775.0296348259,399.2829344201219,693,3:00:54
13.1%,6550000,-582685.9662767872,396.44600974415414,693,3:00:42
13.2%,6600000,-582036.5037009548,402.52469276888075,693,3:00:31
13.3%,6650000,-580856.3514688397,397.00247137777063,693,3:00:19
13.4%,6700000,-583650.3630367769,400.0511469408668,693,3:00:06
13.5%,6750000,-583005.5026629805,401.1928110261837,693,2:59:54
13.6%,6800000,-583861.8080072277,400.2637931805835,693,2:59:42
13.7%,6850000,-580874.7989831734,400.76747377912085,693,2:59:30
13.8%,6900000,-580086.714987427,402.03914306025604,693,2:59:17
13.9%,6950000,-584512.2851064624,399.81584828066656,693,2:59:05
14.0%,7000000,-584565.9240361201,397.80220030962306,693,2:58:53
14.1%,7050000,-583701.4420336122,401.6658257985724,693,2:58:41
14.2%,7100000,-584830.1793902484,403.6308561240723,693,2:58:28
14.3%,7150000,-582478.4579323768,398.3763899244875,693,2:58:16
14.4%,7200000,-581654.4026829316,398.4447948622322,693,2:58:04
14.5%,7250000,-582079.0808354602,400.9185197607638,693,2:57:52
14.6%,7300000,-582191.5822281805,400.2364401590115,693,2:57:40
14.7%,7350000,-581748.367457259,398.9902884266422,693,2:57:28
14.8%,7400000,-582365.9477339135,400.5623932687751,693,2:57:15
14.9%,7450000,-583897.1038641362,400.34218129968747,693,2:57:03
15.0%,7500000,-580759.8520034528,398.28739187721243,693,2:56:50
15.1%,7550000,-582740.1801192644,396.9226506945254,693,2:56:39
15.2%,7600000,-581727.6310984506,401.240533319139,693,2:56:26
15.3%,7650000,-581820.9309921684,400.36532616409454,693,2:56:14
15.4%,7700000,-581429.9697912228,397.11403231027043,693,2:56:02
15.5%,7750000,-582246.4747633878,400.1018238973635,693,2:55:50
15.6%,7800000,-583456.0412490494,400.06426385628515,693,2:55:38
15.7%,7850000,-584923.1624426199,400.7466568314433,693,2:55:26
15.8%,7900000,-581948.198992712,395.59385791825787,693,2:55:13
15.9%,7950000,-581910.902959845,401.36015242493335,693,2:55:02
16.0%,8000000,-581801.0551762241,402.9895150650867,693,2:54:49
16.1%,8050000,-582933.3922308246,400.1488746758776,693,2:54:37
16.2%,8100000,-581980.4333595801,402.831574868514,693,2:54:24
16.3%,8150000,-581206.2057564859,400.64695932073823,693,2:54:12
16.4%,8200000,-582214.32459294,399.8722554937283,693,2:54:00
16.5%,8250000,-581490.1495947354,400.77065228080926,693,2:53:47
16.6%,8300000,-581943.233417538,399.109952300066,693,2:53:35
16.7%,8350000,-581837.9362594364,400.06283129214387,693,2:53:23
16.8%,8400000,-583172.9677170105,399.9618355201858,693,2:53:11
16.9%,8450000,-581493.4150816929,402.9762190791508,693,2:52:58
17.0%,8500000,-582214.5224848436,401.27406427357016,693,2:52:46
17.1%,8550000,-582422.1103581777,402.86823955700413,693,2:52:34
17.2%,8600000,-584622.0807485138,401.44158474283745,693,2:52:22
17.3%,8650000,-582255.7919737231,394.05891020853863,693,2:52:10
17.4%,8700000,-581059.3154307925,397.43009177393355,692,2:51:58
17.5%,8750000,-582176.629875144,400.07939531502706,692,2:51:46
17.6%,8800000,-584037.2594580771,403.76112992566715,692,2:51:33
17.7%,8850000,-583156.3082607356,399.62088525456846,692,2:51:21
17.8%,8900000,-582378.967832441,401.6654228899077,692,2:51:09
17.9%,8950000,-583473.644829825,397.797544476164,692,2:50:58
18.0%,9000000,-583956.5884924117,400.0296137111186,692,2:50:45
18.1%,9050000,-584396.559556467,400.06417432102626,692,2:50:33
18.2%,9100000,-582183.103669872,403.6977837300463,692,2:50:20
18.3%,9150000,-582747.5029434236,398.07031364218375,692,2:50:09
18.4%,9200000,-582726.0622662031,403.45585946069286,692,2:49:57
18.5%,9250000,-582296.5605320767,397.2127897007578,692,2:49:44
18.6%,9300000,-583406.6503004064,400.8035117207991,692,2:49:32
18.7%,9350000,-582688.3823974244,398.5848727746687,692,2:49:19
18.8%,9400000,-582012.7015723581,399.46491483368993,692,2:49:07
18.9%,9450000,-582371.2269360078,400.3800099465423,692,2:48:55
19.0%,9500000,-581011.8557077819,400.74992486839056,692,2:48:42
19.1%,9550000,-580969.6731794048,399.29215655178115,692,2:48:30
19.2%,9600000,-583827.5776574137,397.9518137271248,692,2:48:18
19.3%,9650000,-580288.9050740581,403.5722105295399,692,2:48:06
19.4%,9700000,-581101.1128560677,401.6132238340109,692,2:47:54
19.5%,9750000,-583227.3507493981,400.5121639885726,692,2:47:41
19.6%,9800000,-581094.4367170716,401.89118604504273,692,2:47:29
19.7%,9850000,-583038.4803275191,400.3985885127492,692,2:47:17
19.8%,9900000,-581383.4494357468,397.73715294408447,692,2:47:05
19.9%,9950000,-582546.6729754647,404.68423844418464,692,2:46:53
20.0%,10000000,-584543.6890444062,398.39564000513553,692,2:46:41
20.1%,10050000,-582727.6923898202,397.94787417573633,692,2:46:28
20.2%,10100000,-583484.9326306307,400.11650767981126,692,2:46:16
20.3%,10150000,-582743.2896848582,401.5056919881584,692,2:46:04
20.4%,10200000,-584126.9241049713,399.45251420034225,692,2:45:52
20.5%,10250000,-584935.6510786847,399.5174272629926,692,2:45:40
20.6%,10300000,-583581.2232853449,400.2324558399937,692,2:45:27
20.7%,10350000,-582258.4619695917,398.9753808060474,692,2:45:15
20.8%,10400000,-583742.6969236671,398.36237765648093,692,2:45:03
20.9%,10450000,-581927.118718816,399.7837051227473,692,2:44:51
21.0%,10500000,-581694.8972378965,401.361853594851,692,2:44:38
21.1%,10550000,-582532.208725132,401.3350825524615,692,2:44:26
21.2%,10600000,-582264.5892546754,399.7422055302805,692,2:44:14
21.3%,10650000,-583381.5324701066,400.06484583546745,692,2:44:01
21.4%,10700000,-583570.1792630698,399.6823512097539,692,2:43:49
21.5%,10750000,-582537.7138716821,400.6712681435101,692,2:43:36
21.6%,10800000,-582078.6813827101,402.5407643478404,692,2:43:24
21.7%,10850000,-583618.0530910539,400.4633672725113,692,2:43:12
21.8%,10900000,-580478.1237969552,400.5782410095877,692,2:43:00
21.9%,10950000,-582709.701660519,399.88277588664056,692,2:42:47
22.0%,11000000,-583594.1521501015,400.5959242232063,692,2:42:35
22.1%,11050000,-582512.1082298183,400.45405560559317,692,2:42:22
22.2%,11100000,-583224.863535264,401.42076779516,692,2:42:10
22.3%,11150000,-582740.9927993198,398.3532898277099,692,2:41:58
22.4%,11200000,-583234.6623833561,402.62179375707984,692,2:41:45
22.5%,11250000,-582888.6083309883,404.3185764471308,692,2:41:33
22.6%,11300000,-583827.6939480486,398.79335562484994,692,2:41:20
22.7%,11350000,-581066.3905356368,400.86681314879064,692,2:41:08
22.8%,11400000,-582516.5244388757,397.96381145180777,692,2:40:55
22.9%,11450000,-582013.737794484,401.0874727941724,692,2:40:43
23.0%,11500000,-582298.7216131822,401.0535389310766,692,2:40:31
23.1%,11550000,-583159.8851061524,401.68700088728525,692,2:40:18
23.2%,11600000,-580372.1226268727,399.78222779097666,692,2:40:06
23.3%,11650000,-582330.2646260187,400.9797171101728,692,2:39:54
23.4%,11700000,-582254.9843436377,401.7601511937478,692,2:39:41
23.5%,11750000,-581578.8146397015,397.9737946331671,692,2:39:29
23.6%,11800000,-582322.2728380999,398.44757045525586,692,2:39:17
23.7%,11850000,-582370.3917715498,398.94189461924566,692,2:39:04
23.8%,11900000,-581995.129031592,400.8584863697196,692,2:38:52
23.9%,11950000,-581981.4257409777,398.90312585217316,692,2:38:39
24.0%,12000000,-582541.6626919247,398.21800205162066,692,2:38:27
24.1%,12050000,-580927.9829948694,401.43003469444864,692,2:38:14
24.2%,12100000,-581806.6621151296,401.8753830718596,692,2:38:02
24.3%,12150000,-583945.4133504429,401.23802633189183,692,2:37:50
24.4%,12200000,-583734.824337976,397.80797533381747,692,2:37:38
24.5%,12250000,-582673.9449621281,400.03977596299563,692,2:37:25
24.6%,12300000,-581446.8208462456,402.7874339859118,692,2:37:13
24.7%,12350000,-582472.3692070576,403.32724206138624,692,2:37:00
24.8%,12400000,-581811.180155382,400.9577809717599,691,2:36:48
24.9%,12450000,-582000.8767953678,404.63024868311135,691,2:36:36
25.0%,12500000,-582904.6856264248,402.73702563519157,691,2:36:23
25.1%,12550000,-582047.762452696,403.0802142822796,691,2:36:11
25.2%,12600000,-583452.297954903,399.0111053743198,691,2:35:58
25.3%,12650000,-582071.0281587774,402.559208611159,691,2:35:46
25.4%,12700000,-580267.044922566,400.6892647305345,691,2:35:33
25.5%,12750000,-582903.4611648475,402.02239996685523,691,2:35:21
25.6%,12800000,-584008.1657596277,397.15938191886687,691,2:35:09
25.7%,12850000,-583492.0152420346,400.0178398245827,691,2:34:56
25.8%,12900000,-581220.645674902,399.5200237854986,691,2:34:43
25.9%,12950000,-582334.8057480874,400.686175764105,691,2:34:31
26.0%,13000000,-581676.7049287097,400.99654973883247,691,2:34:18
26.1%,13050000,-581284.1572757456,397.2030303575455,691,2:34:06
26.2%,13100000,-581960.772822299,397.77028098985085,691,2:33:53
26.3%,13150000,-581959.6204651836,404.0543131306997,691,2:33:41
26.4%,13200000,-582124.7448603981,398.9398800759221,691,2:33:28
26.5%,13250000,-582822.5092356675,399.8363518549382,692,2:33:15
26.6%,13300000,-581229.5096982135,402.3821974044559,691,2:33:03
26.7%,13350000,-581222.6541507519,399.1286651691611,691,2:32:51
26.8%,13400000,-580965.4242453715,402.2953482033926,691,2:32:39
26.9%,13450000,-581813.3758472702,402.067570504934,691,2:32:26
27.0%,13500000,-582519.5383659028,399.7223287028207,691,2:32:14
27.1%,13550000,-581769.1071141022,401.39936886830003,691,2:32:01
27.2%,13600000,-582340.9847942088,400.2162947257752,691,2:31:49
27.3%,13650000,-582836.5662588985,400.0598318609731,691,2:31:37
27.4%,13700000,-582811.0366649451,400.1908219446386,691,2:31:24
27.5%,13750000,-582314.5505969888,396.3868717056981,691,2:31:12
27.6%,13800000,-581295.8155398681,402.27905278628594,691,2:30:59
27.7%,13850000,-581882.067124804,404.10476624904936,691,2:30:47
27.8%,13900000,-580094.0890743788,401.9405647402864,691,2:30:35
27.9%,13950000,-582868.0162578397,401.841046300099,691,2:30:22
28.0%,14000000,-581772.1380088879,401.3104603562838,691,2:30:09
28.1%,14050000,-583147.1433856855,400.51431283478445,691,2:29:57
28.2%,14100000,-581455.8546569371,401.4356306481254,691,2:29:44
28.3%,14150000,-583718.4589061015,399.51823308032203,691,2:29:32
28.4%,14200000,-581190.0216480955,400.98450724652014,691,2:29:19
28.5%,14250000,-582444.7508289232,400.72212417052447,691,2:29:07
28.6%,14300000,-583546.5673073353,400.3591482312354,691,2:28:54
28.7%,14350000,-582658.2221922572,398.34209792035637,691,2:28:42
28.8%,14400000,-582218.2845848892,401.0457493635585,691,2:28:29
28.9%,14450000,-583856.241419848,400.7488056776552,691,2:28:17
29.0%,14500000,-581573.6093006213,401.3613611509275,691,2:28:05
29.1%,14550000,-583301.9262970034,400.97532988249026,691,2:27:52
29.2%,14600000,-580358.4429920767,399.8985788598237,691,2:27:40
29.3%,14650000,-581750.5975044472,400.5776590304053,691,2:27:27
29.4%,14700000,-581864.7002199925,397.2042390835397,691,2:27:15
29.5%,14750000,-581957.9244236904,400.1613648444842,691,2:27:03
29.6%,14800000,-581527.7302872487,398.33336823262067,691,2:26:50
29.7%,14850000,-583942.3933697361,402.69230277340694,691,2:26:37
29.8%,14900000,-582342.7002027142,396.33668719312504,691,2:26:25
29.9%,14950000,-582813.2079129596,398.875325154307,691,2:26:13
30.0%,15000000,-582978.359626398,399.3653068582437,691,2:26:00
30.1%,15050000,-580842.0015025632,398.8101434858802,691,2:25:48
30.2%,15100000,-583157.2336374545,401.46195401422085,691,2:25:35
30.3%,15150000,-581048.9646090474,401.6302803008177,691,2:25:23
30.4%,15200000,-583333.6234056745,400.4451916149692,691,2:25:10
30.5%,15250000,-581213.6543495278,401.9794678102472,691,2:24:58
30.6%,15300000,-582975.7068890617,399.0013012634781,691,2:24:46
30.7%,15350000,-581944.9284636532,398.25475627536963,691,2:24:34
30.8%,15400000,-582605.0299486169,401.08259312256627,691,2:24:21
30.9%,15450000,-581894.8180768318,402.68975101853033,691,2:24:09
31.0%,15500000,-581790.9115063534,402.6713962904706,691,2:23:56
31.1%,15550000,-581946.6399088781,400.03189686021875,691,2:23:44
31.2%,15600000,-582519.9001835007,402.096221787759,691,2:23:31
31.3%,15650000,-583836.2653808729,403.6503748104968,691,2:23:19
31.4%,15700000,-581674.4008159954,401.06495467657714,691,2:23:06
31.5%,15750000,-582158.4690788775,400.8304618337064,691,2:22:53
31.6%,15800000,-581555.901540502,398.3104024387312,691,2:22:41
31.7%,15850000,-582973.2474835673,399.40112096177495,691,2:22:29
31.8%,15900000,-582686.7382074492,399.61609511822115,691,2:22:16
31.9%,15950000,-581058.999881811,400.578599150623,691,2:22:03
32.0%,16000000,-583568.8360488662,402.0306372106674,691,2:21:51
32.1%,16050000,-582036.618723962,401.22338731707345,691,2:21:38
32.2%,16100000,-583385.0623588753,401.0862640681782,691,2:21:26
32.3%,16150000,-583399.5940703,397.7826816231985,691,2:21:14
32.4%,16200000,-582974.855355904,403.7988690372632,691,2:21:01
32.5%,16250000,-584764.9989928831,396.3207499170536,691,2:20:49
32.6%,16300000,-582724.3829525243,403.271640665654,691,2:20:37
32.7%,16350000,-583149.0901702554,401.60046505962794,691,2:20:24
32.8%,16400000,-581480.3101453101,396.6988573150846,691,2:20:12
32.9%,16450000,-582163.2760023372,399.41204426335196,691,2:20:00
33.0%,16500000,-583015.6931317495,403.84529306896553,691,2:19:47
33.1%,16550000,-582761.2329015322,401.4551045669205,691,2:19:35
33.2%,16600000,-582683.0123314923,400.2202342771636,691,2:19:22
33.3%,16650000,-581586.8931682454,401.98367596741207,691,2:19:10
33.4%,16700000,-581582.9037124938,398.52412310155387,691,2:18:57
33.5%,16750000,-583136.0349169597,399.55771812946523,691,2:18:45
33.6%,16800000,-582542.0216804394,397.9426811307243,691,2:18:32
33.7%,16850000,-581943.2679181187,402.6456101359281,691,2:18:20
33.8%,16900000,-582947.0907878093,400.4403567109925,691,2:18:07
33.9%,16950000,-580248.2414890244,402.3216715694881,691,2:17:55
34.0%,17000000,-584117.5663959221,400.8795719231736,691,2:17:43
34.1%,17050000,-583094.5706461417,396.1248915383672,691,2:17:30
34.2%,17100000,-582398.6621219283,399.02408798684985,691,2:17:17
34.3%,17150000,-582031.6474322192,398.553222060673,691,2:17:05
34.4%,17200000,-582238.9540749104,400.2007603583685,691,2:16:52
34.5%,17250000,-582100.3397046844,399.1660013720924,691,2:16:40
34.6%,17300000,-583371.0106908944,400.99350554003234,691,2:16:27
34.7%,17350000,-583014.0070429542,401.1695318588884,691,2:16:15
34.8%,17400000,-583684.8160068095,399.1017150562538,691,2:16:03
34.9%,17450000,-582402.8498093574,401.0417650445407,691,2:15:50
35.0%,17500000,-580504.8189161927,399.06831840471096,691,2:15:37
35.1%,17550000,-583864.0092872265,399.9253499022133,691,2:15:25
35.2%,17600000,-582377.9587218072,399.08586731544125,691,2:15:12
35.3%,17650000,-583882.4740774129,397.9106722756933,691,2:15:00
35.4%,17700000,-581177.779892358,399.90507016608876,691,2:14:48
35.5%,17750000,-581589.9886133065,399.2035166455413,691,2:14:35
35.6%,17800000,-582958.4884324428,400.4133170628264,691,2:14:23
35.7%,17850000,-582784.6749205063,400.4530707177461,691,2:14:10
35.8%,17900000,-582195.9640672966,401.01768005991596,691,2:13:58
35.9%,17950000,-583415.9643069627,399.2715634422507,691,2:13:45
36.0%,18000000,-582937.5473654163,401.21371750912,691,2:13:33
36.1%,18050000,-583012.5862450032,403.67459409800983,691,2:13:20
36.2%,18100000,-581978.1193547565,401.41906662524224,691,2:13:08
36.3%,18150000,-582093.954236662,399.194831725435,691,2:12:56
36.4%,18200000,-584037.1431929171,399.60087412422035,691,2:12:43
36.5%,18250000,-583367.8979297536,396.6241401415926,691,2:12:31
36.6%,18300000,-585367.0081700115,401.01579981948055,691,2:12:18
36.7%,18350000,-582976.4284505704,400.78802212102187,691,2:12:06
36.8%,18400000,-582646.8495922382,400.75480453999666,691,2:11:53
36.9%,18450000,-585173.2078511375,401.90013957092555,691,2:11:41
37.0%,18500000,-582221.4387408877,401.6054790341223,691,2:11:29
37.1%,18550000,-582624.77508807,399.8412762941738,691,2:11:16
37.2%,18600000,-582502.8102522241,400.8174792211763,691,2:11:03
37.3%,18650000,-582048.7998997984,400.9072830857809,691,2:10:51
37.4%,18700000,-581363.1519712857,401.21506053800243,691,2:10:38
37.5%,18750000,-581900.4774853415,401.0170085454747,691,2:10:26
37.6%,18800000,-582172.6116512194,402.55159811415865,691,2:10:13
37.7%,18850000,-581586.0099794064,402.4383360117411,691,2:10:01
37.8%,18900000,-582574.4178580502,400.8129576906055,691,2:09:49
37.9%,18950000,-582297.3988494477,405.01923461508994,691,2:09:36
38.0%,19000000,-581658.5455942834,402.6622636940701,691,2:09:24
38.1%,19050000,-582480.3453277824,401.61940176687006,691,2:09:11
38.2%,19100000,-582638.8365581874,401.1888714747952,691,2:08:59
38.3%,19150000,-581439.6555298036,399.03742874041524,691,2:08:46
38.4%,19200000,-582349.8056386961,401.6763909591141,691,2:08:34
38.5%,19250000,-581835.385265592,402.20070943481136,691,2:08:22
38.6%,19300000,-582037.4001119873,401.00241429828577,691,2:08:09
38.7%,19350000,-583370.3864860022,401.62795238408813,691,2:07:56
38.8%,19400000,-582268.874244519,398.952415012158,691,2:07:44
38.9%,19450000,-581544.4502480463,402.84124467646745,691,2:07:32
39.0%,19500000,-581430.3495700792,404.63982895580597,691,2:07:19
39.1%,19550000,-583235.6676665465,400.85544217091945,691,2:07:07
39.2%,19600000,-583120.1389227961,398.3742410782757,691,2:06:54
39.3%,19650000,-580920.2636050619,401.88715695839545,691,2:06:42
39.4%,19700000,-581552.070310195,400.16969162355514,691,2:06:30
39.5%,19750000,-582150.9031067705,400.4163164939971,691,2:06:17
39.6%,19800000,-582181.2584120021,401.5679637606733,691,2:06:05
39.7%,19850000,-580623.2637174255,399.1583461074626,691,2:05:53
39.8%,19900000,-582319.7282830277,398.1291383072338,691,2:05:40
39.9%,19950000,-581738.2384716901,400.0995855158928,691,2:05:28
40.0%,20000000,-581695.931771223,399.79059933767707,691,2:05:15
40.1%,20050000,-582729.1568236616,400.7672947086032,691,2:05:03
40.2%,20100000,-581323.4265533607,401.46096912637375,691,2:04:50
40.3%,20150000,-583473.3020974235,398.72351812296404,691,2:04:38
40.4%,20200000,-583030.6979569513,399.3736336373147,691,2:04:25
40.5%,20250000,-583752.1467490015,402.63303043206275,691,2:04:13
40.6%,20300000,-581305.0698886216,397.48341002056566,691,2:04:00
40.7%,20350000,-583720.6477796724,399.7451154261924,691,2:03:48
40.8%,20400000,-582739.6898851893,403.8945822289504,691,2:03:35
40.9%,20450000,-581358.6480251346,396.6445989482348,691,2:03:23
41.0%,20500000,-581267.0627829595,401.10631996615575,691,2:03:10
41.1%,20550000,-581763.8002137272,398.90652819200864,691,2:02:58
41.2%,20600000,-582270.2423755741,400.1485165348424,691,2:02:45
41.3%,20650000,-583052.7021421082,402.6344182285746,691,2:02:33
41.4%,20700000,-582424.2706553023,399.8864020646231,691,2:02:20
41.5%,20750000,-583530.0831564208,400.96633158897805,691,2:02:08
41.6%,20800000,-584275.7984705972,400.93991868762373,691,2:01:55
41.7%,20850000,-582523.7261611437,400.5288175467146,691,2:01:43
41.8%,20900000,-582545.5133326561,402.2482974248785,691,2:01:30
41.9%,20950000,-581916.7039530836,398.79702657046187,691,2:01:17
42.0%,21000000,-582706.2553484756,397.15253247156653,691,2:01:05
42.1%,21050000,-581690.0128872884,396.6439274337936,691,2:00:52
42.2%,21100000,-582699.1342614745,399.1239198004432,691,2:00:39
42.3%,21150000,-582369.3894825205,400.0301061550422,691,2:00:27
42.4%,21200000,-582063.0770655842,399.15480946473883,691,2:00:14
42.5%,21250000,-583248.1935618632,398.95684700746995,691,2:00:02
42.6%,21300000,-582159.6425190256,401.74878021587665,691,1:59:49
42.7%,21350000,-582683.2524174158,400.7248997635481,691,1:59:36
42.8%,21400000,-582451.6145503493,399.711987380426,691,1:59:24
42.9%,21450000,-584162.4397532707,398.7126843566458,691,1:59:11
43.0%,21500000,-580754.2076030229,399.75572535436356,691,1:58:59
43.1%,21550000,-581301.7647512751,399.5279028882755,691,1:58:46
43.2%,21600000,-582720.500924923,401.1236002711095,691,1:58:34
43.3%,21650000,-582128.2132231812,397.0277203207602,691,1:58:21
43.4%,21700000,-580994.3198929494,401.7611808492243,691,1:58:09
43.5%,21750000,-583009.770206417,402.2419851891311,691,1:57:56
43.6%,21800000,-580886.3507705336,399.6227207273744,691,1:57:44
43.7%,21850000,-583808.9354404649,398.42433605558995,691,1:57:31
43.8%,21900000,-582443.8904504152,404.57003622154946,691,1:57:19
43.9%,21950000,-581955.0169445309,398.68600284951503,691,1:57:07
44.0%,22000000,-581368.3276389278,401.1876179811716,691,1:56:54
44.1%,22050000,-581500.9562239526,399.07364575261124,691,1:56:42
44.2%,22100000,-581368.0695065777,399.9695803200744,691,1:56:29
44.3%,22150000,-581914.5940268505,399.6131852223092,691,1:56:17
44.4%,22200000,-584379.0408492587,400.72543697510105,691,1:56:04
44.5%,22250000,-580648.0633555893,400.3109334943565,691,1:55:52
44.6%,22300000,-580304.2118493398,399.451618847754,691,1:55:40
44.7%,22350000,-581572.4754006444,401.0893978022372,691,1:55:27
44.8%,22400000,-583294.219243539,401.98161665645904,691,1:55:15
44.9%,22450000,-580802.9336634069,399.8710915353635,691,1:55:02
45.0%,22500000,-582714.00085261,401.50242395121114,691,1:54:50
45.1%,22550000,-583712.7936219852,399.60360494961463,691,1:54:37
45.2%,22600000,-582968.1087599234,402.9174391817302,691,1:54:25
45.3%,22650000,-580954.2718861173,400.99959393763265,691,1:54:12
45.4%,22700000,-582235.7707501645,401.3085801158484,691,1:54:00
45.5%,22750000,-583223.3545096423,401.6722275695786,691,1:53:47
45.6%,22800000,-582354.0692336401,398.70811805844556,691,1:53:35
45.7%,22850000,-584195.2677952154,400.87934808502655,691,1:53:22
45.8%,22900000,-580640.7202009815,399.53305116565815,691,1:53:10
45.9%,22950000,-583551.0668395106,401.76901518437177,691,1:52:57
46.0%,23000000,-582278.6319927191,400.1799881783204,691,1:52:45
46.1%,23050000,-582938.728246361,396.9663886684629,691,1:52:32
46.2%,23100000,-580949.0517797042,399.38724299665654,691,1:52:20
46.3%,23150000,-582241.2105481927,399.3551893739961,691,1:52:07
46.4%,23200000,-583979.2392357751,399.4049709779045,691,1:51:55
46.5%,23250000,-582632.5155704776,397.6257263144729,691,1:51:43
46.6%,23300000,-580883.9031190057,401.46177494370323,691,1:51:30
46.7%,23350000,-584322.7721691751,402.67076954365876,691,1:51:18
46.8%,23400000,-581730.5077143875,401.7296644381168,691,1:51:05
46.9%,23450000,-583113.851928967,401.42228989456004,691,1:50:53
47.0%,23500000,-583784.0576706124,402.0165801750314,691,1:50:40
47.1%,23550000,-582317.0489924285,398.4011464235535,691,1:50:28
47.2%,23600000,-584151.5321477097,399.68436575307754,691,1:50:15
47.3%,23650000,-583494.352501614,399.8180866621373,691,1:50:03
47.4%,23700000,-583432.2698999597,399.04109968602717,691,1:49:50
47.5%,23750000,-581529.7066620626,400.6118167316483,691,1:49:38
47.6%,23800000,-581678.5695521347,399.19451835202915,691,1:49:25
47.7%,23850000,-583621.7495988547,399.08649406225305,691,1:49:13
47.8%,23900000,-582323.6314866836,400.41859964309725,691,1:49:00
47.9%,23950000,-580333.9365593242,400.614278951266,691,1:48:48
48.0%,24000000,-583242.7558698901,404.6362027778234,691,1:48:35
48.1%,24050000,-583655.9623160688,401.9823329385297,691,1:48:23
48.2%,24100000,-582593.6812186516,399.85112517264486,691,1:48:10
48.3%,24150000,-583592.4831807311,398.8047266027211,691,1:47:58
48.4%,24200000,-582261.1221966394,402.99945347881663,691,1:47:45
48.5%,24250000,-582996.4356880588,403.1205051487523,691,1:47:33
48.6%,24300000,-581162.4059881684,397.82870274623616,691,1:47:20
48.7%,24350000,-582829.6604185323,398.9791412869182,691,1:47:08
48.8%,24400000,-582577.2806895217,403.0241652102533,691,1:46:55
48.9%,24450000,-582257.444545032,401.35666054983903,691,1:46:43
49.0%,24500000,-580976.4908092716,399.6238846857392,691,1:46:30
49.1%,24550000,-583044.9853580557,399.0092251338844,691,1:46:18
49.2%,24600000,-580980.3174040564,398.7934451601087,691,1:46:05
49.3%,24650000,-582372.472737309,396.2568665098798,691,1:45:53
49.4%,24700000,-582039.429922488,394.9639326047729,691,1:45:41
49.5%,24750000,-581116.8830491598,402.95419340547903,691,1:45:28
49.6%,24800000,-580477.1496725488,399.48546317559095,691,1:45:15
49.7%,24850000,-582323.006215197,400.0624731511085,691,1:45:03
49.8%,24900000,-583051.4860823462,402.71876044239065,691,1:44:51
49.9%,24950000,-581362.4607451544,401.89252907392506,691,1:44:38
50.0%,25000000,-583473.0542718205,399.7725132153938,691,1:44:26
50.0%,25050000,-582451.591443894,403.47184150439364,691,1:44:13
50.1%,25100000,-583450.5177200194,400.845011313266,691,1:44:01
50.2%,25150000,-584516.6622360745,401.44879233117314,691,1:43:48
50.3%,25200000,-583830.6806381717,397.7328552516607,691,1:43:36
50.4%,25250000,-583086.4773899852,400.2732839180193,691,1:43:23
50.5%,25300000,-581261.6779097174,401.1438800072341,691,1:43:11
50.6%,25350000,-583131.3797646877,402.34486120152457,691,1:42:58
50.7%,25400000,-581432.9686705149,399.46155726148385,691,1:42:46
50.8%,25450000,-582041.7173610935,398.36555615816934,691,1:42:33
50.9%,25500000,-581165.7099409075,398.4447948622322,691,1:42:21
51.0%,25550000,-582180.6911243917,402.1169939678071,691,1:42:08
51.1%,25600000,-582123.6496370039,403.92377072332835,691,1:41:56
51.2%,25650000,-582202.8540381799,404.7050106242328,691,1:41:43
51.3%,25700000,-581771.0711082425,398.55192379942,691,1:41:31
51.4%,25750000,-581052.5588530716,401.78974259679046,691,1:41:18
51.5%,25800000,-582108.5569200292,398.6894051893505,691,1:41:06
51.6%,25850000,-583107.0663293707,403.1936554552148,691,1:40:53
51.7%,25900000,-582190.7886423785,405.35888661945427,691,1:40:40
51.8%,25950000,-581595.0633337968,399.24640403451997,691,1:40:28
51.9%,26000000,-581946.0778333903,399.59147292204347,691,1:40:16
52.0%,26050000,-582013.9084103364,400.0929151391101,691,1:40:03
52.1%,26100000,-582738.308742688,400.1103297469522,691,1:39:51
52.2%,26150000,-582876.065410425,401.69693930101516,691,1:39:38
52.3%,26200000,-582932.5514116543,399.44978337494797,691,1:39:26
52.4%,26250000,-581957.6873589242,401.37519434841647,691,1:39:13
52.5%,26300000,-583394.3227123464,402.87061224136306,691,1:39:01
52.6%,26350000,-583217.7846568073,403.1951775546149,691,1:38:48
52.7%,26400000,-581818.9182370869,402.2144530970415,691,1:38:36
52.8%,26450000,-582386.7004923704,399.6631458967353,691,1:38:23
52.9%,26500000,-582893.9915316114,398.6877935546916,691,1:38:11
53.0%,26550000,-580783.2104986184,402.65590669069337,691,1:37:58
53.1%,26600000,-582802.0339682791,399.2900972408281,691,1:37:46
53.2%,26650000,-582533.5854519019,402.4574965571303,691,1:37:33
53.3%,26700000,-583940.4239177052,397.15897901020213,691,1:37:21
53.4%,26750000,-582407.9507775875,399.2211550915305,691,1:37:08
53.5%,26800000,-582695.4622714454,398.1658029957239,691,1:36:56
53.6%,26850000,-582091.828401268,401.0399743393641,691,1:36:43
53.7%,26900000,-584405.3301282818,397.6320833178497,691,1:36:31
53.8%,26950000,-582804.7903816118,402.1077270685184,691,1:36:18
53.9%,27000000,-581443.2275653873,399.3589498548669,691,1:36:06
54.0%,27050000,-583303.0635151058,402.1176207146189,691,1:35:53
54.1%,27100000,-581007.5297640539,395.76088594360164,691,1:35:41
54.2%,27150000,-584527.1632926757,399.50484755912726,691,1:35:28
54.3%,27200000,-583023.5012912834,398.52949521708354,691,1:35:16
54.4%,27250000,-584228.3369455049,403.21330844452757,691,1:35:03
54.5%,27300000,-583622.242150364,402.6470874676988,691,1:34:51
54.6%,27350000,-582725.1590179275,399.33423812343034,691,1:34:38
54.7%,27400000,-582242.7813459914,397.23526305072363,691,1:34:26
54.8%,27450000,-582796.9222420244,398.5645035032853,691,1:34:13
54.9%,27500000,-582556.5506743183,399.36235219470234,691,1:34:01
55.0%,27550000,-582680.7625375451,399.3866610174742,691,1:33:48
55.1%,27600000,-582087.2862158441,399.6264812082452,691,1:33:36
55.2%,27650000,-580797.2453445755,401.241831580392,691,1:33:23
55.3%,27700000,-583609.7392889294,399.93331854024905,691,1:33:11
55.4%,27750000,-583308.0221600239,402.90212865247054,691,1:32:58
55.5%,27800000,-581161.7402863586,399.23933074907256,691,1:32:46
55.6%,27850000,-581721.4498694334,398.34693282433307,691,1:32:33
55.7%,27900000,-581570.8449616036,402.83264929161993,691,1:32:21
55.8%,27950000,-581951.7881916878,400.6886827513522,691,1:32:08
55.9%,28000000,-584033.9548246418,401.2977463495302,691,1:31:56
56.0%,28050000,-583538.3231841624,402.632627523398,691,1:31:43
56.1%,28100000,-581730.4808865301,397.05610299780864,691,1:31:31
56.2%,28150000,-581892.2146111084,399.24125575713737,691,1:31:18
56.3%,28200000,-582905.0558280167,397.8323736918481,691,1:31:06
56.4%,28250000,-582667.4066849928,400.50401628001924,691,1:30:53
56.5%,28300000,-580814.9433465023,403.05080194975454,691,1:30:41
56.6%,28350000,-581527.5655103615,400.3164399127744,691,1:30:28
56.7%,28400000,-583374.6647498491,399.3475788769957,691,1:30:16
56.8%,28450000,-580725.9823550112,399.9035480666887,691,1:30:03
56.9%,28500000,-581397.4830814837,400.9865217898437,691,1:29:51
57.0%,28550000,-580655.9727994492,401.17553072122985,691,1:29:38
57.1%,28600000,-582656.1997653777,399.81598258355484,691,1:29:26
57.2%,28650000,-581815.9801752623,398.1243481708865,691,1:29:13
57.3%,28700000,-581925.4345306759,401.7265754716873,691,1:29:01
57.4%,28750000,-581177.697089259,401.98219863564145,691,1:28:48
57.5%,28800000,-582829.3934622686,400.40879553225557,691,1:28:36
57.6%,28850000,-582302.4903160203,400.60008761274173,691,1:28:23
57.7%,28900000,-582027.5032438068,400.28196883812564,691,1:28:11
57.8%,28950000,-582847.9648041409,396.0005718314844,691,1:27:58
57.9%,29000000,-582881.1232147799,400.4487282576929,691,1:27:46
58.0%,29050000,-582538.501281674,398.2509510268694,691,1:27:33
58.1%,29100000,-581507.5015056059,403.6109345289831,691,1:27:20
58.2%,29150000,-582508.70560775,400.2303517614112,691,1:27:08
58.3%,29200000,-582683.4711202099,395.4004169915598,691,1:26:55
58.4%,29250000,-581420.6732581416,398.6976424331627,691,1:26:43
58.5%,29300000,-582577.4667097973,401.0214405407867,691,1:26:30
58.6%,29350000,-583129.2498412947,400.3550743769587,691,1:26:18
58.7%,29400000,-582833.5730723683,398.32043038771997,691,1:26:05
58.8%,29450000,-582836.1650619442,400.93808321481777,691,1:25:53
58.9%,29500000,-583691.4407122205,396.12032524016695,691,1:25:40
59.0%,29550000,-581633.6280833241,402.89666700168203,691,1:25:28
59.1%,29600000,-582627.6259259526,399.9295580593782,691,1:25:15
59.2%,29650000,-582164.2474099388,399.97414661827463,691,1:25:03
59.3%,29700000,-581331.7959433761,402.3635740706196,691,1:24:51
59.4%,29750000,-583198.445439396,398.07098515662494,691,1:24:38
59.5%,29800000,-582058.5010938216,400.7993483312636,691,1:24:26
59.6%,29850000,-584996.7988163275,400.1377723037829,691,1:24:13
59.7%,29900000,-583425.9498551888,398.143866857311,691,1:24:01
59.8%,29950000,-581878.8976186374,401.03634816138157,691,1:23:48
59.9%,30000000,-581563.5207824465,404.5108534154641,691,1:23:36
60.0%,30050000,-582661.3339955318,404.0270496443866,691,1:23:23
60.1%,30100000,-582457.166154475,402.9569242308733,691,1:23:11
60.2%,30150000,-583121.1809284035,398.46171702615067,691,1:22:58
60.3%,30200000,-583199.9841179019,401.277511381035,691,1:22:46
60.4%,30250000,-583689.1444166363,400.9658391450545,691,1:22:33
60.5%,30300000,-583182.1844684654,399.51662144566313,691,1:22:21
60.6%,30350000,-582986.4799718931,402.2918563282983,691,1:22:08
60.7%,30400000,-583395.7858762415,403.19960954992683,691,1:21:56
60.8%,30450000,-581632.4393089139,403.68471158225736,691,1:21:43
60.9%,30500000,-581957.3710211893,401.27957069198806,691,1:21:31
61.0%,30550000,-583414.8692236296,398.78386488741415,691,1:21:18
61.1%,30600000,-582347.6861371216,398.60282459406375,691,1:21:06
61.2%,30650000,-581675.4577125302,399.4151779974109,691,1:20:53
61.3%,30700000,-581084.784372035,400.47948361910034,691,1:20:40
61.4%,30750000,-582809.1205573655,400.1053157724578,691,1:20:28
61.5%,30800000,-583422.627864846,397.8073038193762,691,1:20:16
61.6%,30850000,-582129.8956335699,399.7709015807349,691,1:20:03
61.7%,30900000,-583194.1391716469,394.89158811563976,691,1:19:51
61.8%,30950000,-580570.1499226945,401.7857135101432,691,1:19:38
61.9%,31000000,-580829.4421430263,401.66197578244277,691,1:19:26
62.0%,31050000,-582179.5953289219,397.10310900869337,691,1:19:13
62.1%,31100000,-581998.3160970886,399.62974924519244,691,1:19:01
62.2%,31150000,-580710.077345572,403.2962628618318,691,1:18:48
62.3%,31200000,-580560.7088953392,402.5427341235346,691,1:18:36
62.4%,31250000,-580685.5487391935,399.53327500380516,691,1:18:23
62.5%,31300000,-583366.4694313486,398.47281939824535,691,1:18:11
62.6%,31350000,-583339.1247990998,397.8765145744503,691,1:17:58
62.7%,31400000,-582493.6813270776,400.2667926117542,691,1:17:46
62.8%,31450000,-583323.3901848975,398.71823554269315,691,1:17:33
62.9%,31500000,-582194.0203970033,401.2001529174076,691,1:17:21
63.0%,31550000,-581567.6724238782,399.12615818191387,691,1:17:08
63.1%,31600000,-580854.2661685906,401.2309530464444,691,1:16:56
63.2%,31650000,-582693.270295274,402.2145873999297,691,1:16:43
63.3%,31700000,-582644.4743940448,401.0255143950634,691,1:16:31
63.4%,31750000,-580713.6521302476,401.37286643168693,691,1:16:18
63.5%,31800000,-582908.26511238,400.8722747995791,691,1:16:06
63.6%,31850000,-581497.2467745128,400.5076872256312,691,1:15:53
63.7%,31900000,-581178.8465747819,397.92146127438207,691,1:15:41
63.8%,31950000,-582886.2401921796,404.90771845021953,691,1:15:28
63.9%,32000000,-583308.0848768973,400.78954422042193,691,1:15:16
64.0%,32050000,-581548.6277496847,402.97129463991524,691,1:15:03
64.1%,32100000,-582886.3638248676,395.1666404307597,691,1:14:51
64.2%,32150000,-582083.2530287998,400.1894789157562,691,1:14:38
64.3%,32200000,-582780.7133034621,401.60565810463993,691,1:14:26
64.4%,32250000,-581730.0090605672,403.0054971087876,691,1:14:13
64.5%,32300000,-582107.6320228749,400.8410717618776,691,1:14:01
64.6%,32350000,-582150.5994877615,400.3371225575637,691,1:13:48
64.7%,32400000,-582695.0262503275,399.62863005445706,691,1:13:36
64.8%,32450000,-583535.2575273514,399.34735503884866,691,1:13:23
64.9%,32500000,-582812.4620234491,399.1325151852907,691,1:13:11
65.0%,32550000,-580612.9006855958,401.82403460092166,691,1:12:58
65.1%,32600000,-582666.1375238285,399.2971705262755,691,1:12:46
65.2%,32650000,-582417.514719395,402.1273352902017,691,1:12:33
65.3%,32700000,-582570.042295937,403.4625298374755,691,1:12:21
65.4%,32750000,-584816.3385844575,399.54003491584666,691,1:12:08
65.5%,32800000,-583385.6210600235,400.95813911279527,691,1:11:56
65.6%,32850000,-583268.6465496984,398.7136692444929,691,1:11:43
65.7%,32900000,-582908.3783757961,400.6415424375792,691,1:11:31
65.8%,32950000,-581883.2313374099,401.6647513754665,691,1:11:18
65.9%,33000000,-583058.9973345567,403.17404723353144,691,1:11:06
66.0%,33050000,-583481.0510713067,398.70319361921,691,1:10:53
66.1%,33100000,-585384.2900568438,398.05155600545925,691,1:10:41
66.2%,33150000,-582779.0205324073,400.8778707532559,691,1:10:28
66.3%,33200000,-582423.7373421215,398.9121241456853,691,1:10:16
66.4%,33250000,-582595.8642661814,401.0800861353191,691,1:10:03
66.5%,33300000,-582871.9847917086,401.6803305105026,691,1:09:51
66.6%,33350000,-582908.6119584455,397.1937634582568,691,1:09:38
66.7%,33400000,-583543.3910869616,398.96982962000004,691,1:09:26
66.8%,33450000,-581970.7451146017,402.16946162948034,691,1:09:13
66.9%,33500000,-581205.8629476894,402.3319233566239,691,1:09:01
67.0%,33550000,-582660.4958809135,399.46124388807795,691,1:08:48
67.1%,33600000,-582329.6003474244,401.93599844208615,691,1:08:36
67.2%,33650000,-583153.9616796598,400.76451911557956,691,1:08:23
67.3%,33700000,-581818.2269076845,398.4852647992225,691,1:08:11
67.4%,33750000,-583791.4778518984,400.71706542840064,691,1:07:58
67.5%,33800000,-582081.7724143583,399.8686740833752,691,1:07:46
67.6%,33850000,-582813.2322668247,399.93206504662544,691,1:07:33
67.7%,33900000,-582996.9965587291,400.1077779920755,691,1:07:21
67.8%,33950000,-581278.6257739067,400.0546388159611,691,1:07:08
67.9%,34000000,-583711.0235336381,398.17207046384186,691,1:06:56
68.0%,34050000,-582872.064457796,397.5526207756398,691,1:06:43
68.1%,34100000,-582930.3879965078,399.2926937633341,691,1:06:31
68.2%,34150000,-582312.203311481,399.5892345405727,691,1:06:18
68.3%,34200000,-583098.4802550012,401.31345978745446,691,1:06:06
68.4%,34250000,-582240.840692929,398.64602535644826,691,1:05:53
68.5%,34300000,-581819.1678936933,399.34766841225456,691,1:05:41
68.6%,34350000,-582261.0531998351,400.4953313599129,691,1:05:28
68.7%,34400000,-582675.6781280255,399.394316282104,691,1:05:16
68.8%,34450000,-581263.1853284156,399.57164086221303,691,1:05:03
68.9%,34500000,-582410.6505966117,398.3569160056924,691,1:04:51
69.0%,34550000,-581603.0123349032,399.97137102525096,691,1:04:38
69.1%,34600000,-582263.5655343621,398.0032517333215,691,1:04:26
69.2%,34650000,-582011.051059531,399.9945606572874,691,1:04:13
69.3%,34700000,-582820.5941064949,399.5308127841874,691,1:04:00
69.4%,34750000,-582715.0985237565,398.4468541731853,691,1:03:48
69.5%,34800000,-583492.4389735912,400.1234914299999,691,1:03:35
69.6%,34850000,-583190.7760527874,399.70025826151954,691,1:03:23
69.7%,34900000,-583313.8007666045,399.63601671331037,691,1:03:10
69.8%,34950000,-581698.5595693951,399.0517543818278,691,1:02:58
69.9%,35000000,-582022.933804621,402.4707925430663,691,1:02:45
70.0%,35050000,-581583.7273081751,402.4004178296274,691,1:02:33
70.1%,35100000,-582605.7269191449,397.6915347297115,691,1:02:20
70.2%,35150000,-583700.2763868552,400.5718840062109,691,1:02:08
70.3%,35200000,-582751.3355478994,398.24016202818063,691,1:01:55
70.4%,35250000,-583093.2122806045,400.5228634520025,691,1:01:43
70.5%,35300000,-581545.6530579072,400.06113012222613,691,1:01:30
70.6%,35350000,-583669.5298307184,399.834382079244,691,1:01:18
70.7%,35400000,-580769.3837997387,400.6024602971007,691,1:01:05
70.8%,35450000,-582129.913513985,401.90663087719054,691,1:00:53
70.9%,35500000,-583170.8511155355,401.8562225264703,691,1:00:40
71.0%,35550000,-581016.6085049864,398.1154841802625,691,1:00:28
71.1%,35600000,-582216.9256868465,400.1477554851423,691,1:00:15
71.2%,35650000,-582761.3080197913,398.5927071098162,691,1:00:03
71.3%,35700000,-582307.5374680618,399.5424971354645,691,59:50
71.4%,35750000,-581319.1256434997,403.4173145317673,691,59:38
71.5%,35800000,-583021.7251218776,400.3447330545641,691,59:25
71.6%,35850000,-584898.7969982852,401.0340202446521,691,59:13
71.7%,35900000,-583360.2883472196,399.55189833764143,691,59:00
71.8%,35950000,-583382.0372494399,401.09714260212587,691,58:48
71.9%,36000000,-583220.5908831689,399.1421849932441,691,58:35
72.0%,36050000,-582957.5946268751,400.4392822878865,691,58:23
72.1%,36100000,-582757.6762409536,399.8564077529157,691,58:10
72.2%,36150000,-582265.253962474,401.12959913345105,691,57:58
72.3%,36200000,-582630.0472469851,401.1537736533346,691,57:45
72.4%,36250000,-582256.909687499,400.4228078002622,691,57:33
72.5%,36300000,-582146.2981614503,395.788283732803,691,57:20
72.6%,36350000,-582457.1650554198,399.7478014839573,691,57:08
72.7%,36400000,-582511.2199658151,401.31842899431945,690,56:55
72.8%,36450000,-581448.6239036699,395.5572379973972,691,56:43
72.9%,36500000,-580055.0999710271,398.07868518888415,691,56:30
73.0%,36550000,-583184.4078402082,402.74445706167427,691,56:18
73.1%,36600000,-583403.9562191023,399.0148658551906,691,56:05
73.2%,36650000,-582275.8768389956,403.1838961120025,691,55:53
73.3%,36700000,-581239.9400742166,399.8914160391175,691,55:40
73.4%,36750000,-581858.9530485813,397.9634533107724,691,55:28
73.5%,36800000,-582309.3658949938,398.1251092205865,691,55:15
73.6%,36850000,-583317.2138731587,399.9367208800845,691,55:03
73.7%,36900000,-584872.6898374325,402.0625565304397,691,54:50
73.8%,36950000,-582419.5696664159,399.28203906753356,690,54:38
73.9%,37000000,-582767.7193795526,400.20416269820396,690,54:25
74.0%,37050000,-583998.6426853836,404.31405491656,690,54:13
74.1%,37100000,-581784.4138355777,400.1769439795203,690,54:00
74.2%,37150000,-581902.8123682919,399.66010169793515,690,53:48
74.3%,37200000,-580799.2952956394,401.90663087719054,690,53:35
74.4%,37250000,-582073.9449069924,401.4798610659865,690,53:23
74.5%,37300000,-582080.7043868247,400.71558809663,690,53:10
74.6%,37350000,-583208.4986824086,400.39791699830795,690,52:58
74.7%,37400000,-583216.8864354901,400.39433558795486,690,52:45
74.8%,37450000,-582688.6790346792,401.1117816169442,690,52:33
74.9%,37500000,-582328.2706800718,398.67167720810255,691,52:20
75.0%,37550000,-582798.5912409904,395.8450938545294,690,52:08
75.1%,37600000,-581392.533117027,397.8495196939137,691,51:55
75.2%,37650000,-583026.6042568553,400.0977948107162,690,51:43
75.3%,37700000,-583164.3885335098,399.04969507087475,690,51:30
75.4%,37750000,-580835.2636389346,399.51447259945127,690,51:18
75.5%,37800000,-581249.0865009236,401.84127013824605,690,51:05
75.6%,37850000,-583323.5255018049,401.9894957592359,690,50:53
75.7%,37900000,-581685.2956648986,398.3934016236649,690,50:40
75.8%,37950000,-582300.6231067558,400.4628300609583,691,50:28
75.9%,38000000,-580804.8799378662,397.0526558903438,691,50:15
76.0%,38050000,-582558.3686473467,399.3576963612433,691,50:03
76.1%,38100000,-581040.6824443704,401.92453792895617,691,49:50
76.2%,38150000,-582234.9797512856,399.0022861513252,690,49:38
76.3%,38200000,-583977.905465506,400.7985872815636,690,49:25
76.4%,38250000,-581817.1815065918,399.20096489066475,690,49:13
76.5%,38300000,-582377.349480072,398.50648465556475,690,49:00
76.6%,38350000,-584543.3858668027,400.2012080346626,690,48:48
76.7%,38400000,-582919.1793343709,402.4517663005653,690,48:35
76.8%,38450000,-582989.4974018829,399.10713193941297,690,48:23
76.9%,38500000,-583577.4387883041,401.9663956624583,690,48:10
77.0%,38550000,-581530.474502814,401.94933919565153,690,47:58
77.1%,38600000,-583062.9475066462,399.53873665459366,690,47:45
77.2%,38650000,-581710.5935280239,403.09637539649805,690,47:32
77.3%,38700000,-581827.5178970592,401.0470476248115,690,47:20
77.4%,38750000,-581164.7060455391,405.52909314648645,690,47:07
77.5%,38800000,-582744.9805386313,401.1314793738864,690,46:55
77.6%,38850000,-583164.011583834,399.25634244824994,690,46:42
77.7%,38900000,-581716.6999011994,401.89064883348976,690,46:30
77.8%,38950000,-583125.2844492123,400.37598085989504,690,46:17
77.9%,39000000,-583572.2630113135,401.5857812771801,690,46:05
78.0%,39050000,-582429.365368777,400.4673068238997,690,45:52
78.1%,39100000,-582769.1494861133,397.2860295424792,690,45:40
78.2%,39150000,-582454.3010326768,402.6360298632335,690,45:27
78.3%,39200000,-585067.4192810049,399.46021423260146,690,45:15
78.4%,39250000,-582328.7134217825,404.0403903979519,690,45:02
78.5%,39300000,-581898.0903168502,398.0299780080817,690,44:50
78.6%,39350000,-582594.5892760814,401.59195921003925,690,44:37
78.7%,39400000,-580232.9658779353,399.718254848544,690,44:25
78.8%,39450000,-583423.9288207432,397.2211164798288,690,44:12
78.9%,39500000,-582246.982780179,403.4701403344759,690,44:00
79.0%,39550000,-582726.8858490647,402.8675680425629,690,43:47
79.1%,39600000,-583201.8617381821,398.7946986537323,690,43:35
79.2%,39650000,-582290.0039079101,397.56126092811667,690,43:22
79.3%,39700000,-585031.1425289968,402.8108026884659,690,43:10
79.4%,39750000,-584036.0758803212,401.0253353245457,690,42:57
79.5%,39800000,-581058.8193821628,398.3129989612372,690,42:45
79.6%,39850000,-583565.5530516887,397.1433103399072,690,42:32
79.7%,39900000,-582932.057114169,402.2921249340748,690,42:20
79.8%,39950000,-582970.0397131932,399.4604828383779,690,42:07
79.9%,40000000,-581131.5986065231,402.6048715931613,690,41:55
80.0%,40050000,-581528.1293003173,398.969605781853,690,41:42
80.1%,40100000,-583296.9549764041,400.7491190510611,690,41:30
80.2%,40150000,-582718.9449752029,402.51667936321564,690,41:17
80.3%,40200000,-583435.5760970176,400.3045764909797,690,41:05
80.4%,40250000,-581431.2358569084,401.4288259684545,690,40:52
80.5%,40300000,-582268.77838872,400.88704811728576,690,40:40
80.6%,40350000,-580271.8316339054,399.75303929659873,690,40:27
80.7%,40400000,-582941.4920516913,399.41396927141676,690,40:15
80.8%,40450000,-581985.7644060575,398.027739626611,690,40:02
80.9%,40500000,-583004.6184888692,401.04919647102344,690,39:49
81.0%,40550000,-582569.8891541543,398.77415031183125,690,39:37
81.1%,40600000,-582555.4518451965,399.2549994193675,690,39:24
81.2%,40650000,-582307.1950423382,398.1627140292943,690,39:12
81.3%,40700000,-583579.6076111184,399.5894136110904,690,38:59
81.4%,40750000,-580204.7880909904,400.9540204908892,690,38:47
81.5%,40800000,-583616.5170275513,397.57330342042906,690,38:34
81.6%,40850000,-581430.8020928958,400.5176256393611,690,38:22
81.7%,40900000,-581600.9542149128,396.1035373791367,690,38:09
81.8%,40950000,-582325.9667975865,398.775090432049,690,37:57
81.9%,41000000,-580596.6892561908,398.99355646358947,690,37:44
82.0%,41050000,-583346.0810277122,399.59894911615555,690,37:32
82.1%,41100000,-582899.3759569596,396.7298365146391,690,37:19
82.2%,41150000,-581480.0536088739,400.63339472902584,690,37:07
82.3%,41200000,-583309.2490124512,400.6111899848364,690,36:54
82.4%,41250000,-582671.6155385068,399.29041061423396,690,36:42
82.5%,41300000,-582123.0667766584,397.4484465019933,690,36:29
82.6%,41350000,-582378.3050024267,397.7284680239781,690,36:17
82.7%,41400000,-582138.0407656753,399.73347584254475,690,36:04
82.8%,41450000,-582418.6693031914,401.4937837987342,690,35:52
82.9%,41500000,-582476.205274439,401.1940645198073,690,35:39
83.0%,41550000,-581872.1416646391,396.7664564354998,690,35:27
83.1%,41600000,-582830.7335140645,398.83543719649913,690,35:14
83.2%,41650000,-581819.3317641132,402.65886135423466,690,35:02
83.3%,41700000,-581760.9459377159,398.28134824724157,690,34:49
83.4%,41750000,-584228.684220687,400.28156592946084,690,34:37
83.5%,41800000,-583138.0543847773,398.97233660724726,690,34:24
83.6%,41850000,-584073.2360044345,402.72856455323233,690,34:12
83.7%,41900000,-583383.9351332658,398.0646281532482,690,33:59
83.8%,41950000,-583089.203297101,399.0928510656299,690,33:47
83.9%,42000000,-580754.6566128144,400.8908085981565,690,33:34
84.0%,42050000,-582495.03371569,402.3560083412487,690,33:22
84.1%,42100000,-583134.9327524924,401.0414069035054,690,33:09
84.2%,42150000,-583711.1889470951,400.86538058464936,690,32:57
84.3%,42200000,-583135.3842524989,402.0828362665642,690,32:44
84.4%,42250000,-583243.7759093987,401.41315729815955,690,32:32
84.5%,42300000,-582372.0842811116,405.7341736568322,690,32:19
84.6%,42350000,-584880.6794534805,398.3262501795438,690,32:07
84.7%,42400000,-582448.6071198038,402.898502474488,690,31:54
84.8%,42450000,-581489.0543604903,402.41971267790484,690,31:42
84.9%,42500000,-580895.3524033758,403.24070623372893,690,31:29
85.0%,42550000,-582057.7418282148,402.3739601606437,690,31:17
85.1%,42600000,-582785.0994033385,399.7841080314121,690,31:04
85.2%,42650000,-582998.5600029812,398.84859887954684,690,30:52
85.3%,42700000,-582915.7984359832,400.26397225110117,690,30:39
85.4%,42750000,-583641.4244019724,399.1069976365247,690,30:27
85.5%,42800000,-582439.2732285205,399.24286739179627,690,30:14
85.6%,42850000,-581342.719478955,401.57396262301484,690,30:02
85.7%,42900000,-584557.7091956409,405.521258811339,690,29:49
85.8%,42950000,-581658.2929146774,400.54869437417443,690,29:37
85.9%,43000000,-582373.7927556392,402.9316305202544,690,29:24
86.0%,43050000,-582854.8068543104,404.73281132209894,690,29:11
86.1%,43100000,-581455.4242610293,402.1198590960896,690,28:59
86.2%,43150000,-581955.91898634,400.20210338725093,690,28:46
86.3%,43200000,-582643.7921127728,399.6203928106449,690,28:34
86.4%,43250000,-580028.6181989494,399.41956522509355,690,28:21
86.5%,43300000,-580162.9324544463,401.6709293083256,690,28:09
86.6%,43350000,-581702.8266391768,400.44420672712204,690,27:56
86.7%,43400000,-583253.5968624507,401.08013090294855,690,27:44
86.8%,43450000,-581906.0604458083,398.93979054066324,690,27:31
86.9%,43500000,-581269.2204531999,402.5438980818994,690,27:19
87.0%,43550000,-582491.9116564444,403.83642907834155,690,27:06
87.1%,43600000,-580844.8196890866,399.0910603604533,690,26:54
87.2%,43650000,-582957.297864839,398.8554483268472,690,26:41
87.3%,43700000,-581463.4045669036,399.2450162380082,690,26:29
87.4%,43750000,-582348.1552078156,401.43222830828995,690,26:16
87.5%,43800000,-581707.491300201,399.0928510656299,690,26:04
87.6%,43850000,-583328.8950174055,396.9041616635774,690,25:51
87.7%,43900000,-581640.5745754703,399.2468069431847,690,25:39
87.8%,43950000,-581317.6280715722,402.4337697135408,690,25:26
87.9%,44000000,-581428.1697854577,402.0023888365072,690,25:14
88.0%,44050000,-584109.2253030632,397.00860454300033,690,25:01
88.1%,44100000,-580732.6953090318,397.2700027311489,690,24:49
88.2%,44150000,-582970.9526284221,402.98651563391604,690,24:36
88.3%,44200000,-583751.8886495675,401.6339512464296,690,24:24
88.4%,44250000,-582691.3298852006,399.7746172939763,690,24:11
88.5%,44300000,-583573.721426771,400.79026050249263,690,23:59
88.6%,44350000,-584164.575981616,401.19800407119567,690,23:46
88.7%,44400000,-580680.9664102029,400.3880233522075,690,23:34
88.8%,44450000,-582192.791177243,399.2536563904851,690,23:21
88.9%,44500000,-583546.399816853,399.13367914365546,690,23:09
89.0%,44550000,-581394.6912460919,404.76768530541244,690,22:56
89.1%,44600000,-581828.1094424105,402.80628115789506,690,22:44
89.2%,44650000,-581046.6323516779,398.68291388308546,690,22:31
89.3%,44700000,-583813.0863833297,398.97573894708273,690,22:19
89.4%,44750000,-582775.6247656383,400.32033469653345,690,22:06
89.5%,44800000,-582877.8672861159,402.3834508980795,690,21:54
89.6%,44850000,-582769.4314817563,401.8785615735479,690,21:41
89.7%,44900000,-584060.5209691706,395.71370086219923,690,21:29
89.8%,44950000,-582709.2548306254,399.617482914733,690,21:16
89.9%,45000000,-582799.1347541907,401.74125925413506,690,21:04
90.0%,45050000,-583060.697873693,402.4461255792591,690,20:51
90.1%,45100000,-582426.6901822644,399.9992164907465,690,20:39
90.2%,45150000,-583220.139683486,405.89591910190506,690,20:26
90.3%,45200000,-581825.9186609141,397.6857597055171,690,20:13
90.4%,45250000,-581441.9288246054,401.7001178027035,690,20:01
90.5%,45300000,-580294.4248165945,401.8860825352895,690,19:48
90.6%,45350000,-582500.9034467489,399.37229060843225,690,19:36
90.7%,45400000,-582803.5093606347,398.8481959708821,690,19:23
90.8%,45450000,-584329.6041504331,400.8496223790956,690,19:11
90.9%,45500000,-581232.3544704095,402.2427014712017,690,18:58
91.0%,45550000,-582827.2528022025,400.09877969856336,690,18:46
91.1%,45600000,-581867.0570309618,398.36439219980457,690,18:33
91.2%,45650000,-583803.4043951519,402.85718195253884,690,18:21
91.3%,45700000,-582370.9319919529,399.4410536872122,690,18:08
91.4%,45750000,-581525.3094085483,399.908338203036,690,17:56
91.5%,45800000,-582311.4885072177,400.8476526034014,690,17:43
91.6%,45850000,-583279.5773165068,398.34003860940334,690,17:31
91.7%,45900000,-582355.0799391009,403.1840751825202,690,17:18
91.8%,45950000,-581500.1302096159,401.0523302050824,690,17:06
91.9%,46000000,-583813.9033692828,397.9687806586727,690,16:53
92.0%,46050000,-580662.3212612635,400.47961792198856,690,16:41
92.1%,46100000,-583741.0694922036,403.5784779976579,690,16:28
92.2%,46150000,-582069.3221611395,399.61882594361543,690,16:16
92.3%,46200000,-582968.6200737259,396.5989359662325,690,16:03
92.4%,46250000,-583566.858722216,399.7263130218385,690,15:51
92.5%,46300000,-582073.9396504005,401.95018978061034,690,15:38
92.6%,46350000,-582477.4664659016,400.5911340868589,690,15:26
92.7%,46400000,-581218.1941532432,399.9370790211198,690,15:13
92.8%,46450000,-582771.6616388233,401.978796295806,690,15:01
92.9%,46500000,-584473.7936376804,399.6192288522801,690,14:48
93.0%,46550000,-583327.8401245186,398.47183451039825,690,14:36
93.1%,46600000,-583093.0002600448,401.02224635811615,690,14:23
93.2%,46650000,-583515.5669911238,401.9195687220912,690,14:11
93.3%,46700000,-581065.0223408835,400.1445322158245,690,13:58
93.4%,46750000,-582850.2086773617,400.50661280252524,690,13:46
93.5%,46800000,-583863.3660780508,399.62634690535697,690,13:33
93.6%,46850000,-584120.5404050401,400.33577952868126,690,13:21
93.7%,46900000,-580650.4929841361,399.1628676380334,690,13:08
93.8%,46950000,-581440.7717758431,402.28326094345084,690,12:56
93.9%,47000000,-582311.8497969755,397.82633006187723,690,12:43
94.0%,47050000,-582632.5557584576,398.0686572398954,690,12:30
94.1%,47100000,-583192.0500696702,399.837515813303,690,12:18
94.2%,47150000,-582595.5541413948,400.5632886213634,690,12:05
94.3%,47200000,-583336.3271821328,400.66670184530983,690,11:53
94.4%,47250000,-582665.3227597652,397.6796713079168,690,11:40
94.5%,47300000,-582895.2751443461,397.79772354668165,690,11:28
94.6%,47350000,-582217.5744095384,401.8265415881688,690,11:15
94.7%,47400000,-582988.1470188992,400.3498365643173,690,11:03
94.8%,47450000,-581443.0029668133,402.1382138241494,690,10:50
94.9%,47500000,-582354.7988449717,403.32276529844484,690,10:38
95.0%,47550000,-581908.4482051963,397.51568748137316,690,10:25
95.1%,47600000,-582467.4158720002,401.717577178175,690,10:13
95.2%,47650000,-582612.3138710102,402.84603481281476,690,10:00
95.3%,47700000,-582633.2697196095,399.45797585113075,690,9:48
95.4%,47750000,-581645.5517181731,401.13994045584565,690,9:35
95.5%,47800000,-584446.1822645213,402.0857013948467,690,9:23
95.6%,47850000,-582455.7219908419,396.72365858178,690,9:10
95.7%,47900000,-582860.5885693175,402.2173629929534,690,8:58
95.8%,47950000,-582142.7530867714,401.00944281610373,690,8:45
95.9%,48000000,-582517.0969711463,399.92499176117803,690,8:33
96.0%,48050000,-583210.7095855298,401.10332053498496,690,8:20
96.1%,48100000,-581599.565161468,402.1133230221952,690,8:08
96.2%,48150000,-582910.2747957483,399.18878809546413,690,7:55
96.3%,48200000,-584366.8967700433,402.86130057444495,690,7:43
96.4%,48250000,-582597.8917871644,402.51627645455096,690,7:30
96.5%,48300000,-582201.4829018773,398.64611489170716,690,7:18
96.6%,48350000,-583054.7479495713,400.61378650734247,690,7:05
96.7%,48400000,-580941.8475539782,399.95615003125016,690,6:53
96.8%,48450000,-581859.7677534414,401.0660290996831,690,6:40
96.9%,48500000,-581979.2011976736,401.5038565153524,690,6:28
97.0%,48550000,-582299.348722592,401.08420475722517,690,6:15
97.1%,48600000,-582742.5272721625,401.4406893902492,690,6:03
97.2%,48650000,-581712.7762816646,402.1310957710725,690,5:50
97.3%,48700000,-583430.7586206747,401.4049200543474,690,5:37
97.4%,48750000,-583756.1335641979,393.9315015352263,690,5:25
97.5%,48800000,-582373.9105566088,399.4107460020989,690,5:12
97.6%,48850000,-581491.2186553869,401.5587863966434,690,5:00
97.7%,48900000,-582863.8149428559,401.54011829517776,690,4:47
97.8%,48950000,-580582.919244268,400.2501838212416,690,4:35
97.9%,49000000,-582303.3326014434,399.1490344405444,690,4:22
98.0%,49050000,-583956.5737860831,399.3655754640202,690,4:10
98.1%,49100000,-583376.249826197,400.81309199349374,690,3:57
98.2%,49150000,-583712.4139795266,400.1753323448614,690,3:45
98.3%,49200000,-581847.617548164,400.17385501309064,690,3:32
98.4%,49250000,-582844.5466231783,401.2316245608856,690,3:20
98.5%,49300000,-581222.8781931768,397.754075108003,690,3:07
98.6%,49350000,-581143.5592228249,398.27311100342934,690,2:55
98.7%,49400000,-583306.673361179,398.1059039075679,690,2:42
98.8%,49450000,-583266.0802595941,402.4725384806134,690,2:30
98.9%,49500000,-581721.9360092911,399.46370610769577,690,2:17
99.0%,49550000,-583757.2538787262,403.5462453044797,690,2:05
99.1%,49600000,-583516.5194640616,398.25041381531645,690,1:52
99.2%,49650000,-580046.8382033138,399.6268393492805,690,1:40
99.3%,49700000,-581985.7963891169,400.29530959169097,690,1:27
99.4%,49750000,-584515.8688405063,398.59011058731016,690,1:15
99.5%,49800000,-584643.3974299207,401.2486810276924,690,1:02
99.6%,49850000,-583795.8926821505,398.2815273177592,690,0:50
99.7%,49900000,-583244.6189144454,400.9447983592299,690,0:37
99.8%,49950000,-583813.5235479698,403.2572254889827,690,0:25
99.9%,50000000,-582789.114609431,400.3683255952653,690,0:12
100.0%,50050000,-584872.7907324196,398.69271799392715,690,0:00
  done in 3.48 h
Wrote data/md/prod_mut_400K_rep1.dcd and data/md/prod_mut_400K_rep1_final.pdb
