[mut 400K rep2] equilibrating 100 ps at 400.0 K...
[mut 400K rep2] production 100.0 ns (50000000 steps)...
#"Progress (%)","Step","Potential Energy (kJ/mole)","Temperature (K)","Speed (ns/day)","Time Remaining"
0.2%,100000,-582054.1205859403,400.2561826835831,0,--
0.3%,150000,-583634.0874394835,402.1375423097082,697,3:26:11
0.4%,200000,-583219.2424284397,401.9620084347757,699,3:25:16
0.5%,250000,-581408.5851663644,401.5907952516745,700,3:25:01
0.6%,300000,-582048.0492064576,398.803204503321,700,3:24:42
0.7%,350000,-582384.6493601883,398.47899733110455,699,3:24:48
0.8%,400000,-582246.5135719273,402.417563831693,699,3:24:41
0.9%,450000,-581988.6325874557,399.5898612873845,698,3:24:44
1.0%,500000,-581848.5179205183,401.8490597057641,697,3:24:38
1.1%,550000,-582710.7223645942,402.3828689188971,697,3:24:26
1.2%,600000,-582115.308203496,397.95485792592495,697,3:24:15
1.3%,650000,-582492.2085549892,397.552755078528,697,3:24:12
1.4%,700000,-582213.700877971,402.82969462807864,696,3:24:08
1.5%,750000,-583269.9281876185,398.5855442891099,696,3:24:00
1.6%,800000,-581961.5242620641,403.2625976045124,696,3:23:46
1.7%,850000,-581518.5232656365,399.09482084132406,696,3:23:28
1.8%,900000,-583374.9505660408,401.11325894871493,696,3:23:14
1.9%,950000,-582491.4778444581,399.2045463010179,697,3:22:59
2.0%,1000000,-583221.7874260708,399.6295254070454,697,3:22:45
2.1%,1050000,-584222.3395229029,402.3321024271416,697,3:22:30
2.2%,1100000,-583348.5800903821,399.7886743296123,697,3:22:17
2.3%,1150000,-583342.4681826574,401.3852222974052,697,3:22:03
2.4%,1200000,-583899.8561416832,402.3204180758645,697,3:21:50
2.5%,1250000,-582440.3650954035,401.7555848955476,697,3:21:38
2.6%,1300000,-581599.4272915986,402.52809510871623,697,3:21:27
2.7%,1350000,-582381.0826825402,400.19032950071505,697,3:21:16
2.8%,1400000,-581807.706574087,399.79991100459523,697,3:21:06
2.9%,1450000,-583006.4896157826,398.0312315017053,697,3:20:53
3.0%,1500000,-583904.5073601697,402.23150956384825,697,3:20:45
3.1%,1550000,-583434.8407327426,399.9563738693972,696,3:20:32
3.2%,1600000,-581103.7238869551,399.2087096905534,697,3:20:19
3.3%,1650000,-582622.5103164832,400.4475642993281,697,3:20:06
3.4%,1700000,-583556.9444063012,400.2581524592773,697,3:19:53
3.5%,1750000,-583648.0887696263,400.54368039968006,697,3:19:42
3.6%,1800000,-581524.8288302058,400.88055681102077,696,3:19:33
3.7%,1850000,-582611.2503552414,400.50016626388964,696,3:19:20
3.8%,1900000,-581186.8640888631,400.1242524796999,696,3:19:08
3.9%,1950000,-582393.0811250247,397.8913774274158,696,3:18:57
4.0%,2000000,-582456.2926430404,400.9341436634293,696,3:18:44
4.1%,2050000,-583457.0663730106,399.33146253040667,696,3:18:31
4.2%,2100000,-582485.9804456304,403.5931617801057,696,3:18:18
4.3%,2150000,-581925.7063334067,398.55008832661406,696,3:18:04
4.4%,2200000,-583145.6555632362,400.6470936236265,697,3:17:51
4.5%,2250000,-581315.6385884061,398.2818406911651,697,3:17:37
4.6%,2300000,-583086.3386861905,404.5475181039542,697,3:17:26
4.7%,2350000,-582683.636790697,402.3906137187857,697,3:17:13
4.8%,2400000,-581870.9357318925,397.9481427815128,697,3:17:00
4.9%,2450000,-580081.9414794925,400.8698125799614,696,3:16:49
5.0%,2500000,-582142.8393214685,397.86751628093816,696,3:16:37
5.1%,2550000,-582397.8927761544,403.7134076327118,696,3:16:25
5.2%,2600000,-582177.7253237218,399.6872756489895,696,3:16:13
5.3%,2650000,-582325.4147178889,400.1700497645905,696,3:16:02
5.4%,2700000,-581601.6462341812,400.4172566142148,696,3:15:50
5.5%,2750000,-581589.0792530314,400.74701497247867,696,3:15:39
5.6%,2800000,-582198.1154272151,403.65820914564426,696,3:15:27
5.7%,2850000,-580695.3681475245,401.1413282523575,696,3:15:16
5.8%,2900000,-583042.7586612673,399.8818357664229,696,3:15:04
5.9%,2950000,-583934.3148359088,401.26385725406374,696,3:14:51
6.0%,3000000,-583012.7142673372,398.23035791733895,696,3:14:39
6.1%,3050000,-583176.938763862,403.15175295408324,696,3:14:27
6.2%,3100000,-582862.8062063968,400.9129238070871,696,3:14:14
6.3%,3150000,-583421.5393069638,402.5180671597275,696,3:14:03
6.4%,3200000,-583384.0288865813,401.87757668570083,696,3:13:51
6.5%,3250000,-585336.9865757627,400.52263961385546,696,3:13:40
6.6%,3300000,-581399.116915788,401.49136634674585,696,3:13:28
6.7%,3350000,-583928.2232379587,398.65350155056046,696,3:13:15
6.8%,3400000,-581853.7982206293,403.76363691291436,696,3:13:04
6.9%,3450000,-582002.3229397,395.88981671631404,696,3:12:51
7.0%,3500000,-581822.332588308,399.840112335809,696,3:12:39
7.1%,3550000,-583165.6778682773,404.66140695318353,696,3:12:27
7.2%,3600000,-581550.8725958779,399.05999162563995,696,3:12:15
7.3%,3650000,-581797.359951722,399.6650261371707,696,3:12:05
7.4%,3700000,-582307.9646906029,401.8748458603066,696,3:11:55
7.5%,3750000,-581443.6545636561,400.88328763641493,696,3:11:43
7.6%,3800000,-581569.1853420548,400.2917281813379,695,3:11:31
7.7%,3850000,-582611.1147912247,401.0764151897072,695,3:11:20
7.8%,3900000,-583226.6707671657,397.1464440739662,695,3:11:07
7.9%,3950000,-583808.7069572806,400.7537301168907,695,3:10:57
8.0%,4000000,-583151.1773907491,398.5622651218146,695,3:10:45
8.1%,4050000,-582819.2186325113,398.0973980579792,695,3:10:33
8.2%,4100000,-583399.0246388726,402.1322149618079,695,3:10:20
8.3%,4150000,-582499.4638070539,397.4679651884178,695,3:10:08
8.4%,4200000,-583576.6767390175,399.9542697908148,695,3:09:55
8.5%,4250000,-583494.8922829097,398.82567785328683,695,3:09:43
8.6%,4300000,-582132.4887074013,399.1988608120823,695,3:09:31
8.7%,4350000,-583552.0008929512,399.8460216628917,695,3:09:20
8.8%,4400000,-581686.8692729124,403.24164635394663,695,3:09:08
8.9%,4450000,-581772.9019310875,396.8314142657796,695,3:08:55
9.0%,4500000,-585038.0278237108,398.71505704100474,695,3:08:43
9.1%,4550000,-583925.8597734519,397.61713092962543,695,3:08:32
9.2%,4600000,-581826.6613914282,401.49467915132254,695,3:08:20
9.3%,4650000,-581441.545977232,403.2601801525241,695,3:08:08
9.4%,4700000,-582087.9058579248,402.3667973399375,695,3:07:56
9.5%,4750000,-584276.0970654334,400.14891944350705,695,3:07:45
9.6%,4800000,-583131.2640325166,398.7141169207871,695,3:07:33
9.7%,4850000,-583758.1735526929,397.64891594650936,695,3:07:21
9.8%,4900000,-582978.0997244897,401.97208115139387,695,3:07:09
9.9%,4950000,-581623.320626881,401.84100153246953,695,3:06:57
10.0%,5000000,-582485.2900115978,399.2386144670019,695,3:06:45
10.1%,5050000,-582778.48632051,400.0055287264939,695,3:06:33
10.2%,5100000,-582647.1223942554,397.3658502257244,695,3:06:20
10.3%,5150000,-581788.1912967539,401.8568940409115,695,3:06:08
10.4%,5200000,-583506.87376764,403.85518671506605,695,3:05:56
10.5%,5250000,-581682.1449820851,403.13447264912946,695,3:05:43
10.6%,5300000,-585130.926910237,402.0611239662984,695,3:05:31
10.7%,5350000,-583149.8120826846,399.7087641111082,695,3:05:19
10.8%,5400000,-583945.4215707164,400.1345490344652,695,3:05:08
10.9%,5450000,-583867.6640471234,403.06794795182014,695,3:04:56
11.0%,5500000,-582599.429121701,399.16080832708036,695,3:04:44
11.1%,5550000,-583039.997638695,401.4299003915604,694,3:04:32
11.2%,5600000,-583349.92538488,403.2786244158426,694,3:04:20
11.3%,5650000,-583001.646230517,403.7692776342205,694,3:04:07
11.4%,5700000,-584038.2693931893,401.1921842793719,694,3:03:56
11.5%,5750000,-582316.4926911527,401.29094166985925,694,3:03:43
11.6%,5800000,-582428.9520749375,402.2425224006841,694,3:03:31
11.7%,5850000,-581245.2138049076,396.8945813908828,694,3:03:19
11.8%,5900000,-582421.3663814673,396.4499492955426,694,3:03:06
11.9%,5950000,-583035.4887089552,401.22114893560274,694,3:02:54
12.0%,6000000,-582385.9200948556,401.79936763711447,694,3:02:42
12.1%,6050000,-581571.5744559895,398.70426804231596,694,3:02:30
12.2%,6100000,-582801.0273429402,399.7358037592743,694,3:02:17
12.3%,6150000,-582213.7559122685,399.8102523269899,694,3:02:04
12.4%,6200000,-582138.3988767853,401.53304500973036,694,3:01:52
12.5%,6250000,-581725.7061593053,401.77931173913703,694,3:01:40
12.6%,6300000,-580985.0897414084,401.63659253656505,694,3:01:28
12.7%,6350000,-581459.6169613102,397.49966067004294,694,3:01:15
12.8%,6400000,-582904.2635585708,400.7097235371768,694,3:01:03
12.9%,6450000,-581400.7795433328,400.71415553248875,694,3:00:51
13.0%,6500000,-582128.9717664123,401.6695862794432,694,3:00:39
13.1%,6550000,-581540.1649977979,401.98045269809427,694,3:00:27
13.2%,6600000,-583659.2567235851,399.5206505323104,694,3:00:14
13.3%,6650000,-582325.4573122486,401.33723139867334,694,3:00:01
13.4%,6700000,-581256.8311313228,400.5473065776626,694,2:59:49
13.5%,6750000,-581399.4749247422,401.3776565680342,694,2:59:37
13.6%,6800000,-583131.0925602978,404.08153184938345,694,2:59:25
13.7%,6850000,-584300.1094287601,399.3527719220077,694,2:59:13
13.8%,6900000,-583322.770064902,401.47847326947465,694,2:59:01
13.9%,6950000,-582139.577624341,401.2178808986555,694,2:58:49
14.0%,7000000,-581396.8713833666,401.3503035464622,694,2:58:36
14.1%,7050000,-580515.0650271447,398.66585741627875,694,2:58:24
14.2%,7100000,-583548.3521258482,402.7718548508757,694,2:58:11
14.3%,7150000,-582476.6785756047,399.8930276737764,694,2:57:59
14.4%,7200000,-583452.4915443133,405.4257694577988,694,2:57:47
14.5%,7250000,-582131.5592271001,402.2844249018156,694,2:57:35
14.6%,7300000,-583898.0466745184,400.3575365965765,694,2:57:23
14.7%,7350000,-582562.0428730571,399.39333139425685,694,2:57:10
14.8%,7400000,-583012.2641476388,398.91718288780913,694,2:56:58
14.9%,7450000,-583066.8411341347,399.1095046237719,694,2:56:46
15.0%,7500000,-582798.8777896524,401.82331831885097,694,2:56:34
15.1%,7550000,-581791.005119361,398.4020865437712,694,2:56:21
15.2%,7600000,-581549.5928958496,402.3227012249646,694,2:56:09
15.3%,7650000,-583495.3844906944,400.75901269716155,694,2:55:56
15.4%,7700000,-583351.6761023751,401.1123635961266,694,2:55:44
15.5%,7750000,-582024.0284234397,397.01500631400654,694,2:55:32
15.6%,7800000,-584011.4584945524,399.1489896729151,694,2:55:19
15.7%,7850000,-583563.2961065373,401.2493525421336,694,2:55:06
15.8%,7900000,-581228.2733732741,398.4323494612551,694,2:54:54
15.9%,7950000,-581361.3899340942,399.8961614078354,694,2:54:41
16.0%,8000000,-583051.9213344483,400.4647998366525,694,2:54:29
16.1%,8050000,-580990.450842815,400.06717375219705,694,2:54:16
16.2%,8100000,-583264.6586991441,399.48331432937914,694,2:54:04
16.3%,8150000,-580916.9219655925,402.49075890578496,694,2:53:51
16.4%,8200000,-583138.285546022,399.71794147513805,694,2:53:39
16.5%,8250000,-582858.8047887483,403.44130998113326,694,2:53:26
16.6%,8300000,-582249.240559903,401.11142347590896,694,2:53:14
16.7%,8350000,-581798.6923293434,400.6578378546859,694,2:53:02
16.8%,8400000,-581545.1474954742,399.3105112798409,694,2:52:50
16.9%,8450000,-583323.0463380148,401.1818877246066,694,2:52:39
17.0%,8500000,-582964.6384179848,404.2440831117858,694,2:52:26
17.1%,8550000,-581985.5358026386,402.26150387555566,694,2:52:14
17.2%,8600000,-582456.1893273974,400.1420699962067,694,2:52:02
17.3%,8650000,-582681.4534805594,400.8327449828065,694,2:51:49
17.4%,8700000,-582317.8746718252,398.4532559441914,694,2:51:37
17.5%,8750000,-581787.8517248235,403.21397995896876,694,2:51:25
17.6%,8800000,-582866.6318037002,397.88282681019774,694,2:51:12
17.7%,8850000,-582278.2410556292,400.63415577872587,694,2:51:00
17.8%,8900000,-582229.8821815606,401.14875967884024,694,2:50:48
17.9%,8950000,-581493.023523401,398.7579891976128,694,2:50:36
18.0%,9000000,-583596.2358848182,398.4592100389035,694,2:50:23
18.1%,9050000,-582481.5403554388,401.4632970431033,694,2:50:11
18.2%,9100000,-585344.1219258131,402.138392894667,694,2:49:59
18.3%,9150000,-581774.0663037035,399.38196041638577,694,2:49:46
18.4%,9200000,-581427.867173939,403.55385580148015,694,2:49:34
18.5%,9250000,-581618.4351689448,401.4680871794506,694,2:49:21
18.6%,9300000,-583122.386488446,404.09455922954294,694,2:49:09
18.7%,9350000,-582698.9931366504,404.4289734212658,694,2:48:57
18.8%,9400000,-581229.0385758844,399.97459429456876,694,2:48:44
18.9%,9450000,-583068.6938239704,398.4978892707172,694,2:48:32
19.0%,9500000,-582591.5946457451,395.16426774640075,694,2:48:20
19.1%,9550000,-582596.6550453617,399.821086093308,694,2:48:08
19.2%,9600000,-581866.4528530003,403.0067953700406,694,2:47:55
19.3%,9650000,-581853.0650222716,399.6876337900248,694,2:47:43
19.4%,9700000,-580857.3789496361,398.96177144670554,694,2:47:31
19.5%,9750000,-582978.8955115187,402.1730430398335,694,2:47:19
19.6%,9800000,-583178.9824636057,396.7001555763376,694,2:47:07
19.7%,9850000,-580889.1176862665,395.7373381705299,694,2:46:55
19.8%,9900000,-581326.0937387487,402.7113290159079,694,2:46:43
19.9%,9950000,-581997.9006262203,401.7499889418708,694,2:46:30
20.0%,10000000,-583376.4653220298,401.436346930196,694,2:46:18
20.1%,10050000,-583625.4653339642,402.987590057022,694,2:46:05
20.2%,10100000,-582863.8862333833,397.07199550625063,693,2:45:55
20.3%,10150000,-582606.2462326288,400.22068195345776,693,2:45:42
20.4%,10200000,-583288.1981008966,404.21355158852543,693,2:45:30
20.5%,10250000,-585592.2831090931,399.32295668081804,693,2:45:18
20.6%,10300000,-583127.3484455738,403.7260321042065,693,2:45:06
20.7%,10350000,-583085.9460139382,398.4181133551014,693,2:44:54
20.8%,10400000,-582459.3714008979,401.89673723109,693,2:44:42
20.9%,10450000,-582068.1584311314,400.3920972064841,693,2:44:31
21.0%,10500000,-583377.317756535,402.2859022335863,693,2:44:19
21.1%,10550000,-582120.6083437884,399.01916354761437,693,2:44:07
21.2%,10600000,-582988.9381253426,398.99910764963687,693,2:43:55
21.3%,10650000,-581596.2477387651,399.4166105615522,693,2:43:43
21.4%,10700000,-582034.3914332786,398.9681732177117,693,2:43:31
21.5%,10750000,-582796.5306930742,399.29215655178115,693,2:43:19
21.6%,10800000,-581421.414170918,399.24264355364926,693,2:43:09
21.7%,10850000,-581394.7239751029,405.6821089038237,693,2:42:56
21.8%,10900000,-583423.9283597069,401.7072806234098,693,2:42:43
21.9%,10950000,-582374.6786342934,403.2765651048896,693,2:42:32
22.0%,11000000,-582980.7004949255,399.7217467236383,693,2:42:20
22.1%,11050000,-582889.6753143226,400.80695882826404,693,2:42:08
22.2%,11100000,-582337.159410859,400.8694992065555,693,2:41:56
22.3%,11150000,-583290.5043472308,400.98598457829075,693,2:41:43
22.4%,11200000,-581720.2736951774,400.27480601741934,693,2:41:32
22.5%,11250000,-584380.6293490492,400.84998052013094,693,2:41:20
22.6%,11300000,-582863.6969382348,398.74894613647115,693,2:41:08
22.7%,11350000,-583788.5407016748,403.3313606832924,693,2:40:55
22.8%,11400000,-581782.9069239353,400.25600361306545,693,2:40:44
22.9%,11450000,-581594.8526920169,399.3496829555782,692,2:40:32
23.0%,11500000,-583930.9022156531,403.01852448894704,692,2:40:19
23.1%,11550000,-581885.5476322621,399.8144604841548,692,2:40:07
23.2%,11600000,-581795.9030497489,399.2629232897738,692,2:39:54
23.3%,11650000,-582780.5997191118,399.83285997984393,692,2:39:42
23.4%,11700000,-582107.0137697211,397.3052796231272,692,2:39:30
23.5%,11750000,-582181.7240427295,401.98707830724754,692,2:39:19
23.6%,11800000,-582582.7674880153,398.1879182046544,692,2:39:06
23.7%,11850000,-582630.4062249456,397.37695259781907,692,2:38:54
23.8%,11900000,-582753.9097906132,399.9111137960596,692,2:38:42
23.9%,11950000,-584120.3140580165,399.83957512425604,692,2:38:29
24.0%,12000000,-582881.2223185766,399.2241097550718,692,2:38:17
24.1%,12050000,-582403.4426873764,402.9959616037224,692,2:38:06
24.2%,12100000,-581262.4022664274,402.2046489861998,692,2:37:55
24.3%,12150000,-583833.918381046,400.778083707292,692,2:37:42
24.4%,12200000,-582975.2287346208,398.9080502914087,692,2:37:29
24.5%,12250000,-582048.7485523322,401.59804760763956,692,2:37:18
24.6%,12300000,-582163.3449010169,397.00954466321804,692,2:37:06
24.7%,12350000,-581774.7899600244,400.1546049324426,692,2:36:54
24.8%,12400000,-583411.0215491559,402.786270027547,692,2:36:42
24.9%,12450000,-582883.0722514824,398.5611906987087,692,2:36:29
25.0%,12500000,-583254.5683774571,401.8376887278929,692,2:36:17
25.1%,12550000,-582757.8666941561,401.698327097527,692,2:36:04
25.2%,12600000,-583236.6926036072,401.30719231933654,692,2:35:51
25.3%,12650000,-584855.5771169486,400.8219559841177,692,2:35:39
25.4%,12700000,-582808.4275257336,398.93947716725734,692,2:35:27
25.5%,12750000,-583146.9255672973,402.1277381988665,692,2:35:14
25.6%,12800000,-583319.1183902337,403.10447833742205,692,2:35:01
25.7%,12850000,-582014.3448799872,400.8785870353265,692,2:34:49
25.8%,12900000,-582602.6089153821,397.44710347311093,692,2:34:36
25.9%,12950000,-583159.1815393395,402.3698415387376,692,2:34:24
26.0%,13000000,-580918.7548385542,399.2310935052604,692,2:34:13
26.1%,13050000,-581351.718373734,401.6918805588914,692,2:34:02
26.2%,13100000,-582672.7203311911,401.85734171720566,692,2:33:50
26.3%,13150000,-582869.8304608325,401.0605674488946,692,2:33:38
26.4%,13200000,-582695.600208526,401.22244719685574,692,2:33:26
26.5%,13250000,-582305.9118041731,401.88241158967753,692,2:33:13
26.6%,13300000,-579670.2036102172,398.91664567625617,692,2:33:00
26.7%,13350000,-584368.4108964675,399.06966143359335,692,2:32:48
26.8%,13400000,-582856.4549889704,401.35666054983903,692,2:32:36
26.9%,13450000,-584041.3801964079,399.9723559130981,692,2:32:25
27.0%,13500000,-583071.0492890268,403.4542030584045,692,2:32:13
27.1%,13550000,-581670.0558958496,402.0900438548999,692,2:32:00
27.2%,13600000,-580985.8787387246,401.05528486862374,692,2:31:48
27.3%,13650000,-582569.5361880031,398.92483815243895,692,2:31:35
27.4%,13700000,-581179.9563469975,400.12949029234136,692,2:31:23
27.5%,13750000,-579688.0102301077,397.1550842264431,692,2:31:10
27.6%,13800000,-583409.9578300039,399.06384164176956,692,2:30:58
27.7%,13850000,-583073.393208445,403.3282717168628,692,2:30:45
27.8%,13900000,-582553.8268929264,403.14902212868896,692,2:30:32
27.9%,13950000,-582748.6134184534,401.5355519969776,692,2:30:20
28.0%,14000000,-581892.5756785418,401.1639359052116,692,2:30:08
28.1%,14050000,-581946.089342948,399.1610769328569,691,2:29:57
28.2%,14100000,-582634.5442754929,401.7120259921277,691,2:29:44
28.3%,14150000,-584603.571897157,396.2345274628022,691,2:29:32
28.4%,14200000,-583571.7311538514,401.5645166532084,691,2:29:19
28.5%,14250000,-582456.5026213257,397.8636214971791,691,2:29:07
28.6%,14300000,-585054.722070537,400.1660206779432,691,2:28:55
28.7%,14350000,-582525.6129581816,401.74219937435277,691,2:28:43
28.8%,14400000,-581036.451170933,401.22961001756204,691,2:28:31
28.9%,14450000,-581988.2526699957,398.191007171084,691,2:28:20
29.0%,14500000,-581187.0172002814,402.0711071476577,691,2:28:08
29.1%,14550000,-581350.9325661175,400.16485671957844,691,2:27:56
29.2%,14600000,-582266.216613471,405.81515829844216,691,2:27:44
29.3%,14650000,-583434.5928588579,399.79122608448887,691,2:27:32
29.4%,14700000,-583160.4302734653,400.33980861532854,691,2:27:21
29.5%,14750000,-581579.1428167052,401.33445580564967,691,2:27:09
29.6%,14800000,-582381.8050493444,398.5343301210603,691,2:26:57
29.7%,14850000,-582197.5438572494,403.08818292031526,691,2:26:45
29.8%,14900000,-582288.2404275914,400.4553090992167,691,2:26:33
29.9%,14950000,-582894.8944436982,398.5416720122842,691,2:26:22
30.0%,15000000,-583523.6750599025,399.0349665207975,691,2:26:10
30.1%,15050000,-582356.0143109798,401.4554179403264,691,2:25:58
30.2%,15100000,-580933.2507470232,397.58830057628273,691,2:25:46
30.3%,15150000,-584862.0737103559,400.54770948632734,690,2:25:34
30.4%,15200000,-584001.5416091587,399.363068476773,690,2:25:22
30.5%,15250000,-581666.7958153272,401.3134150198251,690,2:25:10
30.6%,15300000,-582687.5236418284,398.49762066494077,690,2:24:59
30.7%,15350000,-582581.2197426781,398.03212685429355,690,2:24:47
30.8%,15400000,-583052.6889974726,399.7605154907108,690,2:24:35
30.9%,15450000,-584970.8778818203,399.2764878814862,690,2:24:23
31.0%,15500000,-582209.2231843956,400.3565964763588,690,2:24:11
31.1%,15550000,-582010.693347631,396.9177262552899,690,2:23:59
31.2%,15600000,-583011.2310351292,402.8115189705365,690,2:23:47
31.3%,15650000,-583180.7354554352,401.10605136037924,690,2:23:35
31.4%,15700000,-583121.3574810466,397.80461776161144,690,2:23:23
31.5%,15750000,-585333.5122452546,401.30593882571293,690,2:23:11
31.6%,15800000,-581712.1842583339,400.9443506829357,690,2:22:59
31.7%,15850000,-581772.9108642549,400.7743232264212,690,2:22:47
31.8%,15900000,-582989.2142885365,399.3644115056554,690,2:22:35
31.9%,15950000,-582612.9812276307,396.666893227683,690,2:22:24
32.0%,16000000,-584086.6785955629,404.2742564940109,690,2:22:12
32.1%,16050000,-582666.5178109505,400.48297549419465,690,2:22:00
32.2%,16100000,-582580.631910509,401.14974456668733,690,2:21:48
32.3%,16150000,-581360.9868603153,396.3021265832174,689,2:21:36
32.4%,16200000,-583492.0613530464,403.9145038240396,689,2:21:24
32.5%,16250000,-582187.9371167026,401.0502261264999,689,2:21:12
32.6%,16300000,-582907.5155460383,403.31981063490355,689,2:21:00
32.7%,16350000,-582718.6971351556,402.9058443657119,689,2:20:47
32.8%,16400000,-582135.6948561282,398.47004380522174,689,2:20:35
32.9%,16450000,-582327.6429076903,401.8307497453337,689,2:20:22
33.0%,16500000,-583140.3647592198,399.7348636390566,689,2:20:10
33.1%,16550000,-582235.1318392484,398.26729121160554,689,2:19:57
33.2%,16600000,-582907.1491883574,402.2135129768238,689,2:19:44
33.3%,16650000,-582308.2179945963,403.47170720150535,689,2:19:32
33.4%,16700000,-581768.8409061781,401.53206012188326,689,2:19:20
33.5%,16750000,-582398.9126152536,400.89828479226867,689,2:19:08
33.6%,16800000,-583965.3154571238,401.69277591147966,689,2:18:57
33.7%,16850000,-581987.7855986175,400.9443506829357,689,2:18:45
33.8%,16900000,-583568.9411204173,401.40733750633575,689,2:18:32
33.9%,16950000,-582360.8561138702,400.3065910343033,689,2:18:19
34.0%,17000000,-583568.2396005988,394.62038581664956,689,2:18:07
34.1%,17050000,-583100.1554201539,399.6720098873593,689,2:17:54
34.2%,17100000,-582011.5902139544,404.64582781814744,689,2:17:42
34.3%,17150000,-582156.6855104668,401.8803075110951,689,2:17:30
34.4%,17200000,-582645.6784148691,404.62031026938143,689,2:17:18
34.5%,17250000,-582023.8819123306,403.7711578746559,689,2:17:06
34.6%,17300000,-582726.296857446,399.8849695004819,689,2:16:54
34.7%,17350000,-583347.7719928031,400.7863209511042,689,2:16:41
34.8%,17400000,-583964.8026806517,401.3001638015185,689,2:16:28
34.9%,17450000,-581779.3965916312,401.96791776185836,689,2:16:16
35.0%,17500000,-583662.9477432142,404.0615207190354,689,2:16:03
35.1%,17550000,-583586.133171882,397.68866960142907,689,2:15:50
35.2%,17600000,-582212.5241663265,398.89851478634347,689,2:15:38
35.3%,17650000,-581800.5163380643,401.39314616781144,689,2:15:25
35.4%,17700000,-583759.8622434125,401.0828617283428,689,2:15:12
35.5%,17750000,-582126.0942156296,398.14650814744647,689,2:15:00
35.6%,17800000,-582399.5531307585,403.39108070093073,689,2:14:47
35.7%,17850000,-583373.8155400469,399.8774485387403,689,2:14:35
35.8%,17900000,-583764.2103036959,401.08881582305486,689,2:14:22
35.9%,17950000,-580922.4612532603,399.60870845936785,689,2:14:09
36.0%,18000000,-581842.1092204615,397.8817076194624,689,2:13:57
36.1%,18050000,-582313.0221987646,400.5110447978372,689,2:13:45
36.2%,18100000,-580373.0633992883,395.84339268461173,689,2:13:33
36.3%,18150000,-582610.6090063052,404.48990216489835,689,2:13:21
36.4%,18200000,-581771.2014731984,399.3712161853263,689,2:13:08
36.5%,18250000,-581646.7959767426,401.6348913666473,689,2:12:55
36.6%,18300000,-581929.8119074344,402.29539297102207,689,2:12:43
36.7%,18350000,-584524.5171490405,398.5117672358356,689,2:12:31
36.8%,18400000,-581789.4061972629,397.9721382308787,689,2:12:18
36.9%,18450000,-583704.4330668855,401.0234103164809,689,2:12:06
37.0%,18500000,-582760.134894487,401.4579249275736,689,2:11:54
37.1%,18550000,-581676.5183492228,405.0408126124675,689,2:11:42
37.2%,18600000,-581418.8069873494,401.59665981112767,689,2:11:30
37.3%,18650000,-581979.1145205647,399.40313550509853,689,2:11:18
37.4%,18700000,-581070.1108908802,400.776248234486,689,2:11:06
37.5%,18750000,-582967.1271843375,400.46054691185816,689,2:10:54
37.6%,18800000,-583733.6067234953,400.6964275512408,689,2:10:41
37.7%,18850000,-580850.8732485203,401.3157429365546,689,2:10:30
37.8%,18900000,-583040.0822146181,403.24576497585275,689,2:10:17
37.9%,18950000,-582333.1488349522,399.86858454811636,688,2:10:05
38.0%,19000000,-582500.156908093,401.09624724953756,688,2:09:53
38.1%,19050000,-581093.5843952233,400.3970216457197,688,2:09:41
38.2%,19100000,-582443.5386957396,401.12431655318017,688,2:09:29
38.3%,19150000,-582310.14436612,400.20281966932157,688,2:09:17
38.4%,19200000,-583577.5236705621,401.23542980938583,688,2:09:05
38.5%,19250000,-583367.3044793336,399.0894487257944,688,2:08:53
38.6%,19300000,-583560.6413376564,402.4099533346926,688,2:08:40
38.7%,19350000,-580793.6112726228,400.7820232586804,688,2:08:28
38.8%,19400000,-582118.3953133598,402.2846935075921,688,2:08:16
38.9%,19450000,-582074.7377657602,401.7222330116341,688,2:08:04
39.0%,19500000,-583521.2660705303,399.9581198069444,688,2:07:52
39.1%,19550000,-581302.3965096651,398.4661937890921,688,2:07:40
39.2%,19600000,-582918.6651270282,397.4785303489595,688,2:07:28
39.3%,19650000,-581921.477568015,399.31100372376443,688,2:07:15
39.4%,19700000,-581472.4759948235,398.6285212133474,688,2:07:03
39.5%,19750000,-582338.2522134478,399.422430353376,688,2:06:51
39.6%,19800000,-582067.556510617,401.9811689801649,688,2:06:39
39.7%,19850000,-583271.6747136237,405.5405536596164,688,2:06:27
39.8%,19900000,-582234.7042655544,401.39981654459416,688,2:06:15
39.9%,19950000,-583259.3815813572,400.6590018130506,688,2:06:02
40.0%,20000000,-583235.5407539089,398.85567216499425,688,2:05:50
40.1%,20050000,-581612.2256547073,401.4318701672546,688,2:05:38
40.2%,20100000,-584040.5517252893,399.41553613844627,688,2:05:25
40.3%,20150000,-582529.1749754185,396.21115876024805,688,2:05:13
40.4%,20200000,-583473.8718967005,399.7307002495211,688,2:05:00
40.5%,20250000,-584399.7591115483,400.35185110764087,688,2:04:48
40.6%,20300000,-583048.3424656447,402.0431273792739,688,2:04:35
40.7%,20350000,-582570.1887038979,401.43800333248436,688,2:04:22
40.8%,20400000,-582691.8926970689,401.80496359079126,688,2:04:10
40.9%,20450000,-581618.210405685,402.3018395096577,688,2:03:57
41.0%,20500000,-581759.503950147,399.29054491712225,688,2:03:44
41.1%,20550000,-583710.2450597533,403.6353328870137,688,2:03:32
41.2%,20600000,-581899.2708707703,399.8400228005502,688,2:03:19
41.3%,20650000,-582018.9572203299,398.9260021108037,688,2:03:07
41.4%,20700000,-581123.2315654722,401.02157484367495,688,2:02:54
41.5%,20750000,-580795.766203064,401.6434419838654,688,2:02:42
41.6%,20800000,-583485.0015413035,399.8528263425626,688,2:02:29
41.7%,20850000,-582880.5261487481,404.3286939313784,688,2:02:17
41.8%,20900000,-581326.9182640715,400.9882229597615,688,2:02:04
41.9%,20950000,-582776.8120920598,397.8512208638314,688,2:01:51
42.0%,21000000,-583166.4831123766,400.64064708499086,688,2:01:39
42.1%,21050000,-582385.6773083527,402.97241383065057,688,2:01:27
42.2%,21100000,-580745.7163993698,399.55977744041826,688,2:01:14
42.3%,21150000,-582871.7086889101,400.89913537722754,688,2:01:02
42.4%,21200000,-583217.8078080262,402.01671447791966,688,2:00:49
42.5%,21250000,-582861.5187512916,401.8940511733252,688,2:00:36
42.6%,21300000,-582830.9503601482,399.2341377040606,688,2:00:24
42.7%,21350000,-582184.4270371646,400.32020039364517,688,2:00:12
42.8%,21400000,-582106.973809585,400.20586386812175,688,1:59:59
42.9%,21450000,-582182.4756329479,402.248028819102,688,1:59:46
43.0%,21500000,-582081.7678896384,399.5450936579705,688,1:59:34
43.1%,21550000,-581682.8687621229,400.9173110347696,688,1:59:21
43.2%,21600000,-582066.6483953004,402.79025434656484,688,1:59:09
43.3%,21650000,-582256.3596245712,403.36216081232925,688,1:58:56
43.4%,21700000,-584264.6527048997,398.5797244972861,688,1:58:44
43.5%,21750000,-581989.3818516089,398.51772133054766,688,1:58:31
43.6%,21800000,-582407.8678968446,398.0093848985513,688,1:58:19
43.7%,21850000,-581784.7230826253,403.9573016777595,688,1:58:06
43.8%,21900000,-582642.4101408985,402.7694373988873,688,1:57:53
43.9%,21950000,-582214.0024516941,404.16488917535236,688,1:57:41
44.0%,22000000,-582715.3664817465,401.8577893934998,688,1:57:28
44.1%,22050000,-583625.1479586903,404.38447439762825,688,1:57:15
44.2%,22100000,-582231.279360292,400.33416789402236,688,1:57:03
44.3%,22150000,-581285.2127503543,396.7018119786259,688,1:56:51
44.4%,22200000,-583540.9240417681,401.19670580994267,688,1:56:39
44.5%,22250000,-582088.4351726593,396.71694343736783,688,1:56:27
44.6%,22300000,-582612.6618647394,401.34264828183245,688,1:56:14
44.7%,22350000,-583149.5729917493,402.32144773134104,688,1:56:01
44.8%,22400000,-581470.8198467018,398.84474886341724,688,1:55:49
44.9%,22450000,-581419.5304361223,401.7270679156108,688,1:55:36
45.0%,22500000,-582098.4888181109,400.7208706769008,687,1:55:24
45.1%,22550000,-581361.915702038,400.221890679452,687,1:55:12
45.2%,22600000,-582923.0007861704,401.6737049013493,687,1:55:00
45.3%,22650000,-583931.7907974655,401.1695318588884,687,1:54:48
45.4%,22700000,-582753.3526694402,401.3151161897428,687,1:54:36
45.5%,22750000,-582876.2963360562,399.63803125663406,687,1:54:24
45.6%,22800000,-582358.828366763,398.08817592631993,687,1:54:12
45.7%,22850000,-582096.8931071414,400.04810274206665,687,1:54:00
45.8%,22900000,-582324.2235431094,399.6842314501893,687,1:53:48
45.9%,22950000,-581001.993668511,398.25077195635174,687,1:53:36
46.0%,23000000,-585014.3307267148,400.44568405889277,687,1:53:24
46.1%,23050000,-580148.9283663854,402.2732329944621,687,1:53:12
46.2%,23100000,-582784.7296330272,402.8816250781989,687,1:53:00
46.3%,23150000,-582685.2159732971,399.8070738253015,687,1:52:48
46.4%,23200000,-580550.8291332494,400.08628952995684,687,1:52:36
46.5%,23250000,-582810.8955071098,398.73766469385885,687,1:52:24
46.6%,23300000,-582843.3571463949,399.3717533968793,687,1:52:12
46.7%,23350000,-581165.2520396435,400.86220208296095,687,1:52:00
46.8%,23400000,-584354.0293716448,400.7782180101802,686,1:51:48
46.9%,23450000,-582342.6670055203,399.73222234892114,686,1:51:36
47.0%,23500000,-582666.2402238413,406.2878149297956,686,1:51:24
47.1%,23550000,-582150.0224508448,404.57473682263793,686,1:51:11
47.2%,23600000,-582115.780594687,404.62111608671086,686,1:50:59
47.3%,23650000,-583289.3796268194,397.4949153013251,686,1:50:47
47.4%,23700000,-583547.2806590651,402.60433438160834,686,1:50:34
47.5%,23750000,-581978.9043164249,404.5460407721835,686,1:50:22
47.6%,23800000,-581365.0382313011,398.54194061806066,686,1:50:09
47.7%,23850000,-583458.187036491,401.82475088299225,686,1:49:57
47.8%,23900000,-584384.590179591,400.6468697854794,686,1:49:45
47.9%,23950000,-580481.8529172288,399.0667963053109,686,1:49:32
48.0%,24000000,-583041.2912607198,400.4868255103242,686,1:49:20
48.1%,24050000,-583416.0936855245,399.58108683201937,686,1:49:08
48.2%,24100000,-581817.7353269123,402.1998588498525,686,1:48:55
48.3%,24150000,-581873.1350275618,400.3720413085066,686,1:48:43
48.4%,24200000,-582190.7271941793,398.7694049431134,686,1:48:31
48.5%,24250000,-581866.0090975049,399.89401256162347,686,1:48:18
48.6%,24300000,-582559.9992456245,397.77444437938635,686,1:48:06
48.7%,24350000,-584007.9449940682,401.61237324905204,686,1:47:53
48.8%,24400000,-582044.9806667129,402.2802167446507,686,1:47:41
48.9%,24450000,-583419.2281199498,398.64615965933655,686,1:47:29
49.0%,24500000,-581328.9425859475,400.2326349105113,686,1:47:16
49.1%,24550000,-584744.8180533638,400.1471287383305,686,1:47:04
49.2%,24600000,-581521.9568778025,399.79153945789477,686,1:46:51
49.3%,24650000,-583621.4763122406,402.59403782684313,686,1:46:39
49.4%,24700000,-583321.8436598317,400.7945581949163,686,1:46:27
49.5%,24750000,-584464.335059321,398.32571296799085,686,1:46:14
49.6%,24800000,-581986.7019266891,400.1448903568598,686,1:46:02
49.7%,24850000,-583087.7573404447,399.1396780059969,686,1:45:50
49.8%,24900000,-581063.4590839264,401.74175169805864,686,1:45:37
49.9%,24950000,-582979.9004667159,396.4256852404001,686,1:45:25
50.0%,25000000,-582513.5414249664,401.8913203479309,686,1:45:13
50.0%,25050000,-584491.9116128888,396.93321585506715,686,1:45:00
50.1%,25100000,-582492.7097841068,396.5760149399725,686,1:44:48
50.2%,25150000,-582774.1724259681,401.3306505571495,686,1:44:35
50.3%,25200000,-582547.870499759,400.2925787662967,686,1:44:23
50.4%,25250000,-580982.1403082684,399.84839434725063,686,1:44:11
50.5%,25300000,-581744.2935825544,400.06717375219705,686,1:43:58
50.6%,25350000,-581211.5661443947,401.86490744657664,686,1:43:46
50.7%,25400000,-584356.0846766937,398.685241799815,686,1:43:33
50.8%,25450000,-582752.3600320849,399.70585421519627,685,1:43:21
50.9%,25500000,-582774.5744462647,403.6611638091856,685,1:43:08
51.0%,25550000,-581134.3914466761,401.02215682285737,685,1:42:56
51.1%,25600000,-582279.5484470949,400.0021711542878,685,1:42:43
51.2%,25650000,-583769.3512040074,398.3689137303754,685,1:42:31
51.3%,25700000,-583082.613537556,401.8169613154742,685,1:42:19
51.4%,25750000,-580852.1910459409,401.56115908100236,685,1:42:06
51.5%,25800000,-584260.3191962615,403.8108219943167,685,1:41:54
51.6%,25850000,-582386.1963932146,400.23724597634094,685,1:41:41
51.7%,25900000,-581975.7301314333,402.2285549003069,685,1:41:29
51.8%,25950000,-581744.2253406942,401.243667053198,685,1:41:16
51.9%,26000000,-584152.6759783318,399.3346410320951,685,1:41:04
52.0%,26050000,-582067.6634770953,402.13185682077255,685,1:40:52
52.1%,26100000,-584627.3258188847,401.50605012919374,685,1:40:39
52.2%,26150000,-582127.3245980171,401.56550154105554,685,1:40:27
52.3%,26200000,-581954.9030737248,399.410432628693,685,1:40:14
52.4%,26250000,-582892.6853729472,398.4584937568329,685,1:40:02
52.5%,26300000,-581626.8015616401,399.05296310782194,685,1:39:49
52.6%,26350000,-581841.5248798323,398.328219955238,685,1:39:37
52.7%,26400000,-581707.8629040457,398.6574411019489,685,1:39:24
52.8%,26450000,-583196.3822806058,398.38435856252323,685,1:39:12
52.9%,26500000,-582706.6808998524,401.9235082734796,685,1:38:59
53.0%,26550000,-581431.3044863548,398.95666793695233,685,1:38:47
53.1%,26600000,-582421.2298439136,400.386456485178,685,1:38:34
53.2%,26650000,-584235.5749550466,402.5188282094275,685,1:38:22
53.3%,26700000,-581696.7833325095,399.70151175514314,685,1:38:10
53.4%,26750000,-581967.8273737961,398.77759741929617,685,1:37:57
53.5%,26800000,-583476.535111431,405.05401906314466,685,1:37:45
53.6%,26850000,-584130.2579791681,401.1520724834169,685,1:37:32
53.7%,26900000,-580634.0281545394,403.0823183608621,685,1:37:20
53.8%,26950000,-581397.6058941516,401.2289832707502,685,1:37:07
53.9%,27000000,-582586.9601457934,400.0369108347132,685,1:36:55
54.0%,27050000,-583019.1772775096,398.45674781928574,685,1:36:42
54.1%,27100000,-583839.7115739454,400.80601870804634,685,1:36:30
54.2%,27150000,-582067.4229021776,398.3326967181794,685,1:36:17
54.3%,27200000,-583704.479275675,399.2316307168134,685,1:36:05
54.4%,27250000,-580489.0295638815,399.5029673186919,685,1:35:52
54.5%,27300000,-582466.3284942722,402.7007190877368,685,1:35:40
54.6%,27350000,-583149.7712927945,398.3866417116234,685,1:35:27
54.7%,27400000,-583330.6226406111,400.2543024431477,685,1:35:14
54.8%,27450000,-583534.4067960526,398.2809005709474,685,1:35:02
54.9%,27500000,-583441.5329657048,398.5611011634499,685,1:34:49
55.0%,27550000,-581277.1706702844,401.01293469119804,685,1:34:36
55.1%,27600000,-581930.9581198147,398.8756385277129,685,1:34:24
55.2%,27650000,-582471.8117337287,401.483487243969,685,1:34:11
55.3%,27700000,-582807.3722955873,401.663945558137,685,1:33:58
55.4%,27750000,-582846.4256657688,402.343607707901,685,1:33:45
55.5%,27800000,-584370.6958396966,402.97295104220353,685,1:33:33
55.6%,27850000,-584266.5871095173,400.40208038784345,685,1:33:20
55.7%,27900000,-584157.1196580268,394.8144982577888,685,1:33:07
55.8%,27950000,-581298.6840154426,401.9338048282449,685,1:32:54
55.9%,28000000,-582128.3237220049,399.37851330892084,685,1:32:42
56.0%,28050000,-582381.9204562404,400.201790013845,685,1:32:29
56.1%,28100000,-579543.1828128346,400.29244446340846,685,1:32:16
56.2%,28150000,-582383.0308178309,402.2847830428509,685,1:32:04
56.3%,28200000,-582497.3837464103,398.35754275250423,685,1:31:51
56.4%,28250000,-583713.0639070063,400.2063115444159,685,1:31:38
56.5%,28300000,-581472.344814552,398.650099210725,685,1:31:25
56.6%,28350000,-584347.3485730914,401.17056151436486,685,1:31:13
56.7%,28400000,-581775.2703297641,402.48167107701386,685,1:31:00
56.8%,28450000,-583213.5454850583,401.027528938387,685,1:30:47
56.9%,28500000,-581673.3947192868,398.7559746542892,685,1:30:34
57.0%,28550000,-582083.3749061641,399.56479141491263,685,1:30:22
57.1%,28600000,-581946.5463104383,400.76362376299124,685,1:30:09
57.2%,28650000,-582483.0492574396,400.4573684101698,685,1:29:56
57.3%,28700000,-583917.2933923011,397.64372290149737,685,1:29:44
57.4%,28750000,-582318.2994785621,399.21573820837136,685,1:29:31
57.5%,28800000,-581823.845582189,399.2215580001952,685,1:29:18
57.6%,28850000,-582981.3166034664,400.34688190077594,685,1:29:06
57.7%,28900000,-581085.8795975121,399.491193432156,685,1:28:53
57.8%,28950000,-582899.5640568775,398.18151643364826,685,1:28:41
57.9%,29000000,-583417.4260073835,403.3956917667603,685,1:28:28
58.0%,29050000,-583238.3855511779,397.80851254537043,685,1:28:16
58.1%,29100000,-583735.7316739811,399.13578322223793,685,1:28:04
58.2%,29150000,-582808.0114102555,400.806734990117,685,1:27:51
58.3%,29200000,-582282.7014666856,400.5607816341162,685,1:27:38
58.4%,29250000,-583934.9519046638,400.2000440762979,685,1:27:26
58.5%,29300000,-582591.2280003,402.0750914666756,685,1:27:13
58.6%,29350000,-582330.1114698066,401.3750600455282,685,1:27:01
58.7%,29400000,-581704.7725620843,402.69780919182483,685,1:26:48
58.8%,29450000,-584252.6221387587,399.4055529570869,685,1:26:35
58.9%,29500000,-582278.3762313053,399.25786454765,685,1:26:23
59.0%,29550000,-582479.5756102754,401.25262057908077,685,1:26:10
59.1%,29600000,-583495.0811203863,401.46155110555617,685,1:25:57
59.2%,29650000,-581823.1816108897,399.3270753027241,685,1:25:45
59.3%,29700000,-583541.890007609,399.12732214027864,685,1:25:32
59.4%,29750000,-582404.2039645803,401.4124410160889,685,1:25:19
59.5%,29800000,-582402.1449963837,402.1579115810915,685,1:25:07
59.6%,29850000,-582013.705976929,404.6814180835316,685,1:24:54
59.7%,29900000,-582566.9017663929,400.36850466578295,685,1:24:41
59.8%,29950000,-582740.820277134,403.7477891721018,685,1:24:29
59.9%,30000000,-582943.9609119454,400.78265000549226,685,1:24:16
60.0%,30050000,-583181.3209805959,399.8264134412083,685,1:24:03
60.1%,30100000,-582476.38101584,397.2654364329487,685,1:23:51
60.2%,30150000,-582893.5475387336,401.97499104730576,685,1:23:38
60.3%,30200000,-583742.6691377978,397.183287832974,685,1:23:25
60.4%,30250000,-583532.3213087423,395.839318830335,685,1:23:12
60.5%,30300000,-583524.9059940679,400.19256788218576,685,1:23:00
60.6%,30350000,-583103.8588844398,400.86475383783755,685,1:22:47
60.7%,30400000,-582502.8680371903,401.14598408581656,685,1:22:34
60.8%,30450000,-582984.2107710042,399.15597342310366,685,1:22:22
60.9%,30500000,-580916.9846135024,400.18759867532077,685,1:22:09
61.0%,30550000,-583929.5185607891,402.59806691349036,685,1:21:56
61.1%,30600000,-584537.5093646524,405.3966704986797,685,1:21:44
61.2%,30650000,-582584.8602401013,401.653246094707,685,1:21:31
61.3%,30700000,-583155.111209143,401.6981480270094,685,1:21:18
61.4%,30750000,-582419.716128137,401.36641989305133,685,1:21:06
61.5%,30800000,-582025.5053964169,399.4795090808789,685,1:20:53
61.6%,30850000,-582715.8706656457,402.0996241275945,685,1:20:40
61.7%,30900000,-582404.8440485066,398.2803633593944,685,1:20:28
61.8%,30950000,-583709.05997471,400.6894438010522,685,1:20:15
61.9%,31000000,-583616.3533862396,401.68588169654987,685,1:20:02
62.0%,31050000,-581081.7321940917,398.94099926665746,685,1:19:50
62.1%,31100000,-582743.556674635,400.2371116734527,685,1:19:37
62.2%,31150000,-583856.1341034314,401.7882204973904,685,1:19:24
62.3%,31200000,-583418.6482729735,397.51161362709655,685,1:19:12
62.4%,31250000,-581897.0364894131,401.03124465162836,685,1:18:59
62.5%,31300000,-584042.1574980756,400.0464463397783,685,1:18:46
62.6%,31350000,-583082.3316808874,398.8997682799671,685,1:18:34
62.7%,31400000,-581600.7662563203,400.9779711726257,685,1:18:21
62.8%,31450000,-582538.4645720148,402.690467300601,685,1:18:08
62.9%,31500000,-583788.1681855312,401.4442260329729,685,1:17:56
63.0%,31550000,-581055.3558623441,400.37078781488304,685,1:17:43
63.1%,31600000,-581513.2783872876,399.61421487778574,685,1:17:30
63.2%,31650000,-582224.8438033047,398.4511966332384,686,1:17:18
63.3%,31700000,-582562.3947890121,402.5748325138245,686,1:17:05
63.4%,31750000,-584143.1848724233,403.98590819295504,686,1:16:52
63.5%,31800000,-583885.3917523264,400.439550893663,686,1:16:40
63.6%,31850000,-580285.5084849368,399.9555232844384,686,1:16:27
63.7%,31900000,-583854.6438014023,399.5005050990741,686,1:16:14
63.8%,31950000,-583191.2999064792,397.41227425742676,686,1:16:02
63.9%,32000000,-581260.9799855179,400.31778294165684,686,1:15:49
64.0%,32050000,-582436.1941341595,401.58569174192127,686,1:15:36
64.1%,32100000,-583758.3465309604,400.91050635509873,686,1:15:24
64.2%,32150000,-583596.0980504365,402.02844359682615,686,1:15:11
64.3%,32200000,-582005.3395865299,400.0038723242056,686,1:14:58
64.4%,32250000,-581965.8872774243,402.14009406458473,686,1:14:46
64.5%,32300000,-583793.0052395454,398.6224328157471,686,1:14:33
64.6%,32350000,-582661.1078031119,398.55465462481425,686,1:14:20
64.7%,32400000,-582786.9738812167,404.2200876624199,686,1:14:08
64.8%,32450000,-582731.2462453037,399.86240661525716,686,1:13:55
64.9%,32500000,-583148.6505366834,398.91516834448555,686,1:13:43
65.0%,32550000,-584680.6080006603,399.6676674273061,686,1:13:30
65.1%,32600000,-583470.196046046,401.7532122111886,686,1:13:17
65.2%,32650000,-581798.0370992315,403.15909484530715,686,1:13:05
65.3%,32700000,-581718.3250397616,396.2416007482496,686,1:12:52
65.4%,32750000,-580953.1949611781,402.9219159446716,686,1:12:39
65.5%,32800000,-583276.1234680284,402.32064191401156,686,1:12:27
65.6%,32850000,-583456.7120896899,400.9415750899121,686,1:12:14
65.7%,32900000,-583023.1866471237,398.6882859986152,686,1:12:01
65.8%,32950000,-583030.4536009803,399.86576418746324,686,1:11:49
65.9%,33000000,-581322.9050164009,399.52817149405195,686,1:11:36
66.0%,33050000,-582726.1095292973,399.4444112594183,686,1:11:23
66.1%,33100000,-582509.5496126544,397.05395415159677,686,1:11:11
66.2%,33150000,-583381.6719175475,396.82939972245595,686,1:10:58
66.3%,33200000,-582910.3623149102,399.1959061485409,686,1:10:46
66.4%,33250000,-581785.2008025567,402.1169939678071,686,1:10:33
66.5%,33300000,-583048.1064432417,404.426511201648,686,1:10:20
66.6%,33350000,-581989.4491227623,401.49006808549285,686,1:10:08
66.7%,33400000,-581913.8184146755,401.23363910420926,686,1:09:55
66.8%,33450000,-583099.406426013,402.4548104993654,686,1:09:42
66.9%,33500000,-581905.5786228129,402.10186250906514,686,1:09:30
67.0%,33550000,-585083.7392906807,398.1355848458694,686,1:09:17
67.1%,33600000,-582699.4303492913,402.4608988969658,686,1:09:04
67.2%,33650000,-581653.1136617959,401.6166709414758,686,1:08:52
67.3%,33700000,-584061.9511278081,399.68781286054246,686,1:08:39
67.4%,33750000,-582215.2755736848,398.95729468376413,686,1:08:26
67.5%,33800000,-582569.7343696654,399.26645993249747,686,1:08:14
67.6%,33850000,-581629.3945350242,403.5013881398069,686,1:08:01
67.7%,33900000,-583704.4896251089,400.12116351327035,686,1:07:48
67.8%,33950000,-583480.4906122228,404.1626507938817,686,1:07:36
67.9%,34000000,-583908.9442342054,399.6947518431016,686,1:07:23
68.0%,34050000,-583074.7787614386,399.5541367191121,686,1:07:11
68.1%,34100000,-584316.9250516146,402.0827914989348,686,1:06:58
68.2%,34150000,-582323.7920517339,399.468272405896,686,1:06:45
68.3%,34200000,-582655.4832427143,402.11583000944233,686,1:06:33
68.4%,34250000,-582071.0059419726,402.89420478206426,686,1:06:20
68.5%,34300000,-584368.3055114434,400.7397626165136,686,1:06:07
68.6%,34350000,-584384.2710656328,401.27983929776457,686,1:05:55
68.7%,34400000,-582205.2285671206,399.2004276791118,686,1:05:42
68.8%,34450000,-583680.3727748957,400.10553961060486,686,1:05:29
68.9%,34500000,-582301.3012196063,399.433890866506,686,1:05:17
69.0%,34550000,-582768.3538282686,402.00811909307214,686,1:05:04
69.1%,34600000,-582526.8855376281,398.47649034385734,686,1:04:51
69.2%,34650000,-581402.5516969506,404.5979264546744,686,1:04:39
69.3%,34700000,-584452.7973646163,398.4452425385263,686,1:04:26
69.4%,34750000,-582871.9650074397,401.96214273766395,686,1:04:14
69.5%,34800000,-582901.6159330709,399.5243214779224,686,1:04:01
69.6%,34850000,-580706.5246688821,398.4779229079986,686,1:03:48
69.7%,34900000,-582667.4267902197,401.3112661736132,686,1:03:36
69.8%,34950000,-581882.9839084866,400.9192808104639,686,1:03:23
69.9%,35000000,-583681.1347364024,396.8964616313182,686,1:03:10
70.0%,35050000,-583178.8328413484,399.91245682494207,686,1:02:58
70.1%,35100000,-581027.2619353151,397.71217260687143,686,1:02:45
70.2%,35150000,-582283.4030177225,400.0210630939006,686,1:02:32
70.3%,35200000,-581896.7576399865,400.5508432203863,686,1:02:20
70.4%,35250000,-584033.7393482467,399.78943537931235,686,1:02:07
70.5%,35300000,-583386.3230567966,403.14114302591213,686,1:01:55
70.6%,35350000,-583400.7786550932,397.97285451294937,686,1:01:42
70.7%,35400000,-580265.0265921485,400.5717049356933,686,1:01:29
70.8%,35450000,-580942.9001628351,398.22153869434436,686,1:01:17
70.9%,35500000,-581905.1497589084,400.14569617418925,686,1:01:04
71.0%,35550000,-583982.1460122946,399.03335488613857,686,1:00:52
71.1%,35600000,-582482.0497909687,399.9526581561559,686,1:00:39
71.2%,35650000,-583491.4787255977,401.59558538802173,686,1:00:26
71.3%,35700000,-582060.1262715855,396.3203022407595,686,1:00:14
71.4%,35750000,-582092.8218825613,403.71824253668854,686,1:00:01
71.5%,35800000,-580964.3568906477,403.6969331450874,686,59:48
71.6%,35850000,-583682.8430807628,400.9225936150405,686,59:36
71.7%,35900000,-582794.9430861003,398.91727242306797,686,59:23
71.8%,35950000,-580950.7898212834,402.2908714404512,686,59:11
71.9%,36000000,-583289.3575006179,400.1485165348424,686,58:58
72.0%,36050000,-581845.9836126603,400.52469892480855,686,58:45
72.1%,36100000,-583217.2821019972,400.0862447623274,686,58:33
72.2%,36150000,-583626.8102031332,398.6519794511604,686,58:20
72.3%,36200000,-583443.0967541728,399.50663826430383,686,58:07
72.4%,36250000,-583156.2991619441,399.12230816578426,686,57:55
72.5%,36300000,-582721.9395211162,398.5508493763141,686,57:42
72.6%,36350000,-582350.3336933241,398.10223296195596,686,57:30
72.7%,36400000,-581801.8244198821,399.55556928325336,686,57:17
72.8%,36450000,-582985.3579372959,403.98523667851384,686,57:04
72.9%,36500000,-581804.2569984165,403.08075149383257,686,56:52
73.0%,36550000,-582509.3597376319,399.7603364201932,686,56:39
73.1%,36600000,-580747.9570000712,399.4246687348467,686,56:26
73.2%,36650000,-583304.5459265765,402.48614783995527,686,56:14
73.3%,36700000,-584157.6900675348,401.18161911883016,686,56:01
73.4%,36750000,-584580.7414093725,400.29678692346164,686,55:49
73.5%,36800000,-583887.1873162915,404.7531805934823,686,55:36
73.6%,36850000,-584528.5372553128,403.09919575715116,686,55:23
73.7%,36900000,-582234.1856128261,400.43901368211004,686,55:11
73.8%,36950000,-583420.9985820288,395.71880437195244,686,54:58
73.9%,37000000,-582422.7907689023,403.32912230182166,686,54:45
74.0%,37050000,-583439.6153297783,401.2766160284467,686,54:33
74.1%,37100000,-582955.0252834242,395.8553456416652,686,54:20
74.2%,37150000,-583620.7616229434,399.8264134412083,686,54:08
74.3%,37200000,-582418.0884343572,399.8370681370089,686,53:55
74.4%,37250000,-581602.9019405502,399.51608423411017,686,53:42
74.5%,37300000,-581579.85179515,398.6227014215236,686,53:30
74.6%,37350000,-582391.283996013,404.0782638124362,686,53:17
74.7%,37400000,-583878.2814645087,400.2878781652082,686,53:04
74.8%,37450000,-582677.8218584326,404.1360140543803,686,52:52
74.9%,37500000,-583769.05081979,402.64954968731655,686,52:39
75.0%,37550000,-583588.6169156106,398.44560067956166,686,52:27
75.1%,37600000,-582526.2511853077,401.34815470025035,686,52:14
75.2%,37650000,-584000.0088918107,399.35841264331395,686,52:01
75.3%,37700000,-581734.9872406847,398.0922497805966,686,51:49
75.4%,37750000,-583539.2082980452,397.715261573301,686,51:36
75.5%,37800000,-582770.5366244167,396.2968440029465,686,51:24
75.6%,37850000,-582460.2812486091,402.1687005797803,686,51:11
75.7%,37900000,-582690.1949002747,399.90090677655326,686,50:58
75.8%,37950000,-582823.9069029456,399.0485311125099,686,50:46
75.9%,38000000,-582460.890724049,399.2564319835087,686,50:33
76.0%,38050000,-583909.2598518091,400.06081674882023,686,50:20
76.1%,38100000,-581761.3475707956,400.44528115022797,686,50:08
76.2%,38150000,-582085.5128051504,399.4379647207827,686,49:55
76.3%,38200000,-582624.2233100538,403.38141089297727,686,49:43
76.4%,38250000,-581913.4094379316,401.34909482046805,686,49:30
76.5%,38300000,-580875.8289465685,396.5685835134897,686,49:17
76.6%,38350000,-582745.7879736279,399.0592305759399,686,49:05
76.7%,38400000,-583635.5481310678,400.73712132637814,686,48:52
76.8%,38450000,-583860.2293261597,398.7664950472015,686,48:40
76.9%,38500000,-583367.021138486,399.9461220822614,686,48:27
77.0%,38550000,-582375.1397313848,401.8038444000559,686,48:14
77.1%,38600000,-584414.2815190097,401.39516071113513,686,48:02
77.2%,38650000,-584242.0660061981,401.49723090619915,686,47:49
77.3%,38700000,-582036.8995853653,398.8268418116516,686,47:37
77.4%,38750000,-583258.4598786356,401.43093004703695,686,47:24
77.5%,38800000,-581842.43531571,400.63420054635526,686,47:11
77.6%,38850000,-582691.8102973937,396.10747693052514,687,46:59
77.7%,38900000,-581804.2486087363,398.7565566334716,687,46:46
77.8%,38950000,-580941.0774742044,400.68832461031684,687,46:33
77.9%,39000000,-580790.1414098446,399.7504875417221,687,46:21
78.0%,39050000,-582697.4480497977,401.30947546843663,687,46:08
78.1%,39100000,-582840.3051414592,399.4507234951657,687,45:56
78.2%,39150000,-582098.8128708978,399.9302295738195,687,45:43
78.3%,39200000,-581907.0349554378,401.07131167995396,687,45:30
78.4%,39250000,-583337.0675116661,402.6419391903162,687,45:18
78.5%,39300000,-583872.0820105183,401.6995358235212,687,45:05
78.6%,39350000,-581680.9226521915,400.6226504979664,687,44:53
78.7%,39400000,-583816.2116886298,400.18889693657377,687,44:40
78.8%,39450000,-583894.945793584,400.10433088461065,687,44:27
78.9%,39500000,-582444.8269335073,400.7290183854542,687,44:15
79.0%,39550000,-581302.4881525035,399.78227255860605,687,44:02
79.1%,39600000,-581392.7951578288,400.8489508646544,687,43:50
79.2%,39650000,-582674.2655441598,402.37467644271436,687,43:37
79.3%,39700000,-581270.7574823303,399.7324014194388,687,43:24
79.4%,39750000,-582803.2668938539,397.4781722079243,687,43:12
79.5%,39800000,-582706.1093849107,400.7915139961162,687,42:59
79.6%,39850000,-581689.597444071,402.65308633004025,687,42:47
79.7%,39900000,-582992.4346525162,399.965864606833,687,42:34
79.8%,39950000,-582951.7415495194,401.09557573509636,687,42:21
79.9%,40000000,-582671.2378420606,398.303239618025,687,42:09
80.0%,40050000,-582174.6122922702,399.81280408186643,687,41:56
80.1%,40100000,-584374.4566883831,402.16561161335073,687,41:44
80.2%,40150000,-581861.5806119973,400.17631723270847,687,41:31
80.3%,40200000,-582179.5740096332,400.1969998774977,687,41:18
80.4%,40250000,-581081.0119445967,399.45546886388354,687,41:06
80.5%,40300000,-581117.0332508208,400.76044526130283,687,40:53
80.6%,40350000,-582306.48181357,402.0763897279286,687,40:40
80.7%,40400000,-582692.6968034916,401.65373853863065,687,40:28
80.8%,40450000,-582808.7156695337,400.22820291519935,687,40:15
80.9%,40500000,-581439.8171850648,397.4226603474508,687,40:03
81.0%,40550000,-583389.6639665565,401.2302367643738,687,39:50
81.1%,40600000,-581728.9391150018,400.6119958021659,687,39:37
81.2%,40650000,-582383.7724276776,398.4658356480568,687,39:25
81.3%,40700000,-583559.8746182593,400.27247810068985,687,39:12
81.4%,40750000,-582370.6308705346,399.5925473451494,687,39:00
81.5%,40800000,-583936.0393582643,400.459875397417,687,38:47
81.6%,40850000,-581956.7668191767,398.9614133056702,687,38:35
81.7%,40900000,-583429.8382176533,403.25946387045343,687,38:22
81.8%,40950000,-583018.7195180128,402.66306951139956,687,38:09
81.9%,41000000,-582167.2759891567,401.8233630864804,687,37:57
82.0%,41050000,-581942.1939712218,400.57931543269365,687,37:44
82.1%,41100000,-582729.6493935385,400.0164072604415,687,37:32
82.2%,41150000,-581949.618040422,400.4188234812443,687,37:19
82.3%,41200000,-584590.1647113371,397.24515669682415,687,37:06
82.4%,41250000,-583083.9110538913,401.3704489796986,687,36:54
82.5%,41300000,-582903.9984455779,405.5783823064713,687,36:41
82.6%,41350000,-581260.0133761247,402.02334008707294,687,36:29
82.7%,41400000,-581435.9693701249,402.2863946775098,687,36:16
82.8%,41450000,-583391.0255828872,402.46528612464834,687,36:03
82.9%,41500000,-581996.0105353505,403.32366065103315,687,35:51
83.0%,41550000,-582988.4450360169,400.3830989129719,687,35:38
83.1%,41600000,-581835.6658179397,400.0578173176495,687,35:26
83.2%,41650000,-583736.6385431509,400.9829403794906,687,35:13
83.3%,41700000,-584280.8950106963,401.9049744749022,687,35:00
83.4%,41750000,-581068.4327525022,399.4038517871692,687,34:48
83.5%,41800000,-584888.359221112,400.4357904127922,687,34:35
83.6%,41850000,-581533.9259684766,401.8471794653287,687,34:23
83.7%,41900000,-581286.9336785157,400.47769291392376,687,34:10
83.8%,41950000,-582991.1888415474,402.68120040131225,687,33:57
83.9%,42000000,-582308.9658710472,399.1008197036656,687,33:45
84.0%,42050000,-582987.6818305752,402.94170323687257,687,33:32
84.1%,42100000,-581184.0312294746,400.98696946613785,687,33:20
84.2%,42150000,-580425.4819792006,401.8592667252705,687,33:07
84.3%,42200000,-581049.6764856791,399.8214890019728,687,32:54
84.4%,42250000,-581199.7376932399,401.60722497166944,687,32:42
84.5%,42300000,-582533.2454069583,401.9303129531506,687,32:29
84.6%,42350000,-582769.6036850777,399.2127387772006,687,32:17
84.7%,42400000,-582173.5700027803,398.68819646335635,687,32:04
84.8%,42450000,-584217.3651795485,400.521833796526,687,31:52
84.9%,42500000,-582272.00732772,401.6035987936869,687,31:39
85.0%,42550000,-581466.1537577515,396.36430882047347,687,31:26
85.1%,42600000,-580224.3820163221,400.07451564342097,687,31:14
85.2%,42650000,-582004.5144184767,400.30703871059745,687,31:01
85.3%,42700000,-583139.7976193423,399.2192748510951,687,30:49
85.4%,42750000,-583179.9460457503,401.36046579833925,687,30:36
85.5%,42800000,-583998.5779327732,401.5813045142387,687,30:23
85.6%,42850000,-583435.485938976,401.5516683435666,687,30:11
85.7%,42900000,-580310.2701904592,399.30898918044085,687,29:58
85.8%,42950000,-582866.4503692943,402.67215734017066,687,29:46
85.9%,43000000,-583775.82564221,402.8216364547841,687,29:33
86.0%,43050000,-582207.8658992033,400.39102278337816,687,29:20
86.1%,43100000,-583962.7571620601,399.4161628852581,687,29:08
86.2%,43150000,-581206.3673908026,398.51257305316506,687,28:55
86.3%,43200000,-582440.0477565071,401.00630908204477,687,28:43
86.4%,43250000,-583049.3864326007,401.0510767114588,687,28:30
86.5%,43300000,-583361.088121606,400.3995734005963,687,28:17
86.6%,43350000,-582587.4713743669,401.82457181247463,687,28:05
86.7%,43400000,-584732.5461468683,402.06381002406323,687,27:52
86.8%,43450000,-581496.4511468136,399.29537982109895,687,27:40
86.9%,43500000,-582107.5111361467,401.8729656198712,687,27:27
87.0%,43550000,-582753.9457655689,401.5469229748487,687,27:15
87.1%,43600000,-583991.4479812668,399.55915069360645,687,27:02
87.2%,43650000,-582852.3853398096,399.2435836738669,687,26:49
87.3%,43700000,-583688.6146373749,398.8746536398658,687,26:37
87.4%,43750000,-582044.3890748299,400.07585867230335,687,26:24
87.5%,43800000,-581549.9707094147,399.5595088346418,687,26:12
87.6%,43850000,-580986.4587086933,396.9323652701082,687,25:59
87.7%,43900000,-582827.2433109959,398.1736373308714,687,25:46
87.8%,43950000,-583903.6767531275,397.88251343679184,687,25:34
87.9%,44000000,-583059.8382138289,400.01828750087685,687,25:21
88.0%,44050000,-583339.704131403,397.4427610130577,687,25:09
88.1%,44100000,-582705.8749732156,397.91510427100525,687,24:56
88.2%,44150000,-582397.2854202492,400.4920185553363,687,24:44
88.3%,44200000,-584936.740822128,402.073837973052,687,24:31
88.4%,44250000,-582131.5003153114,399.445351379636,687,24:18
88.5%,44300000,-581532.3766033933,399.7352665477213,687,24:06
88.6%,44350000,-582250.6261447715,398.36649627838705,687,23:53
88.7%,44400000,-582419.3137418083,401.3072370869659,687,23:41
88.8%,44450000,-583972.1910277749,399.1232035183726,687,23:28
88.9%,44500000,-583538.589822825,400.95876585960707,687,23:15
89.0%,44550000,-580784.5459115547,397.7726984418392,687,23:03
89.1%,44600000,-582335.0274752243,398.382925998382,687,22:50
89.2%,44650000,-582383.6957141766,400.54753041580966,687,22:38
89.3%,44700000,-582121.8216691338,399.83715767226767,687,22:25
89.4%,44750000,-583481.7506917072,401.9811689801649,687,22:13
89.5%,44800000,-583516.9902548804,400.8505177316839,687,22:00
89.6%,44850000,-583388.8324998934,399.78155627653547,687,21:47
89.7%,44900000,-581303.9940799014,396.5239949545933,687,21:35
89.8%,44950000,-584245.7007047543,399.95404595266774,687,21:22
89.9%,45000000,-583119.8438916188,399.87812005318153,687,21:10
90.0%,45050000,-584341.314944821,400.07782844799755,687,20:57
90.1%,45100000,-583422.427015353,400.42316594129744,687,20:44
90.2%,45150000,-581952.1077181632,402.2741283470504,687,20:32
90.3%,45200000,-581761.3651595088,402.109741611842,687,20:19
90.4%,45250000,-582877.0193485622,403.6777278320688,687,20:07
90.5%,45300000,-581980.3702523871,401.0088608369214,687,19:54
90.6%,45350000,-581859.3585028257,396.4835250176031,687,19:42
90.7%,45400000,-582119.1103068856,398.3129989612372,687,19:29
90.8%,45450000,-582319.0873612366,402.9903208824162,687,19:16
90.9%,45500000,-582744.5499869781,396.428371298165,687,19:04
91.0%,45550000,-581900.6061955327,401.5991220307455,687,18:51
91.1%,45600000,-583655.6304455656,395.0971610699091,687,18:39
91.2%,45650000,-582314.1869715415,400.406243777379,687,18:26
91.3%,45700000,-582251.2876904919,400.0732621497973,687,18:14
91.4%,45750000,-581198.7634466733,398.3516334254216,687,18:01
91.5%,45800000,-580820.0513346614,400.4193159251679,687,17:48
91.6%,45850000,-582524.3449385338,398.8509267962764,687,17:36
91.7%,45900000,-582853.5863434332,402.6564439022463,687,17:23
91.8%,45950000,-581714.108635901,400.46291959621715,687,17:11
91.9%,46000000,-582185.1121064997,398.9092142497734,687,16:58
92.0%,46050000,-581146.5632038191,399.8490210940624,687,16:45
92.1%,46100000,-580843.3288250635,401.1295095981922,687,16:33
92.2%,46150000,-583724.9829570018,400.777546495739,687,16:20
92.3%,46200000,-581508.9830441773,398.8889792812783,687,16:08
92.4%,46250000,-582465.3904770021,399.0107024656551,687,15:55
92.5%,46300000,-583504.5910418644,400.29432470384387,687,15:43
92.6%,46350000,-583382.8623547219,400.36881803918885,687,15:30
92.7%,46400000,-582353.7208336792,401.5971522550513,687,15:17
92.8%,46450000,-583346.9618190178,398.8476139916997,687,15:05
92.9%,46500000,-581920.4540278041,400.36738547504757,687,14:52
93.0%,46550000,-582437.8515326991,401.5620096659612,687,14:40
93.1%,46600000,-582792.8445966034,402.1698197705157,687,14:27
93.2%,46650000,-581840.9159113364,399.0330862803621,687,14:15
93.3%,46700000,-583418.0101955608,400.72503406643636,687,14:02
93.4%,46750000,-583191.357000845,399.4371589034532,687,13:49
93.5%,46800000,-580855.0809526034,403.65583646128533,687,13:37
93.6%,46850000,-581758.9731326704,401.94589208818667,687,13:24
93.7%,46900000,-584084.313493154,400.885884158921,687,13:12
93.8%,46950000,-583321.1891523306,399.996888574017,687,12:59
93.9%,47000000,-581556.337818176,398.0021773102156,687,12:46
94.0%,47050000,-581759.2885122411,403.9060875097098,687,12:34
94.1%,47100000,-582581.9078192036,401.9709619606585,687,12:21
94.2%,47150000,-583193.4987258879,401.19657150705444,687,12:09
94.3%,47200000,-583138.3648658749,396.1944156668472,687,11:56
94.4%,47250000,-581689.7802402498,400.11055358509924,687,11:44
94.5%,47300000,-580656.7813251056,402.2132891386767,687,11:31
94.6%,47350000,-582746.0081165438,399.2866949009926,687,11:18
94.7%,47400000,-582373.0988480658,401.6614385708898,687,11:06
94.8%,47450000,-581004.3681815858,403.63569102804905,687,10:53
94.9%,47500000,-582230.0813351176,398.09010093438474,687,10:41
95.0%,47550000,-584094.4696782022,400.13275832928855,687,10:28
95.1%,47600000,-583319.9242843501,403.15412563844217,687,10:16
95.2%,47650000,-584862.4557698169,403.4786461840646,687,10:03
95.3%,47700000,-582792.0169403092,399.2637738747327,687,9:50
95.4%,47750000,-583335.2498129299,398.7982800640855,687,9:38
95.5%,47800000,-583997.1373027745,399.5779530979604,687,9:25
95.6%,47850000,-581385.8396420339,402.7929404043297,687,9:13
95.7%,47900000,-580370.60323293,400.5137756232315,687,9:00
95.8%,47950000,-583084.8137190919,399.5699844599247,687,8:48
95.9%,48000000,-581705.0699384422,400.56615374964593,687,8:35
96.0%,48050000,-582548.79190331,403.3335542971336,687,8:22
96.1%,48100000,-581946.9370576842,402.41487777392814,687,8:10
96.2%,48150000,-581452.1226069578,401.46383425465626,687,7:57
96.3%,48200000,-582509.5556617291,402.99685695631064,687,7:45
96.4%,48250000,-581784.3282764801,399.65880343668215,687,7:32
96.5%,48300000,-582049.8914853465,401.517107733659,687,7:19
96.6%,48350000,-582820.6809426658,403.51222190612515,687,7:07
96.7%,48400000,-580647.2594904639,401.58461731881533,687,6:54
96.8%,48450000,-581253.6386256428,400.6466907149618,687,6:42
96.9%,48500000,-579934.1698195334,400.84550375718953,687,6:29
97.0%,48550000,-580870.9998345682,402.4817606122727,687,6:17
97.1%,48600000,-582714.0330653628,402.5323032658812,687,6:04
97.2%,48650000,-582282.9009732469,402.2115432011296,687,5:51
97.3%,48700000,-582001.1906792107,397.06183325437365,687,5:39
97.4%,48750000,-581968.3667610483,397.2339200218412,687,5:26
97.5%,48800000,-583429.8906652508,403.3618922065528,687,5:14
97.6%,48850000,-582751.4982129629,402.749829177204,687,5:01
97.7%,48900000,-581799.6118852706,401.41620149695973,687,4:49
97.8%,48950000,-582389.658267145,402.8450051573382,687,4:36
97.9%,49000000,-583272.8587046899,399.0731085410583,687,4:23
98.0%,49050000,-582103.6164196399,402.70837435236655,687,4:11
98.1%,49100000,-583394.9196136608,400.1522322480837,687,3:58
98.2%,49150000,-582713.212720816,399.12745644316686,687,3:46
98.3%,49200000,-583669.6676907353,402.3027796298754,687,3:33
98.4%,49250000,-581582.6941228914,402.4382464764822,687,3:21
98.5%,49300000,-581590.9460649723,401.2031075809489,687,3:08
98.6%,49350000,-583496.0792915998,399.2519552205673,687,2:55
98.7%,49400000,-582729.9315409488,401.94338510093945,687,2:43
98.8%,49450000,-582189.6542902063,401.66596010146066,687,2:30
98.9%,49500000,-582650.488815994,399.3045571851289,687,2:18
99.0%,49550000,-582230.2347547053,399.3694254801498,687,2:05
99.1%,49600000,-580785.4093128885,404.7426154329406,687,1:53
99.2%,49650000,-582208.7171135815,403.8625733739194,687,1:40
99.3%,49700000,-582131.5547046191,403.96356914587744,687,1:27
99.4%,49750000,-585029.370787295,402.052752419598,687,1:15
99.5%,49800000,-583743.059023479,397.1190910523942,687,1:02
99.6%,49850000,-580369.8501395048,400.4404462462513,687,0:50
99.7%,49900000,-581895.5672659231,401.4416295104669,687,0:37
99.8%,49950000,-581380.2673086259,399.4314734145176,687,0:25
99.9%,50000000,-581980.3357928186,396.36193613611454,687,0:12
100.0%,50050000,-584161.760095147,398.1977670831255,687,0:00
  done in 3.49 h
Wrote data/md/prod_mut_400K_rep2.dcd and data/md/prod_mut_400K_rep2_final.pdb
