[wt 400K rep2] equilibrating 100 ps at 400.0 K...
[wt 400K rep2] production 100.0 ns (50000000 steps)...
#"Progress (%)","Step","Potential Energy (kJ/mole)","Temperature (K)","Speed (ns/day)","Time Remaining"
0.2%,100000,-528251.5249731517,400.0029434408943,0,--
0.3%,150000,-529729.5754948296,399.29632137427353,723,3:18:50
0.4%,200000,-528650.5706615904,399.79626065686153,722,3:18:46
0.5%,250000,-528460.9264888386,398.74641024229976,723,3:18:23
0.6%,300000,-526996.1441555968,402.54748449825104,723,3:18:05
0.7%,350000,-528773.8753142823,399.27752980008137,722,3:18:19
0.8%,400000,-529536.110358471,398.1464046005344,722,3:18:10
0.9%,450000,-527995.4867738169,400.6110446694526,721,3:18:06
1.0%,500000,-527063.4841312403,398.122951930916,721,3:17:57
1.1%,550000,-527143.1627657502,402.8077453476046,721,3:17:47
1.2%,600000,-529123.9112974242,400.74876777325795,720,3:17:40
1.3%,650000,-526842.2503790022,399.7344152801794,720,3:17:31
1.4%,700000,-528272.1366025079,401.7170490178602,720,3:17:21
1.5%,750000,-528637.6783454609,401.65380531255016,720,3:17:16
1.6%,800000,-527645.4685983052,398.36199253003946,720,3:17:05
1.7%,850000,-525501.3080707528,398.79201538123357,720,3:16:55
1.8%,900000,-527607.6344194389,402.74047838097937,719,3:16:45
1.9%,950000,-528299.264591536,400.63621458475444,719,3:16:40
2.0%,1000000,-527473.3839624161,399.73583814088846,719,3:16:33
2.1%,1050000,-528680.2054858184,397.5270186146282,719,3:16:24
2.2%,1100000,-526799.2035600306,401.00897955844914,718,3:16:14
2.3%,1150000,-528476.6120792315,399.43321038731835,718,3:16:02
2.4%,1200000,-528412.2356162369,398.7665265488763,718,3:15:55
2.5%,1250000,-528093.1069544139,399.9527508027778,718,3:15:45
2.6%,1300000,-528698.8172849659,398.7364502173363,718,3:15:32
2.7%,1350000,-529895.6026460961,400.6906512729169,718,3:15:19
2.8%,1400000,-527806.3038289896,401.59075786388973,718,3:15:08
2.9%,1450000,-529368.2315626242,399.65797331518877,718,3:14:59
3.0%,1500000,-528973.6320478679,401.66489381324845,718,3:14:47
3.1%,1550000,-528108.3022366636,400.02656783508104,718,3:14:37
3.2%,1600000,-529174.8400426321,397.57098010412216,718,3:14:27
3.3%,1650000,-530085.0924017681,401.6955343826558,717,3:14:16
3.4%,1700000,-529340.1681798799,400.53609916141465,717,3:14:08
3.5%,1750000,-528675.5251824469,399.87618617738127,717,3:13:59
3.6%,1800000,-528534.5518392511,400.73277285632156,717,3:13:48
3.7%,1850000,-529105.2616191776,399.85422996471544,717,3:13:40
3.8%,1900000,-528555.1967577087,400.8042348088305,717,3:13:28
3.9%,1950000,-527101.586535898,398.09032426293214,717,3:13:16
4.0%,2000000,-528532.3378212424,399.26057813197843,717,3:13:05
4.1%,2050000,-527577.406304623,399.9661207870268,717,3:12:55
4.2%,2100000,-528805.600900332,400.7045609629521,716,3:12:45
4.3%,2150000,-528779.6728751753,401.02774660056014,716,3:12:35
4.4%,2200000,-530891.7127391333,398.27495270597433,716,3:12:24
4.5%,2250000,-528998.1004748354,401.1101007971178,716,3:12:12
4.6%,2300000,-528911.9022701164,400.66462273477345,716,3:12:01
4.7%,2350000,-528638.0714953388,398.4660085542885,716,3:11:50
4.8%,2400000,-527682.6698698238,398.644111463734,716,3:11:41
4.9%,2450000,-528132.0769323441,402.45551372586664,716,3:11:32
5.0%,2500000,-530223.9696712531,401.7669963351647,716,3:11:21
5.1%,2550000,-526864.6606002878,403.2691937948042,716,3:11:10
5.2%,2600000,-526674.967231364,400.20322335173626,716,3:10:58
5.3%,2650000,-529113.1740201651,399.13693644277663,716,3:10:46
5.4%,2700000,-529225.9112615883,399.07749521005127,716,3:10:35
5.5%,2750000,-527635.1277323784,398.73858450839987,715,3:10:23
5.6%,2800000,-527720.3865400394,402.2092606948731,715,3:10:11
5.7%,2850000,-529855.2691799849,401.85855006216894,715,3:09:59
5.8%,2900000,-530580.3425406767,399.92061377641784,715,3:09:47
5.9%,2950000,-528292.3317757426,400.14473887017726,715,3:09:36
6.0%,3000000,-528730.421957036,398.9831938899537,715,3:09:23
6.1%,3050000,-527143.385249007,402.25081804041037,715,3:09:12
6.2%,3100000,-528490.4710424212,400.45703226373655,715,3:09:01
6.3%,3150000,-530293.0195437865,403.8118679628266,715,3:08:49
6.4%,3200000,-526831.9722657334,400.50523780327654,715,3:08:38
6.5%,3250000,-530310.9986666883,400.3443318827459,715,3:08:27
6.6%,3300000,-528436.2124234908,401.2343557883493,715,3:08:15
6.7%,3350000,-528543.2912835162,399.10828297194575,715,3:08:06
6.8%,3400000,-527916.0009241761,398.57164369589634,715,3:07:55
6.9%,3450000,-527800.9183296324,402.9453212589228,715,3:07:42
7.0%,3500000,-528084.7718648128,402.4758998853362,715,3:07:33
7.1%,3550000,-527887.8096718155,396.3718029113519,715,3:07:21
7.2%,3600000,-528586.1154575958,404.3765474076772,715,3:07:09
7.3%,3650000,-527433.3282376756,401.5776086683715,715,3:06:56
7.4%,3700000,-528263.3929603403,398.9282910922486,715,3:06:44
7.5%,3750000,-526733.3873556443,399.99092272111073,715,3:06:31
7.6%,3800000,-528625.7791617722,401.700955972599,715,3:06:19
7.7%,3850000,-528283.7357900986,398.5400954394849,715,3:06:08
7.8%,3900000,-529050.3835839559,400.4583324640397,715,3:05:56
7.9%,3950000,-528147.2243632982,401.6232628714676,715,3:05:44
8.0%,4000000,-530386.520687996,402.83600630513644,715,3:05:32
8.1%,4050000,-529597.1820254186,399.8311943404773,715,3:05:20
8.2%,4100000,-526903.1325378604,401.0233798901082,715,3:05:08
8.3%,4150000,-529801.5846393285,397.00561376099824,715,3:04:56
8.4%,4200000,-527698.5655232049,402.0255154067537,715,3:04:43
8.5%,4250000,-528647.6512397737,402.94370214156424,715,3:04:32
8.6%,4300000,-527944.8327890574,398.9546385474476,715,3:04:20
8.7%,4350000,-528504.2866447913,398.0262219347805,715,3:04:08
8.8%,4400000,-528300.1774676214,398.9861132076154,715,3:03:57
8.9%,4450000,-528020.657670544,403.77919123068045,715,3:03:45
9.0%,4500000,-528247.5280832788,400.01609263641257,715,3:03:34
9.1%,4550000,-529342.6443220866,405.66720473120813,715,3:03:23
9.2%,4600000,-527913.8878450673,399.15109145362374,715,3:03:11
9.3%,4650000,-527164.1846894603,402.7786502993123,715,3:02:59
9.4%,4700000,-527466.3722180272,401.82194819703216,715,3:02:47
9.5%,4750000,-527812.552430281,404.5694676941619,714,3:02:35
9.6%,4800000,-529084.5461779581,400.0629979756494,715,3:02:23
9.7%,4850000,-527439.2748691044,399.7519066540685,714,3:02:12
9.8%,4900000,-529855.3590973136,400.7519569438128,714,3:02:00
9.9%,4950000,-527674.2548842472,403.2171612505984,714,3:01:49
10.0%,5000000,-528303.9988118545,398.4916200470518,714,3:01:37
10.1%,5050000,-527716.2470702757,399.71187029756504,714,3:01:26
10.2%,5100000,-529111.6770388777,400.21279086340064,714,3:01:15
10.3%,5150000,-528083.6132186064,401.4830374953808,714,3:01:04
10.4%,5200000,-528530.8707535411,399.92517674351933,714,3:00:52
10.5%,5250000,-528008.5370461196,401.1492539986983,714,3:00:40
10.6%,5300000,-525790.1868302012,400.5152714244836,714,3:00:28
10.7%,5350000,-527626.327564213,400.75936563233245,714,3:00:16
10.8%,5400000,-527345.8501833729,401.2347483016484,714,3:00:05
10.9%,5450000,-528960.2088320195,400.0802194966454,714,2:59:54
11.0%,5500000,-528773.0511039197,398.6909677388085,714,2:59:42
11.1%,5550000,-528901.1696057892,396.2387899671352,714,2:59:29
11.2%,5600000,-527796.2051556916,400.53968084526855,714,2:59:17
11.3%,5650000,-528214.5699521508,399.42209735453895,714,2:59:04
11.4%,5700000,-527805.422711615,400.069376316759,714,2:58:53
11.5%,5750000,-527995.0751777804,402.34215097868383,714,2:58:41
11.6%,5800000,-529313.903768539,400.4550696972413,714,2:58:30
11.7%,5850000,-529375.9028054876,401.5592341395595,714,2:58:18
11.8%,5900000,-527248.6442900659,401.6838816440902,714,2:58:06
11.9%,5950000,-527235.4550897153,401.49599043424956,714,2:57:54
12.0%,6000000,-526744.7611259841,399.6426652965257,714,2:57:42
12.1%,6050000,-528580.7408467336,396.9011070951253,714,2:57:30
12.2%,6100000,-528059.7689105882,398.32539066490267,714,2:57:18
12.3%,6150000,-528887.5950150047,401.14341536337497,714,2:57:06
12.4%,6200000,-527567.5612575798,400.83180886808896,714,2:56:54
12.5%,6250000,-527448.8813366299,399.39930705111266,714,2:56:42
12.6%,6300000,-529157.9746165704,400.0012752593733,714,2:56:30
12.7%,6350000,-529669.137647016,396.1387236079578,714,2:56:19
12.8%,6400000,-527005.1382077727,398.9627341342406,714,2:56:06
12.9%,6450000,-528581.3787263422,402.0882439383587,714,2:55:54
13.0%,6500000,-527130.0347090238,395.8249828216082,714,2:55:41
13.1%,6550000,-526780.7012337479,400.98972187471435,714,2:55:29
13.2%,6600000,-527308.7809233195,400.2678653856741,714,2:55:16
13.3%,6650000,-527650.3597419336,398.07916216599034,714,2:55:04
13.4%,6700000,-528964.3382589663,401.1717744492315,714,2:54:53
13.5%,6750000,-528283.4006474656,400.2218186692789,714,2:54:40
13.6%,6800000,-526167.3908060389,401.45276490719135,714,2:54:28
13.7%,6850000,-527073.9127755966,396.45832756171194,714,2:54:16
13.8%,6900000,-527845.4703511503,401.8302891046371,714,2:54:04
13.9%,6950000,-528251.4055020129,401.647868548902,714,2:53:52
14.0%,7000000,-527914.9960579602,402.19679839762813,714,2:53:40
14.1%,7050000,-529313.0314204288,401.2897492276782,714,2:53:27
14.2%,7100000,-528543.5107502094,400.1289892740528,714,2:53:15
14.3%,7150000,-527354.3361897287,401.57498373568404,714,2:53:03
14.4%,7200000,-527663.7026236723,402.29188474432374,714,2:52:51
14.5%,7250000,-527521.134704106,402.1508743416389,714,2:52:39
14.6%,7300000,-529128.5931227705,400.07867397553036,714,2:52:27
14.7%,7350000,-527484.487876317,403.06027859138305,714,2:52:15
14.8%,7400000,-527480.1280133235,400.5643846510277,714,2:52:03
14.9%,7450000,-528071.9094101563,400.3419768029516,714,2:51:51
15.0%,7500000,-528624.5563222752,398.50746777150107,714,2:51:39
15.1%,7550000,-527263.1574389413,402.05004748794454,714,2:51:28
15.2%,7600000,-527008.4402778461,403.1751868596809,714,2:51:16
15.3%,7650000,-527789.4969432349,399.8434358489915,714,2:51:04
15.4%,7700000,-526852.1515830304,402.3460025154307,714,2:50:52
15.5%,7750000,-528936.3499233522,399.6010834189072,714,2:50:41
15.6%,7800000,-526793.7331062774,400.8909311837588,714,2:50:30
15.7%,7850000,-527016.1342740101,400.3603267996823,714,2:50:19
15.8%,7900000,-525486.0865190914,399.6151157693484,714,2:50:07
15.9%,7950000,-527457.1729154061,403.86385144287,713,2:49:57
16.0%,8000000,-528770.9997957773,396.6053483242886,713,2:49:45
16.1%,8050000,-529711.4232839304,398.0487423853137,713,2:49:33
16.2%,8100000,-528989.6057729651,401.27856259865524,713,2:49:21
16.3%,8150000,-526819.0721397181,399.8638956047046,713,2:49:09
16.4%,8200000,-528854.0339765092,398.4926503944618,713,2:48:57
16.5%,8250000,-528902.4798834915,402.4021319171954,713,2:48:46
16.6%,8300000,-528310.0618569525,400.48387036055937,713,2:48:35
16.7%,8350000,-527330.1677031443,401.51313835900197,713,2:48:23
16.8%,8400000,-527591.5608281591,400.9495873898861,713,2:48:10
16.9%,8450000,-526982.3131078077,402.780024095859,713,2:47:58
17.0%,8500000,-528195.7230679821,398.3086107213682,713,2:47:46
17.1%,8550000,-529524.9549906948,401.2935026361004,713,2:47:34
17.2%,8600000,-528295.612455837,400.35063662761195,713,2:47:23
17.3%,8650000,-526462.5673429831,404.78267601179147,713,2:47:10
17.4%,8700000,-527891.4360520672,401.2602126019245,713,2:46:58
17.5%,8750000,-527986.3694590139,401.3250263604307,713,2:46:46
17.6%,8800000,-528727.0079435394,399.2410260632694,713,2:46:34
17.7%,8850000,-528224.9779115045,402.4251675414336,713,2:46:22
17.8%,8900000,-527705.511072441,402.5908572177965,713,2:46:10
17.9%,8950000,-528526.2424213351,404.0672714601044,713,2:46:00
18.0%,9000000,-526757.4461203669,399.25635861401366,713,2:45:48
18.1%,9050000,-529511.6594506437,398.27284294699194,713,2:45:36
18.2%,9100000,-528529.2925785701,395.8779721169804,713,2:45:24
18.3%,9150000,-528858.2657026034,399.097390727897,713,2:45:13
18.4%,9200000,-528042.2113658218,401.14976917240335,713,2:45:01
18.5%,9250000,-528140.5154605987,399.1390462017591,713,2:44:49
18.6%,9300000,-527237.3622271665,400.42774095879474,713,2:44:37
18.7%,9350000,-527466.219886756,401.0557622372801,713,2:44:25
18.8%,9400000,-527380.7804601849,401.1934853410854,713,2:44:13
18.9%,9450000,-529261.3682111274,403.79243855452347,713,2:44:01
19.0%,9500000,-529689.853134695,400.5088440192116,713,2:43:50
19.1%,9550000,-530316.31574851,398.4406423823372,713,2:43:39
19.2%,9600000,-529099.5719088879,401.77200087972767,713,2:43:27
19.3%,9650000,-527724.9499167507,398.8741487890605,713,2:43:15
19.4%,9700000,-528298.3943682131,399.268624654609,713,2:43:03
19.5%,9750000,-527780.4132556873,401.9147775922583,713,2:42:52
19.6%,9800000,-527534.3613650519,403.2807484050451,713,2:42:40
19.7%,9850000,-526879.3735472518,400.1150550519364,713,2:42:28
19.8%,9900000,-527795.8257699604,401.0980064810907,713,2:42:16
19.9%,9950000,-528419.6205115267,400.4445209023293,713,2:42:04
20.0%,10000000,-529548.8763739849,399.58145775395457,713,2:41:52
20.1%,10050000,-527996.6668011327,400.09268179389034,713,2:41:40
20.2%,10100000,-528614.984560011,401.81346009694016,713,2:41:28
20.3%,10150000,-527991.5701901219,401.42747233148356,712,2:41:18
20.4%,10200000,-527125.5957610952,400.51850965920084,712,2:41:06
20.5%,10250000,-525593.695200827,401.5326168314675,712,2:40:54
20.6%,10300000,-529430.5484267217,397.5633996910342,712,2:40:43
20.7%,10350000,-529511.3239357588,400.15882028478086,712,2:40:31
20.8%,10400000,-526104.6664656233,402.77374388307413,712,2:40:19
20.9%,10450000,-529053.6305353302,397.93471727193867,712,2:40:07
21.0%,10500000,-527333.0803840202,398.8011658475177,712,2:39:55
21.1%,10550000,-526032.3666075072,400.52635992518185,712,2:39:43
21.2%,10600000,-527818.668935644,404.04386785464834,712,2:39:31
21.3%,10650000,-528162.1965795718,400.0721729740148,712,2:39:20
21.4%,10700000,-528969.8785677021,400.00863488373056,712,2:39:08
21.5%,10750000,-527481.9912065584,399.29379456991086,712,2:38:55
21.6%,10800000,-529876.2531943009,397.42329697535337,712,2:38:44
21.7%,10850000,-528499.5730169481,401.39062514553495,712,2:38:32
21.8%,10900000,-528684.1282578874,402.3916567185269,712,2:38:21
21.9%,10950000,-527276.6575582051,400.7766116854096,712,2:38:09
22.0%,11000000,-529614.7769286265,398.3642249494278,712,2:37:58
22.1%,11050000,-528120.5566127682,400.23744560499745,712,2:37:46
22.2%,11100000,-528976.3496152917,403.47457637853387,712,2:37:34
22.3%,11150000,-526993.7586744623,397.897992746396,712,2:37:24
22.4%,11200000,-527617.2243847097,396.4892134519312,712,2:37:12
22.5%,11250000,-528793.7010289826,399.58023114989504,712,2:37:00
22.6%,11300000,-527499.467536346,397.607336648447,712,2:36:48
22.7%,11350000,-526895.860089208,393.8914868425527,712,2:36:36
22.8%,11400000,-529378.8425909253,400.57135176208584,712,2:36:25
22.9%,11450000,-527586.8699513143,402.46831947224825,712,2:36:14
23.0%,11500000,-528969.9135414315,402.22086436927634,712,2:36:02
23.1%,11550000,-528368.1929636337,401.42560789331304,712,2:35:49
23.2%,11600000,-528814.5860942025,400.6786550852146,711,2:35:38
23.3%,11650000,-527221.7050239728,400.0763924919796,711,2:35:26
23.4%,11700000,-527097.8318496319,396.8806473394121,711,2:35:14
23.5%,11750000,-528986.9121173667,399.78043746449345,711,2:35:02
23.6%,11800000,-528267.3652516752,397.5706611870667,711,2:34:50
23.7%,11850000,-528402.7335516973,396.56158309144416,711,2:34:38
23.8%,11900000,-529602.3352888124,400.03064016055873,711,2:34:26
23.9%,11950000,-528346.0170959034,400.135318551,711,2:34:14
24.0%,12000000,-529289.9818014018,400.4327455033577,711,2:34:02
24.1%,12050000,-529140.1435539764,403.16171874710716,711,2:33:50
24.2%,12100000,-528512.6836231723,400.45212584749845,711,2:33:38
24.3%,12150000,-529291.2689218675,401.7046112526964,711,2:33:26
24.4%,12200000,-528872.4537840425,399.87513129789005,711,2:33:14
24.5%,12250000,-527292.7176774871,398.20626287864,711,2:33:01
24.6%,12300000,-527906.8618526058,399.4130450165795,711,2:32:49
24.7%,12350000,-528860.8549270025,402.21200828796646,711,2:32:37
24.8%,12400000,-528219.2146139778,402.1004854468729,711,2:32:26
24.9%,12450000,-526809.9495627596,402.56409271721725,711,2:32:14
25.0%,12500000,-527706.7690414232,394.7800142912035,711,2:32:01
25.1%,12550000,-529232.48069047,397.11772537204035,711,2:31:49
25.2%,12600000,-526285.0362053225,403.91887690098105,711,2:31:37
25.3%,12650000,-528400.3132060338,400.4996690208463,711,2:31:25
25.4%,12700000,-526643.8767590639,398.3277948088594,711,2:31:13
25.5%,12750000,-528592.0453810068,399.6714659598437,711,2:31:02
25.6%,12800000,-528396.6325079645,396.57524746066747,711,2:30:50
25.7%,12850000,-528199.5369466203,403.82195064819604,711,2:30:38
25.8%,12900000,-529948.3164919,398.57316468493013,711,2:30:26
25.9%,12950000,-528572.1246345784,400.69690695362056,711,2:30:14
26.0%,13000000,-528054.1678915219,400.0192818069674,711,2:30:02
26.1%,13050000,-528907.0908808713,399.2554509270096,711,2:29:50
26.2%,13100000,-529822.9634383162,399.33719182153743,711,2:29:38
26.3%,13150000,-526150.7775359759,399.7221001754216,711,2:29:26
26.4%,13200000,-527034.060543329,401.40343089191657,711,2:29:14
26.5%,13250000,-527723.5239126487,399.5622981985445,711,2:29:02
26.6%,13300000,-528896.5503861746,405.5145170578764,711,2:28:50
26.7%,13350000,-528240.5050131967,397.78548862205486,711,2:28:38
26.8%,13400000,-528968.2840039223,396.7238873406027,711,2:28:26
26.9%,13450000,-526035.6462525548,397.90432202334324,711,2:28:14
27.0%,13500000,-527346.0892024678,399.60731456752967,711,2:28:03
27.1%,13550000,-530058.7485886267,400.7550970502052,711,2:27:51
27.2%,13600000,-528394.3388808626,400.9956341062814,711,2:27:39
27.3%,13650000,-528134.773037293,399.34783874477426,711,2:27:26
27.4%,13700000,-527751.837245428,401.0943021368309,711,2:27:15
27.5%,13750000,-528735.3012503455,401.7721971363772,711,2:27:04
27.6%,13800000,-528828.93467326,400.55707409083277,711,2:26:52
27.7%,13850000,-527807.2054396337,402.0586827805237,711,2:26:40
27.8%,13900000,-528288.0523492424,397.82054496607657,711,2:26:28
27.9%,13950000,-525278.9985216768,399.9270902458522,711,2:26:16
28.0%,14000000,-528201.276145312,403.880435129755,711,2:26:04
28.1%,14050000,-529214.9469644367,399.8394125876762,711,2:25:51
28.2%,14100000,-528427.8746133586,399.9182096324611,711,2:25:39
28.3%,14150000,-528551.2577028088,399.6852284573918,711,2:25:27
28.4%,14200000,-528438.3230556087,403.03432364948316,711,2:25:15
28.5%,14250000,-527154.7055562581,399.9097215323691,711,2:25:02
28.6%,14300000,-528846.105892783,400.849300241978,711,2:24:51
28.7%,14350000,-527706.1187666208,400.4514634813063,711,2:24:40
28.8%,14400000,-528728.3270920212,401.27228238587037,711,2:24:27
28.9%,14450000,-528186.7414568695,400.24718484123025,711,2:24:15
29.0%,14500000,-527718.079085826,398.5815546566974,711,2:24:03
29.1%,14550000,-527642.6237805192,397.1695861916778,711,2:23:51
29.2%,14600000,-529075.6342700887,401.52143020244444,711,2:23:39
29.3%,14650000,-529542.9791705124,399.5564104990587,711,2:23:28
29.4%,14700000,-528202.051578715,403.61764747603877,711,2:23:16
29.5%,14750000,-528512.0868209507,401.2667381355212,711,2:23:03
29.6%,14800000,-526401.802866152,399.3324816619488,711,2:22:52
29.7%,14850000,-529405.5502913725,402.69244456600774,711,2:22:40
29.8%,14900000,-526537.3347809245,394.96169888450277,711,2:22:28
29.9%,14950000,-529737.9645549194,402.5099504140291,711,2:22:16
30.0%,15000000,-527357.504526732,401.4485699213077,711,2:22:04
30.1%,15050000,-528963.0213566516,395.44875882446564,711,2:21:51
30.2%,15100000,-528144.119007091,397.41353320703945,711,2:21:39
30.3%,15150000,-529089.2711280235,402.04739802317596,711,2:21:27
30.4%,15200000,-528347.5503790961,396.8014087171657,710,2:21:15
30.5%,15250000,-529348.387675094,398.2395774448972,710,2:21:03
30.6%,15300000,-527571.7794242185,403.2061463461438,710,2:20:51
30.7%,15350000,-527327.489678456,402.5166722042754,710,2:20:39
30.8%,15400000,-527489.818987729,401.15963106904206,710,2:20:27
30.9%,15450000,-528212.1842542659,402.10468043275654,710,2:20:15
31.0%,15500000,-526634.1621550256,398.13354978999035,710,2:20:03
31.1%,15550000,-528580.184559111,403.30702226400047,710,2:19:51
31.2%,15600000,-529597.1882104254,401.195104458444,710,2:19:39
31.3%,15650000,-527538.8956825854,399.5414949936947,710,2:19:27
31.4%,15700000,-527361.3829218354,399.46034286911544,710,2:19:15
31.5%,15750000,-525667.3783541825,402.2476779340179,710,2:19:03
31.6%,15800000,-526706.183449869,400.21347776167397,710,2:18:51
31.7%,15850000,-527527.2861030251,402.24355654437784,710,2:18:38
31.8%,15900000,-527943.0779047534,398.8131865673013,710,2:18:26
31.9%,15950000,-525752.9644471174,402.36896454342536,710,2:18:15
32.0%,16000000,-527159.2281864341,399.75673947406307,710,2:18:02
32.1%,16050000,-527135.9843950518,400.1605865946266,710,2:17:50
32.2%,16100000,-529105.0922240186,402.04972857088904,710,2:17:38
32.3%,16150000,-528987.822594407,398.84301757802933,710,2:17:26
32.4%,16200000,-529826.5990591026,397.6538494743848,710,2:17:14
32.5%,16250000,-529230.1392692276,400.4743519130573,710,2:17:03
32.6%,16300000,-529008.0443471111,401.4526913109477,710,2:16:51
32.7%,16350000,-529080.2866512528,400.2736794889163,710,2:16:39
32.8%,16400000,-527660.9443953354,400.75637271842714,710,2:16:27
32.9%,16450000,-529747.0400893237,399.94303609862624,710,2:16:14
33.0%,16500000,-528880.0409338032,402.96349953108523,710,2:16:02
33.1%,16550000,-529312.5772130243,399.89303971715935,710,2:15:50
33.2%,16600000,-527888.4977202518,397.6987186508829,710,2:15:38
33.3%,16650000,-527529.962391458,401.2687252340977,710,2:15:26
33.4%,16700000,-526197.5773280342,399.8535185343609,710,2:15:13
33.5%,16750000,-529621.007182349,401.6795149336382,710,2:15:01
33.6%,16800000,-529168.8463558308,403.5089703563634,710,2:14:49
33.7%,16850000,-527008.7710277368,400.2023647288945,710,2:14:37
33.8%,16900000,-529146.778624319,400.286362574892,710,2:14:25
33.9%,16950000,-527956.8126046374,399.41692108540764,710,2:14:13
34.0%,17000000,-528425.8466472686,400.3998234503996,710,2:14:01
34.1%,17050000,-526857.3268546918,399.2877842100191,710,2:13:48
34.2%,17100000,-528308.6465386953,404.5951037190064,710,2:13:36
34.3%,17150000,-528821.5695536151,403.12504328572686,710,2:13:24
34.4%,17200000,-526946.683064444,399.8850913228535,710,2:13:12
34.5%,17250000,-527479.6159626744,399.79699661929726,710,2:13:01
34.6%,17300000,-528892.1488352544,402.2622499902452,710,2:12:49
34.7%,17350000,-528082.2236915063,398.4388760724915,710,2:12:36
34.8%,17400000,-527395.1465891013,401.80965762435557,710,2:12:24
34.9%,17450000,-529078.4415008058,398.33493364448594,710,2:12:12
35.0%,17500000,-528435.9295498184,400.9077111272934,710,2:12:00
35.1%,17550000,-528383.5470117978,402.58661316775044,710,2:11:49
35.2%,17600000,-527110.2854511868,396.2071926465614,710,2:11:37
35.3%,17650000,-526856.7257355666,400.6418569634284,710,2:11:24
35.4%,17700000,-526984.8847425226,402.0487227555603,710,2:11:12
35.5%,17750000,-528328.6462650062,398.5419598776554,710,2:11:00
35.6%,17800000,-527485.157256389,403.31516691495585,710,2:10:48
35.7%,17850000,-528932.5543507822,401.12970192998927,710,2:10:36
35.8%,17900000,-527496.7687513605,403.9400971512111,710,2:10:24
35.9%,17950000,-528628.7814916004,394.9442075106137,710,2:10:11
36.0%,18000000,-528409.6416801615,399.96607172286446,710,2:09:59
36.1%,18050000,-528364.6175843826,400.3732552064699,710,2:09:47
36.2%,18100000,-529328.8077380704,400.9386951458374,710,2:09:35
36.3%,18150000,-528982.3935305905,398.1125993926534,710,2:09:23
36.4%,18200000,-529955.3236442218,399.9865069464964,710,2:09:11
36.5%,18250000,-528928.5746409767,398.8458878315286,710,2:08:59
36.6%,18300000,-528496.5084637911,402.56718375944735,710,2:08:47
36.7%,18350000,-525649.560351212,396.71171942833206,710,2:08:36
36.8%,18400000,-526982.6174370102,403.2341374507825,710,2:08:24
36.9%,18450000,-527113.5550753376,402.8832060293476,710,2:08:12
37.0%,18500000,-528827.717208825,403.24274821128046,710,2:08:00
37.1%,18550000,-527025.204202278,400.61536231574223,710,2:07:48
37.2%,18600000,-526839.5445842468,400.38794992310324,710,2:07:35
37.3%,18650000,-527486.4554462414,402.2635747226296,710,2:07:24
37.4%,18700000,-526785.0576447425,401.32644922113974,710,2:07:12
37.5%,18750000,-528688.4008299159,398.86980661068964,710,2:06:59
37.6%,18800000,-527545.9304673341,401.32424133383256,710,2:06:48
37.7%,18850000,-528661.887064496,399.95471336927307,710,2:06:36
37.8%,18900000,-527756.0085499668,402.648384948189,710,2:06:23
37.9%,18950000,-528019.6156303012,397.3338284752504,710,2:06:12
38.0%,19000000,-526874.0103026172,399.3936646724388,710,2:06:00
38.1%,19050000,-527869.9100987129,401.6620726239115,710,2:05:48
38.2%,19100000,-526689.0837153895,403.88166173381455,710,2:05:36
38.3%,19150000,-529638.7011273596,402.3046904907054,710,2:05:23
38.4%,19200000,-529094.797099004,398.92824202808623,710,2:05:11
38.5%,19250000,-528893.7927937238,400.2331770228703,710,2:04:59
38.6%,19300000,-527234.4155552988,401.82494111093746,710,2:04:47
38.7%,19350000,-529449.6723819813,401.03711785557505,710,2:04:35
38.8%,19400000,-528475.8481220854,401.93707725406074,710,2:04:23
38.9%,19450000,-528047.2688592523,402.1678996059853,710,2:04:11
39.0%,19500000,-529361.3076113393,400.13242376541945,710,2:03:58
39.1%,19550000,-525251.9776947959,398.88145934925535,710,2:03:46
39.2%,19600000,-527980.3850403521,397.25488423797833,710,2:03:34
39.3%,19650000,-528870.3200798328,401.7324306327668,710,2:03:22
39.4%,19700000,-529061.4629315422,399.67907090501285,710,2:03:10
39.5%,19750000,-528222.6280356506,402.9006728711555,710,2:02:58
39.6%,19800000,-528875.8781929472,401.3862093709206,710,2:02:46
39.7%,19850000,-528336.3945677518,400.26082467837233,710,2:02:34
39.8%,19900000,-529755.2812075326,400.5111009706812,710,2:02:22
39.9%,19950000,-528036.5904953484,398.70826285604807,710,2:02:10
40.0%,20000000,-527339.5163662452,400.09258366556554,710,2:01:58
40.1%,20050000,-527160.7564773238,401.8581084847075,710,2:01:46
40.2%,20100000,-530064.595680851,397.9785070368643,710,2:01:33
40.3%,20150000,-529165.7697951454,399.37364649418697,710,2:01:22
40.4%,20200000,-528856.7059921916,401.4277667164579,710,2:01:09
40.5%,20250000,-526898.8357488257,402.3519883432413,710,2:00:57
40.6%,20300000,-528433.1334101637,399.48801505669866,710,2:00:45
40.7%,20350000,-528274.2170716198,401.2406360011342,709,2:00:33
40.8%,20400000,-529564.8002045066,402.05775056143847,709,2:00:21
40.9%,20450000,-526970.4158024071,403.4711909513295,709,2:00:09
41.0%,20500000,-528050.9572724397,403.4019123540466,709,1:59:56
41.1%,20550000,-529787.6287459051,401.86532091657756,709,1:59:44
41.2%,20600000,-527617.1732657198,402.8549941359782,709,1:59:33
41.3%,20650000,-528464.1804759237,402.4780832405622,709,1:59:20
41.4%,20700000,-528158.1252791896,399.05450864997545,709,1:59:08
41.5%,20750000,-528143.1526650391,397.74398034067997,709,1:58:56
41.6%,20800000,-528462.6722068051,402.80975697826227,709,1:58:44
41.7%,20850000,-529814.8424576963,399.08409433989164,709,1:58:32
41.8%,20900000,-528805.8420429542,397.0765605398022,709,1:58:20
41.9%,20950000,-526716.7830929044,398.6653562460453,709,1:58:07
42.0%,21000000,-525475.5381753198,402.88720475858173,709,1:57:55
42.1%,21050000,-527937.8476751884,404.48225614552854,709,1:57:44
42.2%,21100000,-528035.1103698844,402.64141783713075,709,1:57:31
42.3%,21150000,-525869.1412510183,398.6242895421318,709,1:57:19
42.4%,21200000,-528811.0885591656,401.69614768468557,709,1:57:07
42.5%,21250000,-526540.9392660316,404.6110741038616,709,1:56:55
42.6%,21300000,-529079.4713326902,400.44935372232385,709,1:56:43
42.7%,21350000,-526658.0948573546,399.01219080992126,709,1:56:30
42.8%,21400000,-527326.5777533464,396.2666093472056,709,1:56:19
42.9%,21450000,-527754.0067620045,399.63687572536463,709,1:56:07
43.0%,21500000,-529192.0947724995,396.7758953527273,709,1:55:55
43.1%,21550000,-527289.5569025264,402.1457226045888,709,1:55:43
43.2%,21600000,-527008.169502629,401.6842741573892,709,1:55:31
43.3%,21650000,-528277.3543883781,400.0643963042773,709,1:55:19
43.4%,21700000,-529065.6003909237,397.67526598126443,709,1:55:07
43.5%,21750000,-529222.7583786682,398.62168914152556,709,1:54:55
43.6%,21800000,-527274.6209096918,404.0407522803371,709,1:54:43
43.7%,21850000,-528449.8414439992,399.35137136446576,709,1:54:30
43.8%,21900000,-529026.5099761449,400.93786105507695,709,1:54:18
43.9%,21950000,-528942.9101202013,399.74280525194666,709,1:54:06
44.0%,22000000,-526561.823385933,398.56082504809115,709,1:53:54
44.1%,22050000,-529029.0939361206,402.1828887075929,709,1:53:42
44.2%,22100000,-529487.7984410608,397.18818150922044,709,1:53:29
44.3%,22150000,-527789.6077802666,399.7157708984744,709,1:53:17
44.4%,22200000,-528667.6709023155,399.80894374283713,709,1:53:05
44.5%,22250000,-528846.9309409405,398.5058486541425,709,1:52:53
44.6%,22300000,-528531.6667970004,397.32178322338575,709,1:52:41
44.7%,22350000,-527568.7641530861,399.80889467867473,709,1:52:28
44.8%,22400000,-527627.8635170758,399.3201174930286,709,1:52:16
44.9%,22450000,-528403.1244021109,399.0326996297968,709,1:52:04
45.0%,22500000,-527901.6038580053,399.19524919976726,709,1:51:52
45.1%,22550000,-528845.4417580753,398.96469670073583,709,1:51:40
45.2%,22600000,-528350.6013376792,398.91661382160174,709,1:51:28
45.3%,22650000,-528422.7972947694,396.69631328134426,709,1:51:16
45.4%,22700000,-528171.8781648637,400.0398396910053,709,1:51:03
45.5%,22750000,-528929.1362220342,400.2624437957309,709,1:50:51
45.6%,22800000,-527288.0172167039,400.87088847342596,709,1:50:39
45.7%,22850000,-527955.2273781425,398.2032699647348,709,1:50:27
45.8%,22900000,-528935.3135922146,398.82275407896566,709,1:50:14
45.9%,22950000,-527471.5076003289,401.24156822021945,709,1:50:02
46.0%,23000000,-527094.5132521992,399.0221998990471,709,1:49:50
46.1%,23050000,-528479.414335838,399.228122188563,709,1:49:38
46.2%,23100000,-527467.504723277,403.13024408693934,709,1:49:26
46.3%,23150000,-526808.3945743837,401.4734454516352,709,1:49:14
46.4%,23200000,-529069.4999031951,400.0558836721041,709,1:49:01
46.5%,23250000,-525896.1135550276,400.82435111540696,709,1:48:49
46.6%,23300000,-528900.0619472349,405.8946661880096,709,1:48:37
46.7%,23350000,-527870.4353481005,398.224514747046,709,1:48:25
46.8%,23400000,-526921.1358413477,398.9664139464192,709,1:48:13
46.9%,23450000,-527610.1450522305,397.0061044026221,709,1:48:00
47.0%,23500000,-525704.4102221867,399.81075911684525,709,1:47:48
47.1%,23550000,-529432.0758381695,401.26963292110173,709,1:47:36
47.2%,23600000,-527603.004108435,403.98391144821795,709,1:47:24
47.3%,23650000,-529139.7248398601,399.3625089293264,709,1:47:12
47.4%,23700000,-528079.6285121744,399.6081731903714,709,1:47:00
47.5%,23750000,-526121.4502884015,406.3411010015203,709,1:46:47
47.6%,23800000,-529198.2602958861,402.31823219952275,709,1:46:35
47.7%,23850000,-529288.3138265028,401.1812438325712,709,1:46:23
47.8%,23900000,-528490.8987987982,401.6655316473594,709,1:46:11
47.9%,23950000,-529591.5565569582,400.97583671676034,709,1:45:59
48.0%,24000000,-527009.4366849973,403.13522409942107,709,1:45:47
48.1%,24050000,-528775.7411651155,401.5106851508829,709,1:45:34
48.2%,24100000,-528558.20831622,404.25675725522234,709,1:45:22
48.3%,24150000,-528250.3156678812,401.402204287857,709,1:45:10
48.4%,24200000,-528621.4115898414,404.04730234601504,709,1:44:58
48.5%,24250000,-529252.3447313951,397.98307000396585,709,1:44:45
48.6%,24300000,-527239.0768752876,403.39864958724826,709,1:44:33
48.7%,24350000,-527732.748374227,406.4858157484651,709,1:44:21
48.8%,24400000,-527466.3875462529,398.911756469526,709,1:44:09
48.9%,24450000,-527858.050614439,401.74442682046913,709,1:43:57
49.0%,24500000,-528021.7903026938,402.5272209991874,709,1:43:44
49.1%,24550000,-528172.4573329338,399.2860669643357,709,1:43:32
49.2%,24600000,-528766.2487021945,402.6140400345218,709,1:43:20
49.3%,24650000,-527788.5276260213,401.4275704598083,709,1:43:08
49.4%,24700000,-527810.0779818022,398.78786945951225,709,1:42:56
49.5%,24750000,-527759.1775889182,402.04322756937347,709,1:42:44
49.6%,24800000,-529166.8717208588,399.8539846439035,709,1:42:31
49.7%,24850000,-528386.7235664143,397.1918122572367,709,1:42:19
49.8%,24900000,-528423.4333897033,401.081594518774,709,1:42:07
49.9%,24950000,-529283.8783588666,397.6913590265256,709,1:41:55
50.0%,25000000,-528871.738093474,399.11365549772654,709,1:41:42
50.0%,25050000,-527187.2723041275,401.86468308246657,709,1:41:30
50.1%,25100000,-529131.5405036253,398.8864393617371,709,1:41:18
50.2%,25150000,-526954.1933196648,399.7272519124717,709,1:41:06
50.3%,25200000,-529327.2991178096,400.1735885976577,709,1:40:53
50.4%,25250000,-527270.841860014,402.17690287978235,709,1:40:41
50.5%,25300000,-527497.3439259152,399.41770611200576,709,1:40:29
50.6%,25350000,-529406.2184130987,403.3730626265662,709,1:40:17
50.7%,25400000,-527969.7594217388,400.0120203109349,709,1:40:05
50.8%,25450000,-529076.0614959518,402.77651600824873,709,1:39:52
50.9%,25500000,-530075.3660788559,398.10528883245854,709,1:39:40
51.0%,25550000,-528176.386192488,402.39720096887606,709,1:39:28
51.1%,25600000,-528770.8430526746,403.16836694110987,709,1:39:16
51.2%,25650000,-527593.4935544371,397.33711577413,709,1:39:04
51.3%,25700000,-528171.167855524,401.2226785177025,709,1:38:52
51.4%,25750000,-528527.0876394864,399.4983675949612,709,1:38:39
51.5%,25800000,-526103.6884044306,400.86134549384275,709,1:38:27
51.6%,25850000,-529100.12107427,400.3467360267026,709,1:38:15
51.7%,25900000,-527724.6674152068,400.9932544944058,709,1:38:03
51.8%,25950000,-529600.122495879,398.0269824292974,709,1:37:51
51.9%,26000000,-528895.102949094,402.5786157092822,709,1:37:38
52.0%,26050000,-527834.21068419,401.03608750816505,709,1:37:26
52.1%,26100000,-526783.317455906,401.30596493334536,709,1:37:14
52.2%,26150000,-528928.2438419191,397.68007426917785,709,1:37:02
52.3%,26200000,-528138.8701958638,402.7710944183055,709,1:36:50
52.4%,26250000,-528264.7253350387,402.2417902345321,709,1:36:37
52.5%,26300000,-527863.8816447007,401.4502135707475,709,1:36:25
52.6%,26350000,-528349.1534308968,401.0540940557591,709,1:36:13
52.7%,26400000,-528751.1745291045,400.59080570247016,709,1:36:01
52.8%,26450000,-527097.7643156177,399.8919112414245,709,1:35:48
52.9%,26500000,-529207.316474244,401.2513319885334,709,1:35:36
53.0%,26550000,-526899.8564329715,399.1223889186305,709,1:35:24
53.1%,26600000,-528139.3616900253,401.6831456816544,709,1:35:12
53.2%,26650000,-528557.4080396644,398.4300445232628,709,1:35:00
53.3%,26700000,-529055.153840276,401.20042792006245,709,1:34:48
53.4%,26750000,-526781.7129992121,400.0431760540472,709,1:34:35
53.5%,26800000,-527200.5117860641,402.2607290012114,709,1:34:24
53.6%,26850000,-529081.2603025553,400.2696807596822,709,1:34:11
53.7%,26900000,-527780.229658212,400.0995507766238,709,1:33:59
53.8%,26950000,-527468.0878986339,401.4688824845337,709,1:33:47
53.9%,27000000,-526686.9483095687,400.6426174579453,709,1:33:35
54.0%,27050000,-528362.0118138418,400.10092457317046,709,1:33:22
54.1%,27100000,-527430.5665065488,402.9526808832801,709,1:33:10
54.2%,27150000,-527851.8597283261,398.22149730105957,709,1:32:58
54.3%,27200000,-527676.2590164193,402.73164683175065,709,1:32:46
54.4%,27250000,-526748.9634430646,398.03699151842324,709,1:32:34
54.5%,27300000,-529217.0434826612,403.32129993525353,709,1:32:22
54.6%,27350000,-529417.7552690157,401.145353397789,709,1:32:10
54.7%,27400000,-526827.9356293208,399.8972592351241,709,1:31:57
54.8%,27450000,-529101.7107464988,399.24289050143983,709,1:31:45
54.9%,27500000,-527785.7300219815,403.1561990288392,709,1:31:33
55.0%,27550000,-528756.5712982295,399.3271336682492,709,1:31:21
55.1%,27600000,-528187.2765989266,400.21656880390407,709,1:31:09
55.2%,27650000,-527051.0350200511,399.25339023218953,709,1:30:56
55.3%,27700000,-528082.2842701012,401.0031163910445,709,1:30:44
55.4%,27750000,-527756.3670016332,401.57444402989785,709,1:30:32
55.5%,27800000,-527423.4301499971,399.25942512416253,709,1:30:20
55.6%,27850000,-528966.5304367971,399.86549018998204,709,1:30:08
55.7%,27900000,-528255.5097653577,399.37835665377565,709,1:29:55
55.8%,27950000,-529489.7813981804,400.7460201801646,709,1:29:44
55.9%,28000000,-528042.5331389243,401.6148483676192,709,1:29:31
56.0%,28050000,-529952.549926721,396.81237455745804,709,1:29:19
56.1%,28100000,-528912.3616673672,397.90329167593325,709,1:29:07
56.2%,28150000,-528713.2870170446,400.0487939006399,709,1:28:55
56.3%,28200000,-527925.126345451,400.17604180577683,709,1:28:43
56.4%,28250000,-529386.8296330855,401.65797576635265,709,1:28:30
56.5%,28300000,-527743.2137695923,402.05407074925984,709,1:28:18
56.6%,28350000,-528706.1198403067,400.41692231098955,709,1:28:06
56.7%,28400000,-528669.6342491419,398.751316658538,709,1:27:54
56.8%,28450000,-526722.0060149841,403.51127637199534,709,1:27:42
56.9%,28500000,-529027.3343395111,400.2545689976686,709,1:27:30
57.0%,28550000,-528387.6388080348,399.7845097899711,709,1:27:18
57.1%,28600000,-528929.476624697,401.41363623769195,709,1:27:06
57.2%,28650000,-529502.8640176575,401.36027896110187,709,1:26:54
57.3%,28700000,-526997.370122293,402.9616105608335,709,1:26:42
57.4%,28750000,-528498.3500244007,398.999949301407,709,1:26:29
57.5%,28800000,-526568.3705252144,399.98618802944094,709,1:26:17
57.6%,28850000,-528886.3709088718,399.790544681944,709,1:26:05
57.7%,28900000,-528076.6403776337,400.1201086606617,709,1:25:53
57.8%,28950000,-529318.6174471932,401.468023861692,709,1:25:41
57.9%,29000000,-527327.6738595958,398.51541616580687,709,1:25:28
58.0%,29050000,-527843.3504776745,399.36790598718835,709,1:25:16
58.1%,29100000,-527895.2740286486,400.18592823449666,709,1:25:04
58.2%,29150000,-528804.2234278424,400.3975910310112,709,1:24:52
58.3%,29200000,-527881.3806748297,398.0157958002744,709,1:24:40
58.4%,29250000,-527383.7935414952,393.88439707108853,709,1:24:28
58.5%,29300000,-527525.489251228,400.6613845000562,709,1:24:15
58.6%,29350000,-528724.0465273974,398.8450782728493,709,1:24:03
58.7%,29400000,-527586.7570507759,399.1268046932449,709,1:23:51
58.8%,29450000,-526916.0321657034,400.63464453155825,709,1:23:39
58.9%,29500000,-527021.2621378726,398.8202027425218,709,1:23:27
59.0%,29550000,-529523.2826766297,402.1577923885347,709,1:23:15
59.1%,29600000,-527472.6912740455,401.8574461185153,709,1:23:02
59.2%,29650000,-529224.207972575,400.73090841815105,709,1:22:50
59.3%,29700000,-528992.5125969839,400.03566923720285,709,1:22:38
59.4%,29750000,-528831.2083300613,399.92978877478316,709,1:22:26
59.5%,29800000,-526556.350167336,402.71143239684943,709,1:22:14
59.6%,29850000,-526277.3755672658,399.58393549415484,709,1:22:02
59.7%,29900000,-529927.3280061726,398.7966519445786,709,1:21:50
59.8%,29950000,-527867.8490663725,400.49434555922784,709,1:21:37
59.9%,30000000,-528290.63532364,398.3113828465427,709,1:21:25
60.0%,30050000,-528459.1262439825,401.7828931237764,709,1:21:13
60.1%,30100000,-528850.2680701278,401.80585515177097,709,1:21:01
60.2%,30150000,-528197.1208162992,400.4817115374146,709,1:20:49
60.3%,30200000,-527590.0129795158,403.367763697029,709,1:20:37
60.4%,30250000,-528111.2436668375,398.27338265277814,709,1:20:25
60.5%,30300000,-530027.6641526665,400.2846698612898,709,1:20:13
60.6%,30350000,-528617.1741529214,401.59566428012795,709,1:20:00
60.7%,30400000,-527081.1490748501,401.0037051609931,709,1:19:48
60.8%,30450000,-529406.6142019681,398.40237233567956,709,1:19:36
60.9%,30500000,-526944.0617939346,398.142111486326,709,1:19:24
61.0%,30550000,-527975.9868703964,398.43789478924384,709,1:19:12
61.1%,30600000,-527653.4611897431,398.4475604292331,709,1:18:59
61.2%,30650000,-528324.2808555625,395.91513821998456,709,1:18:47
61.3%,30700000,-529141.0233096955,400.94634915516895,709,1:18:35
61.4%,30750000,-526160.4248842122,399.64811141855006,709,1:18:23
61.5%,30800000,-527906.1604350256,399.7767576523148,709,1:18:11
61.6%,30850000,-528560.5054778494,402.8449850468523,709,1:17:59
61.7%,30900000,-526639.9737508087,404.3244167351467,709,1:17:46
61.8%,30950000,-528114.6826634575,400.2373720087539,709,1:17:34
61.9%,31000000,-529158.4823887339,401.00463738007835,709,1:17:22
62.0%,31050000,-526084.5571160144,399.4843843086824,709,1:17:10
62.1%,31100000,-528576.0630340432,401.44121029695043,709,1:16:58
62.2%,31150000,-529195.877654287,398.9393550608657,709,1:16:46
62.3%,31200000,-527428.3833125317,398.2132790538606,709,1:16:33
62.4%,31250000,-528908.2425221964,394.93488531976124,709,1:16:21
62.5%,31300000,-528720.0433726991,398.28486366677544,709,1:16:09
62.6%,31350000,-528558.7344422089,401.5803071973025,709,1:15:57
62.7%,31400000,-527196.4462867132,401.54767952931866,709,1:15:45
62.8%,31450000,-527450.516746928,398.5253516586892,709,1:15:32
62.9%,31500000,-529136.4602859546,397.43681415208954,709,1:15:20
63.0%,31550000,-527809.1018113587,400.33236022712475,709,1:15:08
63.1%,31600000,-529199.0546575529,398.89664470751245,709,1:14:56
63.2%,31650000,-528652.0055954927,401.4760949164038,709,1:14:44
63.3%,31700000,-527103.0949120754,397.09643152556674,709,1:14:31
63.4%,31750000,-529316.9000775847,399.3613804535916,709,1:14:19
63.5%,31800000,-527970.8745651473,398.8009205267058,709,1:14:07
63.6%,31850000,-528644.9156856961,400.9978419935885,709,1:13:55
63.7%,31900000,-528368.8333750442,402.1620119064995,709,1:13:43
63.8%,31950000,-527144.6125821713,400.0433723106968,709,1:13:31
63.9%,32000000,-527449.4011012507,400.15663692955485,709,1:13:19
64.0%,32050000,-528892.7357576615,399.6025308116975,709,1:13:07
64.1%,32100000,-525952.3703571507,402.4892208054228,709,1:12:54
64.2%,32150000,-527419.8846645779,399.35276969309365,709,1:12:42
64.3%,32200000,-528496.3130955696,398.48965748055656,709,1:12:30
64.4%,32250000,-527633.4376493082,398.85462125243254,709,1:12:18
64.5%,32300000,-527518.7460695277,397.0275209095017,709,1:12:06
64.6%,32350000,-529927.0195952305,403.8422632114221,709,1:11:53
64.7%,32400000,-528482.2857766123,397.9843702042689,709,1:11:41
64.8%,32450000,-528050.7226228067,402.8129952129795,709,1:11:29
64.9%,32500000,-527868.3683756809,399.9166886434273,709,1:11:17
65.0%,32550000,-527546.1680418039,401.9009905626291,709,1:11:05
65.1%,32600000,-526412.3842452485,399.1189053631014,709,1:10:53
65.2%,32650000,-528260.6013216781,400.33797807371747,709,1:10:41
65.3%,32700000,-526634.4977435833,400.8496191590335,709,1:10:28
65.4%,32750000,-527631.937461006,401.1477575417457,709,1:10:16
65.5%,32800000,-529062.5394713632,401.4485699213077,709,1:10:04
65.6%,32850000,-528320.6588343033,399.4114749633833,709,1:09:52
65.7%,32900000,-527181.771810709,393.9374844947855,709,1:09:40
65.8%,32950000,-526510.4580926858,401.0010556962245,709,1:09:27
65.9%,33000000,-528088.5726478258,402.6335185069873,709,1:09:15
66.0%,33050000,-529066.0837977468,400.5440720878017,709,1:09:03
66.1%,33100000,-527717.3476010775,403.14928098194343,709,1:08:51
66.2%,33150000,-528714.1377335303,401.73510462961667,709,1:08:38
66.3%,33200000,-527803.4786326448,399.2060923796536,709,1:08:26
66.4%,33250000,-528417.308611115,399.02303398980763,709,1:08:14
66.5%,33300000,-528679.2085853289,406.69352887990783,709,1:08:02
66.6%,33350000,-528374.5145602981,399.88425723209303,709,1:07:50
66.7%,33400000,-529931.5661812453,401.64747603560295,709,1:07:37
66.8%,33450000,-527710.0995492027,402.57630969365033,709,1:07:25
66.9%,33500000,-527504.5482447357,401.90601963927315,709,1:07:13
67.0%,33550000,-528822.9857803471,399.25707004436816,709,1:07:01
67.1%,33600000,-528173.1128954175,402.4430023644593,709,1:06:49
67.2%,33650000,-527612.0900917011,399.5525344302306,709,1:06:37
67.3%,33700000,-528586.8693440668,399.82950162687507,709,1:06:24
67.4%,33750000,-526889.0620535887,401.29809013528313,709,1:06:12
67.5%,33800000,-529130.0734688719,396.88896371493587,709,1:06:00
67.6%,33850000,-527380.3163983999,403.5846027626747,709,1:05:48
67.7%,33900000,-528418.6061837072,397.8809674820496,709,1:05:36
67.8%,33950000,-529324.8294551093,398.80430595391016,709,1:05:24
67.9%,34000000,-529910.4210796026,399.50791057454444,709,1:05:11
68.0%,34050000,-526696.7336956235,401.01974914209194,709,1:04:59
68.1%,34100000,-528307.0263820058,402.7026744438643,709,1:04:47
68.2%,34150000,-526423.2567040529,402.2226552112033,709,1:04:35
68.3%,34200000,-530289.4601852796,400.65696872544186,709,1:04:22
68.4%,34250000,-525974.2254886325,397.70298723301005,709,1:04:10
68.5%,34300000,-529847.2952002874,400.11122804727063,709,1:03:58
68.6%,34350000,-526935.5653699338,397.6693537496974,709,1:03:46
68.7%,34400000,-525723.1623575217,399.75926627842574,709,1:03:34
68.8%,34450000,-528745.475848116,395.90544804791415,709,1:03:21
68.9%,34500000,-527784.8607506417,402.66334951771535,709,1:03:09
69.0%,34550000,-528792.2746449276,398.1600689697577,709,1:02:57
69.1%,34600000,-529963.9234402538,398.6711212851251,709,1:02:45
69.2%,34650000,-526705.7863631155,398.5931828631818,709,1:02:33
69.3%,34700000,-529963.6085663382,402.5201802918857,709,1:02:20
69.4%,34750000,-528099.4030368808,404.4413856982646,709,1:02:08
69.5%,34800000,-528160.4306922876,395.89965847675313,709,1:01:56
69.6%,34850000,-527676.5944025707,398.350756836854,709,1:01:44
69.7%,34900000,-525087.4509432758,401.84795220309445,709,1:01:32
69.8%,34950000,-528587.2719437592,402.4056645368869,709,1:01:20
69.9%,35000000,-528695.1904790406,401.8443214550782,709,1:01:07
70.0%,35050000,-528324.063979865,400.70755387685733,709,1:00:55
70.1%,35100000,-527472.7009041109,399.20923248604606,709,1:00:43
70.2%,35150000,-526727.6658802386,399.4886283587284,709,1:00:31
70.3%,35200000,-528589.5817040331,400.2977699926457,709,1:00:19
70.4%,35250000,-529921.8915999876,399.8313660650456,709,1:00:06
70.5%,35300000,-529000.8538380326,398.6453625998748,709,59:54
70.6%,35350000,-529484.6299168007,402.16875822882696,709,59:42
70.7%,35400000,-527157.9777842425,400.8191257821133,709,59:30
70.8%,35450000,-527954.5090977708,400.49616093323596,709,59:17
70.9%,35500000,-527733.4535664404,403.1344145407418,709,59:05
71.0%,35550000,-528032.740803834,399.61180393838765,709,58:53
71.1%,35600000,-529195.2266294849,401.17057237725317,709,58:41
71.2%,35650000,-529001.2677307255,402.83266994209447,709,58:29
71.3%,35700000,-528009.4348669033,402.4944216066353,709,58:17
71.4%,35750000,-527300.4080361221,400.5997108479425,709,58:04
71.5%,35800000,-527085.0077073388,401.8478540747697,709,57:52
71.6%,35850000,-528404.1192105701,403.07340325482016,709,57:40
71.7%,35900000,-527678.1851817789,403.8445201628916,709,57:28
71.8%,35950000,-527334.6425301875,396.7968457500642,709,57:16
71.9%,36000000,-527520.9546525907,399.48673938847674,709,57:03
72.0%,36050000,-528545.3995497976,401.262469553394,709,56:51
72.1%,36100000,-528788.326022442,398.953534603794,709,56:39
72.2%,36150000,-526372.3894384676,404.45463302210766,709,56:27
72.3%,36200000,-530207.3136759037,398.6595666748842,709,56:15
72.4%,36250000,-528280.0017814427,400.5916152611495,709,56:02
72.5%,36300000,-527949.6033169539,402.0789217475062,709,55:50
72.6%,36350000,-526839.0395262502,403.12435638745353,709,55:38
72.7%,36400000,-529944.6543356334,403.44263560882337,709,55:26
72.8%,36450000,-528299.7120482116,398.81068429501977,709,55:14
72.9%,36500000,-527229.983055763,402.0554200137253,709,55:02
73.0%,36550000,-526843.3546242923,405.0894251550016,709,54:49
73.1%,36600000,-528351.4635840054,402.77416092845436,709,54:37
73.2%,36650000,-528781.5209936071,397.9035369967451,709,54:25
73.3%,36700000,-526093.2047768002,399.5412251408016,709,54:13
73.4%,36750000,-527905.306286348,397.56207495864993,709,54:01
73.5%,36800000,-528691.3202616186,401.34489734619524,709,53:49
73.6%,36850000,-528303.2158613158,398.9287817338724,709,53:37
73.7%,36900000,-527778.2876669983,398.63611400526577,709,53:24
73.8%,36950000,-527110.3946773945,400.0853221695331,709,53:12
73.9%,37000000,-528201.2535680006,399.3347386134183,709,53:00
74.0%,37050000,-527995.1259808508,400.0507809992164,709,52:48
74.1%,37100000,-528068.6603263342,402.09685469885665,709,52:36
74.2%,37150000,-527884.35038342,404.1699627519692,709,52:24
74.3%,37200000,-528386.9703672766,403.232910846723,709,52:11
74.4%,37250000,-529204.132796545,396.8687247479534,709,51:59
74.5%,37300000,-527045.4394212449,400.07749643563324,709,51:47
74.6%,37350000,-527520.6936010919,401.38473744604914,709,51:35
74.7%,37400000,-529186.7745670481,400.8296009807818,709,51:23
74.8%,37450000,-527730.7394058346,398.7849256097694,709,51:11
74.9%,37500000,-529748.5733282333,401.21453386674716,709,50:58
75.0%,37550000,-528836.00566235,400.1444935493654,709,50:46
75.1%,37600000,-529372.6740976805,401.31663638866337,709,50:34
75.2%,37650000,-528888.3858562452,398.17005352680235,709,50:22
75.3%,37700000,-528673.4731866373,402.52263350000476,709,50:10
75.4%,37750000,-528477.9111108347,397.71392854122115,709,49:58
75.5%,37800000,-526955.9062132882,398.5820698304024,709,49:45
75.6%,37850000,-527709.1309857839,401.88210086011213,709,49:33
75.7%,37900000,-527070.3501394964,397.2757610390717,709,49:21
75.8%,37950000,-528387.0496006329,400.85776380998885,709,49:09
75.9%,38000000,-527237.1082894532,405.8519313025751,709,48:57
76.0%,38050000,-528965.7583407741,399.6043461857056,709,48:44
76.1%,38100000,-526659.644655955,397.39954992076065,709,48:32
76.2%,38150000,-530116.6882817345,398.5320489168543,709,48:20
76.3%,38200000,-528030.4917322043,399.6760534590264,709,48:08
76.4%,38250000,-529666.79100161,403.7328255972298,709,47:56
76.5%,38300000,-529093.5550220129,398.89164016294956,709,47:43
76.6%,38350000,-529039.3730943827,399.6722019222795,709,47:31
76.7%,38400000,-528300.0238324064,394.4591837333898,709,47:19
76.8%,38450000,-528714.551554617,398.5662711701155,709,47:07
76.9%,38500000,-529040.4514054246,405.25717552618454,709,46:55
77.0%,38550000,-530004.7707040603,402.55727279864624,709,46:43
77.1%,38600000,-528220.4304761677,400.8930164106601,709,46:30
77.2%,38650000,-527191.4385699211,398.75190542848657,709,46:18
77.3%,38700000,-528132.7402349412,404.50489925646764,709,46:06
77.4%,38750000,-528513.1532551716,399.44317041228186,709,45:54
77.5%,38800000,-527884.5791900945,400.22569473810705,709,45:42
77.6%,38850000,-528156.2379659996,403.06597003421933,709,45:30
77.7%,38900000,-528587.6971187671,397.48067751325874,709,45:17
77.8%,38950000,-528624.9112475449,400.9952170609011,709,45:05
77.9%,39000000,-528402.7142271237,400.157299295747,709,44:53
78.0%,39050000,-528508.4237851473,401.9738999079282,709,44:41
78.1%,39100000,-527241.4779223511,397.5624429398678,709,44:29
78.2%,39150000,-527224.2771978304,397.86168526623356,709,44:16
78.3%,39200000,-527205.1639687889,401.65100865529445,709,44:04
78.4%,39250000,-527228.6458819536,398.543063821309,709,43:52
78.5%,39300000,-528608.6140031605,402.9223592309282,709,43:40
78.6%,39350000,-527596.8658187184,399.59953789779223,709,43:28
78.7%,39400000,-526938.8027733928,400.39123722198275,709,43:15
78.8%,39450000,-528762.6130471742,400.7838241172797,709,43:03
78.9%,39500000,-527679.1064959159,399.82292702911593,709,42:51
79.0%,39550000,-526630.815220878,402.921427011843,709,42:39
79.1%,39600000,-527857.4973849375,398.3505605802045,709,42:27
79.2%,39650000,-528888.9237935748,400.8968434153258,709,42:14
79.3%,39700000,-529098.8146784636,401.42200167737803,709,42:02
79.4%,39750000,-527585.3689500447,400.15003779971454,709,41:50
79.5%,39800000,-527269.956458074,400.58258745527127,709,41:38
79.6%,39850000,-526889.941578751,398.11799645051536,709,41:26
79.7%,39900000,-527889.7105878736,402.582442713948,709,41:14
79.8%,39950000,-527934.7211149707,399.98805246761145,709,41:01
79.9%,40000000,-529397.2323838603,403.47249115163265,709,40:49
80.0%,40050000,-527105.3782919478,402.93855040451416,709,40:37
80.1%,40100000,-529755.4825096717,396.5588354983508,709,40:25
80.2%,40150000,-527820.7776527503,400.50585110530636,709,40:13
80.3%,40200000,-526906.943235579,405.13424526733735,709,40:00
80.4%,40250000,-526966.0922484524,400.27358136059155,709,39:48
80.5%,40300000,-527496.8218182414,397.94725316542724,709,39:36
80.6%,40350000,-527918.3855773853,401.45193081643083,709,39:24
80.7%,40400000,-527431.0205196971,397.5411981575565,709,39:12
80.8%,40450000,-528272.8039930938,402.22579531759567,709,39:00
80.9%,40500000,-528271.095310119,398.3638569682099,709,38:47
81.0%,40550000,-527929.4644440655,403.80053414131646,709,38:35
81.1%,40600000,-528824.1715864814,400.33839511909775,709,38:23
81.2%,40650000,-530758.8280071802,401.0166335677807,709,38:11
81.3%,40700000,-526789.9730413137,401.8269772736763,709,37:59
81.4%,40750000,-527369.1843436803,400.34050487808014,709,37:46
81.5%,40800000,-527601.423751811,400.50756835098974,709,37:34
81.6%,40850000,-529620.0656189285,401.2323441576917,709,37:22
81.7%,40900000,-528631.6421347391,404.3199028322076,709,37:10
81.8%,40950000,-528972.2459933064,400.45801354698426,709,36:58
81.9%,41000000,-526197.069663153,399.7649822533432,709,36:45
82.0%,41050000,-527852.4816419734,401.5445394229262,709,36:33
82.1%,41100000,-527452.8732737503,399.6057445143335,709,36:21
82.2%,41150000,-529490.2347766985,401.2283454284576,709,36:09
82.3%,41200000,-527299.2847495605,403.16098278467143,709,35:57
82.4%,41250000,-527521.9910675157,399.9133522803853,709,35:44
82.5%,41300000,-527579.1837084158,398.39241231071605,709,35:32
82.6%,41350000,-528189.0402122429,400.4889975655282,709,35:20
82.7%,41400000,-527299.0601180708,403.9877384528837,709,35:08
82.8%,41450000,-529905.7689340552,400.4194491153522,709,34:56
82.9%,41500000,-526835.329047827,400.11829328665357,709,34:43
83.0%,41550000,-527298.2165977312,402.04406166013393,709,34:31
83.1%,41600000,-528364.0754115242,402.951895856682,709,34:19
83.2%,41650000,-527087.3532403465,401.17224055877415,709,34:07
83.3%,41700000,-528008.6796517451,402.97441630721517,709,33:55
83.4%,41750000,-529985.5693826429,404.1205796725321,709,33:43
83.5%,41800000,-528351.3274100726,400.08505231664,709,33:30
83.6%,41850000,-527066.5206830874,401.1716272567444,709,33:18
83.7%,41900000,-527368.0315960096,399.40563632805987,709,33:06
83.8%,41950000,-527890.4334041895,399.56224913438217,709,32:54
83.9%,42000000,-528383.2140906584,398.13548782440444,709,32:42
84.0%,42050000,-529302.8627493856,397.78887404925916,709,32:29
84.1%,42100000,-527598.8601540155,400.24527133889734,709,32:17
84.2%,42150000,-528264.4533079863,397.86875050561656,709,32:05
84.3%,42200000,-527613.2607240975,401.4083127760735,709,31:53
84.4%,42250000,-528515.426313946,395.11328261418095,709,31:41
84.5%,42300000,-528700.1439390215,403.0442836744466,709,31:28
84.6%,42350000,-528758.4928627736,402.85165777293616,709,31:16
84.7%,42400000,-528245.7926733322,401.6100155476245,709,31:04
84.8%,42450000,-528270.3137683948,399.39204555508013,709,30:52
84.9%,42500000,-528111.8204288613,399.85148237162207,709,30:40
85.0%,42550000,-527433.5294973915,400.28633804281077,709,30:28
85.1%,42600000,-528599.390676558,400.35326156029936,709,30:15
85.2%,42650000,-528639.100807888,402.20950601568495,709,30:03
85.3%,42700000,-527750.4176210072,398.13821088541664,709,29:51
85.4%,42750000,-526141.2431261917,402.970025064682,709,29:39
85.5%,42800000,-529447.2060279627,400.3716606211925,709,29:27
85.6%,42850000,-529062.5390828387,398.0582853648969,709,29:14
85.7%,42900000,-529255.892356555,399.22822031688776,709,29:02
85.8%,42950000,-527588.4138649949,401.59664556337555,709,28:50
85.9%,43000000,-527551.744415008,402.13963864845346,709,28:38
86.0%,43050000,-527193.4356590654,403.5683379928452,709,28:26
86.1%,43100000,-527206.5907051861,398.3438878541206,709,28:14
86.2%,43150000,-527431.9045487037,401.02607841903915,709,28:01
86.3%,43200000,-529569.9119933988,401.42114305453634,709,27:49
86.4%,43250000,-528754.7646779171,397.7262191138978,709,27:37
86.5%,43300000,-528220.2234570608,400.3015969973115,709,27:25
86.6%,43350000,-528161.8948419592,400.13880210652906,709,27:13
86.7%,43400000,-528739.7901990819,399.8163278992756,709,27:00
86.8%,43450000,-525245.1818726128,399.9076117733867,709,26:48
86.9%,43500000,-528326.4059673706,399.78838585879924,709,26:36
87.0%,43550000,-526670.2873289734,401.9575124776927,709,26:24
87.1%,43600000,-527780.882022759,401.6169826586828,709,26:12
87.2%,43650000,-525813.7224589456,399.6198749930994,709,25:59
87.3%,43700000,-526924.1388330227,402.4897850432902,709,25:47
87.4%,43750000,-527665.3282383825,402.8936566959349,709,25:35
87.5%,43800000,-528029.4330870956,400.0161907647373,709,25:23
87.6%,43850000,-529037.2679845723,398.39910956888116,709,25:11
87.7%,43900000,-528642.6473311624,400.47957724635097,709,24:58
87.8%,43950000,-528283.8536620741,402.84424908441656,709,24:46
87.9%,44000000,-527687.6865830235,400.59657074155,709,24:34
88.0%,44050000,-528067.1884794305,398.79964485848393,709,24:22
88.1%,44100000,-527746.5987957167,400.284694393371,709,24:10
88.2%,44150000,-528857.4384401524,398.9777968320917,709,23:57
88.3%,44200000,-526962.2091884427,398.8859487201132,709,23:45
88.4%,44250000,-526747.1670277123,397.9905032245666,709,23:33
88.5%,44300000,-525177.9211245081,400.20955262868347,709,23:21
88.6%,44350000,-527606.4414916066,399.88312875635825,709,23:09
88.7%,44400000,-527802.7012741338,396.1788335607048,709,22:56
88.8%,44450000,-529676.7224937715,402.6228715837505,709,22:44
88.9%,44500000,-527464.6532284291,403.32890488042267,709,22:32
89.0%,44550000,-528409.874085776,400.5367369955256,709,22:20
89.1%,44600000,-527274.5537723652,403.74494444533804,709,22:08
89.2%,44650000,-528192.1083406936,402.84226198584014,709,21:56
89.3%,44700000,-528798.9742983137,399.7555619341659,709,21:43
89.4%,44750000,-528094.7355240248,400.731153738963,709,21:31
89.5%,44800000,-528255.139632605,400.63084205897366,709,21:19
89.6%,44850000,-527520.503449867,399.6170538037625,709,21:07
89.7%,44900000,-526846.7091149432,401.7384409926586,709,20:55
89.8%,44950000,-528269.9698055801,396.64141048363916,709,20:42
89.9%,45000000,-528053.6724325111,398.8617110238967,709,20:30
90.0%,45050000,-527820.6567791621,402.00660117215557,709,20:18
90.1%,45100000,-528491.9288333226,397.78865326052846,709,20:06
90.2%,45150000,-526430.8568710494,400.60579480407785,709,19:54
90.3%,45200000,-528907.527637261,401.11154818990804,709,19:41
90.4%,45250000,-527336.4065861399,394.7516552053469,709,19:29
90.5%,45300000,-530033.505746772,401.64436046129174,709,19:17
90.6%,45350000,-529018.8071667524,401.0177865755967,709,19:05
90.7%,45400000,-526697.1142151044,401.1510448406253,709,18:53
90.8%,45450000,-526036.9686073516,404.73496111387533,709,18:40
90.9%,45500000,-527545.4113542386,401.8736127600201,709,18:28
91.0%,45550000,-527960.9646752207,403.1186158804549,709,18:16
91.1%,45600000,-528571.3016317952,398.56492190565,709,18:04
91.2%,45650000,-529398.3830479374,399.9651395037792,709,17:52
91.3%,45700000,-527562.1054408536,401.6391105959169,709,17:40
91.4%,45750000,-528172.9061605656,401.3880492770099,709,17:27
91.5%,45800000,-528550.2003521342,401.91512104139497,709,17:15
91.6%,45850000,-529721.9009806588,399.65782612270164,709,17:03
91.7%,45900000,-526924.4044593652,403.7066989307615,709,16:51
91.8%,45950000,-529173.8059982932,398.83295942474103,709,16:39
91.9%,46000000,-527791.0009294911,396.86374473547164,709,16:26
92.0%,46050000,-526874.7214427004,401.00365609683075,709,16:14
92.1%,46100000,-528558.8802720811,403.1007810574291,709,16:02
92.2%,46150000,-527904.311586265,400.24360315737636,709,15:50
92.3%,46200000,-529026.9816189632,401.85796129222035,709,15:38
92.4%,46250000,-528039.5631577703,401.128769710904,709,15:25
92.5%,46300000,-528015.0482662045,401.6950928051944,709,15:13
92.6%,46350000,-528385.067235563,400.68044592714153,709,15:01
92.7%,46400000,-530741.5831315359,399.6626834747774,709,14:49
92.8%,46450000,-527836.1262855837,398.4910312771032,709,14:37
92.9%,46500000,-526226.0504546831,399.3708989010936,709,14:24
93.0%,46550000,-528725.7230582135,400.1161344635088,709,14:12
93.1%,46600000,-527599.9374234537,399.2041788773207,709,14:00
93.2%,46650000,-529195.2978360639,404.8030867033423,709,13:48
93.3%,46700000,-526385.7539447704,399.8838156546316,709,13:36
93.4%,46750000,-527577.3950840733,403.7806386234707,709,13:24
93.5%,46800000,-528426.767881229,400.62976264740126,709,13:11
93.6%,46850000,-527287.715755655,397.5950215436892,709,12:59
93.7%,46900000,-529041.7065818482,399.9265996042284,709,12:47
93.8%,46950000,-528428.6156526622,403.5175075206178,709,12:35
93.9%,47000000,-527752.8217826597,398.89581061675193,709,12:23
94.0%,47050000,-527452.3806264177,400.3250741990111,709,12:11
94.1%,47100000,-527237.178170932,400.97797100782395,709,11:58
94.2%,47150000,-530049.6032176088,401.58330011120773,709,11:46
94.3%,47200000,-526894.8856978142,401.3970525508069,709,11:34
94.4%,47250000,-527203.6063945317,401.2659776410043,709,11:22
94.5%,47300000,-527196.3827128136,398.1290604191325,709,11:10
94.6%,47350000,-529542.0909726024,399.59134418267445,709,10:57
94.7%,47400000,-527970.3641770766,402.12712728704616,709,10:45
94.8%,47450000,-527559.1850833455,401.48154103842813,709,10:33
94.9%,47500000,-527489.4862276195,401.28675631377297,709,10:21
95.0%,47550000,-528205.6325890599,399.5531967964227,709,10:09
95.1%,47600000,-527525.4626819515,400.8219715035314,709,9:56
95.2%,47650000,-528869.6326929005,401.48379798989777,709,9:44
95.3%,47700000,-528098.399661201,404.74602508249234,709,9:32
95.4%,47750000,-528146.1234483919,397.2162952742651,709,9:20
95.5%,47800000,-527875.775079539,401.5485872163227,709,9:08
95.6%,47850000,-527798.378424943,403.5677492228966,709,8:56
95.7%,47900000,-527892.5171601633,400.17481520171725,709,8:43
95.8%,47950000,-527495.2302431874,400.06520586295665,709,8:31
95.9%,48000000,-529135.6321479096,401.6433546459629,709,8:19
96.0%,48050000,-528493.382551563,405.2506009284254,709,8:07
96.1%,48100000,-527484.2166737723,401.2983845202574,709,7:55
96.2%,48150000,-529206.3253262327,401.6560867961009,709,7:42
96.3%,48200000,-528238.8291511862,398.4932882285728,709,7:30
96.4%,48250000,-527501.1498836442,399.10806218321505,709,7:18
96.5%,48300000,-527254.1463673245,403.25162882467157,709,7:06
96.6%,48350000,-528591.6525251013,401.4287970638679,709,6:54
96.7%,48400000,-529719.308922044,400.8463073280727,709,6:42
96.8%,48450000,-530738.5685832319,400.3378554133115,709,6:29
96.9%,48500000,-528101.2660131911,405.4135920758573,709,6:17
97.0%,48550000,-528857.3444263246,400.3005175857391,709,6:05
97.1%,48600000,-526675.3183825631,399.5638191875783,709,5:53
97.2%,48650000,-528313.9650767008,404.3620980118558,709,5:41
97.3%,48700000,-528654.7883004239,400.3285086903778,709,5:28
97.4%,48750000,-529048.9262983534,402.1549466671165,709,5:16
97.5%,48800000,-527461.197897403,397.0097596827195,709,5:04
97.6%,48850000,-526349.3762136595,397.53261192913976,709,4:52
97.7%,48900000,-529200.0073909513,400.0953312586589,709,4:40
97.8%,48950000,-528480.6784740607,395.64768947084207,709,4:27
97.9%,49000000,-528631.668495141,400.90008165004303,709,4:15
98.0%,49050000,-528588.9190151892,399.2214985266415,709,4:03
98.1%,49100000,-527304.7095718491,400.1561708200122,709,3:51
98.2%,49150000,-528468.3147335122,400.8063200357317,709,3:39
98.3%,49200000,-527621.8882977976,400.5985333080453,709,3:27
98.4%,49250000,-528507.4310082612,402.80632248689557,709,3:14
98.5%,49300000,-528434.1058042892,398.18715238739236,709,3:02
98.6%,49350000,-528268.635215986,400.30836785172016,709,2:50
98.7%,49400000,-526595.4275261546,395.64099221267696,709,2:38
98.8%,49450000,-527787.122999806,399.1735137758322,709,2:26
98.9%,49500000,-529038.6923251841,397.5901887236946,709,2:13
99.0%,49550000,-528264.529465477,399.74393372768145,709,2:01
99.1%,49600000,-529160.7246362539,399.5095296919031,709,1:49
99.2%,49650000,-527180.3192994618,401.1251880270501,709,1:37
99.3%,49700000,-529748.6032369733,397.08870391999164,709,1:25
99.4%,49750000,-529797.6018807301,401.1323023305955,709,1:13
99.5%,49800000,-528415.3488809164,399.7890236929102,709,1:00
99.6%,49850000,-529921.8818452721,398.4964283349652,709,0:48
99.7%,49900000,-529675.2341033802,397.491888674363,709,0:36
99.8%,49950000,-527792.2998006241,401.9262586062556,709,0:24
99.9%,50000000,-528639.3733456922,395.6333627354266,709,0:12
100.0%,50050000,-525570.3443907523,401.29831092401383,709,0:00
  done in 3.38 h
Wrote data/md/prod_wt_400K_rep2.dcd and data/md/prod_wt_400K_rep2_final.pdb
