[wt 400K rep3] equilibrating 100 ps at 400.0 K...
[wt 400K rep3] production 100.0 ns (50000000 steps)...
#"Progress (%)","Step","Potential Energy (kJ/mole)","Temperature (K)","Speed (ns/day)","Time Remaining"
0.2%,100000,-530006.1624254896,405.2388745936162,0,--
0.3%,150000,-527261.975831185,401.14007900033295,719,3:19:49
0.4%,200000,-528967.4953743787,402.7460962275721,719,3:19:39
0.5%,250000,-528013.8153087604,402.64284069783986,719,3:19:20
0.6%,300000,-527542.2144757691,398.3706032905374,719,3:19:12
0.7%,350000,-525579.3805486169,398.6156051853902,720,3:18:54
0.8%,400000,-527604.900626624,404.41808022113327,720,3:18:41
0.9%,450000,-528178.0929383258,403.95437482246416,719,3:18:40
1.0%,500000,-527425.343920337,402.75367664066005,719,3:18:33
1.1%,550000,-528966.787892886,396.65605613611007,719,3:18:20
1.2%,600000,-528140.3569066748,400.41159884937116,719,3:18:06
1.3%,650000,-526879.8837637133,396.8305037654581,719,3:17:55
1.4%,700000,-526738.9922433496,401.43873255675015,719,3:17:47
1.5%,750000,-526983.12661822,397.9626102482527,718,3:17:39
1.6%,800000,-529139.846423144,400.9882990140053,718,3:17:33
1.7%,850000,-528296.8153265212,399.94612714085633,718,3:17:28
1.8%,900000,-527390.5270145279,400.5755222158883,718,3:17:13
1.9%,950000,-529770.1215419075,399.8403938709238,718,3:16:59
2.0%,1000000,-527825.1720643085,403.53345337339186,718,3:16:42
2.1%,1050000,-528733.8265401628,401.6599383328479,718,3:16:29
2.2%,1100000,-527757.0820401488,399.5058744118056,718,3:16:18
2.3%,1150000,-527230.3994295974,400.64504613398316,718,3:16:06
2.4%,1200000,-529705.2072984912,400.58474627841605,718,3:15:51
2.5%,1250000,-527045.0118876006,399.7210207638492,718,3:15:41
2.6%,1300000,-526973.8460654169,401.39707708288813,718,3:15:29
2.7%,1350000,-527789.5423390493,401.17062144141556,718,3:15:20
2.8%,1400000,-528484.7404994629,398.3259058386077,718,3:15:06
2.9%,1450000,-528187.7848790716,400.42420833910325,718,3:14:55
3.0%,1500000,-528030.3092406373,399.96800975727854,718,3:14:41
3.1%,1550000,-529541.81397438,397.42636348550224,718,3:14:27
3.2%,1600000,-527596.6105207098,399.05936600205126,718,3:14:13
3.3%,1650000,-528140.9621011834,401.4439088258814,718,3:14:00
3.4%,1700000,-526470.0511558489,403.04945994357786,718,3:13:48
3.5%,1750000,-529246.0807947903,402.3910924806595,719,3:13:34
3.6%,1800000,-528265.7050725068,400.83428660828923,719,3:13:23
3.7%,1850000,-527993.5731352707,402.2537618901532,718,3:13:12
3.8%,1900000,-526885.7259499086,399.07192642762095,718,3:13:00
3.9%,1950000,-529382.1151029328,398.88501650102796,718,3:12:50
4.0%,2000000,-529886.3630427164,398.5389914958313,718,3:12:38
4.1%,2050000,-528346.739065811,397.8139458362362,718,3:12:29
4.2%,2100000,-527565.9453557367,399.76780344268013,718,3:12:18
4.3%,2150000,-526682.9881721041,405.26124785166223,718,3:12:06
4.4%,2200000,-528362.5259385691,402.32971321352005,718,3:11:55
4.5%,2250000,-528734.7555590807,399.2755181694237,718,3:11:43
4.6%,2300000,-527578.4753277265,396.24094879028,718,3:11:31
4.7%,2350000,-526874.838587461,399.85010857507535,718,3:11:17
4.8%,2400000,-528080.5136823971,403.64600656189543,718,3:11:05
4.9%,2450000,-528414.0480763186,397.9763972778819,718,3:10:54
5.0%,2500000,-527521.9493656093,400.6068987477314,718,3:10:43
5.1%,2550000,-528602.0370689975,399.5165703992048,718,3:10:31
5.2%,2600000,-528587.8797903098,398.6778921395338,718,3:10:19
5.3%,2650000,-529168.8457774366,402.3065549288759,718,3:10:07
5.4%,2700000,-529291.4532639338,398.9213485132716,718,3:09:54
5.5%,2750000,-529102.1743560256,402.6632513893906,718,3:09:42
5.6%,2800000,-527527.3038636232,398.64077510069205,718,3:09:31
5.7%,2850000,-528927.5688531259,401.2129147493885,718,3:09:19
5.8%,2900000,-527811.6671943166,396.62507211756605,718,3:09:06
5.9%,2950000,-528696.5578354187,401.69079969098595,718,3:08:54
6.0%,3000000,-529183.4019594551,401.92473761722175,718,3:08:42
6.1%,3050000,-526592.3810870093,404.4988398324135,718,3:08:29
6.2%,3100000,-528519.9083914249,401.16821729745885,718,3:08:17
6.3%,3150000,-528530.7752293302,400.77668528165316,718,3:08:04
6.4%,3200000,-529521.8503116118,398.48656643832646,718,3:07:52
6.5%,3250000,-528377.491601028,399.93886564482386,718,3:07:40
6.6%,3300000,-529005.49207704,403.36408388485034,718,3:07:28
6.7%,3350000,-528973.2570071914,401.7175887236464,718,3:07:16
6.8%,3400000,-527420.3612941983,400.25503510721126,718,3:07:04
6.9%,3450000,-527425.3748091245,401.9696067937198,718,3:06:52
7.0%,3500000,-527890.1455891873,400.98059594051136,718,3:06:39
7.1%,3550000,-528867.978354896,400.2160781622802,718,3:06:27
7.2%,3600000,-528546.689846762,402.46248083692484,718,3:06:15
7.3%,3650000,-527311.4009922673,404.01575408960366,718,3:06:02
7.4%,3700000,-529141.3247917988,399.66646141528076,718,3:05:51
7.5%,3750000,-527000.5623543821,403.79356703025826,718,3:05:40
7.6%,3800000,-528722.385005855,399.1206226087848,718,3:05:27
7.7%,3850000,-527853.00194069,398.20032611499187,718,3:05:16
7.8%,3900000,-528668.9207088551,398.38323731235073,718,3:05:04
7.9%,3950000,-526612.9990642695,401.28327275824387,718,3:04:52
8.0%,4000000,-529182.0577440751,399.4447895296404,718,3:04:40
8.1%,4050000,-528209.7431795415,400.14135344297296,718,3:04:29
8.2%,4100000,-527118.2131493362,401.1659603459893,718,3:04:16
8.3%,4150000,-528571.540641007,400.2347225439853,718,3:04:05
8.4%,4200000,-529592.4624120803,399.00814301652474,718,3:03:54
8.5%,4250000,-527566.4930728064,398.79525361595074,718,3:03:42
8.6%,4300000,-526985.3232840132,400.74045139773426,718,3:03:30
8.7%,4350000,-527862.1455448796,403.79945472974407,718,3:03:18
8.8%,4400000,-527932.4503959762,395.2694538430418,718,3:03:06
8.9%,4450000,-526909.0557730547,399.2434302072261,718,3:02:55
9.0%,4500000,-528011.2266947445,401.9479204339471,718,3:02:43
9.1%,4550000,-528576.3552125581,402.26588073826144,718,3:02:31
9.2%,4600000,-529504.294756359,403.9380119243099,718,3:02:19
9.3%,4650000,-528675.1419122205,398.8833973836694,718,3:02:07
9.4%,4700000,-527359.111868808,398.97181100428116,718,3:01:55
9.5%,4750000,-528647.6418878185,398.1761374829377,718,3:01:43
9.6%,4800000,-526501.0881194067,404.2291095997203,718,3:01:31
9.7%,4850000,-527346.3464916116,399.81132335471267,718,3:01:20
9.8%,4900000,-528428.2485828376,400.39589831740903,718,3:01:09
9.9%,4950000,-528026.4668972609,400.82243761307404,718,3:00:57
10.0%,5000000,-528646.0801797356,404.757162647353,718,3:00:45
10.1%,5050000,-527639.4049805044,397.38299076595683,718,3:00:34
10.2%,5100000,-529550.9123541759,400.87969549057345,718,3:00:21
10.3%,5150000,-528520.7000826932,399.016140474993,718,3:00:09
10.4%,5200000,-528856.2570698955,397.0981487712501,718,2:59:57
10.5%,5250000,-528849.2672741404,400.44719489917907,718,2:59:45
10.6%,5300000,-527544.5084479144,400.2041555708215,718,2:59:33
10.7%,5350000,-528712.2481453698,396.5481149788704,718,2:59:21
10.8%,5400000,-528905.9641495855,403.8664518434762,718,2:59:08
10.9%,5450000,-528112.1044954159,398.3609376505482,718,2:58:56
11.0%,5500000,-527359.3588126255,401.2802307801762,718,2:58:44
11.1%,5550000,-528601.3015816114,400.64492347357714,718,2:58:33
11.2%,5600000,-530033.3946544807,398.629588471669,718,2:58:21
11.3%,5650000,-526281.4581943299,399.807128368829,718,2:58:09
11.4%,5700000,-527601.4412837988,399.60424805738086,718,2:57:57
11.5%,5750000,-527931.6543437969,403.0731579340083,718,2:57:45
11.6%,5800000,-527901.355581298,400.1751586508539,718,2:57:34
11.7%,5850000,-527983.6213770187,400.2326863812464,718,2:57:22
11.8%,5900000,-527854.4314587684,400.41785453007486,718,2:57:09
11.9%,5950000,-528897.4187711836,396.1164730103177,718,2:56:57
12.0%,6000000,-528760.4160252376,402.8381651282812,718,2:56:46
12.1%,6050000,-528610.0773169505,400.7463636293013,718,2:56:34
12.2%,6100000,-527427.7358752326,399.077715998782,718,2:56:22
12.3%,6150000,-527536.8929905007,403.33626450477993,718,2:56:10
12.4%,6200000,-528316.7865143381,405.37473325925106,718,2:55:58
12.5%,6250000,-529359.7237262325,398.40158730908144,718,2:55:46
12.6%,6300000,-528046.5748573877,401.57989015192226,718,2:55:33
12.7%,6350000,-528175.7811900922,401.5664220393484,718,2:55:22
12.8%,6400000,-527667.3035763451,404.4322106998992,718,2:55:10
12.9%,6450000,-528462.6866215812,404.0295411192329,718,2:54:58
13.0%,6500000,-527624.8977785069,404.76246157689025,718,2:54:46
13.1%,6550000,-527012.1399856401,396.8052602539127,718,2:54:34
13.2%,6600000,-527853.4835651927,399.52361110650656,718,2:54:23
13.3%,6650000,-528366.754101078,399.4821273572129,718,2:54:11
13.4%,6700000,-527799.5161203137,397.8183125466882,718,2:53:59
13.5%,6750000,-528168.7555487575,400.689252944289,718,2:53:48
13.6%,6800000,-528799.0173274679,398.2268943589215,717,2:53:36
13.7%,6850000,-527504.5441833739,400.2046952766077,717,2:53:24
13.8%,6900000,-527912.5534673892,401.02023978371574,718,2:53:11
13.9%,6950000,-529250.0988677591,400.47368954686516,718,2:52:59
14.0%,7000000,-529079.720792023,400.84169529680884,718,2:52:47
14.1%,7050000,-526406.4835279891,398.56786575539286,717,2:52:36
14.2%,7100000,-527070.5309725958,399.7539182847261,717,2:52:24
14.3%,7150000,-528439.5250977627,405.12551184643337,717,2:52:12
14.4%,7200000,-528413.1026310576,397.8774593944393,717,2:52:00
14.5%,7250000,-528577.4995539165,399.4539399959246,717,2:51:48
14.6%,7300000,-527436.6730017178,393.88407815403303,717,2:51:36
14.7%,7350000,-528960.1533549661,403.2288875854076,717,2:51:24
14.8%,7400000,-528085.6751584434,399.6535575405744,717,2:51:12
14.9%,7450000,-528274.1844227156,400.70652352944734,717,2:51:00
15.0%,7500000,-527844.7248249245,401.0452379744492,717,2:50:48
15.1%,7550000,-529557.2032898045,400.36263281531427,717,2:50:37
15.2%,7600000,-529133.2092672922,398.8700519315016,717,2:50:25
15.3%,7650000,-528467.5171882063,402.09332207916515,717,2:50:13
15.4%,7700000,-527785.055248328,400.9869252174586,717,2:50:01
15.5%,7750000,-527819.7535094698,397.69339518926444,717,2:49:49
15.6%,7800000,-529208.7305859611,401.0760012042625,717,2:49:37
15.7%,7850000,-527688.5068774782,398.4383854308677,717,2:49:25
15.8%,7900000,-528187.0542717725,403.45980806565694,717,2:49:13
15.9%,7950000,-528216.2189941881,397.27011866039777,717,2:49:01
16.0%,8000000,-526916.740997212,400.0109899635249,717,2:48:49
16.1%,8050000,-527467.997127125,397.05909369799423,717,2:48:37
16.2%,8100000,-525955.4936266481,397.57946820421427,717,2:48:25
16.3%,8150000,-529419.8873179439,398.51828641930626,717,2:48:13
16.4%,8200000,-528151.9261013484,400.1188820566021,717,2:48:01
16.5%,8250000,-527420.8016938334,398.3698918601829,717,2:47:50
16.6%,8300000,-529482.1203255891,399.0273516360972,717,2:47:38
16.7%,8350000,-527850.3140636198,400.93297917091996,717,2:47:26
16.8%,8400000,-528360.085162092,401.7256597783582,717,2:47:14
16.9%,8450000,-528632.8133920878,400.2264307005428,717,2:47:02
17.0%,8500000,-527855.1185859353,397.9798317692486,717,2:46:50
17.1%,8550000,-529606.6335714702,397.5697535000627,717,2:46:38
17.2%,8600000,-527706.7447903855,397.5496371934862,717,2:46:26
17.3%,8650000,-528282.3776828735,397.98311906812825,717,2:46:14
17.4%,8700000,-527895.6513932878,399.9735049434653,717,2:46:02
17.5%,8750000,-527566.9137862176,402.40708739759594,717,2:45:50
17.6%,8800000,-527396.0902650342,402.57846851679506,717,2:45:38
17.7%,8850000,-529070.9620510121,399.712630792082,717,2:45:26
17.8%,8900000,-528392.6486879401,398.386745399961,717,2:45:15
17.9%,8950000,-528464.3209423232,401.6556697507207,717,2:45:03
18.0%,9000000,-529353.947778781,404.83301584239507,717,2:44:51
18.1%,9050000,-526870.9517275244,397.5160773064171,717,2:44:39
18.2%,9100000,-528623.976061217,399.37004027825196,717,2:44:27
18.3%,9150000,-529420.2275814814,399.21237259243844,717,2:44:15
18.4%,9200000,-528508.2914179824,404.4325786811171,717,2:44:03
18.5%,9250000,-528064.3582387716,400.153055245701,717,2:43:51
18.6%,9300000,-527303.3516335106,399.68378106460153,717,2:43:40
18.7%,9350000,-527123.0633001635,400.7371395667735,717,2:43:27
18.8%,9400000,-528479.4961799444,398.5055052050058,717,2:43:16
18.9%,9450000,-529478.598206901,397.8992193504555,717,2:43:04
19.0%,9500000,-528371.1628514635,398.9477695647142,717,2:42:52
19.1%,9550000,-528229.734375577,400.5099479628652,717,2:42:40
19.2%,9600000,-529642.7630851488,403.5487368599737,717,2:42:28
19.3%,9650000,-528690.150785896,399.06120590814055,717,2:42:16
19.4%,9700000,-529702.2464647638,399.2307225891692,717,2:42:04
19.5%,9750000,-527804.4923072034,399.0531348534288,717,2:41:52
19.6%,9800000,-528959.9997270545,402.1439072305807,717,2:41:40
19.7%,9850000,-527161.7431623326,398.5567772546946,717,2:41:28
19.8%,9900000,-528028.9035358285,396.96121069404285,717,2:41:16
19.9%,9950000,-528399.5157698072,398.2744865964317,717,2:41:04
20.0%,10000000,-528412.5150047522,401.1094629630068,717,2:40:52
20.1%,10050000,-528042.5491739935,397.1990737532692,717,2:40:40
20.2%,10100000,-527989.423077846,397.2898915178376,717,2:40:29
20.3%,10150000,-527735.0570948897,399.37735083844683,717,2:40:17
20.4%,10200000,-526910.3789302255,401.66253873345414,717,2:40:05
20.5%,10250000,-528553.9817754477,397.4310491130097,717,2:39:53
20.6%,10300000,-526125.3496542694,402.1436864418499,717,2:39:40
20.7%,10350000,-529097.9293117407,397.6988903754512,717,2:39:28
20.8%,10400000,-529108.3605168713,401.223635268869,717,2:39:16
20.9%,10450000,-529102.4610327766,399.6516685703227,717,2:39:04
21.0%,10500000,-526438.1013280381,404.1204079479637,717,2:38:52
21.1%,10550000,-528614.2408412728,398.4638497311438,717,2:38:40
21.2%,10600000,-527883.9692995604,401.9337163589376,717,2:38:29
21.3%,10650000,-527338.4697800502,398.923458272254,717,2:38:16
21.4%,10700000,-527768.8703356474,397.50410565079596,717,2:38:04
21.5%,10750000,-529046.5513345785,397.3988875545685,717,2:37:53
21.6%,10800000,-528680.0807866664,399.4075988945551,717,2:37:41
21.7%,10850000,-528737.5828616982,399.27909985327756,717,2:37:29
21.8%,10900000,-527291.6830798225,403.0582669607254,717,2:37:17
21.9%,10950000,-529784.1293148221,404.074680148624,717,2:37:06
22.0%,11000000,-527951.2766129947,402.4751393908193,717,2:36:54
22.1%,11050000,-528186.322790138,403.07050846923966,717,2:36:42
22.2%,11100000,-527098.1704732655,399.3133957027824,717,2:36:30
22.3%,11150000,-527835.4410184468,401.31545884876624,717,2:36:18
22.4%,11200000,-528075.2005574922,398.46232874210995,717,2:36:06
22.5%,11250000,-527448.3220551028,400.4950569895824,717,2:35:54
22.6%,11300000,-527709.9796813172,399.6715150240061,717,2:35:42
22.7%,11350000,-527820.9790813094,401.58805933495876,717,2:35:30
22.8%,11400000,-527806.870774773,395.25677075706614,717,2:35:18
22.9%,11450000,-528043.4176087766,400.4597062605864,717,2:35:06
23.0%,11500000,-527192.9436476189,402.7190864061809,717,2:34:54
23.1%,11550000,-528985.2873079996,401.01768844727195,717,2:34:42
23.2%,11600000,-528994.7411614293,401.6705607240035,717,2:34:30
23.3%,11650000,-529996.4272042005,400.51568846986385,717,2:34:18
23.4%,11700000,-526763.7566286507,399.83077729509705,717,2:34:07
23.5%,11750000,-528271.1610774058,401.1203306749743,717,2:33:55
23.6%,11800000,-529147.3488602876,401.0995520022057,717,2:33:43
23.7%,11850000,-528561.5908122491,403.7616753247102,717,2:33:31
23.8%,11900000,-527606.9826131924,397.8885724272188,717,2:33:19
23.9%,11950000,-527073.5281477938,399.6549804012835,717,2:33:07
24.0%,12000000,-526817.57741625,398.0578683195167,717,2:32:55
24.1%,12050000,-528812.8765374878,401.39079687010326,717,2:32:43
24.2%,12100000,-527220.9088975354,400.3516424429408,717,2:32:31
24.3%,12150000,-527690.563277482,401.95930331961966,717,2:32:19
24.4%,12200000,-529921.4352490748,398.92340920809164,717,2:32:07
24.5%,12250000,-526507.4381072242,407.12357626318317,717,2:31:55
24.6%,12300000,-527426.881781626,397.52888305279873,717,2:31:43
24.7%,12350000,-526358.0241982159,398.33086131900825,717,2:31:31
24.8%,12400000,-528172.85466837,399.33365920184593,717,2:31:19
24.9%,12450000,-529171.992183065,399.19004839855484,717,2:31:07
25.0%,12500000,-528221.5260004983,401.86080701363846,717,2:30:55
25.1%,12550000,-527834.4810956176,401.55003460911297,717,2:30:43
25.2%,12600000,-527060.5983662922,401.663029375078,717,2:30:31
25.3%,12650000,-526728.1445314651,399.54247627694235,716,2:30:19
25.4%,12700000,-527646.3936308352,401.5377195043552,716,2:30:07
25.5%,12750000,-527841.8398806415,398.8358051461592,716,2:29:55
25.6%,12800000,-527259.7501906361,399.3198721722167,716,2:29:44
25.7%,12850000,-527783.8399615264,401.708021211982,716,2:29:32
25.8%,12900000,-528306.5084321792,399.871402421549,716,2:29:20
25.9%,12950000,-528129.4295739983,401.99772055876446,716,2:29:08
26.0%,13000000,-528006.4273802019,399.7649822533432,716,2:28:55
26.1%,13050000,-528848.2694753301,400.9735552332096,716,2:28:43
26.2%,13100000,-529168.1566605605,401.0449681215561,716,2:28:31
26.3%,13150000,-529406.5431294255,398.22387691293505,716,2:28:19
26.4%,13200000,-527649.0742834886,400.2042782312275,716,2:28:08
26.5%,13250000,-529195.0397929694,400.46139897418857,716,2:27:56
26.6%,13300000,-528604.2064384948,402.08274875217194,716,2:27:44
26.7%,13350000,-528574.881918049,400.3043936545672,716,2:27:32
26.8%,13400000,-527406.6630639094,399.71331769035527,716,2:27:20
26.9%,13450000,-528974.826696686,399.35598339572965,716,2:27:08
27.0%,13500000,-527392.0544107398,397.2008155310337,716,2:26:56
27.1%,13550000,-527915.1086518276,399.9161489376411,716,2:26:44
27.2%,13600000,-527665.9118170133,400.1446407418525,716,2:26:32
27.3%,13650000,-529764.6219273927,399.57657586979764,716,2:26:20
27.4%,13700000,-528918.5640939213,400.11407376868874,716,2:26:08
27.5%,13750000,-527624.5956611619,399.0597830474315,716,2:25:56
27.6%,13800000,-527709.3914124379,397.85054770137293,716,2:25:44
27.7%,13850000,-526152.0833560801,399.2251292746577,716,2:25:32
27.8%,13900000,-527113.524779648,400.6024584410359,716,2:25:20
27.9%,13950000,-528305.4223611848,400.8902197534043,716,2:25:08
28.0%,14000000,-528296.919808004,399.79383198082365,716,2:24:56
28.1%,14050000,-529441.050974126,396.81703565288433,716,2:24:44
28.2%,14100000,-528209.5636942298,400.4814171524403,716,2:24:32
28.3%,14150000,-528140.2775694877,396.5157080996173,716,2:24:20
28.4%,14200000,-527521.1800706359,402.30206555801794,716,2:24:08
28.5%,14250000,-527534.4725048728,400.9355795715262,716,2:23:56
28.6%,14300000,-530042.1953225979,399.88852581422026,716,2:23:44
28.7%,14350000,-529423.576868426,397.5853559037,716,2:23:32
28.8%,14400000,-529084.0446763039,399.25503388162934,716,2:23:20
28.9%,14450000,-528248.6530388934,399.54242721277996,716,2:23:08
29.0%,14500000,-528660.8472404466,401.0714137050798,716,2:22:56
29.1%,14550000,-528221.744594032,399.32181020663074,716,2:22:44
29.2%,14600000,-528975.6786785955,399.48580716939153,716,2:22:32
29.3%,14650000,-528998.5762692187,402.1803128390679,716,2:22:20
29.4%,14700000,-527736.9657191997,400.767534815369,716,2:22:08
29.5%,14750000,-527765.2485695286,402.5228788208167,716,2:21:56
29.6%,14800000,-528425.4717978928,399.9121256763258,716,2:21:44
29.7%,14850000,-528554.8823182918,401.0337324283707,716,2:21:32
29.8%,14900000,-527333.3466549488,395.9813012429562,716,2:21:20
29.9%,14950000,-528601.5090029263,403.61087662163015,716,2:21:08
30.0%,15000000,-528834.4544523763,398.6282146751223,716,2:20:56
30.1%,15050000,-528482.7133864202,401.24151915605705,716,2:20:44
30.2%,15100000,-528890.3012695662,397.6262754151264,716,2:20:32
30.3%,15150000,-525569.4203352355,401.2671306488203,716,2:20:20
30.4%,15200000,-528286.9389139009,398.48514357761746,716,2:20:08
30.5%,15250000,-529292.1052371473,399.2990689673669,716,2:19:56
30.6%,15300000,-529457.0781212277,401.16169176386205,716,2:19:44
30.7%,15350000,-527313.2329793866,400.5083043134254,716,2:19:32
30.8%,15400000,-526928.4337173863,397.35024043756704,716,2:19:20
30.9%,15450000,-530754.6194675551,402.0391307118146,716,2:19:08
31.0%,15500000,-527188.6566282399,401.1757977105468,716,2:18:56
31.1%,15550000,-527903.1902394607,402.4265658700615,716,2:18:44
31.2%,15600000,-526165.9935826282,397.837055056718,716,2:18:32
31.3%,15650000,-527962.9449447966,400.39506422664857,716,2:18:20
31.4%,15700000,-527038.2676658318,400.6865789474392,716,2:18:07
31.5%,15750000,-527469.6952968575,401.28805651407606,716,2:17:55
31.6%,15800000,-528487.8304929738,397.55981800718035,716,2:17:43
31.7%,15850000,-529796.8766271528,400.47047584422916,716,2:17:31
31.8%,15900000,-528925.8945033876,399.8202530322661,716,2:17:19
31.9%,15950000,-527785.8661488346,400.6095236804188,716,2:17:07
32.0%,16000000,-528159.6961714388,403.3354304140194,716,2:16:55
32.1%,16050000,-528805.2051547063,401.17224055877415,716,2:16:43
32.2%,16100000,-525744.1725450992,400.40953815455117,716,2:16:31
32.3%,16150000,-530183.8959228867,400.0907192273951,716,2:16:19
32.4%,16200000,-527996.741114187,399.52606431462567,716,2:16:07
32.5%,16250000,-526949.6715846537,401.19466288098255,716,2:15:55
32.6%,16300000,-527464.8495831811,402.951773196276,716,2:15:43
32.7%,16350000,-528286.1287410022,400.5645809076772,716,2:15:31
32.8%,16400000,-527357.4916006932,399.0290688817806,716,2:15:19
32.9%,16450000,-528881.1468276321,398.99170652212695,716,2:15:07
33.0%,16500000,-527540.251937767,400.7412609564136,716,2:14:55
33.1%,16550000,-527430.1203869511,398.0647618343313,716,2:14:43
33.2%,16600000,-528969.9359656447,399.9938175066913,716,2:14:31
33.3%,16650000,-528595.6848480841,400.3221303492682,716,2:14:19
33.4%,16700000,-528613.1246184944,399.7710662094785,716,2:14:07
33.5%,16750000,-526469.4865463795,400.5919587102862,716,2:13:55
33.6%,16800000,-526935.2251883526,401.51075874712643,716,2:13:43
33.7%,16850000,-530375.2963993205,402.6025835526057,716,2:13:31
33.8%,16900000,-527320.5258514285,402.1021045642315,716,2:13:18
33.9%,16950000,-528448.3746755738,399.8310226159089,716,2:13:06
34.0%,17000000,-527327.8134760661,399.2610933056835,716,2:12:54
34.1%,17050000,-528457.3377131,399.21080253924225,716,2:12:42
34.2%,17100000,-526984.7617638125,401.4463620340005,716,2:12:30
34.3%,17150000,-529151.6475530406,401.058706087023,716,2:12:18
34.4%,17200000,-528103.8142890674,399.9668076853002,716,2:12:06
34.5%,17250000,-527816.9217461613,400.5487822473903,716,2:11:54
34.6%,17300000,-527535.5760505153,401.3314047015403,716,2:11:42
34.7%,17350000,-528909.4729099623,400.17994240668617,716,2:11:30
34.8%,17400000,-529352.3536500111,400.2762798895225,716,2:11:18
34.9%,17450000,-529412.6029086569,401.62740879318886,716,2:11:06
35.0%,17500000,-528432.670993608,398.89899978730676,716,2:10:54
35.1%,17550000,-526994.4224121436,400.0501922292678,716,2:10:42
35.2%,17600000,-528451.9032606832,401.5455697703362,716,2:10:30
35.3%,17650000,-528144.316625651,402.66246636279254,716,2:10:18
35.4%,17700000,-528837.7383328741,402.5095824328112,716,2:10:06
35.5%,17750000,-526754.4519178644,400.5812872549682,716,2:09:54
35.6%,17800000,-527770.19201048,404.152839359298,716,2:09:42
35.7%,17850000,-528635.1431738948,402.77904281261135,716,2:09:30
35.8%,17900000,-527796.4594024881,400.6422494767274,716,2:09:17
35.9%,17950000,-530109.0924464264,402.30076535771485,716,2:09:05
36.0%,18000000,-530035.2969515333,402.0070672816982,716,2:08:53
36.1%,18050000,-529733.8996302676,404.321497417485,716,2:08:41
36.2%,18100000,-528607.0836582379,397.6716842974106,716,2:08:29
36.3%,18150000,-527581.2393680136,399.99445534080223,716,2:08:17
36.4%,18200000,-529694.682675092,399.8656373824692,716,2:08:05
36.5%,18250000,-528771.4976587878,400.14834508611233,716,2:07:53
36.6%,18300000,-527713.2664781176,397.8193919582606,716,2:07:41
36.7%,18350000,-528073.7916986756,400.2905575607756,716,2:07:29
36.8%,18400000,-529463.8469267176,396.8316322411929,716,2:07:17
36.9%,18450000,-527695.731579781,398.95105686359375,716,2:07:05
37.0%,18500000,-527333.3307542526,402.96720387534504,716,2:06:52
37.1%,18550000,-528269.839983888,401.1066908378322,716,2:06:40
37.2%,18600000,-526674.6434235941,398.59234877242136,716,2:06:28
37.3%,18650000,-528517.1513576112,399.3544133425334,716,2:06:16
37.4%,18700000,-527988.9142739656,401.7792378436789,716,2:06:04
37.5%,18750000,-527169.1365303202,399.7417258403743,716,2:05:52
37.6%,18800000,-529566.2358422116,396.6224717169598,716,2:05:40
37.7%,18850000,-528889.0215342771,399.86311057810656,716,2:05:28
37.8%,18900000,-528947.572587572,398.3201407995279,716,2:05:16
37.9%,18950000,-530507.5033254768,402.2062677809678,716,2:05:04
38.0%,19000000,-528257.052126212,397.21006412564265,716,2:04:52
38.1%,19050000,-529963.4252618868,397.7599997896976,716,2:04:40
38.2%,19100000,-528939.0033811997,400.7928764552391,716,2:04:28
38.3%,19150000,-528338.3582734675,401.3867981408692,716,2:04:16
38.4%,19200000,-527121.7403629194,398.3819125799664,716,2:04:04
38.5%,19250000,-527464.7911078027,399.45337575805723,716,2:03:52
38.6%,19300000,-529379.7208314128,402.3831931505161,716,2:03:40
38.7%,19350000,-529119.1889533089,402.60459518326337,716,2:03:28
38.8%,19400000,-528551.3522446482,400.3688884960179,716,2:03:16
38.9%,19450000,-527795.5011876249,401.2337670184007,716,2:03:04
39.0%,19500000,-529426.1658419934,400.3388857607215,716,2:02:52
39.1%,19550000,-529689.7654259889,400.91921667337186,716,2:02:40
39.2%,19600000,-530311.4901191532,400.8722132058102,716,2:02:28
39.3%,19650000,-527882.5738487178,397.78117097576524,716,2:02:16
39.4%,19700000,-529420.9411922791,400.5380371958287,716,2:02:04
39.5%,19750000,-527308.5189086162,399.59482773820355,716,2:01:52
39.6%,19800000,-528410.3486116868,401.7924115712784,716,2:01:40
39.7%,19850000,-527996.9910658421,401.3660930643441,716,2:01:28
39.8%,19900000,-527308.1008054414,400.6461746097179,716,2:01:16
39.9%,19950000,-526143.0354609522,400.4379463045701,716,2:01:04
40.0%,20000000,-527880.6560937287,401.93700365781723,716,2:00:52
40.1%,20050000,-529147.5091185966,400.1594581188918,716,2:00:40
40.2%,20100000,-527046.6148311608,398.8767001255043,716,2:00:28
40.3%,20150000,-528579.1327386866,400.2280252858202,716,2:00:16
40.4%,20200000,-527234.6307684975,401.6381047805881,716,2:00:04
40.5%,20250000,-527990.7400740394,399.6869457030752,716,1:59:52
40.6%,20300000,-527861.0059864521,400.4081888900857,716,1:59:40
40.7%,20350000,-528885.0889315903,401.2221388119163,716,1:59:28
40.8%,20400000,-526845.6123773674,398.40924131841297,716,1:59:16
40.9%,20450000,-527895.2419727123,404.5765574656261,716,1:59:04
41.0%,20500000,-528849.7561493441,401.83990568046386,716,1:58:52
41.1%,20550000,-527507.2178639332,400.7977828714773,716,1:58:40
41.2%,20600000,-529010.6554099224,398.1397073423693,716,1:58:28
41.3%,20650000,-528916.8685530853,399.05230076266827,716,1:58:16
41.4%,20700000,-527288.0810523685,402.1770991364318,716,1:58:04
41.5%,20750000,-528951.8973057428,401.26261674588113,716,1:57:52
41.6%,20800000,-527348.2797933663,395.27865337348834,716,1:57:40
41.7%,20850000,-528562.0911220079,396.61756530072165,716,1:57:28
41.8%,20900000,-528455.6112947636,402.3634938893198,716,1:57:16
41.9%,20950000,-527755.1371207167,404.5679712372093,716,1:57:04
42.0%,21000000,-529377.2596312207,402.5696860317288,716,1:56:52
42.1%,21050000,-527817.4823016012,400.4677282511358,716,1:56:40
42.2%,21100000,-528792.1955864648,399.47680389559446,716,1:56:28
42.3%,21150000,-528351.495968577,399.50440248693417,716,1:56:16
42.4%,21200000,-526218.934468634,396.57762707254295,716,1:56:04
42.5%,21250000,-528715.609779933,399.20817760655484,716,1:55:52
42.6%,21300000,-527352.1636835304,398.5747838022887,716,1:55:40
42.7%,21350000,-528270.0021395693,396.8650449357748,716,1:55:28
42.8%,21400000,-528123.8803343805,402.4744034283836,716,1:55:16
42.9%,21450000,-529453.2266735667,399.5449294850614,716,1:55:04
43.0%,21500000,-528145.956028373,398.85133395355297,716,1:54:52
43.1%,21550000,-527772.2300326293,402.7094207661918,716,1:54:40
43.2%,21600000,-527106.6583218891,401.34165911147807,716,1:54:28
43.3%,21650000,-528120.6657260773,397.95718865830946,716,1:54:16
43.4%,21700000,-529598.8981281226,399.39989582106125,716,1:54:04
43.5%,21750000,-526388.3674555835,397.64305535866083,716,1:53:52
43.6%,21800000,-526686.2729092157,401.8770227193056,716,1:53:40
43.7%,21850000,-528254.4951223726,398.4401517407134,716,1:53:28
43.8%,21900000,-527713.62574331,397.74452004646616,716,1:53:16
43.9%,21950000,-528592.1425892492,402.8461625867495,716,1:53:04
44.0%,22000000,-529566.8481837045,401.981848302234,716,1:52:52
44.1%,22050000,-527851.115633281,403.65346431457743,716,1:52:40
44.2%,22100000,-527270.2517282236,401.31786299272295,716,1:52:28
44.3%,22150000,-528442.1336482153,400.439859806903,716,1:52:16
44.4%,22200000,-527203.6544891703,400.9869252174586,716,1:52:04
44.5%,22250000,-529025.7450135904,395.1113691118481,716,1:51:52
44.6%,22300000,-527406.93122283,403.84707149933547,716,1:51:40
44.7%,22350000,-528545.1217743936,403.8714563880392,716,1:51:28
44.8%,22400000,-528623.6454452421,401.76714352765185,716,1:51:16
44.9%,22450000,-528183.5379499677,400.80087391370733,716,1:51:03
45.0%,22500000,-528145.5154351974,397.611703358899,716,1:50:51
45.1%,22550000,-529653.424211592,398.20415311965763,716,1:50:39
45.2%,22600000,-529180.789772288,401.1702289281165,716,1:50:27
45.3%,22650000,-530295.5302710584,404.94134951293375,716,1:50:15
45.4%,22700000,-528543.2455526781,403.8980982282124,716,1:50:03
45.5%,22750000,-527725.5777172539,400.160390337977,716,1:49:51
45.6%,22800000,-528261.3099837396,398.9928104657805,716,1:49:39
45.7%,22850000,-527844.2084629666,399.2915866826037,716,1:49:27
45.8%,22900000,-528022.1430902774,399.33358560560237,716,1:49:15
45.9%,22950000,-527499.3461493021,400.63255930465704,716,1:49:03
46.0%,23000000,-528893.7963484749,404.6313866670876,716,1:48:51
46.1%,23050000,-528241.3698918475,398.7894395127085,716,1:48:39
46.2%,23100000,-528726.8321034042,399.50901451819806,716,1:48:27
46.3%,23150000,-528637.5250750841,400.50388853881105,716,1:48:15
46.4%,23200000,-526733.0652391571,397.50871768205985,716,1:48:03
46.5%,23250000,-528950.9948367081,403.6884470623555,716,1:47:51
46.6%,23300000,-530640.9523925856,401.01400863509326,716,1:47:39
46.7%,23350000,-526854.4304980468,399.57213556310205,716,1:47:27
46.8%,23400000,-527853.0227601607,398.9146267230254,716,1:47:15
46.9%,23450000,-527553.1010381146,398.68711620206153,716,1:47:02
47.0%,23500000,-528962.1278133541,397.97492535301046,716,1:46:50
47.1%,23550000,-528583.003721247,400.8089449684191,716,1:46:38
47.2%,23600000,-524963.1115233228,405.186400471949,716,1:46:26
47.3%,23650000,-527336.1159473378,402.5152738756475,716,1:46:14
47.4%,23700000,-527835.4923689109,400.47695231366356,716,1:46:02
47.5%,23750000,-526703.6768903024,399.6679333401523,716,1:45:50
47.6%,23800000,-529526.4337379006,402.02107510005817,716,1:45:38
47.7%,23850000,-529826.833042671,400.28592099743054,716,1:45:26
47.8%,23900000,-528334.8740546936,402.6084957841727,716,1:45:14
47.9%,23950000,-527918.2772924155,399.35588526740486,716,1:45:02
48.0%,24000000,-527382.0863815569,404.09926129397724,716,1:44:50
48.1%,24050000,-528776.2964207805,400.55260925205613,716,1:44:38
48.2%,24100000,-527796.1249318002,401.1833290594724,716,1:44:26
48.3%,24150000,-529496.6055790219,400.749282946963,716,1:44:14
48.4%,24200000,-528105.6959993257,397.2983796179297,716,1:44:02
48.5%,24250000,-527900.7075648499,402.62049197187497,716,1:43:50
48.6%,24300000,-527465.2462175037,401.73711626027426,716,1:43:37
48.7%,24350000,-526375.7497777669,401.59534536307245,716,1:43:25
48.8%,24400000,-528493.8187566795,400.0838502446616,716,1:43:13
48.9%,24450000,-527478.9303062479,400.09322149967653,716,1:43:01
49.0%,24500000,-527270.4735309049,395.48609665203804,716,1:42:49
49.1%,24550000,-527255.8074175445,401.845449930813,716,1:42:37
49.2%,24600000,-528061.211327347,401.8434628322365,716,1:42:25
49.3%,24650000,-528076.9795548632,401.7558587703041,716,1:42:13
49.4%,24700000,-527980.1737551913,401.48558883182466,716,1:42:01
49.5%,24750000,-528812.6091510435,397.45621902831147,716,1:41:49
49.6%,24800000,-528292.6529663582,401.27922496484734,716,1:41:37
49.7%,24850000,-529544.2126817121,403.5999107813378,716,1:41:25
49.8%,24900000,-527888.540777945,400.6653096330468,716,1:41:13
49.9%,24950000,-529615.8265778096,401.41177179952143,716,1:41:01
50.0%,25000000,-527317.346632977,398.86176008805904,716,1:40:49
50.0%,25050000,-528226.2997017005,397.63508243227386,716,1:40:37
50.1%,25100000,-528695.0975839482,401.7275487486098,716,1:40:25
50.2%,25150000,-527491.959094536,402.6719357461322,716,1:40:12
50.3%,25200000,-527198.6070548045,399.0829658641568,716,1:40:00
50.4%,25250000,-528515.8333079829,401.61695812660156,716,1:39:48
50.5%,25300000,-528075.485860345,395.5456360130882,716,1:39:36
50.6%,25350000,-528139.6494276491,401.75458310208217,716,1:39:24
50.7%,25400000,-527691.319986485,401.35485737115874,716,1:39:12
50.8%,25450000,-526019.5357433893,403.41030232581386,716,1:39:00
50.9%,25500000,-528358.9107831409,400.3588058106485,716,1:38:48
51.0%,25550000,-528800.1260721139,399.452836052271,716,1:38:36
51.1%,25600000,-528284.603556349,401.558522709205,716,1:38:24
51.2%,25650000,-528483.8830072396,398.34675810761996,716,1:38:12
51.3%,25700000,-527412.619360561,400.3679072127703,716,1:38:00
51.4%,25750000,-528118.8433016087,406.22234119647555,716,1:37:48
51.5%,25800000,-528916.8098723004,404.78049265656546,716,1:37:36
51.6%,25850000,-527981.8225259073,398.81443770344197,716,1:37:24
51.7%,25900000,-528622.352471883,401.9773834634573,716,1:37:12
51.8%,25950000,-527659.3930190788,397.08377297167226,716,1:37:00
51.9%,26000000,-528331.9980100077,402.9883995934939,716,1:36:48
52.0%,26050000,-528597.2410534457,400.9062146703408,715,1:36:36
52.1%,26100000,-528218.3293362539,403.04489697647637,716,1:36:24
52.2%,26150000,-527402.8326730938,400.67298817445953,716,1:36:12
52.3%,26200000,-529470.96293503,401.73642936200093,715,1:36:00
52.4%,26250000,-528058.1287630624,398.3345656632681,715,1:35:47
52.5%,26300000,-527447.3793687765,399.6519874873782,715,1:35:35
52.6%,26350000,-527629.2626703857,398.99783954242463,715,1:35:23
52.7%,26400000,-526064.1105016288,400.16311339898925,715,1:35:11
52.8%,26450000,-528472.4854410808,401.3681537591641,715,1:34:59
52.9%,26500000,-529049.4141167225,398.9404590045193,715,1:34:47
53.0%,26550000,-527727.5615810812,402.12656304917874,715,1:34:35
53.1%,26600000,-527449.3118515429,398.99965491643275,715,1:34:23
53.2%,26650000,-527896.4103145208,400.105880053571,715,1:34:11
53.3%,26700000,-529357.7962914072,399.3043188327417,715,1:33:59
53.4%,26750000,-528612.8576078517,403.01935907995676,715,1:33:47
53.5%,26800000,-527751.7029540772,401.9510360082583,715,1:33:35
53.6%,26850000,-527885.7202261933,401.21647190116124,715,1:33:23
53.7%,26900000,-526922.3907044656,400.9070732931824,715,1:33:11
53.8%,26950000,-527136.5361124012,396.99575186435953,715,1:32:59
53.9%,27000000,-529632.0760443751,400.1870812423127,715,1:32:47
54.0%,27050000,-527865.6367824706,400.08949262333556,715,1:32:35
54.1%,27100000,-528355.3815556313,399.1390216696779,715,1:32:23
54.2%,27150000,-528539.4821830378,398.8407606265597,715,1:32:11
54.3%,27200000,-529499.4781019725,400.8166971060754,715,1:31:59
54.4%,27250000,-526848.390775172,399.5770665114214,715,1:31:47
54.5%,27300000,-525025.9114416791,402.76699756074663,715,1:31:35
54.6%,27350000,-530116.5662293397,396.9027262124839,715,1:31:23
54.7%,27400000,-528611.6482170215,401.22532798247113,715,1:31:10
54.8%,27450000,-528932.2574633332,399.69805873585454,715,1:30:58
54.9%,27500000,-528870.5250615254,397.64899212230904,715,1:30:46
55.0%,27550000,-528793.7556734476,400.09758821012855,715,1:30:34
55.1%,27600000,-528659.5448787725,394.1023891445503,715,1:30:22
55.2%,27650000,-529554.6132814554,398.26720056831806,715,1:30:10
55.3%,27700000,-528772.5873676455,399.8310716800713,715,1:29:58
55.4%,27750000,-528640.957160152,401.2269961639921,715,1:29:46
55.5%,27800000,-528376.6608551508,401.722298883235,715,1:29:34
55.6%,27850000,-527711.9481482045,400.8613700259239,715,1:29:22
55.7%,27900000,-527704.6018217374,403.8474640126345,715,1:29:10
55.8%,27950000,-528781.9946171455,405.93661604684587,715,1:28:58
55.9%,28000000,-527830.7940173768,397.4773166181356,715,1:28:46
56.0%,28050000,-527763.1709160772,397.5094291124144,715,1:28:34
56.1%,28100000,-527970.8871735386,399.7710662094785,715,1:28:22
56.2%,28150000,-527890.8937591533,404.70623404680083,715,1:28:09
56.3%,28200000,-527247.8988888459,397.78897217758396,715,1:27:57
56.4%,28250000,-528086.2114446196,400.39962719375006,715,1:27:45
56.5%,28300000,-528285.203598131,400.01020493692675,715,1:27:33
56.6%,28350000,-527978.1918752044,401.47280761752427,715,1:27:21
56.7%,28400000,-527335.3237280529,399.84623250624725,715,1:27:09
56.8%,28450000,-526467.9760724287,399.77906366794673,715,1:26:57
56.9%,28500000,-527608.6887096548,400.72747392678434,715,1:26:45
57.0%,28550000,-528617.60595214,398.2675440174547,715,1:26:33
57.1%,28600000,-527654.7916326849,401.21379790431143,715,1:26:21
57.2%,28650000,-528444.5819189767,401.16605847431407,715,1:26:09
57.3%,28700000,-528918.6857339395,397.70755020011154,715,1:25:57
57.4%,28750000,-529860.4622622193,398.5962248412495,715,1:25:45
57.5%,28800000,-526186.9242329877,402.823740264541,715,1:25:33
57.6%,28850000,-526817.900398328,399.84839132939203,715,1:25:21
57.7%,28900000,-528199.320043338,399.46019567662825,715,1:25:08
57.8%,28950000,-529087.000970738,399.8598968754705,715,1:24:56
57.9%,29000000,-527309.4454272306,398.7394676633228,715,1:24:44
58.0%,29050000,-527934.5980077717,400.51728305514126,715,1:24:32
58.1%,29100000,-528523.0630915714,396.41659849160635,715,1:24:20
58.2%,29150000,-528212.2037520404,401.47528535772454,715,1:24:08
58.3%,29200000,-526952.713982359,397.367069445264,715,1:23:56
58.4%,29250000,-529021.0616770587,400.22743651587155,715,1:23:44
58.5%,29300000,-527966.024628351,398.00539419784945,715,1:23:32
58.6%,29350000,-529362.9070896441,398.63604040902226,715,1:23:20
58.7%,29400000,-526639.6626063292,398.8370808143811,715,1:23:08
58.8%,29450000,-528573.6645639623,400.56124454463526,715,1:22:56
58.9%,29500000,-527875.6668565837,396.57016931986095,715,1:22:44
59.0%,29550000,-528462.4236909603,403.37271917742953,715,1:22:31
59.1%,29600000,-528471.3480983581,400.4871331273577,715,1:22:19
59.2%,29650000,-528485.217325476,402.4879942013633,715,1:22:07
59.3%,29700000,-527093.5956543274,397.11968793853566,715,1:21:55
59.4%,29750000,-528699.8560185637,400.5274884009167,715,1:21:43
59.5%,29800000,-528228.6381151052,402.3877070534552,715,1:21:31
59.6%,29850000,-527315.528594872,401.29436125894216,715,1:21:19
59.7%,29900000,-528835.1297135018,403.0805175583655,715,1:21:07
59.8%,29950000,-527884.9092897503,401.24073412945893,715,1:20:55
59.9%,30000000,-528558.6338579669,395.1755205041621,715,1:20:43
60.0%,30050000,-527691.949232026,399.360791683643,715,1:20:31
60.1%,30100000,-527799.6503597177,399.25687378771863,715,1:20:19
60.2%,30150000,-528315.1334531843,400.6906022087545,715,1:20:07
60.3%,30200000,-527889.6073540291,399.12182468076315,715,1:19:55
60.4%,30250000,-528776.9466982787,401.2233654159759,715,1:19:42
60.5%,30300000,-529304.3632054208,399.6821374151617,715,1:19:30
60.6%,30350000,-528037.7165859491,400.11809703000404,715,1:19:18
60.7%,30400000,-528985.0640619234,397.8663954258222,715,1:19:06
60.8%,30450000,-527951.8897882919,400.2743173230273,715,1:18:54
60.9%,30500000,-527892.9044936299,400.8619097317101,715,1:18:42
61.0%,30550000,-526792.0089913742,401.94558988623396,715,1:18:30
61.1%,30600000,-527375.9649901479,399.2619273964439,715,1:18:18
61.2%,30650000,-527452.5211157324,399.71074182183025,715,1:18:06
61.3%,30700000,-527057.1774641159,400.6626111041158,715,1:17:54
61.4%,30750000,-527087.4876527186,400.9542484853124,715,1:17:42
61.5%,30800000,-528532.5389962341,397.6429572303361,715,1:17:30
61.6%,30850000,-529089.0529351751,406.07566388303553,715,1:17:18
61.7%,30900000,-527011.6479748935,401.04756852216235,715,1:17:06
61.8%,30950000,-528667.7552667339,400.7671177699888,715,1:16:54
61.9%,31000000,-528509.2504954762,401.59877985443916,715,1:16:42
62.0%,31050000,-528734.9372189976,401.6016991721009,715,1:16:29
62.1%,31100000,-528896.3589739422,403.6817743362716,715,1:16:17
62.2%,31150000,-529053.7493644054,401.57554797355147,715,1:16:05
62.3%,31200000,-529264.2464490347,402.79282984224056,715,1:15:53
62.4%,31250000,-527707.69716497,398.15567772722454,715,1:15:41
62.5%,31300000,-529348.5600809297,400.6476465345894,715,1:15:29
62.6%,31350000,-526975.9218506669,397.2896952611881,715,1:15:17
62.7%,31400000,-527405.4295718288,397.36150066283363,715,1:15:05
62.8%,31450000,-528012.1801244887,397.1264833250255,715,1:14:53
62.9%,31500000,-528568.1242964221,398.3626794283128,715,1:14:41
63.0%,31550000,-527842.9644392189,402.159509634218,715,1:14:29
63.1%,31600000,-527482.2887696424,402.7693281084598,715,1:14:17
63.2%,31650000,-528595.3578431429,398.6653562460453,715,1:14:05
63.3%,31700000,-527983.7763892855,398.421580955252,715,1:13:52
63.4%,31750000,-527599.8397923866,398.3990605047188,715,1:13:40
63.5%,31800000,-527246.0487664877,399.8717949348481,715,1:13:28
63.6%,31850000,-529672.5100248717,400.6011337086515,715,1:13:16
63.7%,31900000,-528067.7609181628,398.1622032608213,715,1:13:04
63.8%,31950000,-526964.5423309389,402.72806514789676,715,1:12:52
63.9%,32000000,-529960.0665668347,402.89539847369946,715,1:12:40
64.0%,32050000,-527934.3385024276,400.2279271574954,715,1:12:28
64.1%,32100000,-527388.2803978818,396.32941147505414,715,1:12:16
64.2%,32150000,-527268.8027303959,401.6124442236624,715,1:12:04
64.3%,32200000,-527525.9680890501,400.1532269702693,715,1:11:52
64.4%,32250000,-529244.1616867799,401.9060932355167,715,1:11:40
64.5%,32300000,-527326.5198868676,399.76179308278836,715,1:11:27
64.6%,32350000,-527490.1784937908,396.95740822145825,715,1:11:15
64.7%,32400000,-529256.0530727012,400.62549406527404,715,1:11:03
64.8%,32450000,-527845.2107920083,401.67598231394675,715,1:10:51
64.9%,32500000,-529676.3243882009,403.288966652244,715,1:10:39
65.0%,32550000,-530828.5979202478,399.28945239154007,715,1:10:27
65.1%,32600000,-528845.7268790519,402.1946150424021,715,1:10:15
65.2%,32650000,-527893.7548385449,400.6977901085435,715,1:10:03
65.3%,32700000,-528890.9172198395,399.14468858043296,715,1:09:51
65.4%,32750000,-527375.3196769487,400.0393245173003,715,1:09:39
65.5%,32800000,-527477.8918937896,402.9189738037239,715,1:09:27
65.6%,32850000,-527542.3128464371,402.20999665730875,715,1:09:15
65.7%,32900000,-526832.0690691201,398.8660041381051,715,1:09:03
65.8%,32950000,-527759.2919292739,401.40853356480426,715,1:08:51
65.9%,33000000,-528674.6986402064,401.150235281946,715,1:08:39
66.0%,33050000,-528259.5607900163,399.87000409292114,715,1:08:27
66.1%,33100000,-526856.3727341746,398.20641007112715,715,1:08:14
66.2%,33150000,-527941.2465262557,397.4855593974157,715,1:08:02
66.3%,33200000,-528532.4506834331,399.1676260763464,715,1:07:50
66.4%,33250000,-527012.788525492,397.1171120700106,715,1:07:38
66.5%,33300000,-526646.8108548,399.62539471136733,715,1:07:26
66.6%,33350000,-527272.4064325448,400.2135022937552,715,1:07:14
66.7%,33400000,-528373.8515847055,397.61258651382184,715,1:07:02
66.8%,33450000,-526716.2128384109,402.4990336378992,715,1:06:50
66.9%,33500000,-528417.584403757,398.6847856543484,715,1:06:38
67.0%,33550000,-527026.6228537345,396.92792065986686,715,1:06:26
67.1%,33600000,-527467.8878989727,400.5723330453335,715,1:06:14
67.2%,33650000,-527752.8018554053,399.53732453989227,715,1:06:02
67.3%,33700000,-530626.2727374397,399.1991498006766,715,1:05:50
67.4%,33750000,-529745.1023592199,402.84179587629745,715,1:05:38
67.5%,33800000,-527079.385115257,398.826532019469,715,1:05:25
67.6%,33850000,-527493.1003435594,399.3795832578352,715,1:05:13
67.7%,33900000,-528147.8885355,399.3024053304088,715,1:05:01
67.8%,33950000,-527668.7265189239,397.6263244792887,715,1:04:49
67.9%,34000000,-529221.1262566689,404.3623923968301,715,1:04:37
68.0%,34050000,-527960.6777211898,400.11176775305677,715,1:04:25
68.1%,34100000,-528666.0982280918,399.319774043892,715,1:04:13
68.2%,34150000,-529406.259474921,402.31975318855655,715,1:04:01
68.3%,34200000,-528632.9857913107,404.8483974573017,715,1:03:49
68.4%,34250000,-529554.5503748795,402.01315123783354,715,1:03:37
68.5%,34300000,-529585.3155173189,402.4750412624946,715,1:03:25
68.6%,34350000,-528450.1253269361,398.13529156775496,715,1:03:13
68.7%,34400000,-528039.1810567891,401.1752334726794,715,1:03:00
68.8%,34450000,-527178.9163336558,401.0824531416157,715,1:02:48
68.9%,34500000,-528321.8697808934,400.13674141170907,715,1:02:36
69.0%,34550000,-528294.8637604681,400.82243761307404,715,1:02:24
69.1%,34600000,-529371.4987566774,399.17042273360215,715,1:02:12
69.2%,34650000,-530092.1937575,397.77734397109947,715,1:02:00
69.3%,34700000,-527032.7948382883,397.364493576739,715,1:01:48
69.4%,34750000,-527723.5864277924,398.1921323998741,715,1:01:36
69.5%,34800000,-528431.8833125648,403.0460990484548,715,1:01:24
69.6%,34850000,-528762.8219059552,402.1632385105591,715,1:01:12
69.7%,34900000,-527457.4634719566,396.9016958650739,715,1:01:00
69.8%,34950000,-529952.7904880643,396.86035930826733,715,1:00:48
69.9%,35000000,-528105.4329985832,398.3985943951762,715,1:00:36
70.0%,35050000,-529205.6647631638,401.34082502071755,715,1:00:24
70.1%,35100000,-530349.3857522416,398.1734634860879,715,1:00:11
70.2%,35150000,-528920.2887436189,399.2845459753019,715,59:59
70.3%,35200000,-528248.5917321714,400.9928619811068,715,59:47
70.4%,35250000,-527537.4515438066,400.15150972458594,715,59:35
70.5%,35300000,-526870.734116822,397.24173504246,715,59:23
70.6%,35350000,-528106.3285527807,398.94067979325,715,59:11
70.7%,35400000,-527283.0702670151,400.3276010033738,715,58:59
70.8%,35450000,-529826.3360715769,402.1049748177308,715,58:47
70.9%,35500000,-530709.9793590936,401.28734508372156,715,58:35
71.0%,35550000,-528618.4528742069,402.14231264530326,715,58:23
71.1%,35600000,-528435.801853125,404.38245963924425,715,58:11
71.2%,35650000,-527350.711390364,400.49289816643756,715,57:59
71.3%,35700000,-530352.3313825689,398.8894813398047,715,57:47
71.4%,35750000,-528259.8807292399,399.6950658219493,715,57:35
71.5%,35800000,-527895.3469789191,400.72521697531477,715,57:23
71.6%,35850000,-529001.8347509429,398.3391286303696,715,57:10
71.7%,35900000,-528827.2461389569,402.60515942113074,715,56:58
71.8%,35950000,-526762.4519547969,404.327409649052,715,56:46
71.9%,36000000,-528539.0647540628,400.82408126251386,715,56:34
72.0%,36050000,-528178.9094771072,398.51855627219936,715,56:22
72.1%,36100000,-526493.0030687321,399.0760723493422,715,56:10
72.2%,36150000,-527927.597497947,399.1298466713125,715,55:58
72.3%,36200000,-529454.2379395156,397.68971537708586,715,55:46
72.4%,36250000,-527695.0922266403,401.0668507379783,715,55:34
72.5%,36300000,-527961.2407655204,397.94249394167616,715,55:22
72.6%,36350000,-526263.2056576139,401.5540088062659,715,55:10
72.7%,36400000,-527619.664429211,398.04238857628525,715,54:58
72.8%,36450000,-528000.7783141164,406.6348236096182,715,54:46
72.9%,36500000,-528037.9490585155,396.2325588185127,715,54:34
73.0%,36550000,-528209.958719267,399.18303222333424,715,54:21
73.1%,36600000,-527656.754886339,403.8017362132948,715,54:09
73.2%,36650000,-527848.4528002888,395.5579265857648,715,53:57
73.3%,36700000,-527349.2559402161,400.62667160517117,715,53:45
73.4%,36750000,-528465.6283751111,398.4180973997229,715,53:33
73.5%,36800000,-528141.6806972092,398.48435855101934,715,53:21
73.6%,36850000,-528017.3021208174,397.3486213202085,715,53:09
73.7%,36900000,-527145.3607733669,403.73974364412555,715,52:57
73.8%,36950000,-526538.1762547577,401.16581315350214,715,52:45
73.9%,37000000,-528030.7033571815,402.6291517965354,715,52:33
74.0%,37050000,-528391.649734877,398.6482328533741,715,52:21
74.1%,37100000,-529380.4661507015,400.3208056168839,715,52:09
74.2%,37150000,-527539.1240197318,401.39702801872573,715,51:56
74.3%,37200000,-528342.3950594743,403.74168167853963,715,51:44
74.4%,37250000,-528090.7828748049,401.226211137394,715,51:32
74.5%,37300000,-529594.0797808734,398.0895883004964,715,51:20
74.6%,37350000,-527178.3602945018,402.38805050259185,715,51:08
74.7%,37400000,-529194.6810726835,399.51132053383,715,50:56
74.8%,37450000,-528589.1439207764,398.2067535202639,715,50:44
74.9%,37500000,-526396.4237268106,402.59313870134724,715,50:32
75.0%,37550000,-525897.7826495664,400.60361144885184,715,50:20
75.1%,37600000,-527439.4776737788,403.7543892965965,715,50:08
75.2%,37650000,-529153.5432331357,401.51269678154057,715,49:56
75.3%,37700000,-527691.4985088203,397.93528150980603,715,49:44
75.4%,37750000,-527080.9625590881,404.42595501919556,715,49:32
75.5%,37800000,-529009.2862519454,396.34219268935453,715,49:19
75.6%,37850000,-527761.2930496545,401.6826550400306,715,49:07
75.7%,37900000,-528657.2137734229,399.66705018522936,715,48:55
75.8%,37950000,-527525.80037951,396.653725588397,715,48:43
75.9%,38000000,-528544.8467025263,398.4394648424401,715,48:31
76.0%,38050000,-527262.2229437358,401.2363428869258,715,48:19
76.1%,38100000,-528925.9248647052,396.86462789039456,715,48:07
76.2%,38150000,-528083.2404219816,401.47997098523194,715,47:55
76.3%,38200000,-529185.3899159189,398.52110760864315,715,47:43
76.4%,38250000,-527616.8831465808,401.2409058540273,715,47:31
76.5%,38300000,-528265.991262251,401.73608591286427,715,47:19
76.6%,38350000,-528377.1359492773,401.51056249047696,715,47:07
76.7%,38400000,-527114.3005572646,399.6898404886557,715,46:55
76.8%,38450000,-528835.6449704347,402.07379454253726,715,46:43
76.9%,38500000,-528138.4655253077,400.6539758115366,715,46:30
77.0%,38550000,-526230.1421823795,399.7978797742201,715,46:18
77.1%,38600000,-526542.6338823591,399.9954120919687,715,46:06
77.2%,38650000,-528900.326997608,401.4120416524146,715,45:54
77.3%,38700000,-527922.469037889,399.62235273329964,715,45:42
77.4%,38750000,-526563.693130821,404.03017895334386,715,45:30
77.5%,38800000,-528282.800186011,402.0294160076631,715,45:18
77.6%,38850000,-527182.2246383755,399.309372441467,715,45:06
77.7%,38900000,-528364.6225585626,401.0444284157699,715,44:54
77.8%,38950000,-528807.6337877987,397.9782862481336,715,44:42
77.9%,39000000,-528469.3054515901,402.2018520063534,715,44:30
78.0%,39050000,-526478.784058013,399.7986893328994,715,44:18
78.1%,39100000,-526956.3571788347,404.85205273739916,715,44:06
78.2%,39150000,-527653.237282569,401.8369372986398,715,43:53
78.3%,39200000,-528456.0943485335,402.9185567583436,715,43:41
78.4%,39250000,-528335.0963278515,399.7219039187721,715,43:29
78.5%,39300000,-527129.9018853619,399.9763997290458,715,43:17
78.6%,39350000,-529070.0774599435,398.5602853423049,715,43:05
78.7%,39400000,-527944.2849372979,398.3057159357877,715,42:53
78.8%,39450000,-528530.9523032652,398.05573402845306,715,42:41
78.9%,39500000,-527623.0281180828,399.2802773931747,715,42:29
79.0%,39550000,-527969.4167973422,400.2686013481098,715,42:17
79.1%,39600000,-528266.6080771363,402.16836571552795,715,42:05
79.2%,39650000,-529596.2437162567,400.55405664484636,715,41:53
79.3%,39700000,-527999.0079689953,399.9744862267129,715,41:41
79.4%,39750000,-528384.0301376139,397.95358244237445,715,41:29
79.5%,39800000,-528872.542335833,398.31825182927616,715,41:16
79.6%,39850000,-527123.2460255614,396.44436880751437,715,41:04
79.7%,39900000,-528646.9225869011,396.7514613998612,715,40:52
79.8%,39950000,-527036.9445774676,397.75408755813055,715,40:40
79.9%,40000000,-528107.7515981421,402.51110342184506,715,40:28
80.0%,40050000,-527542.680105505,401.7222498190726,715,40:16
80.1%,40100000,-528428.4642324075,400.27245288485676,715,40:04
80.2%,40150000,-526601.5945845465,400.00758000423934,715,39:52
80.3%,40200000,-526641.6359451516,401.08662359541813,715,39:40
80.4%,40250000,-527774.7540987157,401.3550536278082,715,39:28
80.5%,40300000,-528744.059060107,399.4195705501762,715,39:16
80.6%,40350000,-527271.5764675126,402.5571992024026,715,39:04
80.7%,40400000,-527686.6003845949,401.9148021243395,715,38:51
80.8%,40450000,-527884.658784044,401.3238488205335,715,38:39
80.9%,40500000,-529087.1450230302,400.8510174876614,715,38:27
81.0%,40550000,-528086.670492867,398.7840424548465,715,38:15
81.1%,40600000,-529510.7325865533,401.85830474135696,715,38:03
81.2%,40650000,-528208.7244451353,401.37855536158906,715,37:51
81.3%,40700000,-527258.9096045727,401.0004669262759,715,37:39
81.4%,40750000,-529263.5691560865,401.0668507379783,715,37:27
81.5%,40800000,-526724.9501048294,399.30127685467403,715,37:15
81.6%,40850000,-527355.1401454099,399.67681395354333,715,37:03
81.7%,40900000,-527084.2453966457,398.73419326586674,715,36:51
81.8%,40950000,-529034.0309372083,400.1276645416685,715,36:39
81.9%,41000000,-528970.2254815358,399.92655054006605,715,36:27
82.0%,41050000,-528233.1117838477,399.09209179835983,715,36:14
82.1%,41100000,-527950.5024382607,400.72617372648125,715,36:02
82.2%,41150000,-529380.3921774775,401.224027782168,715,35:50
82.3%,41200000,-526465.165637814,402.5165740759506,715,35:38
82.4%,41250000,-528215.4341526506,398.33979099656176,715,35:26
82.5%,41300000,-529130.3219355904,399.5748831561954,715,35:14
82.6%,41350000,-526927.4783720742,405.19211644686646,715,35:02
82.7%,41400000,-528336.2213153797,401.3556914619192,715,34:50
82.8%,41450000,-528286.1951889102,398.9920254391824,715,34:38
82.9%,41500000,-530149.6651514932,399.02126767996185,715,34:26
83.0%,41550000,-530098.5617170003,398.4609058814009,715,34:14
83.1%,41600000,-527817.3759805309,397.7304386318626,715,34:02
83.2%,41650000,-527191.7663149834,402.70392558000503,715,33:50
83.3%,41700000,-528197.526258273,401.75203176563826,715,33:37
83.4%,41750000,-527550.7175051928,402.59770166844874,715,33:25
83.5%,41800000,-527647.8023309461,399.7344643443418,715,33:13
83.6%,41850000,-527909.129140059,402.90440174749654,715,33:01
83.7%,41900000,-528711.3494477137,400.29467895041563,715,32:49
83.8%,41950000,-528137.2734168707,401.03743677263054,715,32:37
83.9%,42000000,-528889.8241514033,399.44501031837115,715,32:25
84.0%,42050000,-526885.9318239791,403.43902939288836,715,32:13
84.1%,42100000,-529020.8612117488,400.1358091926238,715,32:01
84.2%,42150000,-528746.0486447848,400.9522613867359,715,31:49
84.3%,42200000,-526979.7478248682,400.82511160992385,715,31:37
84.4%,42250000,-528617.3141982756,399.5462542174457,715,31:25
84.5%,42300000,-528600.0159631297,399.8098759619224,715,31:13
84.6%,42350000,-528479.3360598912,397.6488449298219,715,31:00
84.7%,42400000,-528613.3273915383,403.7873849457982,715,30:48
84.8%,42450000,-527233.8295649039,399.3966085221816,715,30:36
84.9%,42500000,-526799.1917845453,395.20255485763437,715,30:24
85.0%,42550000,-528237.8062414182,401.1147864246252,715,30:12
85.1%,42600000,-527664.2379845311,399.9094762115572,715,30:00
85.2%,42650000,-526402.6630864176,394.6798007395389,715,29:48
85.3%,42700000,-528503.0711702318,401.58298119415224,715,29:36
85.4%,42750000,-524302.5697811544,398.3743812310408,715,29:24
85.5%,42800000,-528924.3543921434,399.17660481806223,715,29:12
85.6%,42850000,-528976.7428383674,403.19223665610855,715,29:00
85.7%,42900000,-528139.7720862203,399.27039096445475,715,28:48
85.8%,42950000,-528029.8230574816,401.96136401443965,715,28:35
85.9%,43000000,-528332.2315554996,395.3208730852178,715,28:23
86.0%,43050000,-527924.8226661282,402.81780350089286,715,28:11
86.1%,43100000,-527491.2342734002,396.4008979596442,715,27:59
86.2%,43150000,-528870.0385519015,400.7570596167005,715,27:47
86.3%,43200000,-527182.540310178,398.1059021344883,715,27:35
86.4%,43250000,-529341.4362735469,398.96548172733395,715,27:23
86.5%,43300000,-528813.9183407263,403.27898209519935,715,27:11
86.6%,43350000,-527180.1446640482,401.7310323041389,715,26:59
86.7%,43400000,-529848.146505923,399.1519010123031,715,26:47
86.8%,43450000,-529924.3429316939,397.9865780915761,715,26:35
86.9%,43500000,-528521.4311580723,400.6248807632443,715,26:22
87.0%,43550000,-528761.2836387423,402.5423818253634,715,26:10
87.1%,43600000,-527711.4931450589,400.75470453690616,715,25:58
87.2%,43650000,-527375.1220470532,404.49854544743926,715,25:46
87.3%,43700000,-528501.5615912592,401.29504815721543,715,25:34
87.4%,43750000,-528893.1075921976,399.990186758675,715,25:22
87.5%,43800000,-529973.5858865073,402.37853205508975,715,25:10
87.6%,43850000,-528435.4673379995,396.37639041053455,715,24:58
87.7%,43900000,-528054.0646741521,401.80210174334877,715,24:46
87.8%,43950000,-528420.5711091287,400.0631206360554,715,24:34
87.9%,44000000,-527941.150480757,404.4327994698478,715,24:22
88.0%,44050000,-528243.1619500583,399.01675377702276,715,24:10
88.1%,44100000,-527926.0432398543,398.79331558153666,715,23:57
88.2%,44150000,-529219.2813463728,402.49486318409674,715,23:45
88.3%,44200000,-528327.1436986243,401.41839546144297,715,23:33
88.4%,44250000,-529656.8935377244,400.19571653489186,715,23:21
88.5%,44300000,-530728.8821407342,402.151659368237,715,23:09
88.6%,44350000,-528935.2662573983,398.89723347746104,715,22:57
88.7%,44400000,-526759.8301636507,402.05603331575514,715,22:45
88.8%,44450000,-527592.1159977242,400.5443910048572,715,22:33
88.9%,44500000,-528188.410606558,405.0697013617242,715,22:21
89.0%,44550000,-528390.2678363426,402.14802862022077,715,22:09
89.1%,44600000,-528865.1312524746,402.78944441503626,715,21:57
89.2%,44650000,-528751.5576234539,400.5642865227029,715,21:45
89.3%,44700000,-526831.7235989277,400.6545645814852,715,21:32
89.4%,44750000,-528057.0565949539,401.85307940806337,715,21:20
89.5%,44800000,-527443.1715965569,401.48205621213316,715,21:08
89.6%,44850000,-530652.179114678,399.8668885186099,715,20:56
89.7%,44900000,-527012.1226736954,402.01707637082404,715,20:44
89.8%,44950000,-527754.5775526171,400.39285633934134,715,20:32
89.9%,45000000,-529725.6945659379,399.9443362989294,715,20:20
90.0%,45050000,-529535.6509880456,399.0640025653963,715,20:08
90.1%,45100000,-528975.4377424098,400.1561217558499,715,19:56
90.2%,45150000,-528610.9704395519,402.4303928747272,715,19:44
90.3%,45200000,-529775.4862701157,398.03380234786846,715,19:32
90.4%,45250000,-528745.2570145275,401.2952198817838,715,19:20
90.5%,45300000,-527648.906247641,398.28231233033165,715,19:08
90.6%,45350000,-527509.8398868269,399.91916638362756,715,18:55
90.7%,45400000,-528185.4594627582,399.93319873406875,715,18:43
90.8%,45450000,-528574.4568759892,398.09788014393894,715,18:31
90.9%,45500000,-529260.8749388726,399.9372955916276,715,18:19
91.0%,45550000,-528968.9558831817,398.183251786483,715,18:07
91.1%,45600000,-527360.9760683575,403.59647628997106,715,17:55
91.2%,45650000,-527704.7663744083,399.2958797968121,715,17:43
91.3%,45700000,-528572.0534884892,401.85261329852074,715,17:31
91.4%,45750000,-528094.707566361,401.0439868383085,715,17:19
91.5%,45800000,-528314.2395341522,399.15020829870093,715,17:07
91.6%,45850000,-528625.7066179034,399.81242729836623,715,16:55
91.7%,45900000,-529138.2074373169,397.70752566803037,715,16:43
91.8%,45950000,-528499.7975187502,401.5497892883011,715,16:30
91.9%,46000000,-527614.1529918574,400.9360947452312,715,16:18
92.0%,46050000,-527164.7454832257,403.0603031234642,715,16:06
92.1%,46100000,-527565.892232147,403.68658262418506,715,15:54
92.2%,46150000,-527831.6476316983,400.3536786056796,715,15:42
92.3%,46200000,-528398.27841115,399.1616893126982,715,15:30
92.4%,46250000,-527192.9409426786,397.7572767286854,715,15:18
92.5%,46300000,-529883.4130692962,398.45553335562005,715,15:06
92.6%,46350000,-526669.2273607282,401.4744022028016,715,14:54
92.7%,46400000,-528210.5015600179,395.12704511172905,715,14:42
92.8%,46450000,-526399.3525730553,401.2200290529339,715,14:30
92.9%,46500000,-527953.2259379304,405.258647451056,715,14:18
93.0%,46550000,-528434.2500440027,399.76071367121597,715,14:05
93.1%,46600000,-528124.3414963749,395.42905956326933,715,13:53
93.2%,46650000,-528545.8391618468,404.1881164920504,715,13:41
93.3%,46700000,-527497.3439429821,402.38302142594773,715,13:29
93.4%,46750000,-529174.6183788404,404.26867984668115,715,13:17
93.5%,46800000,-526788.0813912721,397.44265278741295,715,13:05
93.6%,46850000,-527942.8007134069,402.88992781959394,715,12:53
93.7%,46900000,-528311.7557338164,406.25209861096,715,12:41
93.8%,46950000,-527066.0405795705,404.66293492349905,715,12:29
93.9%,47000000,-527281.9601988029,399.84029574259904,715,12:17
94.0%,47050000,-528957.8443708355,397.37418374880934,715,12:05
94.1%,47100000,-528397.7527778116,400.0407228459282,715,11:53
94.2%,47150000,-527936.5958183408,398.3310330435766,715,11:40
94.3%,47200000,-527009.4026308828,397.0585539922081,715,11:28
94.4%,47250000,-528806.180661324,400.0933932242449,715,11:16
94.5%,47300000,-528949.7003643494,399.3612332611045,715,11:04
94.6%,47350000,-527406.3735668357,399.1160841737644,715,10:52
94.7%,47400000,-527102.234906436,400.9879310327874,715,10:40
94.8%,47450000,-527162.8051870139,402.80651874354504,715,10:28
94.9%,47500000,-528505.1182462778,399.976301600721,715,10:16
95.0%,47550000,-528470.308916165,399.0353981587278,715,10:04
95.1%,47600000,-529068.0459487312,397.7520759274729,715,9:52
95.2%,47650000,-527792.475228875,401.1469725151476,715,9:40
95.3%,47700000,-528714.7497174446,403.6968860982852,715,9:28
95.4%,47750000,-526622.0762826079,401.6614838539629,715,9:15
95.5%,47800000,-525085.1291568712,398.15562866306215,715,9:03
95.6%,47850000,-526297.6501488565,399.06635764519064,715,8:51
95.7%,47900000,-528633.482327281,400.94983271069805,715,8:39
95.8%,47950000,-528522.8067138307,398.6197020429491,715,8:27
95.9%,48000000,-527004.0354768699,402.0565730215413,715,8:15
96.0%,48050000,-527887.0038772607,400.956505436782,715,8:03
96.1%,48100000,-527789.5356232887,399.0185691510309,715,7:51
96.2%,48150000,-529072.6404410228,399.5907063485635,715,7:39
96.3%,48200000,-528613.3255866072,396.1927187186588,715,7:27
96.4%,48250000,-529496.7199378456,398.41272487394207,715,7:15
96.5%,48300000,-526405.1037784251,401.42217340194634,715,7:02
96.6%,48350000,-526188.1370380851,402.46118063662175,715,6:50
96.7%,48400000,-528049.9176400327,401.44111216862564,715,6:38
96.8%,48450000,-526660.3722172249,402.6187992582728,715,6:26
96.9%,48500000,-528740.7202663389,403.3816979191454,715,6:14
97.0%,48550000,-530433.7568279831,402.6246378935963,715,6:02
97.1%,48600000,-528909.74543645,401.23523894327224,715,5:50
97.2%,48650000,-528314.3197449339,398.19932029966304,715,5:38
97.3%,48700000,-528891.1183772977,401.5749101394405,715,5:26
97.4%,48750000,-527605.5381007809,403.7153832875031,715,5:14
97.5%,48800000,-528387.2172409445,401.5212830099573,715,5:02
97.6%,48850000,-528525.1570994165,398.39476739051037,715,4:50
97.7%,48900000,-527110.8414937193,397.61562849188954,715,4:37
97.8%,48950000,-527060.3070863611,397.6638585635107,715,4:25
97.9%,49000000,-527629.8343917886,403.7584616220742,715,4:13
98.0%,49050000,-528045.0650278162,397.4818795852371,715,4:01
98.1%,49100000,-528892.527561279,400.9517952771933,715,3:49
98.2%,49150000,-528405.6440023133,404.36651378647014,715,3:37
98.3%,49200000,-527725.4079845259,399.6643761883796,715,3:25
98.4%,49250000,-528014.5667437403,396.30416796350875,715,3:13
98.5%,49300000,-528658.6731633856,403.4111854807367,715,3:01
98.6%,49350000,-529296.1061664987,403.694678210978,715,2:49
98.7%,49400000,-528895.4796443619,401.5117154982929,715,2:37
98.8%,49450000,-527907.0033968417,400.45636989754445,715,2:25
98.9%,49500000,-528710.9910727795,396.23574798906753,715,2:12
99.0%,49550000,-528384.4422396724,401.66729795720516,715,2:00
99.1%,49600000,-526852.0448173322,402.4575253565243,715,1:48
99.2%,49650000,-528357.310523767,396.8974763471091,715,1:36
99.3%,49700000,-527057.6231988943,398.13278929547346,715,1:24
99.4%,49750000,-526565.3359911023,402.44182482456216,715,1:12
99.5%,49800000,-528632.6696809502,404.2095575310112,715,1:00
99.6%,49850000,-529121.7088884711,398.67585597679494,715,0:48
99.7%,49900000,-528652.2276056386,401.3747283569233,715,0:36
99.8%,49950000,-528646.3530019247,401.7900074273217,715,0:24
99.9%,50000000,-528033.9465509001,400.35802078405044,715,0:12
100.0%,50050000,-527595.1578242485,398.94281408431357,715,0:00
  done in 3.36 h
Wrote data/md/prod_wt_400K_rep3.dcd and data/md/prod_wt_400K_rep3_final.pdb
